
2018-09-17 10:42:12.824907 'change tab' test logs with driver = android

2018-09-17 10:42:01.273000	ALL	09-17 04:42:01.252   568   658 D MobileDataStateTracker: default: setPolicyDataEnable(enabled=true)
2018-09-17 10:42:01.442000	ALL	09-17 04:42:01.416 30583 30583 I QueryController: Matched selector: UiSelector[TEXT=Views, INSTANCE=0] <<==>> [android.view.accessibility.AccessibilityNodeInfo@b4ac; boundsInParent: Rect(0, 0 - 1080, 144); boundsInScreen: Rect(0, 1825 - 1080, 1969); packageName: io.appium.android.apis; className: android.widget.TextView; text: Views; contentDescription: Views; viewIdResName: android:id/text1; checkable: false; checked: false; focusable: false; focused: false; selected: false; clickable: true; longClickable: false; enabled: true; password: false; scrollable: false; [ACTION_SELECT, ACTION_CLEAR_SELECTION, ACTION_CLICK, ACTION_ACCESSIBILITY_FOCUS, ACTION_NEXT_AT_MOVEMENT_GRANULARITY, ACTION_PREVIOUS_AT_MOVEMENT_GRANULARITY, ACTION_SET_SELECTION]]
2018-09-17 10:42:01.459000	ALL	09-17 04:42:01.444 30583 30583 I QueryController: Matched selector: UiSelector[TEXT=Views, INSTANCE=0] <<==>> [android.view.accessibility.AccessibilityNodeInfo@b4ac; boundsInParent: Rect(0, 0 - 1080, 144); boundsInScreen: Rect(0, 1825 - 1080, 1969); packageName: io.appium.android.apis; className: android.widget.TextView; text: Views; contentDescription: Views; viewIdResName: android:id/text1; checkable: false; checked: false; focusable: false; focused: false; selected: false; clickable: true; longClickable: false; enabled: true; password: false; scrollable: false; [ACTION_SELECT, ACTION_CLEAR_SELECTION, ACTION_CLICK, ACTION_ACCESSIBILITY_FOCUS, ACTION_NEXT_AT_MOVEMENT_GRANULARITY, ACTION_PREVIOUS_AT_MOVEMENT_GRANULARITY, ACTION_SET_SELECTION]]
2018-09-17 10:42:01.464000	ALL	09-17 04:42:01.444 30583 30583 D InteractionController: clickAndSync(540, 1872)
2018-09-17 10:42:01.639000	ALL	09-17 04:42:01.616   568   834 I ActivityManager: START u0 {cmp=io.appium.android.apis/.ApiDemos (has extras)} from pid 30612
2018-09-17 10:42:01.694000	ALL	09-17 04:42:01.672 30612 30615 D dalvikvm: GC_CONCURRENT freed 358K, 7% free 6793K/7232K, paused 1ms+0ms, total 6ms
2018-09-17 10:42:01.746000	ALL	09-17 04:42:01.728 30612 30612 E EGL_emulation: tid 30612: eglSurfaceAttrib(1210): error 0x3009 (EGL_BAD_MATCH)
2018-09-17 10:42:01.750000	ALL	09-17 04:42:01.728 30612 30612 W HardwareRenderer: Backbuffer cannot be preserved
2018-09-17 10:42:01.802000	ALL	09-17 04:42:01.780   568   583 I ActivityManager: Displayed io.appium.android.apis/.ApiDemos: +151ms
2018-09-17 10:42:02.393000	ALL	09-17 04:42:02.372 30583 30583 I QueryController: Matched selector: UiSelector[INSTANCE=0, SCROLLABLE=true] <<==>> [android.view.accessibility.AccessibilityNodeInfo@e1b9; boundsInParent: Rect(0, 0 - 1080, 1701); boundsInScreen: Rect(0, 219 - 1080, 1920); packageName: io.appium.android.apis; className: android.widget.ListView; text: null; contentDescription: null; viewIdResName: android:id/list; checkable: false; checked: false; focusable: true; focused: true; selected: false; clickable: true; longClickable: false; enabled: true; password: false; scrollable: true; [ACTION_CLEAR_FOCUS, ACTION_SELECT, ACTION_CLEAR_SELECTION, ACTION_CLICK, ACTION_ACCESSIBILITY_FOCUS, ACTION_SCROLL_FORWARD]]
2018-09-17 10:42:02.903000	ALL	09-17 04:42:02.888 30583 30583 D UiScrollable: scrollToBeginning() on selector = UiSelector[INSTANCE=0, SCROLLABLE=true]
2018-09-17 10:42:02.909000	ALL	09-17 04:42:02.888 30583 30583 D UiScrollable: scrollBackward() on selector = UiSelector[INSTANCE=0, SCROLLABLE=true]
2018-09-17 10:42:02.951000	ALL	09-17 04:42:02.936 30583 30583 I QueryController: Matched selector: UiSelector[INSTANCE=0, SCROLLABLE=true] <<==>> [android.view.accessibility.AccessibilityNodeInfo@e1b9; boundsInParent: Rect(0, 0 - 1080, 1701); boundsInScreen: Rect(0, 219 - 1080, 1920); packageName: io.appium.android.apis; className: android.widget.ListView; text: null; contentDescription: null; viewIdResName: android:id/list; checkable: false; checked: false; focusable: true; focused: true; selected: false; clickable: true; longClickable: false; enabled: true; password: false; scrollable: true; [ACTION_CLEAR_FOCUS, ACTION_SELECT, ACTION_CLEAR_SELECTION, ACTION_CLICK, ACTION_ACCESSIBILITY_FOCUS, ACTION_SCROLL_FORWARD]]
2018-09-17 10:42:02.951000	ALL	09-17 04:42:02.936 30583 30583 D UiScrollable: scrollToBegining() using vertical scroll
2018-09-17 10:42:02.957000	ALL	09-17 04:42:02.936 30583 30583 D InteractionController: scrollSwipe (540, 389, 540, 1750, 55)
2018-09-17 10:42:03.010000	ALL	09-17 04:42:02.988   568   658 D MobileDataStateTracker: default: setPolicyDataEnable(enabled=true)
2018-09-17 10:42:04.159000	ALL	09-17 04:42:04.140 30583 30583 W InteractionController: runAndwaitForEvent timedout waiting for events
2018-09-17 10:42:04.214000	ALL	09-17 04:42:04.192 30583 30583 D UiScrollable: scrollForward() on selector = UiSelector[INSTANCE=0, SCROLLABLE=true]
2018-09-17 10:42:04.277000	ALL	09-17 04:42:04.260 30583 30583 I QueryController: Matched selector: UiSelector[INSTANCE=0, SCROLLABLE=true] <<==>> [android.view.accessibility.AccessibilityNodeInfo@e1b9; boundsInParent: Rect(0, 0 - 1080, 1701); boundsInScreen: Rect(0, 219 - 1080, 1920); packageName: io.appium.android.apis; className: android.widget.ListView; text: null; contentDescription: null; viewIdResName: android:id/list; checkable: false; checked: false; focusable: true; focused: true; selected: false; clickable: true; longClickable: false; enabled: true; password: false; scrollable: true; [ACTION_CLEAR_FOCUS, ACTION_SELECT, ACTION_CLEAR_SELECTION, ACTION_CLICK, ACTION_ACCESSIBILITY_FOCUS, ACTION_SCROLL_FORWARD]]
2018-09-17 10:42:04.285000	ALL	09-17 04:42:04.260 30583 30583 D InteractionController: scrollSwipe (540, 1750, 540, 389, 55)
2018-09-17 10:42:04.539000	ALL	09-17 04:42:04.516   568   658 D MobileDataStateTracker: default: setPolicyDataEnable(enabled=true)
2018-09-17 10:42:05.490000	ALL	09-17 04:42:05.476 30583 30583 W InteractionController: runAndwaitForEvent timedout waiting for events
2018-09-17 10:42:05.494000	ALL	09-17 04:42:05.476 30583 30583 D InteractionController: scrollSwipe reached scroll end: false
2018-09-17 10:42:06.027000	ALL	09-17 04:42:06.004 30583 30583 D UiScrollable: scrollForward() on selector = UiSelector[INSTANCE=0, SCROLLABLE=true]
2018-09-17 10:42:06.051000	ALL	09-17 04:42:06.036 30583 30583 I QueryController: Matched selector: UiSelector[INSTANCE=0, SCROLLABLE=true] <<==>> [android.view.accessibility.AccessibilityNodeInfo@e1b9; boundsInParent: Rect(0, 0 - 1080, 1701); boundsInScreen: Rect(0, 219 - 1080, 1920); packageName: io.appium.android.apis; className: android.widget.ListView; text: null; contentDescription: null; viewIdResName: android:id/list; checkable: false; checked: false; focusable: true; focused: true; selected: false; clickable: true; longClickable: false; enabled: true; password: false; scrollable: true; [ACTION_CLEAR_FOCUS, ACTION_SELECT, ACTION_CLEAR_SELECTION, ACTION_CLICK, ACTION_ACCESSIBILITY_FOCUS, ACTION_SCROLL_FORWARD, ACTION_SCROLL_BACKWARD]]
2018-09-17 10:42:06.055000	ALL	09-17 04:42:06.036 30583 30583 D InteractionController: scrollSwipe (540, 1750, 540, 389, 55)
2018-09-17 10:42:06.157000	ALL	09-17 04:42:06.136   568   570 D dalvikvm: GC_CONCURRENT freed 3973K, 33% free 15599K/23240K, paused 1ms+5ms, total 23ms
2018-09-17 10:42:07.005000	ALL	09-17 04:42:06.984   568   658 D MobileDataStateTracker: default: setPolicyDataEnable(enabled=true)
2018-09-17 10:42:07.181000	ALL	09-17 04:42:07.164 30583 30583 W InteractionController: runAndwaitForEvent timedout waiting for events
2018-09-17 10:42:07.186000	ALL	09-17 04:42:07.164 30583 30583 D InteractionController: scrollSwipe reached scroll end: false
2018-09-17 10:42:07.928000	ALL	09-17 04:42:07.908 30583 30583 D UiScrollable: scrollForward() on selector = UiSelector[INSTANCE=0, SCROLLABLE=true]
2018-09-17 10:42:07.937000	ALL	09-17 04:42:07.920 30583 30583 I QueryController: Matched selector: UiSelector[INSTANCE=0, SCROLLABLE=true] <<==>> [android.view.accessibility.AccessibilityNodeInfo@e1b9; boundsInParent: Rect(0, 0 - 1080, 1701); boundsInScreen: Rect(0, 219 - 1080, 1920); packageName: io.appium.android.apis; className: android.widget.ListView; text: null; contentDescription: null; viewIdResName: android:id/list; checkable: false; checked: false; focusable: true; focused: true; selected: false; clickable: true; longClickable: false; enabled: true; password: false; scrollable: true; [ACTION_CLEAR_FOCUS, ACTION_SELECT, ACTION_CLEAR_SELECTION, ACTION_CLICK, ACTION_ACCESSIBILITY_FOCUS, ACTION_SCROLL_FORWARD, ACTION_SCROLL_BACKWARD]]
2018-09-17 10:42:07.943000	ALL	09-17 04:42:07.920 30583 30583 D InteractionController: scrollSwipe (540, 1750, 540, 389, 55)
2018-09-17 10:42:07.996000	ALL	09-17 04:42:07.972 30583 30596 D dalvikvm: GC_FOR_ALLOC freed 7143K, 88% free 1047K/8192K, paused 4ms, total 5ms
2018-09-17 10:42:09.046000	ALL	09-17 04:42:09.032 30583 30583 W InteractionController: runAndwaitForEvent timedout waiting for events
2018-09-17 10:42:09.051000	ALL	09-17 04:42:09.032 30583 30583 D InteractionController: scrollSwipe reached scroll end: true
2018-09-17 10:42:09.086000	ALL	09-17 04:42:09.064 30583 30583 I QueryController: Matched selector: UiSelector[INSTANCE=0, SCROLLABLE=true, CHILD=UiSelector[TEXT=Tabs, INSTANCE=0]] <<==>> [android.view.accessibility.AccessibilityNodeInfo@10382; boundsInParent: Rect(0, 0 - 1080, 144); boundsInScreen: Rect(0, 1192 - 1080, 1336); packageName: io.appium.android.apis; className: android.widget.TextView; text: Tabs; contentDescription: Tabs; viewIdResName: android:id/text1; checkable: false; checked: false; focusable: false; focused: false; selected: false; clickable: true; longClickable: false; enabled: true; password: false; scrollable: false; [ACTION_SELECT, ACTION_CLEAR_SELECTION, ACTION_CLICK, ACTION_ACCESSIBILITY_FOCUS, ACTION_NEXT_AT_MOVEMENT_GRANULARITY, ACTION_PREVIOUS_AT_MOVEMENT_GRANULARITY, ACTION_SET_SELECTION]]
2018-09-17 10:42:09.105000	ALL	09-17 04:42:09.084 30583 30588 D dalvikvm: GC_CONCURRENT freed 417K, 88% free 1020K/8192K, paused 0ms+0ms, total 2ms
2018-09-17 10:42:09.123000	ALL	09-17 04:42:09.100 30583 30583 I QueryController: Matched selector: UiSelector[TEXT=Tabs, INSTANCE=0] <<==>> [android.view.accessibility.AccessibilityNodeInfo@10382; boundsInParent: Rect(0, 0 - 1080, 144); boundsInScreen: Rect(0, 1192 - 1080, 1336); packageName: io.appium.android.apis; className: android.widget.TextView; text: Tabs; contentDescription: Tabs; viewIdResName: android:id/text1; checkable: false; checked: false; focusable: false; focused: false; selected: false; clickable: true; longClickable: false; enabled: true; password: false; scrollable: false; [ACTION_SELECT, ACTION_CLEAR_SELECTION, ACTION_CLICK, ACTION_ACCESSIBILITY_FOCUS, ACTION_NEXT_AT_MOVEMENT_GRANULARITY, ACTION_PREVIOUS_AT_MOVEMENT_GRANULARITY, ACTION_SET_SELECTION]]
2018-09-17 10:42:09.165000	ALL	09-17 04:42:09.148 30583 30583 I QueryController: Matched selector: UiSelector[TEXT=Tabs, INSTANCE=0] <<==>> [android.view.accessibility.AccessibilityNodeInfo@10382; boundsInParent: Rect(0, 0 - 1080, 144); boundsInScreen: Rect(0, 1192 - 1080, 1336); packageName: io.appium.android.apis; className: android.widget.TextView; text: Tabs; contentDescription: Tabs; viewIdResName: android:id/text1; checkable: false; checked: false; focusable: false; focused: false; selected: false; clickable: true; longClickable: false; enabled: true; password: false; scrollable: false; [ACTION_SELECT, ACTION_CLEAR_SELECTION, ACTION_CLICK, ACTION_ACCESSIBILITY_FOCUS, ACTION_NEXT_AT_MOVEMENT_GRANULARITY, ACTION_PREVIOUS_AT_MOVEMENT_GRANULARITY, ACTION_SET_SELECTION]]
2018-09-17 10:42:09.170000	ALL	09-17 04:42:09.148 30583 30583 D InteractionController: clickAndSync(540, 1264)
2018-09-17 10:42:09.242000	ALL	09-17 04:42:09.220 30583 30588 D dalvikvm: GC_CONCURRENT freed 389K, 88% free 1020K/8192K, paused 1ms+0ms, total 3ms
2018-09-17 10:42:09.365000	ALL	09-17 04:42:09.344   568   806 I ActivityManager: START u0 {cmp=io.appium.android.apis/.ApiDemos (has extras)} from pid 30612
2018-09-17 10:42:09.432000	ALL	09-17 04:42:09.412 30612 30615 D dalvikvm: GC_CONCURRENT freed 1244K, 17% free 6778K/8108K, paused 3ms+2ms, total 9ms
2018-09-17 10:42:09.497000	ALL	09-17 04:42:09.484 30612 30612 E EGL_emulation: tid 30612: eglSurfaceAttrib(1210): error 0x3009 (EGL_BAD_MATCH)
2018-09-17 10:42:09.504000	ALL	09-17 04:42:09.484 30612 30612 W HardwareRenderer: Backbuffer cannot be preserved
2018-09-17 10:42:09.553000	ALL	09-17 04:42:09.532   568   658 D MobileDataStateTracker: default: setPolicyDataEnable(enabled=true)
2018-09-17 10:42:09.578000	ALL	09-17 04:42:09.560   568   583 I ActivityManager: Displayed io.appium.android.apis/.ApiDemos: +199ms
2018-09-17 10:42:10.671000	ALL	09-17 04:42:10.648 30583 30588 D dalvikvm: GC_CONCURRENT freed 397K, 88% free 1008K/8192K, paused 0ms+0ms, total 4ms
2018-09-17 10:42:10.715000	ALL	09-17 04:42:10.680 30583 30583 I QueryController: Matched selector: UiSelector[TEXT=1. Content By Id, INSTANCE=0] <<==>> [android.view.accessibility.AccessibilityNodeInfo@15258; boundsInParent: Rect(0, 0 - 1080, 144); boundsInScreen: Rect(0, 219 - 1080, 363); packageName: io.appium.android.apis; className: android.widget.TextView; text: 1. Content By Id; contentDescription: 1. Content By Id; viewIdResName: android:id/text1; checkable: false; checked: false; focusable: false; focused: false; selected: false; clickable: true; longClickable: false; enabled: true; password: false; scrollable: false; [ACTION_SELECT, ACTION_CLEAR_SELECTION, ACTION_CLICK, ACTION_ACCESSIBILITY_FOCUS, ACTION_NEXT_AT_MOVEMENT_GRANULARITY, ACTION_PREVIOUS_AT_MOVEMENT_GRANULARITY, ACTION_SET_SELECTION]]
2018-09-17 10:42:10.757000	ALL	09-17 04:42:10.740 30583 30583 I QueryController: Matched selector: UiSelector[TEXT=1. Content By Id, INSTANCE=0] <<==>> [android.view.accessibility.AccessibilityNodeInfo@15258; boundsInParent: Rect(0, 0 - 1080, 144); boundsInScreen: Rect(0, 219 - 1080, 363); packageName: io.appium.android.apis; className: android.widget.TextView; text: 1. Content By Id; contentDescription: 1. Content By Id; viewIdResName: android:id/text1; checkable: false; checked: false; focusable: false; focused: false; selected: false; clickable: true; longClickable: false; enabled: true; password: false; scrollable: false; [ACTION_SELECT, ACTION_CLEAR_SELECTION, ACTION_CLICK, ACTION_ACCESSIBILITY_FOCUS, ACTION_NEXT_AT_MOVEMENT_GRANULARITY, ACTION_PREVIOUS_AT_MOVEMENT_GRANULARITY, ACTION_SET_SELECTION]]
2018-09-17 10:42:10.762000	ALL	09-17 04:42:10.740 30583 30583 D InteractionController: clickAndSync(540, 291)
2018-09-17 10:42:10.873000	ALL	09-17 04:42:10.852 30583 30588 D dalvikvm: GC_CONCURRENT freed 388K, 88% free 1011K/8192K, paused 0ms+0ms, total 2ms
2018-09-17 10:42:10.958000	ALL	09-17 04:42:10.932   568   834 I ActivityManager: START u0 {cmp=io.appium.android.apis/.view.Tabs1} from pid 30612
2018-09-17 10:42:11.044000	ALL	09-17 04:42:11.028 30612 30612 E EGL_emulation: tid 30612: eglSurfaceAttrib(1210): error 0x3009 (EGL_BAD_MATCH)
2018-09-17 10:42:11.051000	ALL	09-17 04:42:11.028 30612 30612 W HardwareRenderer: Backbuffer cannot be preserved
2018-09-17 10:42:11.133000	ALL	09-17 04:42:11.104   568   583 I ActivityManager: Displayed io.appium.android.apis/.view.Tabs1: +154ms
2018-09-17 10:42:11.188000	ALL	09-17 04:42:11.168 30725 30725 D         : HostConnection::get() New Host Connection established 0xb84f2eb0, tid 30725
2018-09-17 10:42:11.199000	ALL	09-17 04:42:11.184 30725 30725 W         : Unrecognized GLES max version string in extensions:
2018-09-17 10:42:11.204000	ALL	09-17 04:42:11.184 30725 30725 W         : Process pipe failed
2018-09-17 10:42:11.257000	ALL	09-17 04:42:11.236   568   658 D MobileDataStateTracker: default: setPolicyDataEnable(enabled=true)
2018-09-17 10:42:11.317000	ALL	09-17 04:42:11.296   568   658 D MobileDataStateTracker: default: setPolicyDataEnable(enabled=true)
2018-09-17 10:42:11.360000	ALL	09-17 04:42:11.340   568   658 D MobileDataStateTracker: default: setPolicyDataEnable(enabled=true)
2018-09-17 10:42:11.385000	ALL	09-17 04:42:11.364   568   658 D MobileDataStateTracker: default: setPolicyDataEnable(enabled=true)
2018-09-17 10:42:11.402000	ALL	09-17 04:42:11.380   568   658 D MobileDataStateTracker: default: setPolicyDataEnable(enabled=true)
2018-09-17 10:42:11.475000	ALL	09-17 04:42:11.452   568   658 D MobileDataStateTracker: default: setPolicyDataEnable(enabled=true)
2018-09-17 10:42:11.534000	ALL	09-17 04:42:11.512   568   658 D MobileDataStateTracker: default: setPolicyDataEnable(enabled=true)
2018-09-17 10:42:11.602000	ALL	09-17 04:42:11.580   568   658 D MobileDataStateTracker: default: setPolicyDataEnable(enabled=true)
2018-09-17 10:42:12.197000	ALL	09-17 04:42:12.160 30583 30588 D dalvikvm: GC_CONCURRENT freed 403K, 88% free 1021K/8192K, paused 2ms+0ms, total 4ms
2018-09-17 10:42:12.265000	ALL	09-17 04:42:12.232 30583 30588 D dalvikvm: GC_CONCURRENT freed 393K, 88% free 1012K/8192K, paused 2ms+0ms, total 4ms
2018-09-17 10:42:12.617000	ALL	09-17 04:42:12.320 30583 30588 D dalvikvm: GC_CONCURRENT freed 375K, 88% free 1021K/8192K, paused 2ms+0ms, total 3ms
2018-09-17 10:42:12.617000	ALL	09-17 04:42:12.360 30583 30588 D dalvikvm: GC_CONCURRENT freed 403K, 88% free 1021K/8192K, paused 0ms+2ms, total 3ms
2018-09-17 10:42:12.617000	ALL	09-17 04:42:12.396 30583 30588 D dalvikvm: GC_CONCURRENT freed 399K, 88% free 1012K/8192K, paused 0ms+1ms, total 2ms
2018-09-17 10:42:12.617000	ALL	09-17 04:42:12.436 30583 30588 D dalvikvm: GC_CONCURRENT freed 390K, 88% free 1012K/8192K, paused 0ms+0ms, total 2ms
2018-09-17 10:42:12.617000	ALL	09-17 04:42:12.484 30583 30588 D dalvikvm: GC_CONCURRENT freed 385K, 88% free 1018K/8192K, paused 1ms+0ms, total 4ms
2018-09-17 10:42:12.617000	ALL	09-17 04:42:12.520 30583 30588 D dalvikvm: GC_CONCURRENT freed 390K, 88% free 1011K/8192K, paused 2ms+0ms, total 3ms
2018-09-17 10:42:12.617000	ALL	09-17 04:42:12.532 30612 30615 D dalvikvm: GC_CONCURRENT freed 1258K, 19% free 6616K/8108K, paused 2ms+1ms, total 7ms
2018-09-17 10:42:12.617000	ALL	09-17 04:42:12.556 30583 30588 D dalvikvm: GC_CONCURRENT freed 397K, 88% free 1011K/8192K, paused 1ms+1ms, total 2ms
2018-09-17 10:42:12.617000	ALL	09-17 04:42:12.584 30583 30588 D dalvikvm: GC_CONCURRENT freed 390K, 88% free 1012K/8192K, paused 1ms+0ms, total 2ms
2018-09-17 10:42:12.662000	ALL	09-17 04:42:12.640 30583 30588 D dalvikvm: GC_CONCURRENT freed 389K, 88% free 1013K/8192K, paused 0ms+0ms, total 1ms
2018-09-17 10:42:12.697000	ALL	09-17 04:42:12.672 30583 30588 D dalvikvm: GC_CONCURRENT freed 390K, 88% free 1013K/8192K, paused 0ms+1ms, total 2ms
2018-09-17 10:42:12.736000	ALL	09-17 04:42:12.716 30583 30588 D dalvikvm: GC_CONCURRENT freed 391K, 88% free 1012K/8192K, paused 3ms+0ms, total 5ms
2018-09-17 10:42:12.787000	ALL	09-17 04:42:12.764 30583 30588 D dalvikvm: GC_CONCURRENT freed 384K, 88% free 1012K/8192K, paused 1ms+0ms, total 3ms

2018-09-17 10:44:41.831674 'change tab' test logs with driver = android

2018-09-17 10:44:40.037000	ALL	09-17 04:44:40.014   547   547 D         : HostConnection::get() New Host Connection established 0xb77d7eb0, tid 547
2018-09-17 10:44:40.048000	ALL	09-17 04:44:40.030   547   547 W         : Unrecognized GLES max version string in extensions:
2018-09-17 10:44:40.053000	ALL	09-17 04:44:40.030   547   547 W         : Process pipe failed
2018-09-17 10:44:40.111000	ALL	09-17 04:44:40.086   568   658 D MobileDataStateTracker: default: setPolicyDataEnable(enabled=true)
2018-09-17 10:44:40.164000	ALL	09-17 04:44:40.142   568   658 D MobileDataStateTracker: default: setPolicyDataEnable(enabled=true)
2018-09-17 10:44:40.201000	ALL	09-17 04:44:40.182   568   658 D MobileDataStateTracker: default: setPolicyDataEnable(enabled=true)
2018-09-17 10:44:40.253000	ALL	09-17 04:44:40.230   568   658 D MobileDataStateTracker: default: setPolicyDataEnable(enabled=true)
2018-09-17 10:44:40.290000	ALL	09-17 04:44:40.266   568   658 D MobileDataStateTracker: default: setPolicyDataEnable(enabled=true)
2018-09-17 10:44:40.324000	ALL	09-17 04:44:40.302   568   658 D MobileDataStateTracker: default: setPolicyDataEnable(enabled=true)
2018-09-17 10:44:40.334000	ALL	09-17 04:44:40.310   568   570 D dalvikvm: GC_CONCURRENT freed 1920K, 33% free 15684K/23240K, paused 1ms+2ms, total 14ms
2018-09-17 10:44:40.399000	ALL	09-17 04:44:40.374   568   658 D MobileDataStateTracker: default: setPolicyDataEnable(enabled=true)
2018-09-17 10:44:40.458000	ALL	09-17 04:44:40.434   568   658 D MobileDataStateTracker: default: setPolicyDataEnable(enabled=true)
2018-09-17 10:44:40.521000	ALL	09-17 04:44:40.498   568   658 D MobileDataStateTracker: default: setPolicyDataEnable(enabled=true)
2018-09-17 10:44:40.569000	ALL	09-17 04:44:40.546   568   658 D MobileDataStateTracker: default: setPolicyDataEnable(enabled=true)
2018-09-17 10:44:40.759000	ALL	09-17 04:44:40.734   471   475 D dalvikvm: GC_CONCURRENT freed 697K, 12% free 6342K/7132K, paused 2ms+0ms, total 5ms
2018-09-17 10:44:40.841000	ALL	09-17 04:44:40.818   438   451 D dalvikvm: GC_FOR_ALLOC freed 7197K, 88% free 993K/8192K, paused 6ms, total 6ms
2018-09-17 10:44:40.901000	ALL	09-17 04:44:40.878   438   443 D dalvikvm: GC_CONCURRENT freed 379K, 88% free 1024K/8192K, paused 0ms+1ms, total 6ms
2018-09-17 10:44:40.958000	ALL	09-17 04:44:40.934   438   443 D dalvikvm: GC_CONCURRENT freed 420K, 73% free 1003K/3608K, paused 0ms+0ms, total 2ms
2018-09-17 10:44:41.018000	ALL	09-17 04:44:40.970   438   443 D dalvikvm: GC_CONCURRENT freed 409K, 73% free 992K/3608K, paused 2ms+0ms, total 3ms
2018-09-17 10:44:41.063000	ALL	09-17 04:44:41.034   438   443 D dalvikvm: GC_CONCURRENT freed 387K, 73% free 1003K/3608K, paused 2ms+0ms, total 13ms
2018-09-17 10:44:41.211000	ALL	09-17 04:44:41.066   438   443 D dalvikvm: GC_CONCURRENT freed 409K, 73% free 991K/3608K, paused 0ms+0ms, total 1ms
2018-09-17 10:44:41.211000	ALL	09-17 04:44:41.098   438   443 D dalvikvm: GC_CONCURRENT freed 388K, 73% free 1003K/3608K, paused 0ms+0ms, total 2ms
2018-09-17 10:44:41.211000	ALL	09-17 04:44:41.130   438   443 D dalvikvm: GC_CONCURRENT freed 398K, 73% free 1003K/3608K, paused 0ms+0ms, total 2ms
2018-09-17 10:44:41.211000	ALL	09-17 04:44:41.166   438   443 D dalvikvm: GC_CONCURRENT freed 398K, 73% free 1003K/3608K, paused 0ms+0ms, total 3ms
2018-09-17 10:44:41.247000	ALL	09-17 04:44:41.202   438   443 D dalvikvm: GC_CONCURRENT freed 398K, 73% free 1003K/3608K, paused 0ms+0ms, total 2ms
2018-09-17 10:44:41.617000	ALL	09-17 04:44:41.286   438   443 D dalvikvm: GC_CONCURRENT freed 399K, 73% free 1002K/3608K, paused 0ms+0ms, total 1ms
2018-09-17 10:44:41.617000	ALL	09-17 04:44:41.322   438   443 D dalvikvm: GC_CONCURRENT freed 411K, 73% free 990K/3608K, paused 0ms+0ms, total 1ms
2018-09-17 10:44:41.617000	ALL	09-17 04:44:41.362   438   443 D dalvikvm: GC_CONCURRENT freed 370K, 73% free 1004K/3608K, paused 3ms+0ms, total 4ms
2018-09-17 10:44:41.617000	ALL	09-17 04:44:41.390   438   443 D dalvikvm: GC_CONCURRENT freed 395K, 73% free 1005K/3608K, paused 0ms+1ms, total 6ms
2018-09-17 10:44:41.617000	ALL	09-17 04:44:41.458   438   443 D dalvikvm: GC_CONCURRENT freed 418K, 73% free 1002K/3608K, paused 0ms+0ms, total 6ms
2018-09-17 10:44:41.617000	ALL	09-17 04:44:41.490   438   443 D dalvikvm: GC_CONCURRENT freed 398K, 73% free 1002K/3608K, paused 0ms+1ms, total 2ms
2018-09-17 10:44:41.617000	ALL	09-17 04:44:41.514   438   443 D dalvikvm: GC_CONCURRENT freed 398K, 73% free 1003K/3608K, paused 0ms+0ms, total 1ms
2018-09-17 10:44:41.617000	ALL	09-17 04:44:41.546   471   475 D dalvikvm: GC_CONCURRENT freed 950K, 15% free 6340K/7380K, paused 3ms+0ms, total 7ms
2018-09-17 10:44:41.617000	ALL	09-17 04:44:41.546   438   443 D dalvikvm: GC_CONCURRENT freed 408K, 73% free 992K/3608K, paused 0ms+0ms, total 3ms
2018-09-17 10:44:41.617000	ALL	09-17 04:44:41.578   438   443 D dalvikvm: GC_CONCURRENT freed 398K, 73% free 992K/3608K, paused 0ms+0ms, total 1ms
2018-09-17 10:44:41.678000	ALL	09-17 04:44:41.654   438   443 D dalvikvm: GC_CONCURRENT freed 398K, 73% free 992K/3608K, paused 0ms+0ms, total 1ms
2018-09-17 10:44:41.711000	ALL	09-17 04:44:41.690   438   443 D dalvikvm: GC_CONCURRENT freed 398K, 73% free 992K/3608K, paused 0ms+0ms, total 2ms
2018-09-17 10:44:41.741000	ALL	09-17 04:44:41.718   438   443 D dalvikvm: GC_CONCURRENT freed 388K, 73% free 1003K/3608K, paused 0ms+0ms, total 1ms
2018-09-17 10:44:41.782000	ALL	09-17 04:44:41.754   438   443 D dalvikvm: GC_CONCURRENT freed 398K, 73% free 1003K/3608K, paused 0ms+0ms, total 1ms
2018-09-17 10:44:41.825000	ALL	09-17 04:44:41.798   438   443 D dalvikvm: GC_CONCURRENT freed 407K, 73% free 993K/3608K, paused 3ms+0ms, total 5ms

2018-09-17 10:47:20.399807 'change tab' test logs with driver = android

2018-09-17 10:47:18.828000	ALL	09-17 04:47:18.808  2838  2838 D         : HostConnection::get() New Host Connection established 0xb8d40ec0, tid 2838
2018-09-17 10:47:18.842000	ALL	09-17 04:47:18.824  2838  2838 W         : Unrecognized GLES max version string in extensions:
2018-09-17 10:47:18.849000	ALL	09-17 04:47:18.828  2838  2838 W         : Process pipe failed
2018-09-17 10:47:18.905000	ALL	09-17 04:47:18.880   568   658 D MobileDataStateTracker: default: setPolicyDataEnable(enabled=true)
2018-09-17 10:47:18.946000	ALL	09-17 04:47:18.924   568   658 D MobileDataStateTracker: default: setPolicyDataEnable(enabled=true)
2018-09-17 10:47:18.990000	ALL	09-17 04:47:18.968   568   658 D MobileDataStateTracker: default: setPolicyDataEnable(enabled=true)
2018-09-17 10:47:19.037000	ALL	09-17 04:47:19.016   568   658 D MobileDataStateTracker: default: setPolicyDataEnable(enabled=true)
2018-09-17 10:47:19.061000	ALL	09-17 04:47:19.040   568   658 D MobileDataStateTracker: default: setPolicyDataEnable(enabled=true)
2018-09-17 10:47:19.081000	ALL	09-17 04:47:19.060   568   658 D MobileDataStateTracker: default: setPolicyDataEnable(enabled=true)
2018-09-17 10:47:19.138000	ALL	09-17 04:47:19.108   568   658 D MobileDataStateTracker: default: setPolicyDataEnable(enabled=true)
2018-09-17 10:47:19.177000	ALL	09-17 04:47:19.156   568   658 D MobileDataStateTracker: default: setPolicyDataEnable(enabled=true)
2018-09-17 10:47:19.239000	ALL	09-17 04:47:19.216   568   658 D MobileDataStateTracker: default: setPolicyDataEnable(enabled=true)
2018-09-17 10:47:19.320000	ALL	09-17 04:47:19.300  2788  2792 D dalvikvm: GC_CONCURRENT freed 697K, 12% free 6344K/7132K, paused 4ms+2ms, total 9ms
2018-09-17 10:47:19.406000	ALL	09-17 04:47:19.384  2761  2774 D dalvikvm: GC_FOR_ALLOC freed 7187K, 88% free 1004K/8192K, paused 4ms, total 4ms
2018-09-17 10:47:19.436000	ALL	09-17 04:47:19.416  2761  2766 D dalvikvm: GC_CONCURRENT freed 407K, 88% free 1008K/8192K, paused 0ms+0ms, total 1ms
2018-09-17 10:47:19.469000	ALL	09-17 04:47:19.448  2761  2766 D dalvikvm: GC_CONCURRENT freed 413K, 69% free 993K/3172K, paused 0ms+1ms, total 3ms
2018-09-17 10:47:19.499000	ALL	09-17 04:47:19.480  2761  2766 D dalvikvm: GC_CONCURRENT freed 398K, 69% free 992K/3172K, paused 0ms+0ms, total 2ms
2018-09-17 10:47:19.548000	ALL	09-17 04:47:19.516  2761  2766 D dalvikvm: GC_CONCURRENT freed 398K, 69% free 992K/3172K, paused 1ms+0ms, total 3ms
2018-09-17 10:47:19.597000	ALL	09-17 04:47:19.576  2761  2766 D dalvikvm: GC_CONCURRENT freed 399K, 69% free 991K/3172K, paused 0ms+0ms, total 1ms
2018-09-17 10:47:19.827000	ALL	09-17 04:47:19.664  2761  2766 D dalvikvm: GC_CONCURRENT freed 370K, 68% free 1020K/3172K, paused 1ms+1ms, total 5ms
2018-09-17 10:47:19.827000	ALL	09-17 04:47:19.704  2761  2766 D dalvikvm: GC_CONCURRENT freed 425K, 69% free 992K/3172K, paused 0ms+0ms, total 2ms
2018-09-17 10:47:19.827000	ALL	09-17 04:47:19.732  2761  2766 D dalvikvm: GC_CONCURRENT freed 398K, 69% free 992K/3172K, paused 1ms+0ms, total 2ms
2018-09-17 10:47:19.827000	ALL	09-17 04:47:19.768  2761  2766 D dalvikvm: GC_CONCURRENT freed 387K, 69% free 1003K/3172K, paused 0ms+0ms, total 1ms
2018-09-17 10:47:19.827000	ALL	09-17 04:47:19.796  2761  2766 D dalvikvm: GC_CONCURRENT freed 409K, 69% free 992K/3172K, paused 0ms+0ms, total 1ms
2018-09-17 10:47:20.193000	ALL	09-17 04:47:19.864  2761  2766 D dalvikvm: GC_CONCURRENT freed 400K, 68% free 1034K/3172K, paused 0ms+1ms, total 20ms
2018-09-17 10:47:20.193000	ALL	09-17 04:47:19.920  2761  2766 D dalvikvm: GC_CONCURRENT freed 413K, 69% free 1006K/3172K, paused 3ms+0ms, total 4ms
2018-09-17 10:47:20.193000	ALL	09-17 04:47:19.944  2761  2766 D dalvikvm: GC_CONCURRENT freed 400K, 68% free 1017K/3172K, paused 0ms+1ms, total 2ms
2018-09-17 10:47:20.193000	ALL	09-17 04:47:19.980  2761  2766 D dalvikvm: GC_CONCURRENT freed 397K, 69% free 1004K/3172K, paused 1ms+0ms, total 2ms
2018-09-17 10:47:20.193000	ALL	09-17 04:47:20.016  2761  2766 D dalvikvm: GC_CONCURRENT freed 415K, 69% free 1002K/3172K, paused 1ms+0ms, total 3ms
2018-09-17 10:47:20.193000	ALL	09-17 04:47:20.052  2761  2766 D dalvikvm: GC_CONCURRENT freed 381K, 69% free 1009K/3172K, paused 1ms+0ms, total 3ms
2018-09-17 10:47:20.193000	ALL	09-17 04:47:20.084  2788  2792 D dalvikvm: GC_CONCURRENT freed 955K, 15% free 6340K/7384K, paused 1ms+0ms, total 4ms
2018-09-17 10:47:20.193000	ALL	09-17 04:47:20.084  2761  2766 D dalvikvm: GC_CONCURRENT freed 408K, 69% free 1009K/3172K, paused 1ms+2ms, total 4ms
2018-09-17 10:47:20.193000	ALL	09-17 04:47:20.112  2761  2766 D dalvikvm: GC_CONCURRENT freed 415K, 69% free 993K/3172K, paused 1ms+0ms, total 2ms
2018-09-17 10:47:20.193000	ALL	09-17 04:47:20.140  2761  2766 D dalvikvm: GC_CONCURRENT freed 399K, 69% free 992K/3172K, paused 1ms+0ms, total 3ms
2018-09-17 10:47:20.193000	ALL	09-17 04:47:20.168  2761  2766 D dalvikvm: GC_CONCURRENT freed 387K, 69% free 1003K/3172K, paused 0ms+1ms, total 2ms
2018-09-17 10:47:20.217000	ALL	09-17 04:47:20.196  2761  2766 D dalvikvm: GC_CONCURRENT freed 399K, 69% free 1002K/3172K, paused 0ms+0ms, total 1ms
2018-09-17 10:47:20.243000	ALL	09-17 04:47:20.220  2761  2766 D dalvikvm: GC_CONCURRENT freed 398K, 69% free 1003K/3172K, paused 0ms+0ms, total 1ms
2018-09-17 10:47:20.271000	ALL	09-17 04:47:20.252  2761  2766 D dalvikvm: GC_CONCURRENT freed 398K, 69% free 1003K/3172K, paused 0ms+0ms, total 2ms
2018-09-17 10:47:20.379000	ALL	09-17 04:47:20.352  2761  2766 D dalvikvm: GC_CONCURRENT freed 383K, 69% free 1004K/3172K, paused 8ms+0ms, total 9ms

2018-09-17 10:56:57.474874 'change tab' test logs with driver = android

2018-09-17 10:56:55.829000	ALL	09-17 04:56:55.809  7386  7386 D         : HostConnection::get() New Host Connection established 0xb96ebeb8, tid 7386
2018-09-17 10:56:55.832000	ALL	09-17 04:56:55.817  7386  7386 W         : Unrecognized GLES max version string in extensions:
2018-09-17 10:56:55.837000	ALL	09-17 04:56:55.817  7386  7386 W         : Process pipe failed
2018-09-17 10:56:55.906000	ALL	09-17 04:56:55.877   568   658 D MobileDataStateTracker: default: setPolicyDataEnable(enabled=true)
2018-09-17 10:56:55.938000	ALL	09-17 04:56:55.917   568   658 D MobileDataStateTracker: default: setPolicyDataEnable(enabled=true)
2018-09-17 10:56:55.992000	ALL	09-17 04:56:55.973   568   658 D MobileDataStateTracker: default: setPolicyDataEnable(enabled=true)
2018-09-17 10:56:56.017000	ALL	09-17 04:56:55.997   568   658 D MobileDataStateTracker: default: setPolicyDataEnable(enabled=true)
2018-09-17 10:56:56.029000	ALL	09-17 04:56:56.009   568   658 D MobileDataStateTracker: default: setPolicyDataEnable(enabled=true)
2018-09-17 10:56:56.045000	ALL	09-17 04:56:56.021   568   658 D MobileDataStateTracker: default: setPolicyDataEnable(enabled=true)
2018-09-17 10:56:56.045000	ALL	09-17 04:56:56.025   778   782 D dalvikvm: GC_CONCURRENT freed 408K, 15% free 3710K/4324K, paused 0ms+0ms, total 3ms
2018-09-17 10:56:56.101000	ALL	09-17 04:56:56.081   568   658 D MobileDataStateTracker: default: setPolicyDataEnable(enabled=true)
2018-09-17 10:56:56.152000	ALL	09-17 04:56:56.133   568   658 D MobileDataStateTracker: default: setPolicyDataEnable(enabled=true)
2018-09-17 10:56:56.217000	ALL	09-17 04:56:56.197   568   658 D MobileDataStateTracker: default: setPolicyDataEnable(enabled=true)
2018-09-17 10:56:56.442000	ALL	09-17 04:56:56.425  7334  7338 D dalvikvm: GC_CONCURRENT freed 701K, 12% free 6343K/7136K, paused 2ms+0ms, total 5ms
2018-09-17 10:56:56.554000	ALL	09-17 04:56:56.521  7307  7320 D dalvikvm: GC_FOR_ALLOC freed 7198K, 88% free 993K/8192K, paused 5ms, total 5ms
2018-09-17 10:56:56.625000	ALL	09-17 04:56:56.601  7307  7312 D dalvikvm: GC_CONCURRENT freed 390K, 73% free 1002K/3596K, paused 0ms+1ms, total 1ms
2018-09-17 10:56:56.665000	ALL	09-17 04:56:56.641  7307  7312 D dalvikvm: GC_CONCURRENT freed 381K, 73% free 1005K/3596K, paused 2ms+1ms, total 3ms
2018-09-17 10:56:56.713000	ALL	09-17 04:56:56.689  7307  7312 D dalvikvm: GC_CONCURRENT freed 413K, 73% free 1003K/3596K, paused 0ms+2ms, total 5ms
2018-09-17 10:56:56.889000	ALL	09-17 04:56:56.741  7307  7312 D dalvikvm: GC_CONCURRENT freed 381K, 73% free 1006K/3596K, paused 2ms+0ms, total 3ms
2018-09-17 10:56:56.889000	ALL	09-17 04:56:56.773  7307  7312 D dalvikvm: GC_CONCURRENT freed 400K, 72% free 1021K/3596K, paused 0ms+0ms, total 2ms
2018-09-17 10:56:56.889000	ALL	09-17 04:56:56.817  7307  7312 D dalvikvm: GC_CONCURRENT freed 417K, 73% free 1002K/3596K, paused 1ms+0ms, total 3ms
2018-09-17 10:56:56.889000	ALL	09-17 04:56:56.849  7307  7312 D dalvikvm: GC_CONCURRENT freed 407K, 73% free 994K/3596K, paused 0ms+0ms, total 1ms
2018-09-17 10:56:57.262000	ALL	09-17 04:56:56.929  7307  7312 D dalvikvm: GC_CONCURRENT freed 389K, 73% free 1003K/3596K, paused 0ms+0ms, total 2ms
2018-09-17 10:56:57.262000	ALL	09-17 04:56:56.981  7307  7312 D dalvikvm: GC_CONCURRENT freed 382K, 73% free 1005K/3596K, paused 3ms+0ms, total 4ms
2018-09-17 10:56:57.262000	ALL	09-17 04:56:57.013  7307  7312 D dalvikvm: GC_CONCURRENT freed 405K, 72% free 1013K/3596K, paused 0ms+0ms, total 2ms
2018-09-17 10:56:57.262000	ALL	09-17 04:56:57.049  7307  7312 D dalvikvm: GC_CONCURRENT freed 409K, 73% free 1002K/3596K, paused 0ms+0ms, total 3ms
2018-09-17 10:56:57.262000	ALL	09-17 04:56:57.077  7307  7312 D dalvikvm: GC_CONCURRENT freed 409K, 73% free 992K/3596K, paused 0ms+0ms, total 2ms
2018-09-17 10:56:57.262000	ALL	09-17 04:56:57.109  7307  7312 D dalvikvm: GC_CONCURRENT freed 387K, 73% free 1003K/3596K, paused 3ms+0ms, total 4ms
2018-09-17 10:56:57.262000	ALL	09-17 04:56:57.137  7307  7312 D dalvikvm: GC_CONCURRENT freed 409K, 73% free 992K/3596K, paused 0ms+0ms, total 1ms
2018-09-17 10:56:57.262000	ALL	09-17 04:56:57.165  7307  7312 D dalvikvm: GC_CONCURRENT freed 398K, 73% free 992K/3596K, paused 0ms+0ms, total 1ms
2018-09-17 10:56:57.262000	ALL	09-17 04:56:57.193  7307  7312 D dalvikvm: GC_CONCURRENT freed 388K, 73% free 1002K/3596K, paused 0ms+0ms, total 2ms
2018-09-17 10:56:57.262000	ALL	09-17 04:56:57.217  7307  7312 D dalvikvm: GC_CONCURRENT freed 398K, 73% free 1003K/3596K, paused 0ms+0ms, total 1ms
2018-09-17 10:56:57.262000	ALL	09-17 04:56:57.225  7334  7338 D dalvikvm: GC_CONCURRENT freed 956K, 15% free 6340K/7388K, paused 0ms+2ms, total 4ms
2018-09-17 10:56:57.271000	ALL	09-17 04:56:57.249  7307  7312 D dalvikvm: GC_CONCURRENT freed 409K, 73% free 992K/3596K, paused 1ms+1ms, total 3ms
2018-09-17 10:56:57.307000	ALL	09-17 04:56:57.285  7307  7312 D dalvikvm: GC_CONCURRENT freed 397K, 73% free 993K/3596K, paused 1ms+0ms, total 2ms
2018-09-17 10:56:57.338000	ALL	09-17 04:56:57.317  7307  7312 D dalvikvm: GC_CONCURRENT freed 372K, 73% free 1005K/3596K, paused 1ms+0ms, total 2ms
2018-09-17 10:56:57.417000	ALL	09-17 04:56:57.357  7307  7312 D dalvikvm: GC_CONCURRENT freed 384K, 72% free 1010K/3596K, paused 0ms+1ms, total 2ms

2018-09-17 11:02:09.555548 'change tab' test logs with driver = android

2018-09-17 11:02:07.928000	ALL	09-17 05:02:07.909 10551 10551 D         : HostConnection::get() New Host Connection established 0xb8b9feb8, tid 10551
2018-09-17 11:02:07.931000	ALL	09-17 05:02:07.917 10551 10551 W         : Unrecognized GLES max version string in extensions:
2018-09-17 11:02:07.936000	ALL	09-17 05:02:07.917 10551 10551 W         : Process pipe failed
2018-09-17 11:02:07.986000	ALL	09-17 05:02:07.965   568   658 D MobileDataStateTracker: default: setPolicyDataEnable(enabled=true)
2018-09-17 11:02:08.041000	ALL	09-17 05:02:08.021   568   658 D MobileDataStateTracker: default: setPolicyDataEnable(enabled=true)
2018-09-17 11:02:08.103000	ALL	09-17 05:02:08.085   568   658 D MobileDataStateTracker: default: setPolicyDataEnable(enabled=true)
2018-09-17 11:02:08.139000	ALL	09-17 05:02:08.121   568   658 D MobileDataStateTracker: default: setPolicyDataEnable(enabled=true)
2018-09-17 11:02:08.153000	ALL	09-17 05:02:08.133   568   658 D MobileDataStateTracker: default: setPolicyDataEnable(enabled=true)
2018-09-17 11:02:08.214000	ALL	09-17 05:02:08.189   568   658 D MobileDataStateTracker: default: setPolicyDataEnable(enabled=true)
2018-09-17 11:02:08.272000	ALL	09-17 05:02:08.245   568   658 D MobileDataStateTracker: default: setPolicyDataEnable(enabled=true)
2018-09-17 11:02:08.305000	ALL	09-17 05:02:08.285   568   658 D MobileDataStateTracker: default: setPolicyDataEnable(enabled=true)
2018-09-17 11:02:08.416000	ALL	09-17 05:02:08.393 10501 10505 D dalvikvm: GC_CONCURRENT freed 699K, 12% free 6345K/7136K, paused 0ms+1ms, total 3ms
2018-09-17 11:02:08.494000	ALL	09-17 05:02:08.473 10473 10487 D dalvikvm: GC_FOR_ALLOC freed 7197K, 88% free 993K/8192K, paused 4ms, total 4ms
2018-09-17 11:02:08.524000	ALL	09-17 05:02:08.505 10473 10478 D dalvikvm: GC_CONCURRENT freed 390K, 88% free 1003K/8192K, paused 1ms+0ms, total 2ms
2018-09-17 11:02:08.555000	ALL	09-17 05:02:08.537 10473 10478 D dalvikvm: GC_CONCURRENT freed 391K, 88% free 1004K/8192K, paused 0ms+3ms, total 4ms
2018-09-17 11:02:08.586000	ALL	09-17 05:02:08.565 10473 10478 D dalvikvm: GC_CONCURRENT freed 405K, 78% free 1003K/4376K, paused 1ms+0ms, total 2ms
2018-09-17 11:02:08.627000	ALL	09-17 05:02:08.601 10473 10478 D dalvikvm: GC_CONCURRENT freed 399K, 78% free 1003K/4376K, paused 1ms+1ms, total 4ms
2018-09-17 11:02:08.665000	ALL	09-17 05:02:08.645 10473 10478 D dalvikvm: GC_CONCURRENT freed 408K, 78% free 992K/4376K, paused 0ms+0ms, total 2ms
2018-09-17 11:02:08.762000	ALL	09-17 05:02:08.729 10473 10478 D dalvikvm: GC_CONCURRENT freed 443K, 78% free 992K/4376K, paused 1ms+0ms, total 13ms
2018-09-17 11:02:08.965000	ALL	09-17 05:02:08.793 10473 10478 D dalvikvm: GC_CONCURRENT freed 373K, 78% free 1003K/4376K, paused 1ms+2ms, total 5ms
2018-09-17 11:02:08.965000	ALL	09-17 05:02:08.861 10473 10478 D dalvikvm: GC_CONCURRENT freed 381K, 78% free 1006K/4376K, paused 1ms+0ms, total 2ms
2018-09-17 11:02:08.965000	ALL	09-17 05:02:08.897 10473 10478 D dalvikvm: GC_CONCURRENT freed 398K, 78% free 991K/4376K, paused 5ms+0ms, total 6ms
2018-09-17 11:02:08.965000	ALL	09-17 05:02:08.929 10473 10478 D dalvikvm: GC_CONCURRENT freed 398K, 78% free 991K/4376K, paused 0ms+0ms, total 1ms
2018-09-17 11:02:09.350000	ALL	09-17 05:02:09.053 10473 10478 D dalvikvm: GC_CONCURRENT freed 371K, 78% free 1004K/4376K, paused 1ms+0ms, total 2ms
2018-09-17 11:02:09.350000	ALL	09-17 05:02:09.085 10473 10478 D dalvikvm: GC_CONCURRENT freed 382K, 77% free 1011K/4376K, paused 0ms+0ms, total 1ms
2018-09-17 11:02:09.350000	ALL	09-17 05:02:09.125 10473 10478 D dalvikvm: GC_CONCURRENT freed 431K, 78% free 1002K/4376K, paused 0ms+0ms, total 5ms
2018-09-17 11:02:09.350000	ALL	09-17 05:02:09.153 10473 10478 D dalvikvm: GC_CONCURRENT freed 408K, 78% free 993K/4376K, paused 0ms+0ms, total 2ms
2018-09-17 11:02:09.350000	ALL	09-17 05:02:09.185 10473 10478 D dalvikvm: GC_CONCURRENT freed 388K, 78% free 1003K/4376K, paused 0ms+1ms, total 1ms
2018-09-17 11:02:09.350000	ALL	09-17 05:02:09.217 10473 10478 D dalvikvm: GC_CONCURRENT freed 410K, 78% free 991K/4376K, paused 0ms+0ms, total 2ms
2018-09-17 11:02:09.350000	ALL	09-17 05:02:09.245 10473 10478 D dalvikvm: GC_CONCURRENT freed 386K, 78% free 1003K/4376K, paused 0ms+0ms, total 1ms
2018-09-17 11:02:09.350000	ALL	09-17 05:02:09.249 10501 10505 D dalvikvm: GC_CONCURRENT freed 950K, 15% free 6341K/7384K, paused 3ms+1ms, total 5ms
2018-09-17 11:02:09.350000	ALL	09-17 05:02:09.281 10473 10478 D dalvikvm: GC_CONCURRENT freed 398K, 78% free 1003K/4376K, paused 0ms+0ms, total 2ms
2018-09-17 11:02:09.350000	ALL	09-17 05:02:09.321 10473 10478 D dalvikvm: GC_CONCURRENT freed 398K, 78% free 1003K/4376K, paused 0ms+0ms, total 1ms
2018-09-17 11:02:09.383000	ALL	09-17 05:02:09.361 10473 10478 D dalvikvm: GC_CONCURRENT freed 399K, 78% free 1002K/4376K, paused 0ms+0ms, total 3ms
2018-09-17 11:02:09.414000	ALL	09-17 05:02:09.393 10473 10478 D dalvikvm: GC_CONCURRENT freed 409K, 78% free 992K/4376K, paused 1ms+0ms, total 2ms
2018-09-17 11:02:09.452000	ALL	09-17 05:02:09.433 10473 10478 D dalvikvm: GC_CONCURRENT freed 387K, 78% free 995K/4376K, paused 0ms+1ms, total 3ms
2018-09-17 11:02:09.543000	ALL	09-17 05:02:09.521 10473 10478 D dalvikvm: GC_CONCURRENT freed 399K, 78% free 1003K/4376K, paused 0ms+0ms, total 11ms

2018-09-17 11:04:59.583927 'change tab' test logs with driver = android

2018-09-17 11:04:57.967000	ALL	09-17 05:04:57.947 12663 12663 D         : HostConnection::get() New Host Connection established 0xb8090eb8, tid 12663
2018-09-17 11:04:57.974000	ALL	09-17 05:04:57.959 12663 12663 W         : Unrecognized GLES max version string in extensions:
2018-09-17 11:04:57.979000	ALL	09-17 05:04:57.959 12663 12663 W         : Process pipe failed
2018-09-17 11:04:58.043000	ALL	09-17 05:04:58.019   568   658 D MobileDataStateTracker: default: setPolicyDataEnable(enabled=true)
2018-09-17 11:04:58.084000	ALL	09-17 05:04:58.059   568   658 D MobileDataStateTracker: default: setPolicyDataEnable(enabled=true)
2018-09-17 11:04:58.130000	ALL	09-17 05:04:58.103   568   658 D MobileDataStateTracker: default: setPolicyDataEnable(enabled=true)
2018-09-17 11:04:58.155000	ALL	09-17 05:04:58.135   568   658 D MobileDataStateTracker: default: setPolicyDataEnable(enabled=true)
2018-09-17 11:04:58.170000	ALL	09-17 05:04:58.147   568   658 D MobileDataStateTracker: default: setPolicyDataEnable(enabled=true)
2018-09-17 11:04:58.202000	ALL	09-17 05:04:58.183   568   658 D MobileDataStateTracker: default: setPolicyDataEnable(enabled=true)
2018-09-17 11:04:58.256000	ALL	09-17 05:04:58.235   568   658 D MobileDataStateTracker: default: setPolicyDataEnable(enabled=true)
2018-09-17 11:04:58.304000	ALL	09-17 05:04:58.287   568   658 D MobileDataStateTracker: default: setPolicyDataEnable(enabled=true)
2018-09-17 11:04:58.346000	ALL	09-17 05:04:58.323   568   658 D MobileDataStateTracker: default: setPolicyDataEnable(enabled=true)
2018-09-17 11:04:58.516000	ALL	09-17 05:04:58.495 12613 12616 D dalvikvm: GC_CONCURRENT freed 702K, 12% free 6343K/7136K, paused 0ms+0ms, total 3ms
2018-09-17 11:04:58.604000	ALL	09-17 05:04:58.583 12586 12599 D dalvikvm: GC_FOR_ALLOC freed 7187K, 88% free 1004K/8192K, paused 4ms, total 4ms
2018-09-17 11:04:58.651000	ALL	09-17 05:04:58.627 12586 12591 D dalvikvm: GC_CONCURRENT freed 394K, 88% free 1021K/8192K, paused 1ms+1ms, total 6ms
2018-09-17 11:04:58.751000	ALL	09-17 05:04:58.715 12586 12591 D dalvikvm: GC_CONCURRENT freed 429K, 88% free 994K/8192K, paused 23ms+1ms, total 25ms
2018-09-17 11:04:58.791000	ALL	09-17 05:04:58.763 12586 12591 D dalvikvm: GC_CONCURRENT freed 398K, 88% free 994K/8192K, paused 0ms+1ms, total 3ms
2018-09-17 11:04:58.989000	ALL	09-17 05:04:58.823 12586 12591 D dalvikvm: GC_CONCURRENT freed 395K, 88% free 994K/8192K, paused 0ms+1ms, total 2ms
2018-09-17 11:04:58.989000	ALL	09-17 05:04:58.859 12586 12591 D dalvikvm: GC_CONCURRENT freed 389K, 88% free 1003K/8192K, paused 1ms+0ms, total 3ms
2018-09-17 11:04:58.989000	ALL	09-17 05:04:58.887 12586 12591 D dalvikvm: GC_CONCURRENT freed 409K, 88% free 992K/8192K, paused 0ms+0ms, total 2ms
2018-09-17 11:04:58.989000	ALL	09-17 05:04:58.915 12586 12591 D dalvikvm: GC_CONCURRENT freed 388K, 88% free 1003K/8192K, paused 0ms+0ms, total 2ms
2018-09-17 11:04:58.989000	ALL	09-17 05:04:58.943 12586 12591 D dalvikvm: GC_CONCURRENT freed 398K, 88% free 1003K/8192K, paused 0ms+0ms, total 2ms
2018-09-17 11:04:59.030000	ALL	09-17 05:04:58.999 12586 12591 D dalvikvm: GC_CONCURRENT freed 401K, 88% free 1000K/8192K, paused 0ms+1ms, total 15ms
2018-09-17 11:04:59.354000	ALL	09-17 05:04:59.063 12586 12591 D dalvikvm: GC_CONCURRENT freed 379K, 88% free 1004K/8192K, paused 4ms+0ms, total 5ms
2018-09-17 11:04:59.354000	ALL	09-17 05:04:59.091 12586 12591 D dalvikvm: GC_CONCURRENT freed 405K, 88% free 1031K/8192K, paused 0ms+0ms, total 3ms
2018-09-17 11:04:59.354000	ALL	09-17 05:04:59.123 12586 12591 D dalvikvm: GC_CONCURRENT freed 433K, 88% free 1021K/8192K, paused 0ms+0ms, total 3ms
2018-09-17 11:04:59.354000	ALL	09-17 05:04:59.151 12586 12591 D dalvikvm: GC_CONCURRENT freed 400K, 88% free 1004K/8192K, paused 2ms+0ms, total 4ms
2018-09-17 11:04:59.354000	ALL	09-17 05:04:59.215 12586 12591 D dalvikvm: GC_CONCURRENT freed 383K, 88% free 1012K/8192K, paused 1ms+3ms, total 6ms
2018-09-17 11:04:59.354000	ALL	09-17 05:04:59.251 12586 12591 D dalvikvm: GC_CONCURRENT freed 431K, 88% free 1002K/8192K, paused 0ms+1ms, total 3ms
2018-09-17 11:04:59.354000	ALL	09-17 05:04:59.283 12586 12591 D dalvikvm: GC_CONCURRENT freed 408K, 88% free 992K/8192K, paused 0ms+0ms, total 1ms
2018-09-17 11:04:59.354000	ALL	09-17 05:04:59.327 12613 12616 D dalvikvm: GC_CONCURRENT freed 956K, 15% free 6339K/7388K, paused 1ms+0ms, total 3ms
2018-09-17 11:04:59.354000	ALL	09-17 05:04:59.327 12586 12591 D dalvikvm: GC_CONCURRENT freed 388K, 88% free 1002K/8192K, paused 1ms+1ms, total 5ms
2018-09-17 11:04:59.386000	ALL	09-17 05:04:59.363 12586 12591 D dalvikvm: GC_CONCURRENT freed 409K, 88% free 992K/8192K, paused 0ms+0ms, total 2ms
2018-09-17 11:04:59.424000	ALL	09-17 05:04:59.403 12586 12591 D dalvikvm: GC_CONCURRENT freed 386K, 88% free 996K/8192K, paused 0ms+0ms, total 1ms
2018-09-17 11:04:59.465000	ALL	09-17 05:04:59.443 12586 12591 D dalvikvm: GC_CONCURRENT freed 400K, 88% free 1003K/8192K, paused 3ms+0ms, total 5ms
2018-09-17 11:04:59.542000	ALL	09-17 05:04:59.519 12586 12591 D dalvikvm: GC_CONCURRENT freed 409K, 88% free 992K/8192K, paused 5ms+0ms, total 7ms

2018-09-17 11:21:26.164448 'Run animation' test logs with driver = android

2018-09-17 11:21:19.107000	ALL	09-17 05:21:19.086 20461 20461 I AccessibilityNodeInfoDumper: Skipping invisible child: android.view.accessibility.AccessibilityNodeInfo@c3f0; boundsInParent: Rect(0, 0 - 0, 144); boundsInScreen: Rect(1080, 75 - 1080, 219); packageName: io.appium.android.apis; className: android.widget.LinearLayout; text: null; contentDescription: null; viewIdResName: null; checkable: false; checked: false; focusable: false; focused: false; selected: false; clickable: false; longClickable: false; enabled: true; password: false; scrollable: false; [ACTION_SELECT, ACTION_CLEAR_SELECTION, ACTION_ACCESSIBILITY_FOCUS]
2018-09-17 11:21:19.115000	ALL	09-17 05:21:19.094 20461 20461 W AccessibilityNodeInfoDumper: Fetch time: 20ms
2018-09-17 11:21:19.186000	ALL	09-17 05:21:19.154 20461 20461 I QueryController: Matched selector: UiSelector[CLASS=android.widget.TextView, INSTANCE=4, COUNT=4] <<==>> [android.view.accessibility.AccessibilityNodeInfo@96e4; boundsInParent: Rect(0, 0 - 1080, 144); boundsInScreen: Rect(0, 657 - 1080, 801); packageName: io.appium.android.apis; className: android.widget.TextView; text: App; contentDescription: App; viewIdResName: android:id/text1; checkable: false; checked: false; focusable: false; focused: false; selected: false; clickable: true; longClickable: false; enabled: true; password: false; scrollable: false; [ACTION_SELECT, ACTION_CLEAR_SELECTION, ACTION_CLICK, ACTION_ACCESSIBILITY_FOCUS, ACTION_NEXT_AT_MOVEMENT_GRANULARITY, ACTION_PREVIOUS_AT_MOVEMENT_GRANULARITY, ACTION_SET_SELECTION]]
2018-09-17 11:21:19.199000	ALL	09-17 05:21:19.178 20461 20461 I QueryController: Matched selector: UiSelector[CLASS=android.widget.TextView, INSTANCE=4, COUNT=4] <<==>> [android.view.accessibility.AccessibilityNodeInfo@96e4; boundsInParent: Rect(0, 0 - 1080, 144); boundsInScreen: Rect(0, 657 - 1080, 801); packageName: io.appium.android.apis; className: android.widget.TextView; text: App; contentDescription: App; viewIdResName: android:id/text1; checkable: false; checked: false; focusable: false; focused: false; selected: false; clickable: true; longClickable: false; enabled: true; password: false; scrollable: false; [ACTION_SELECT, ACTION_CLEAR_SELECTION, ACTION_CLICK, ACTION_ACCESSIBILITY_FOCUS, ACTION_NEXT_AT_MOVEMENT_GRANULARITY, ACTION_PREVIOUS_AT_MOVEMENT_GRANULARITY, ACTION_SET_SELECTION]]
2018-09-17 11:21:19.204000	ALL	09-17 05:21:19.182 20461 20461 D InteractionController: clickAndSync(540, 729)
2018-09-17 11:21:19.382000	ALL	09-17 05:21:19.358   568   702 I ActivityManager: START u0 {cmp=io.appium.android.apis/.ApiDemos (has extras)} from pid 20494
2018-09-17 11:21:19.388000	ALL	09-17 05:21:19.366   568   570 D dalvikvm: GC_CONCURRENT freed 3773K, 28% free 18693K/25720K, paused 4ms+1ms, total 20ms
2018-09-17 11:21:19.429000	ALL	09-17 05:21:19.406 20494 20497 D dalvikvm: GC_CONCURRENT freed 651K, 11% free 6481K/7208K, paused 1ms+2ms, total 7ms
2018-09-17 11:21:19.488000	ALL	09-17 05:21:19.474 20494 20494 E EGL_emulation: tid 20494: eglSurfaceAttrib(1210): error 0x3009 (EGL_BAD_MATCH)
2018-09-17 11:21:19.494000	ALL	09-17 05:21:19.474 20494 20494 W HardwareRenderer: Backbuffer cannot be preserved
2018-09-17 11:21:19.574000	ALL	09-17 05:21:19.546   568   583 I ActivityManager: Displayed io.appium.android.apis/.ApiDemos: +166ms
2018-09-17 11:21:20.904000	ALL	09-17 05:21:20.882 20461 20476 D dalvikvm: GC_FOR_ALLOC freed 7072K, 87% free 1118K/8192K, paused 10ms, total 10ms
2018-09-17 11:21:20.977000	ALL	09-17 05:21:20.954 20461 20472 D dalvikvm: GC_CONCURRENT freed 437K, 87% free 1079K/8192K, paused 0ms+1ms, total 2ms
2018-09-17 11:21:21.016000	ALL	09-17 05:21:20.990 20461 20472 D dalvikvm: GC_CONCURRENT freed 389K, 87% free 1089K/8192K, paused 0ms+0ms, total 3ms
2018-09-17 11:21:21.060000	ALL	09-17 05:21:21.038 20461 20472 D dalvikvm: GC_CONCURRENT freed 393K, 87% free 1094K/8192K, paused 0ms+3ms, total 5ms
2018-09-17 11:21:21.111000	ALL	09-17 05:21:21.086 20461 20472 D dalvikvm: GC_CONCURRENT freed 415K, 87% free 1079K/8192K, paused 1ms+0ms, total 3ms
2018-09-17 11:21:21.157000	ALL	09-17 05:21:21.138 20461 20472 D dalvikvm: GC_CONCURRENT freed 399K, 87% free 1079K/8192K, paused 0ms+0ms, total 3ms
2018-09-17 11:21:21.201000	ALL	09-17 05:21:21.178 20494 20497 D dalvikvm: GC_CONCURRENT freed 1046K, 15% free 6433K/7568K, paused 2ms+1ms, total 8ms
2018-09-17 11:21:21.207000	ALL	09-17 05:21:21.186 20461 20472 D dalvikvm: GC_CONCURRENT freed 388K, 87% free 1090K/8192K, paused 0ms+1ms, total 2ms
2018-09-17 11:21:21.248000	ALL	09-17 05:21:21.226 20461 20472 D dalvikvm: GC_CONCURRENT freed 400K, 87% free 1090K/8192K, paused 0ms+0ms, total 2ms
2018-09-17 11:21:21.292000	ALL	09-17 05:21:21.270 20461 20472 D dalvikvm: GC_CONCURRENT freed 399K, 87% free 1090K/8192K, paused 1ms+0ms, total 3ms
2018-09-17 11:21:21.335000	ALL	09-17 05:21:21.314 20461 20472 D dalvikvm: GC_CONCURRENT freed 399K, 87% free 1090K/8192K, paused 0ms+1ms, total 2ms
2018-09-17 11:21:21.371000	ALL	09-17 05:21:21.350 20461 20472 D dalvikvm: GC_CONCURRENT freed 400K, 87% free 1090K/8192K, paused 2ms+0ms, total 4ms
2018-09-17 11:21:21.413000	ALL	09-17 05:21:21.390 20461 20472 D dalvikvm: GC_CONCURRENT freed 399K, 87% free 1090K/8192K, paused 0ms+0ms, total 2ms
2018-09-17 11:21:21.459000	ALL	09-17 05:21:21.438 20461 20472 D dalvikvm: GC_CONCURRENT freed 401K, 87% free 1089K/8192K, paused 3ms+1ms, total 6ms
2018-09-17 11:21:21.501000	ALL	09-17 05:21:21.478 20461 20472 D dalvikvm: GC_CONCURRENT freed 398K, 87% free 1090K/8192K, paused 0ms+1ms, total 3ms
2018-09-17 11:21:21.541000	ALL	09-17 05:21:21.518 20461 20472 D dalvikvm: GC_CONCURRENT freed 381K, 87% free 1093K/8192K, paused 1ms+0ms, total 2ms
2018-09-17 11:21:21.578000	ALL	09-17 05:21:21.554 20461 20472 D dalvikvm: GC_CONCURRENT freed 387K, 87% free 1107K/8192K, paused 0ms+1ms, total 3ms
2018-09-17 11:21:21.620000	ALL	09-17 05:21:21.598 20461 20472 D dalvikvm: GC_CONCURRENT freed 429K, 87% free 1083K/8192K, paused 2ms+3ms, total 7ms
2018-09-17 11:21:21.660000	ALL	09-17 05:21:21.638 20461 20472 D dalvikvm: GC_CONCURRENT freed 401K, 87% free 1089K/8192K, paused 1ms+0ms, total 2ms
2018-09-17 11:21:21.694000	ALL	09-17 05:21:21.670 20461 20472 D dalvikvm: GC_CONCURRENT freed 409K, 87% free 1079K/8192K, paused 0ms+0ms, total 2ms
2018-09-17 11:21:21.726000	ALL	09-17 05:21:21.702 20461 20472 D dalvikvm: GC_CONCURRENT freed 399K, 87% free 1079K/8192K, paused 0ms+0ms, total 2ms
2018-09-17 11:21:21.775000	ALL	09-17 05:21:21.754 20461 20472 D dalvikvm: GC_CONCURRENT freed 399K, 87% free 1080K/8192K, paused 1ms+0ms, total 3ms
2018-09-17 11:21:21.818000	ALL	09-17 05:21:21.794 20461 20472 D dalvikvm: GC_CONCURRENT freed 388K, 87% free 1090K/8192K, paused 0ms+1ms, total 2ms
2018-09-17 11:21:21.859000	ALL	09-17 05:21:21.838 20461 20472 D dalvikvm: GC_CONCURRENT freed 388K, 87% free 1101K/8192K, paused 1ms+0ms, total 3ms
2018-09-17 11:21:21.903000	ALL	09-17 05:21:21.882 20461 20472 D dalvikvm: GC_CONCURRENT freed 411K, 87% free 1090K/8192K, paused 0ms+0ms, total 2ms
2018-09-17 11:21:21.946000	ALL	09-17 05:21:21.922 20461 20472 D dalvikvm: GC_CONCURRENT freed 400K, 87% free 1089K/8192K, paused 4ms+0ms, total 7ms
2018-09-17 11:21:21.991000	ALL	09-17 05:21:21.970 20461 20472 D dalvikvm: GC_CONCURRENT freed 408K, 87% free 1080K/8192K, paused 2ms+0ms, total 4ms
2018-09-17 11:21:22.027000	ALL	09-17 05:21:22.002 20461 20472 D dalvikvm: GC_CONCURRENT freed 399K, 87% free 1080K/8192K, paused 0ms+1ms, total 2ms
2018-09-17 11:21:22.045000	ALL	09-17 05:21:22.022 20494 20497 D dalvikvm: GC_CONCURRENT freed 984K, 16% free 6428K/7568K, paused 1ms+0ms, total 6ms
2018-09-17 11:21:22.076000	ALL	09-17 05:21:22.054 20461 20472 D dalvikvm: GC_CONCURRENT freed 401K, 87% free 1079K/8192K, paused 4ms+0ms, total 5ms
2018-09-17 11:21:22.116000	ALL	09-17 05:21:22.094 20461 20472 D dalvikvm: GC_CONCURRENT freed 389K, 87% free 1090K/8192K, paused 0ms+0ms, total 2ms
2018-09-17 11:21:22.159000	ALL	09-17 05:21:22.134 20461 20472 D dalvikvm: GC_CONCURRENT freed 399K, 87% free 1090K/8192K, paused 0ms+1ms, total 3ms
2018-09-17 11:21:22.201000	ALL	09-17 05:21:22.178 20461 20472 D dalvikvm: GC_CONCURRENT freed 409K, 87% free 1080K/8192K, paused 0ms+0ms, total 2ms
2018-09-17 11:21:22.240000	ALL	09-17 05:21:22.214 20461 20472 D dalvikvm: GC_CONCURRENT freed 389K, 87% free 1090K/8192K, paused 0ms+0ms, total 2ms
2018-09-17 11:21:22.276000	ALL	09-17 05:21:22.254 20461 20472 D dalvikvm: GC_CONCURRENT freed 399K, 87% free 1089K/8192K, paused 0ms+0ms, total 3ms
2018-09-17 11:21:22.311000	ALL	09-17 05:21:22.290 20461 20472 D dalvikvm: GC_CONCURRENT freed 400K, 87% free 1090K/8192K, paused 0ms+0ms, total 3ms
2018-09-17 11:21:22.352000	ALL	09-17 05:21:22.330 20461 20472 D dalvikvm: GC_CONCURRENT freed 399K, 87% free 1090K/8192K, paused 1ms+0ms, total 3ms
2018-09-17 11:21:22.387000	ALL	09-17 05:21:22.362 20461 20472 D dalvikvm: GC_CONCURRENT freed 399K, 87% free 1090K/8192K, paused 0ms+0ms, total 2ms
2018-09-17 11:21:22.423000	ALL	09-17 05:21:22.398 20461 20472 D dalvikvm: GC_CONCURRENT freed 399K, 87% free 1090K/8192K, paused 0ms+0ms, total 2ms
2018-09-17 11:21:22.462000	ALL	09-17 05:21:22.438 20461 20472 D dalvikvm: GC_CONCURRENT freed 409K, 87% free 1081K/8192K, paused 0ms+0ms, total 3ms
2018-09-17 11:21:22.499000	ALL	09-17 05:21:22.478 20461 20472 D dalvikvm: GC_CONCURRENT freed 401K, 87% free 1079K/8192K, paused 0ms+0ms, total 2ms
2018-09-17 11:21:22.539000	ALL	09-17 05:21:22.514 20461 20472 D dalvikvm: GC_CONCURRENT freed 388K, 87% free 1090K/8192K, paused 0ms+1ms, total 2ms
2018-09-17 11:21:22.580000	ALL	09-17 05:21:22.558 20461 20472 D dalvikvm: GC_CONCURRENT freed 409K, 87% free 1080K/8192K, paused 1ms+0ms, total 3ms
2018-09-17 11:21:22.617000	ALL	09-17 05:21:22.594 20461 20472 D dalvikvm: GC_CONCURRENT freed 400K, 87% free 1079K/8192K, paused 1ms+0ms, total 3ms
2018-09-17 11:21:22.648000	ALL	09-17 05:21:22.626 20461 20472 D dalvikvm: GC_CONCURRENT freed 389K, 87% free 1090K/8192K, paused 0ms+1ms, total 4ms
2018-09-17 11:21:22.684000	ALL	09-17 05:21:22.662 20461 20472 D dalvikvm: GC_CONCURRENT freed 399K, 87% free 1090K/8192K, paused 1ms+0ms, total 3ms
2018-09-17 11:21:22.723000	ALL	09-17 05:21:22.698 20461 20472 D dalvikvm: GC_CONCURRENT freed 390K, 87% free 1094K/8192K, paused 0ms+0ms, total 3ms
2018-09-17 11:21:22.766000	ALL	09-17 05:21:22.742 20461 20472 D dalvikvm: GC_CONCURRENT freed 408K, 87% free 1090K/8192K, paused 1ms+0ms, total 4ms
2018-09-17 11:21:22.803000	ALL	09-17 05:21:22.782 20461 20472 D dalvikvm: GC_CONCURRENT freed 398K, 87% free 1090K/8192K, paused 0ms+0ms, total 2ms
2018-09-17 11:21:22.831000	ALL	09-17 05:21:22.810 20494 20497 D dalvikvm: GC_CONCURRENT freed 979K, 16% free 6430K/7568K, paused 0ms+2ms, total 6ms
2018-09-17 11:21:22.840000	ALL	09-17 05:21:22.818 20461 20472 D dalvikvm: GC_CONCURRENT freed 410K, 87% free 1079K/8192K, paused 0ms+1ms, total 2ms
2018-09-17 11:21:22.877000	ALL	09-17 05:21:22.854 20461 20472 D dalvikvm: GC_CONCURRENT freed 389K, 87% free 1090K/8192K, paused 0ms+0ms, total 2ms
2018-09-17 11:21:22.916000	ALL	09-17 05:21:22.894 20461 20472 D dalvikvm: GC_CONCURRENT freed 382K, 87% free 1092K/8192K, paused 3ms+0ms, total 4ms
2018-09-17 11:21:22.956000	ALL	09-17 05:21:22.938 20461 20472 D dalvikvm: GC_CONCURRENT freed 417K, 87% free 1089K/8192K, paused 0ms+1ms, total 4ms
2018-09-17 11:21:22.996000	ALL	09-17 05:21:22.974 20461 20472 D dalvikvm: GC_CONCURRENT freed 407K, 87% free 1081K/8192K, paused 1ms+0ms, total 3ms
2018-09-17 11:21:23.030000	ALL	09-17 05:21:23.006 20461 20472 D dalvikvm: GC_CONCURRENT freed 403K, 87% free 1078K/8192K, paused 0ms+0ms, total 1ms
2018-09-17 11:21:23.070000	ALL	09-17 05:21:23.046 20461 20472 D dalvikvm: GC_CONCURRENT freed 368K, 87% free 1093K/8192K, paused 4ms+0ms, total 7ms
2018-09-17 11:21:23.111000	ALL	09-17 05:21:23.090 20461 20472 D dalvikvm: GC_CONCURRENT freed 411K, 87% free 1090K/8192K, paused 0ms+3ms, total 5ms
2018-09-17 11:21:23.175000	ALL	09-17 05:21:23.154 20461 20472 D dalvikvm: GC_CONCURRENT freed 418K, 87% free 1078K/8192K, paused 1ms+0ms, total 3ms
2018-09-17 11:21:23.264000	ALL	09-17 05:21:23.242 20461 20472 D dalvikvm: GC_CONCURRENT freed 387K, 87% free 1090K/8192K, paused 0ms+0ms, total 2ms
2018-09-17 11:21:23.367000	ALL	09-17 05:21:23.346 20461 20472 D dalvikvm: GC_CONCURRENT freed 381K, 87% free 1092K/8192K, paused 1ms+0ms, total 5ms
2018-09-17 11:21:23.417000	ALL	09-17 05:21:23.390 20461 20472 D dalvikvm: GC_CONCURRENT freed 417K, 87% free 1089K/8192K, paused 1ms+0ms, total 4ms
2018-09-17 11:21:23.507000	ALL	09-17 05:21:23.482 20461 20472 D dalvikvm: GC_CONCURRENT freed 410K, 87% free 1079K/8192K, paused 1ms+0ms, total 2ms
2018-09-17 11:21:23.596000	ALL	09-17 05:21:23.574 20461 20472 D dalvikvm: GC_CONCURRENT freed 389K, 87% free 1090K/8192K, paused 1ms+0ms, total 3ms
2018-09-17 11:21:23.689000	ALL	09-17 05:21:23.666 20461 20472 D dalvikvm: GC_CONCURRENT freed 409K, 87% free 1080K/8192K, paused 1ms+0ms, total 4ms
2018-09-17 11:21:23.791000	ALL	09-17 05:21:23.770 20461 20472 D dalvikvm: GC_CONCURRENT freed 400K, 87% free 1079K/8192K, paused 2ms+0ms, total 4ms
2018-09-17 11:21:23.889000	ALL	09-17 05:21:23.866 20461 20472 D dalvikvm: GC_CONCURRENT freed 400K, 87% free 1079K/8192K, paused 0ms+0ms, total 3ms
2018-09-17 11:21:23.980000	ALL	09-17 05:21:23.958 20461 20472 D dalvikvm: GC_CONCURRENT freed 398K, 87% free 1080K/8192K, paused 1ms+0ms, total 3ms
2018-09-17 11:21:24.087000	ALL	09-17 05:21:24.066 20461 20472 D dalvikvm: GC_CONCURRENT freed 399K, 87% free 1080K/8192K, paused 1ms+0ms, total 3ms
2018-09-17 11:21:24.169000	ALL	09-17 05:21:24.146 20461 20472 D dalvikvm: GC_CONCURRENT freed 390K, 87% free 1090K/8192K, paused 1ms+0ms, total 4ms
2018-09-17 11:21:24.269000	ALL	09-17 05:21:24.246 20461 20472 D dalvikvm: GC_CONCURRENT freed 411K, 87% free 1078K/8192K, paused 0ms+0ms, total 1ms
2018-09-17 11:21:24.281000	ALL	09-17 05:21:24.258 20494 20497 D dalvikvm: GC_CONCURRENT freed 982K, 16% free 6430K/7568K, paused 1ms+1ms, total 8ms
2018-09-17 11:21:24.312000	ALL	09-17 05:21:24.286 20461 20472 D dalvikvm: GC_CONCURRENT freed 397K, 87% free 1080K/8192K, paused 1ms+0ms, total 3ms
2018-09-17 11:21:24.405000	ALL	09-17 05:21:24.382 20461 20472 D dalvikvm: GC_CONCURRENT freed 390K, 87% free 1090K/8192K, paused 0ms+1ms, total 2ms
2018-09-17 11:21:24.502000	ALL	09-17 05:21:24.474 20461 20472 D dalvikvm: GC_CONCURRENT freed 411K, 87% free 1078K/8192K, paused 0ms+0ms, total 1ms
2018-09-17 11:21:24.612000	ALL	09-17 05:21:24.586 20461 20472 D dalvikvm: GC_CONCURRENT freed 387K, 87% free 1090K/8192K, paused 2ms+0ms, total 4ms
2018-09-17 11:21:24.629000	ALL	09-17 05:21:24.606 20578 20578 D         : HostConnection::get() New Host Connection established 0xb9363ea8, tid 20578
2018-09-17 11:21:24.630000	ALL	09-17 05:21:24.614 20578 20578 W         : Unrecognized GLES max version string in extensions:
2018-09-17 11:21:24.635000	ALL	09-17 05:21:24.614 20578 20578 W         : Process pipe failed
2018-09-17 11:21:24.684000	ALL	09-17 05:21:24.658   568   658 D MobileDataStateTracker: default: setPolicyDataEnable(enabled=true)
2018-09-17 11:21:24.684000	ALL	09-17 05:21:24.662 20461 20472 D dalvikvm: GC_CONCURRENT freed 409K, 87% free 1080K/8192K, paused 0ms+0ms, total 3ms
2018-09-17 11:21:24.733000	ALL	09-17 05:21:24.710   568   658 D MobileDataStateTracker: default: setPolicyDataEnable(enabled=true)
2018-09-17 11:21:24.772000	ALL	09-17 05:21:24.750   568   658 D MobileDataStateTracker: default: setPolicyDataEnable(enabled=true)
2018-09-17 11:21:24.819000	ALL	09-17 05:21:24.798   568   658 D MobileDataStateTracker: default: setPolicyDataEnable(enabled=true)
2018-09-17 11:21:24.825000	ALL	09-17 05:21:24.802 20461 20472 D dalvikvm: GC_CONCURRENT freed 400K, 87% free 1081K/8192K, paused 0ms+0ms, total 3ms
2018-09-17 11:21:24.872000	ALL	09-17 05:21:24.850 20461 20472 D dalvikvm: GC_CONCURRENT freed 372K, 87% free 1092K/8192K, paused 1ms+0ms, total 2ms
2018-09-17 11:21:24.877000	ALL	09-17 05:21:24.854   568   658 D MobileDataStateTracker: default: setPolicyDataEnable(enabled=true)
2018-09-17 11:21:24.915000	ALL	09-17 05:21:24.894   568   658 D MobileDataStateTracker: default: setPolicyDataEnable(enabled=true)
2018-09-17 11:21:24.947000	ALL	09-17 05:21:24.926   568   658 D MobileDataStateTracker: default: setPolicyDataEnable(enabled=true)
2018-09-17 11:21:24.978000	ALL	09-17 05:21:24.950 20461 20472 D dalvikvm: GC_CONCURRENT freed 417K, 87% free 1089K/8192K, paused 0ms+1ms, total 5ms
2018-09-17 11:21:25.001000	ALL	09-17 05:21:24.978   568   658 D MobileDataStateTracker: default: setPolicyDataEnable(enabled=true)
2018-09-17 11:21:25.073000	ALL	09-17 05:21:25.026   568   658 D MobileDataStateTracker: default: setPolicyDataEnable(enabled=true)
2018-09-17 11:21:25.079000	ALL	09-17 05:21:25.058 20461 20472 D dalvikvm: GC_CONCURRENT freed 443K, 87% free 1089K/8192K, paused 1ms+1ms, total 8ms
2018-09-17 11:21:25.097000	ALL	09-17 05:21:25.078   568   658 D MobileDataStateTracker: default: setPolicyDataEnable(enabled=true)
2018-09-17 11:21:25.163000	ALL	09-17 05:21:25.142 20461 20472 D dalvikvm: GC_CONCURRENT freed 410K, 87% free 1078K/8192K, paused 0ms+0ms, total 2ms
2018-09-17 11:21:25.257000	ALL	09-17 05:21:25.234 20461 20472 D dalvikvm: GC_CONCURRENT freed 388K, 87% free 1089K/8192K, paused 0ms+0ms, total 2ms
2018-09-17 11:21:25.280000	ALL	09-17 05:21:25.258 20461 20472 D dalvikvm: GC_CONCURRENT freed 409K, 87% free 1079K/8192K, paused 0ms+1ms, total 2ms
2018-09-17 11:21:25.401000	ALL	09-17 05:21:25.378 20461 20472 D dalvikvm: GC_CONCURRENT freed 389K, 87% free 1090K/8192K, paused 0ms+1ms, total 2ms
2018-09-17 11:21:25.487000	ALL	09-17 05:21:25.462 20461 20472 D dalvikvm: GC_CONCURRENT freed 408K, 87% free 1081K/8192K, paused 0ms+5ms, total 5ms
2018-09-17 11:21:25.624000	ALL	09-17 05:21:25.554 20461 20472 D dalvikvm: GC_CONCURRENT freed 390K, 87% free 1090K/8192K, paused 1ms+0ms, total 2ms
2018-09-17 11:21:25.941000	ALL	09-17 05:21:25.686 20461 20472 D dalvikvm: GC_CONCURRENT freed 400K, 87% free 1089K/8192K, paused 0ms+0ms, total 2ms
2018-09-17 11:21:25.941000	ALL	09-17 05:21:25.750 20461 20472 D dalvikvm: GC_CONCURRENT freed 399K, 87% free 1090K/8192K, paused 0ms+0ms, total 2ms
2018-09-17 11:21:25.941000	ALL	09-17 05:21:25.846 20461 20472 D dalvikvm: GC_CONCURRENT freed 410K, 87% free 1079K/8192K, paused 0ms+0ms, total 2ms
2018-09-17 11:21:25.975000	ALL	09-17 05:21:25.950 20461 20472 D dalvikvm: GC_CONCURRENT freed 400K, 87% free 1078K/8192K, paused 1ms+0ms, total 3ms
2018-09-17 11:21:26.071000	ALL	09-17 05:21:26.050 20461 20472 D dalvikvm: GC_CONCURRENT freed 387K, 87% free 1090K/8192K, paused 0ms+0ms, total 2ms
2018-09-17 11:21:26.113000	ALL	09-17 05:21:26.078 20494 20497 D dalvikvm: GC_CONCURRENT freed 984K, 16% free 6429K/7568K, paused 2ms+2ms, total 6ms

2018-09-17 11:40:03.974443 'Run animation' test logs with driver = android

2018-09-17 11:39:51.398000	ALL	09-17 05:39:51.372 28430 28430 I AccessibilityNodeInfoDumper: Skipping invisible child: android.view.accessibility.AccessibilityNodeInfo@c3fb; boundsInParent: Rect(0, 0 - 0, 144); boundsInScreen: Rect(1080, 75 - 1080, 219); packageName: io.appium.android.apis; className: android.widget.LinearLayout; text: null; contentDescription: null; viewIdResName: null; checkable: false; checked: false; focusable: false; focused: false; selected: false; clickable: false; longClickable: false; enabled: true; password: false; scrollable: false; [ACTION_SELECT, ACTION_CLEAR_SELECTION, ACTION_ACCESSIBILITY_FOCUS]
2018-09-17 11:39:51.408000	ALL	09-17 05:39:51.388 28430 28430 W AccessibilityNodeInfoDumper: Fetch time: 22ms
2018-09-17 11:39:51.567000	ALL	09-17 05:39:51.540 28430 28430 I QueryController: Matched selector: UiSelector[CLASS=android.widget.TextView, INSTANCE=3, COUNT=3] <<==>> [android.view.accessibility.AccessibilityNodeInfo@96ef; boundsInParent: Rect(0, 0 - 1080, 144); boundsInScreen: Rect(0, 511 - 1080, 655); packageName: io.appium.android.apis; className: android.widget.TextView; text: Animation; contentDescription: Animation; viewIdResName: android:id/text1; checkable: false; checked: false; focusable: false; focused: false; selected: false; clickable: true; longClickable: false; enabled: true; password: false; scrollable: false; [ACTION_SELECT, ACTION_CLEAR_SELECTION, ACTION_CLICK, ACTION_ACCESSIBILITY_FOCUS, ACTION_NEXT_AT_MOVEMENT_GRANULARITY, ACTION_PREVIOUS_AT_MOVEMENT_GRANULARITY, ACTION_SET_SELECTION]]
2018-09-17 11:39:51.573000	ALL	09-17 05:39:51.556 28430 28430 I QueryController: Matched selector: UiSelector[CLASS=android.widget.TextView, INSTANCE=3, COUNT=3] <<==>> [android.view.accessibility.AccessibilityNodeInfo@96ef; boundsInParent: Rect(0, 0 - 1080, 144); boundsInScreen: Rect(0, 511 - 1080, 655); packageName: io.appium.android.apis; className: android.widget.TextView; text: Animation; contentDescription: Animation; viewIdResName: android:id/text1; checkable: false; checked: false; focusable: false; focused: false; selected: false; clickable: true; longClickable: false; enabled: true; password: false; scrollable: false; [ACTION_SELECT, ACTION_CLEAR_SELECTION, ACTION_CLICK, ACTION_ACCESSIBILITY_FOCUS, ACTION_NEXT_AT_MOVEMENT_GRANULARITY, ACTION_PREVIOUS_AT_MOVEMENT_GRANULARITY, ACTION_SET_SELECTION]]
2018-09-17 11:39:51.578000	ALL	09-17 05:39:51.560 28430 28430 D InteractionController: clickAndSync(540, 583)
2018-09-17 11:39:51.737000	ALL	09-17 05:39:51.716 28463 28467 D dalvikvm: GC_CONCURRENT freed 695K, 12% free 6345K/7132K, paused 1ms+0ms, total 5ms
2018-09-17 11:39:51.752000	ALL	09-17 05:39:51.732   568   835 I ActivityManager: START u0 {cmp=io.appium.android.apis/.ApiDemos (has extras)} from pid 28463
2018-09-17 11:39:51.876000	ALL	09-17 05:39:51.860 28463 28463 E EGL_emulation: tid 28463: eglSurfaceAttrib(1210): error 0x3009 (EGL_BAD_MATCH)
2018-09-17 11:39:51.884000	ALL	09-17 05:39:51.860 28463 28463 W HardwareRenderer: Backbuffer cannot be preserved
2018-09-17 11:39:51.942000	ALL	09-17 05:39:51.920   568   583 I ActivityManager: Displayed io.appium.android.apis/.ApiDemos: +169ms
2018-09-17 11:39:53.108000	ALL	09-17 05:39:53.088 28430 28439 D dalvikvm: GC_FOR_ALLOC freed 7061K, 87% free 1129K/8192K, paused 7ms, total 7ms
2018-09-17 11:39:53.258000	ALL	09-17 05:39:53.236 28430 28435 D dalvikvm: GC_CONCURRENT freed 438K, 87% free 1081K/8192K, paused 0ms+0ms, total 2ms
2018-09-17 11:39:53.356000	ALL	09-17 05:39:53.336 28430 28435 D dalvikvm: GC_CONCURRENT freed 393K, 87% free 1090K/8192K, paused 1ms+0ms, total 4ms
2018-09-17 11:39:53.392000	ALL	09-17 05:39:53.372 28430 28435 D dalvikvm: GC_CONCURRENT freed 401K, 87% free 1090K/8192K, paused 0ms+0ms, total 4ms
2018-09-17 11:39:53.401000	ALL	09-17 05:39:53.380 28463 28467 D dalvikvm: GC_CONCURRENT freed 861K, 13% free 6433K/7388K, paused 2ms+0ms, total 5ms
2018-09-17 11:39:53.434000	ALL	09-17 05:39:53.412 28430 28435 D dalvikvm: GC_CONCURRENT freed 401K, 87% free 1090K/8192K, paused 0ms+0ms, total 3ms
2018-09-17 11:39:53.471000	ALL	09-17 05:39:53.448 28430 28435 D dalvikvm: GC_CONCURRENT freed 395K, 87% free 1097K/8192K, paused 0ms+0ms, total 3ms
2018-09-17 11:39:53.511000	ALL	09-17 05:39:53.488 28430 28435 D dalvikvm: GC_CONCURRENT freed 408K, 87% free 1090K/8192K, paused 0ms+1ms, total 3ms
2018-09-17 11:39:53.547000	ALL	09-17 05:39:53.524 28430 28435 D dalvikvm: GC_CONCURRENT freed 402K, 87% free 1091K/8192K, paused 0ms+0ms, total 1ms
2018-09-17 11:39:53.590000	ALL	09-17 05:39:53.568 28430 28435 D dalvikvm: GC_CONCURRENT freed 400K, 87% free 1090K/8192K, paused 0ms+0ms, total 3ms
2018-09-17 11:39:53.633000	ALL	09-17 05:39:53.612 28430 28435 D dalvikvm: GC_CONCURRENT freed 401K, 87% free 1090K/8192K, paused 0ms+1ms, total 3ms
2018-09-17 11:39:53.673000	ALL	09-17 05:39:53.652 28430 28435 D dalvikvm: GC_CONCURRENT freed 401K, 87% free 1090K/8192K, paused 0ms+0ms, total 3ms
2018-09-17 11:39:53.710000	ALL	09-17 05:39:53.688 28430 28435 D dalvikvm: GC_CONCURRENT freed 401K, 87% free 1090K/8192K, paused 1ms+0ms, total 3ms
2018-09-17 11:39:53.749000	ALL	09-17 05:39:53.728 28430 28435 D dalvikvm: GC_CONCURRENT freed 402K, 87% free 1090K/8192K, paused 0ms+0ms, total 2ms
2018-09-17 11:39:53.793000	ALL	09-17 05:39:53.772 28430 28435 D dalvikvm: GC_CONCURRENT freed 401K, 87% free 1090K/8192K, paused 0ms+1ms, total 2ms
2018-09-17 11:39:53.833000	ALL	09-17 05:39:53.812 28430 28435 D dalvikvm: GC_CONCURRENT freed 401K, 87% free 1090K/8192K, paused 0ms+0ms, total 2ms
2018-09-17 11:39:53.875000	ALL	09-17 05:39:53.856 28430 28435 D dalvikvm: GC_CONCURRENT freed 401K, 87% free 1090K/8192K, paused 0ms+0ms, total 2ms
2018-09-17 11:39:53.917000	ALL	09-17 05:39:53.896 28430 28435 D dalvikvm: GC_CONCURRENT freed 402K, 87% free 1089K/8192K, paused 1ms+0ms, total 3ms
2018-09-17 11:39:53.956000	ALL	09-17 05:39:53.936 28430 28435 D dalvikvm: GC_CONCURRENT freed 401K, 87% free 1090K/8192K, paused 0ms+0ms, total 2ms
2018-09-17 11:39:53.995000	ALL	09-17 05:39:53.976 28430 28435 D dalvikvm: GC_CONCURRENT freed 401K, 87% free 1090K/8192K, paused 0ms+0ms, total 3ms
2018-09-17 11:39:54.037000	ALL	09-17 05:39:54.016 28430 28435 D dalvikvm: GC_CONCURRENT freed 401K, 87% free 1090K/8192K, paused 1ms+1ms, total 3ms
2018-09-17 11:39:54.078000	ALL	09-17 05:39:54.056 28430 28435 D dalvikvm: GC_CONCURRENT freed 380K, 87% free 1099K/8192K, paused 2ms+1ms, total 5ms
2018-09-17 11:39:54.120000	ALL	09-17 05:39:54.100 28430 28435 D dalvikvm: GC_CONCURRENT freed 390K, 87% free 1098K/8192K, paused 0ms+2ms, total 5ms
2018-09-17 11:39:54.164000	ALL	09-17 05:39:54.144 28430 28435 D dalvikvm: GC_CONCURRENT freed 415K, 87% free 1109K/8192K, paused 1ms+1ms, total 3ms
2018-09-17 11:39:54.209000	ALL	09-17 05:39:54.188 28430 28435 D dalvikvm: GC_CONCURRENT freed 420K, 87% free 1090K/8192K, paused 0ms+1ms, total 2ms
2018-09-17 11:39:54.234000	ALL	09-17 05:39:54.212 28463 28467 D dalvikvm: GC_CONCURRENT freed 985K, 15% free 6429K/7504K, paused 1ms+1ms, total 6ms
2018-09-17 11:39:54.248000	ALL	09-17 05:39:54.228 28430 28435 D dalvikvm: GC_CONCURRENT freed 402K, 87% free 1090K/8192K, paused 0ms+0ms, total 2ms
2018-09-17 11:39:54.285000	ALL	09-17 05:39:54.264 28430 28435 D dalvikvm: GC_CONCURRENT freed 401K, 87% free 1090K/8192K, paused 1ms+0ms, total 3ms
2018-09-17 11:39:54.320000	ALL	09-17 05:39:54.300 28430 28435 D dalvikvm: GC_CONCURRENT freed 402K, 87% free 1090K/8192K, paused 1ms+0ms, total 2ms
2018-09-17 11:39:54.363000	ALL	09-17 05:39:54.344 28430 28435 D dalvikvm: GC_CONCURRENT freed 402K, 87% free 1102K/8192K, paused 0ms+1ms, total 7ms
2018-09-17 11:39:54.404000	ALL	09-17 05:39:54.384 28430 28435 D dalvikvm: GC_CONCURRENT freed 409K, 87% free 1082K/8192K, paused 0ms+1ms, total 3ms
2018-09-17 11:39:54.443000	ALL	09-17 05:39:54.424 28430 28435 D dalvikvm: GC_CONCURRENT freed 403K, 87% free 1080K/8192K, paused 0ms+1ms, total 2ms
2018-09-17 11:39:54.487000	ALL	09-17 05:39:54.468 28430 28435 D dalvikvm: GC_CONCURRENT freed 391K, 87% free 1090K/8192K, paused 0ms+0ms, total 2ms
2018-09-17 11:39:54.532000	ALL	09-17 05:39:54.512 28430 28435 D dalvikvm: GC_CONCURRENT freed 402K, 87% free 1089K/8192K, paused 1ms+0ms, total 3ms
2018-09-17 11:39:54.569000	ALL	09-17 05:39:54.548 28430 28435 D dalvikvm: GC_CONCURRENT freed 411K, 87% free 1081K/8192K, paused 0ms+0ms, total 2ms
2018-09-17 11:39:54.606000	ALL	09-17 05:39:54.584 28430 28435 D dalvikvm: GC_CONCURRENT freed 392K, 87% free 1090K/8192K, paused 0ms+0ms, total 3ms
2018-09-17 11:39:54.638000	ALL	09-17 05:39:54.616 28430 28435 D dalvikvm: GC_CONCURRENT freed 402K, 87% free 1090K/8192K, paused 0ms+0ms, total 2ms
2018-09-17 11:39:54.677000	ALL	09-17 05:39:54.656 28430 28435 D dalvikvm: GC_CONCURRENT freed 401K, 87% free 1090K/8192K, paused 0ms+0ms, total 3ms
2018-09-17 11:39:54.718000	ALL	09-17 05:39:54.696 28430 28435 D dalvikvm: GC_CONCURRENT freed 402K, 87% free 1090K/8192K, paused 0ms+0ms, total 2ms
2018-09-17 11:39:54.762000	ALL	09-17 05:39:54.740 28430 28435 D dalvikvm: GC_CONCURRENT freed 412K, 87% free 1079K/8192K, paused 0ms+0ms, total 3ms
2018-09-17 11:39:54.806000	ALL	09-17 05:39:54.784 28430 28435 D dalvikvm: GC_CONCURRENT freed 390K, 87% free 1090K/8192K, paused 0ms+0ms, total 3ms
2018-09-17 11:39:54.842000	ALL	09-17 05:39:54.820 28430 28435 D dalvikvm: GC_CONCURRENT freed 412K, 87% free 1079K/8192K, paused 1ms+0ms, total 3ms
2018-09-17 11:39:54.876000	ALL	09-17 05:39:54.856 28430 28435 D dalvikvm: GC_CONCURRENT freed 391K, 87% free 1090K/8192K, paused 0ms+0ms, total 2ms
2018-09-17 11:39:54.909000	ALL	09-17 05:39:54.888 28430 28435 D dalvikvm: GC_CONCURRENT freed 401K, 87% free 1090K/8192K, paused 1ms+0ms, total 2ms
2018-09-17 11:39:54.945000	ALL	09-17 05:39:54.924 28430 28435 D dalvikvm: GC_CONCURRENT freed 401K, 87% free 1090K/8192K, paused 0ms+0ms, total 1ms
2018-09-17 11:39:54.979000	ALL	09-17 05:39:54.960 28430 28435 D dalvikvm: GC_CONCURRENT freed 401K, 87% free 1090K/8192K, paused 0ms+0ms, total 2ms
2018-09-17 11:39:55.011000	ALL	09-17 05:39:54.992 28430 28435 D dalvikvm: GC_CONCURRENT freed 401K, 87% free 1090K/8192K, paused 0ms+0ms, total 3ms
2018-09-17 11:39:55.016000	ALL	09-17 05:39:54.996 28463 28467 D dalvikvm: GC_CONCURRENT freed 979K, 15% free 6428K/7504K, paused 2ms+0ms, total 5ms
2018-09-17 11:39:55.051000	ALL	09-17 05:39:55.032 28430 28435 D dalvikvm: GC_CONCURRENT freed 401K, 87% free 1090K/8192K, paused 0ms+0ms, total 3ms
2018-09-17 11:39:55.081000	ALL	09-17 05:39:55.060 28430 28435 D dalvikvm: GC_CONCURRENT freed 402K, 87% free 1090K/8192K, paused 1ms+0ms, total 3ms
2018-09-17 11:39:55.119000	ALL	09-17 05:39:55.100 28430 28435 D dalvikvm: GC_CONCURRENT freed 401K, 87% free 1090K/8192K, paused 1ms+0ms, total 3ms
2018-09-17 11:39:55.156000	ALL	09-17 05:39:55.136 28430 28435 D dalvikvm: GC_CONCURRENT freed 401K, 87% free 1090K/8192K, paused 0ms+0ms, total 2ms
2018-09-17 11:39:55.195000	ALL	09-17 05:39:55.172 28430 28435 D dalvikvm: GC_CONCURRENT freed 401K, 87% free 1090K/8192K, paused 0ms+0ms, total 3ms
2018-09-17 11:39:55.232000	ALL	09-17 05:39:55.212 28430 28435 D dalvikvm: GC_CONCURRENT freed 402K, 87% free 1089K/8192K, paused 0ms+1ms, total 3ms
2018-09-17 11:39:55.272000	ALL	09-17 05:39:55.252 28430 28435 D dalvikvm: GC_CONCURRENT freed 401K, 87% free 1090K/8192K, paused 1ms+0ms, total 4ms
2018-09-17 11:39:55.313000	ALL	09-17 05:39:55.292 28430 28435 D dalvikvm: GC_CONCURRENT freed 401K, 87% free 1090K/8192K, paused 0ms+0ms, total 2ms
2018-09-17 11:39:55.355000	ALL	09-17 05:39:55.332 28430 28435 D dalvikvm: GC_CONCURRENT freed 412K, 87% free 1079K/8192K, paused 0ms+0ms, total 3ms
2018-09-17 11:39:55.433000	ALL	09-17 05:39:55.412 28430 28435 D dalvikvm: GC_CONCURRENT freed 391K, 87% free 1090K/8192K, paused 0ms+0ms, total 3ms
2018-09-17 11:39:55.529000	ALL	09-17 05:39:55.508 28430 28435 D dalvikvm: GC_CONCURRENT freed 402K, 87% free 1090K/8192K, paused 1ms+1ms, total 7ms
2018-09-17 11:39:55.570000	ALL	09-17 05:39:55.548 28430 28435 D dalvikvm: GC_CONCURRENT freed 401K, 87% free 1090K/8192K, paused 1ms+0ms, total 3ms
2018-09-17 11:39:55.660000	ALL	09-17 05:39:55.640 28430 28435 D dalvikvm: GC_CONCURRENT freed 414K, 87% free 1078K/8192K, paused 0ms+0ms, total 2ms
2018-09-17 11:39:55.757000	ALL	09-17 05:39:55.736 28430 28435 D dalvikvm: GC_CONCURRENT freed 401K, 87% free 1079K/8192K, paused 0ms+1ms, total 3ms
2018-09-17 11:39:55.857000	ALL	09-17 05:39:55.836 28430 28435 D dalvikvm: GC_CONCURRENT freed 390K, 87% free 1090K/8192K, paused 1ms+0ms, total 2ms
2018-09-17 11:39:55.952000	ALL	09-17 05:39:55.932 28430 28435 D dalvikvm: GC_CONCURRENT freed 412K, 87% free 1079K/8192K, paused 0ms+0ms, total 2ms
2018-09-17 11:39:56.047000	ALL	09-17 05:39:56.024 28430 28435 D dalvikvm: GC_CONCURRENT freed 391K, 87% free 1090K/8192K, paused 1ms+0ms, total 5ms
2018-09-17 11:39:56.141000	ALL	09-17 05:39:56.120 28430 28435 D dalvikvm: GC_CONCURRENT freed 401K, 87% free 1090K/8192K, paused 1ms+0ms, total 3ms
2018-09-17 11:39:56.239000	ALL	09-17 05:39:56.216 28430 28435 D dalvikvm: GC_CONCURRENT freed 412K, 87% free 1079K/8192K, paused 0ms+0ms, total 2ms
2018-09-17 11:39:56.333000	ALL	09-17 05:39:56.312 28430 28435 D dalvikvm: GC_CONCURRENT freed 390K, 87% free 1090K/8192K, paused 0ms+0ms, total 3ms
2018-09-17 11:39:56.359000	ALL	09-17 05:39:56.340 28463 28467 D dalvikvm: GC_CONCURRENT freed 980K, 15% free 6428K/7504K, paused 2ms+1ms, total 6ms
2018-09-17 11:39:56.426000	ALL	09-17 05:39:56.404 28430 28435 D dalvikvm: GC_CONCURRENT freed 402K, 87% free 1089K/8192K, paused 1ms+1ms, total 4ms
2018-09-17 11:39:56.465000	ALL	09-17 05:39:56.444 28430 28435 D dalvikvm: GC_CONCURRENT freed 401K, 87% free 1089K/8192K, paused 0ms+1ms, total 2ms
2018-09-17 11:39:56.564000	ALL	09-17 05:39:56.540 28430 28435 D dalvikvm: GC_CONCURRENT freed 402K, 87% free 1090K/8192K, paused 1ms+0ms, total 3ms
2018-09-17 11:39:56.646000	ALL	09-17 05:39:56.624 28430 28435 D dalvikvm: GC_CONCURRENT freed 401K, 87% free 1090K/8192K, paused 0ms+0ms, total 1ms
2018-09-17 11:39:56.761000	ALL	09-17 05:39:56.740 28430 28435 D dalvikvm: GC_CONCURRENT freed 401K, 87% free 1110K/8192K, paused 1ms+0ms, total 8ms
2018-09-17 11:39:56.864000	ALL	09-17 05:39:56.844 28430 28435 D dalvikvm: GC_CONCURRENT freed 414K, 87% free 1099K/8192K, paused 0ms+2ms, total 5ms
2018-09-17 11:39:56.952000	ALL	09-17 05:39:56.928 28430 28435 D dalvikvm: GC_CONCURRENT freed 415K, 87% free 1108K/8192K, paused 0ms+1ms, total 2ms
2018-09-17 11:39:56.977000	ALL	09-17 05:39:56.956 28430 28430 I AccessibilityNodeInfoDumper: Skipping invisible child: android.view.accessibility.AccessibilityNodeInfo@121d5; boundsInParent: Rect(0, 0 - 0, 144); boundsInScreen: Rect(1080, 75 - 1080, 219); packageName: io.appium.android.apis; className: android.widget.LinearLayout; text: null; contentDescription: null; viewIdResName: null; checkable: false; checked: false; focusable: false; focused: false; selected: false; clickable: false; longClickable: false; enabled: true; password: false; scrollable: false; [ACTION_SELECT, ACTION_CLEAR_SELECTION, ACTION_ACCESSIBILITY_FOCUS]
2018-09-17 11:39:56.981000	ALL	09-17 05:39:56.960 28430 28430 W AccessibilityNodeInfoDumper: Fetch time: 15ms
2018-09-17 11:39:56.988000	ALL	09-17 05:39:56.964 28430 28435 D dalvikvm: GC_CONCURRENT freed 347K, 86% free 1188K/8192K, paused 0ms+3ms, total 6ms
2018-09-17 11:39:57.006000	ALL	09-17 05:39:56.984 28430 28430 I QueryController: Matched selector: UiSelector[CLASS=android.widget.TextView, INSTANCE=8, COUNT=8] <<==>> [android.view.accessibility.AccessibilityNodeInfo@103cd; boundsInParent: Rect(0, 0 - 1080, 144); boundsInScreen: Rect(0, 1241 - 1080, 1385); packageName: io.appium.android.apis; className: android.widget.TextView; text: Loading; contentDescription: Loading; viewIdResName: android:id/text1; checkable: false; checked: false; focusable: false; focused: false; selected: false; clickable: true; longClickable: false; enabled: true; password: false; scrollable: false; [ACTION_SELECT, ACTION_CLEAR_SELECTION, ACTION_CLICK, ACTION_ACCESSIBILITY_FOCUS, ACTION_NEXT_AT_MOVEMENT_GRANULARITY, ACTION_PREVIOUS_AT_MOVEMENT_GRANULARITY, ACTION_SET_SELECTION]]
2018-09-17 11:39:57.027000	ALL	09-17 05:39:57.004 28430 28435 D dalvikvm: GC_CONCURRENT freed 507K, 87% free 1103K/8192K, paused 0ms+1ms, total 3ms
2018-09-17 11:39:57.056000	ALL	09-17 05:39:57.040 28430 28430 I QueryController: Matched selector: UiSelector[CLASS=android.widget.TextView, INSTANCE=8, COUNT=8] <<==>> [android.view.accessibility.AccessibilityNodeInfo@103cd; boundsInParent: Rect(0, 0 - 1080, 144); boundsInScreen: Rect(0, 1241 - 1080, 1385); packageName: io.appium.android.apis; className: android.widget.TextView; text: Loading; contentDescription: Loading; viewIdResName: android:id/text1; checkable: false; checked: false; focusable: false; focused: false; selected: false; clickable: true; longClickable: false; enabled: true; password: false; scrollable: false; [ACTION_SELECT, ACTION_CLEAR_SELECTION, ACTION_CLICK, ACTION_ACCESSIBILITY_FOCUS, ACTION_NEXT_AT_MOVEMENT_GRANULARITY, ACTION_PREVIOUS_AT_MOVEMENT_GRANULARITY, ACTION_SET_SELECTION]]
2018-09-17 11:39:57.058000	ALL	09-17 05:39:57.040 28430 28435 D dalvikvm: GC_CONCURRENT freed 429K, 87% free 1081K/8192K, paused 0ms+1ms, total 2ms
2018-09-17 11:39:57.064000	ALL	09-17 05:39:57.044 28430 28430 D InteractionController: clickAndSync(540, 1313)
2018-09-17 11:39:57.169000	ALL	09-17 05:39:57.144 28430 28435 D dalvikvm: GC_CONCURRENT freed 365K, 87% free 1100K/8192K, paused 1ms+0ms, total 4ms
2018-09-17 11:39:57.237000	ALL	09-17 05:39:57.212   568   807 I ActivityManager: START u0 {cmp=io.appium.android.apis/.animation.AnimationLoading} from pid 28463
2018-09-17 11:39:57.365000	ALL	09-17 05:39:57.344   568   658 D MobileDataStateTracker: default: setPolicyDataEnable(enabled=true)
2018-09-17 11:39:57.436000	ALL	09-17 05:39:57.412   568   658 D MobileDataStateTracker: default: setPolicyDataEnable(enabled=true)
2018-09-17 11:39:57.498000	ALL	09-17 05:39:57.472   568   658 D MobileDataStateTracker: default: setPolicyDataEnable(enabled=true)
2018-09-17 11:39:57.537000	ALL	09-17 05:39:57.516   568   658 D MobileDataStateTracker: default: setPolicyDataEnable(enabled=true)
2018-09-17 11:39:57.569000	ALL	09-17 05:39:57.548   568   658 D MobileDataStateTracker: default: setPolicyDataEnable(enabled=true)
2018-09-17 11:39:57.593000	ALL	09-17 05:39:57.572   568   658 D MobileDataStateTracker: default: setPolicyDataEnable(enabled=true)
2018-09-17 11:39:57.612000	ALL	09-17 05:39:57.592   568   658 D MobileDataStateTracker: default: setPolicyDataEnable(enabled=true)
2018-09-17 11:39:57.679000	ALL	09-17 05:39:57.660   568   583 I ActivityManager: Displayed io.appium.android.apis/.animation.AnimationLoading: +431ms
2018-09-17 11:39:58.195000	ALL	09-17 05:39:58.176   568   658 D MobileDataStateTracker: default: setPolicyDataEnable(enabled=true)
2018-09-17 11:39:58.248000	ALL	09-17 05:39:58.224   568   658 D MobileDataStateTracker: default: setPolicyDataEnable(enabled=true)
2018-09-17 11:39:58.313000	ALL	09-17 05:39:58.292   568   658 D MobileDataStateTracker: default: setPolicyDataEnable(enabled=true)
2018-09-17 11:39:58.334000	ALL	09-17 05:39:58.312   568   658 D MobileDataStateTracker: default: setPolicyDataEnable(enabled=true)
2018-09-17 11:39:58.347000	ALL	09-17 05:39:58.328   568   658 D MobileDataStateTracker: default: setPolicyDataEnable(enabled=true)
2018-09-17 11:39:58.361000	ALL	09-17 05:39:58.340   568   658 D MobileDataStateTracker: default: setPolicyDataEnable(enabled=true)
2018-09-17 11:39:58.412000	ALL	09-17 05:39:58.388   568   658 D MobileDataStateTracker: default: setPolicyDataEnable(enabled=true)
2018-09-17 11:39:58.456000	ALL	09-17 05:39:58.436   568   658 D MobileDataStateTracker: default: setPolicyDataEnable(enabled=true)
2018-09-17 11:39:58.508000	ALL	09-17 05:39:58.488   568   658 D MobileDataStateTracker: default: setPolicyDataEnable(enabled=true)
2018-09-17 11:39:58.664000	ALL	09-17 05:39:58.644 28430 28435 D dalvikvm: GC_CONCURRENT freed 417K, 87% free 1082K/8192K, paused 0ms+0ms, total 3ms
2018-09-17 11:39:58.709000	ALL	09-17 05:39:58.688 28430 28435 D dalvikvm: GC_CONCURRENT freed 398K, 87% free 1072K/8192K, paused 4ms+0ms, total 6ms
2018-09-17 11:39:58.754000	ALL	09-17 05:39:58.732 28430 28435 D dalvikvm: GC_CONCURRENT freed 390K, 87% free 1086K/8192K, paused 1ms+0ms, total 3ms
2018-09-17 11:39:58.789000	ALL	09-17 05:39:58.768 28463 28467 D dalvikvm: GC_CONCURRENT freed 774K, 12% free 6635K/7504K, paused 3ms+2ms, total 9ms
2018-09-17 11:39:58.807000	ALL	09-17 05:39:58.784 28430 28435 D dalvikvm: GC_CONCURRENT freed 400K, 87% free 1070K/8192K, paused 6ms+0ms, total 8ms
2018-09-17 11:39:58.863000	ALL	09-17 05:39:58.840 28430 28435 D dalvikvm: GC_CONCURRENT freed 388K, 87% free 1077K/8192K, paused 1ms+1ms, total 3ms
2018-09-17 11:39:58.908000	ALL	09-17 05:39:58.888 28430 28435 D dalvikvm: GC_CONCURRENT freed 390K, 87% free 1081K/8192K, paused 1ms+1ms, total 3ms
2018-09-17 11:39:58.947000	ALL	09-17 05:39:58.928 28430 28435 D dalvikvm: GC_CONCURRENT freed 398K, 87% free 1076K/8192K, paused 0ms+0ms, total 2ms
2018-09-17 11:39:58.984000	ALL	09-17 05:39:58.964 28430 28435 D dalvikvm: GC_CONCURRENT freed 399K, 87% free 1072K/8192K, paused 0ms+0ms, total 4ms
2018-09-17 11:39:59.024000	ALL	09-17 05:39:59.004 28430 28435 D dalvikvm: GC_CONCURRENT freed 394K, 87% free 1070K/8192K, paused 1ms+0ms, total 3ms
2018-09-17 11:39:59.066000	ALL	09-17 05:39:59.044 28430 28435 D dalvikvm: GC_CONCURRENT freed 388K, 87% free 1077K/8192K, paused 0ms+0ms, total 2ms
2018-09-17 11:39:59.113000	ALL	09-17 05:39:59.092 28430 28435 D dalvikvm: GC_CONCURRENT freed 399K, 87% free 1072K/8192K, paused 0ms+0ms, total 2ms
2018-09-17 11:39:59.145000	ALL	09-17 05:39:59.124 28430 28435 D dalvikvm: GC_CONCURRENT freed 395K, 87% free 1070K/8192K, paused 1ms+0ms, total 3ms
2018-09-17 11:39:59.228000	ALL	09-17 05:39:59.208 28430 28435 D dalvikvm: GC_CONCURRENT freed 394K, 87% free 1070K/8192K, paused 0ms+0ms, total 2ms
2018-09-17 11:39:59.345000	ALL	09-17 05:39:59.324 28430 28435 D dalvikvm: GC_CONCURRENT freed 388K, 87% free 1077K/8192K, paused 0ms+0ms, total 1ms
2018-09-17 11:39:59.535000	ALL	09-17 05:39:59.512 28430 28435 D dalvikvm: GC_CONCURRENT freed 398K, 87% free 1073K/8192K, paused 1ms+0ms, total 4ms
2018-09-17 11:39:59.650000	ALL	09-17 05:39:59.628 28430 28435 D dalvikvm: GC_CONCURRENT freed 389K, 87% free 1076K/8192K, paused 0ms+1ms, total 2ms
2018-09-17 11:39:59.842000	ALL	09-17 05:39:59.820 28430 28435 D dalvikvm: GC_CONCURRENT freed 400K, 87% free 1071K/8192K, paused 1ms+0ms, total 3ms
2018-09-17 11:40:00.029000	ALL	09-17 05:40:00.008 28430 28435 D dalvikvm: GC_CONCURRENT freed 385K, 87% free 1081K/8192K, paused 1ms+1ms, total 5ms
2018-09-17 11:40:00.147000	ALL	09-17 05:40:00.124 28430 28435 D dalvikvm: GC_CONCURRENT freed 398K, 87% free 1079K/8192K, paused 0ms+0ms, total 2ms
2018-09-17 11:40:00.336000	ALL	09-17 05:40:00.316 28430 28435 D dalvikvm: GC_CONCURRENT freed 399K, 87% free 1072K/8192K, paused 0ms+0ms, total 3ms
2018-09-17 11:40:00.442000	ALL	09-17 05:40:00.420 28430 28435 D dalvikvm: GC_CONCURRENT freed 388K, 87% free 1076K/8192K, paused 0ms+1ms, total 2ms
2018-09-17 11:40:00.540000	ALL	09-17 05:40:00.520 28463 28467 D dalvikvm: GC_CONCURRENT freed 1055K, 15% free 6629K/7776K, paused 2ms+3ms, total 13ms
2018-09-17 11:40:00.642000	ALL	09-17 05:40:00.620 28430 28435 D dalvikvm: GC_CONCURRENT freed 401K, 87% free 1070K/8192K, paused 1ms+0ms, total 2ms
2018-09-17 11:40:00.826000	ALL	09-17 05:40:00.804 28430 28435 D dalvikvm: GC_CONCURRENT freed 376K, 87% free 1078K/8192K, paused 4ms+1ms, total 6ms
2018-09-17 11:40:00.949000	ALL	09-17 05:40:00.928 28430 28435 D dalvikvm: GC_CONCURRENT freed 389K, 87% free 1080K/8192K, paused 0ms+0ms, total 3ms
2018-09-17 11:40:01.131000	ALL	09-17 05:40:01.108 28430 28435 D dalvikvm: GC_CONCURRENT freed 393K, 87% free 1070K/8192K, paused 1ms+0ms, total 3ms
2018-09-17 11:40:01.251000	ALL	09-17 05:40:01.228 28430 28435 D dalvikvm: GC_CONCURRENT freed 388K, 87% free 1077K/8192K, paused 0ms+0ms, total 3ms
2018-09-17 11:40:01.438000	ALL	09-17 05:40:01.416 28430 28435 D dalvikvm: GC_CONCURRENT freed 394K, 87% free 1077K/8192K, paused 0ms+0ms, total 2ms
2018-09-17 11:40:01.624000	ALL	09-17 05:40:01.604 28430 28435 D dalvikvm: GC_CONCURRENT freed 394K, 87% free 1076K/8192K, paused 1ms+0ms, total 5ms
2018-09-17 11:40:01.742000	ALL	09-17 05:40:01.720 28430 28435 D dalvikvm: GC_CONCURRENT freed 394K, 87% free 1077K/8192K, paused 0ms+0ms, total 2ms
2018-09-17 11:40:01.934000	ALL	09-17 05:40:01.912 28430 28435 D dalvikvm: GC_CONCURRENT freed 393K, 87% free 1077K/8192K, paused 0ms+0ms, total 3ms
2018-09-17 11:40:02.052000	ALL	09-17 05:40:02.028 28430 28435 D dalvikvm: GC_CONCURRENT freed 400K, 87% free 1071K/8192K, paused 3ms+0ms, total 5ms
2018-09-17 11:40:02.240000	ALL	09-17 05:40:02.220 28430 28435 D dalvikvm: GC_CONCURRENT freed 377K, 87% free 1077K/8192K, paused 2ms+0ms, total 3ms
2018-09-17 11:40:02.425000	ALL	09-17 05:40:02.404 28430 28435 D dalvikvm: GC_CONCURRENT freed 406K, 87% free 1076K/8192K, paused 1ms+0ms, total 6ms
2018-09-17 11:40:02.552000	ALL	09-17 05:40:02.528 28430 28435 D dalvikvm: GC_CONCURRENT freed 393K, 87% free 1077K/8192K, paused 4ms+1ms, total 6ms
2018-09-17 11:40:02.688000	ALL	09-17 05:40:02.668 28596 28596 D         : HostConnection::get() New Host Connection established 0xb9118eb8, tid 28596
2018-09-17 11:40:02.689000	ALL	09-17 05:40:02.672 28596 28596 W         : Unrecognized GLES max version string in extensions:
2018-09-17 11:40:02.695000	ALL	09-17 05:40:02.672 28596 28596 W         : Process pipe failed
2018-09-17 11:40:02.733000	ALL	09-17 05:40:02.708 28430 28435 D dalvikvm: GC_CONCURRENT freed 401K, 87% free 1070K/8192K, paused 0ms+0ms, total 2ms
2018-09-17 11:40:02.733000	ALL	09-17 05:40:02.712   568   658 D MobileDataStateTracker: default: setPolicyDataEnable(enabled=true)
2018-09-17 11:40:02.780000	ALL	09-17 05:40:02.760   568   658 D MobileDataStateTracker: default: setPolicyDataEnable(enabled=true)
2018-09-17 11:40:02.820000	ALL	09-17 05:40:02.800   568   658 D MobileDataStateTracker: default: setPolicyDataEnable(enabled=true)
2018-09-17 11:40:02.849000	ALL	09-17 05:40:02.828 28430 28435 D dalvikvm: GC_CONCURRENT freed 393K, 87% free 1071K/8192K, paused 0ms+0ms, total 2ms
2018-09-17 11:40:02.884000	ALL	09-17 05:40:02.860   568   658 D MobileDataStateTracker: default: setPolicyDataEnable(enabled=true)
2018-09-17 11:40:02.916000	ALL	09-17 05:40:02.896   568   658 D MobileDataStateTracker: default: setPolicyDataEnable(enabled=true)
2018-09-17 11:40:02.934000	ALL	09-17 05:40:02.912   568   658 D MobileDataStateTracker: default: setPolicyDataEnable(enabled=true)
2018-09-17 11:40:02.981000	ALL	09-17 05:40:02.960   568   658 D MobileDataStateTracker: default: setPolicyDataEnable(enabled=true)
2018-09-17 11:40:03.038000	ALL	09-17 05:40:03.016 28430 28435 D dalvikvm: GC_CONCURRENT freed 384K, 87% free 1081K/8192K, paused 2ms+0ms, total 6ms
2018-09-17 11:40:03.044000	ALL	09-17 05:40:03.024   568   658 D MobileDataStateTracker: default: setPolicyDataEnable(enabled=true)
2018-09-17 11:40:03.109000	ALL	09-17 05:40:03.088   568   658 D MobileDataStateTracker: default: setPolicyDataEnable(enabled=true)
2018-09-17 11:40:03.217000	ALL	09-17 05:40:03.196 28430 28435 D dalvikvm: GC_CONCURRENT freed 405K, 87% free 1072K/8192K, paused 0ms+0ms, total 2ms
2018-09-17 11:40:03.237000	ALL	09-17 05:40:03.216 28463 28467 D dalvikvm: GC_CONCURRENT freed 1045K, 15% free 6628K/7776K, paused 3ms+1ms, total 7ms
2018-09-17 11:40:03.343000	ALL	09-17 05:40:03.320 28430 28435 D dalvikvm: GC_CONCURRENT freed 394K, 87% free 1070K/8192K, paused 1ms+0ms, total 2ms
2018-09-17 11:40:03.602000	ALL	09-17 05:40:03.500 28430 28435 D dalvikvm: GC_CONCURRENT freed 387K, 87% free 1077K/8192K, paused 0ms+1ms, total 2ms
2018-09-17 11:40:03.889000	ALL	09-17 05:40:03.648 28430 28435 D dalvikvm: GC_CONCURRENT freed 383K, 87% free 1077K/8192K, paused 2ms+1ms, total 3ms
2018-09-17 11:40:03.889000	ALL	09-17 05:40:03.808 28430 28435 D dalvikvm: GC_CONCURRENT freed 388K, 87% free 1080K/8192K, paused 0ms+2ms, total 3ms

2018-09-17 11:41:55.161866 'Run animation' test logs with driver = android

2018-09-17 11:41:41.954000	ALL	09-17 05:41:41.931 30233 30233 I AccessibilityNodeInfoDumper: Skipping invisible child: android.view.accessibility.AccessibilityNodeInfo@c3ff; boundsInParent: Rect(0, 0 - 0, 144); boundsInScreen: Rect(1080, 75 - 1080, 219); packageName: io.appium.android.apis; className: android.widget.LinearLayout; text: null; contentDescription: null; viewIdResName: null; checkable: false; checked: false; focusable: false; focused: false; selected: false; clickable: false; longClickable: false; enabled: true; password: false; scrollable: false; [ACTION_SELECT, ACTION_CLEAR_SELECTION, ACTION_ACCESSIBILITY_FOCUS]
2018-09-17 11:41:41.960000	ALL	09-17 05:41:41.939 30233 30233 W AccessibilityNodeInfoDumper: Fetch time: 20ms
2018-09-17 11:41:42.034000	ALL	09-17 05:41:42.011 30233 30233 I QueryController: Matched selector: UiSelector[CLASS=android.widget.TextView, INSTANCE=3, COUNT=3] <<==>> [android.view.accessibility.AccessibilityNodeInfo@9332; boundsInParent: Rect(0, 0 - 1080, 144); boundsInScreen: Rect(0, 511 - 1080, 655); packageName: io.appium.android.apis; className: android.widget.TextView; text: Animation; contentDescription: Animation; viewIdResName: android:id/text1; checkable: false; checked: false; focusable: false; focused: false; selected: false; clickable: true; longClickable: false; enabled: true; password: false; scrollable: false; [ACTION_SELECT, ACTION_CLEAR_SELECTION, ACTION_CLICK, ACTION_ACCESSIBILITY_FOCUS, ACTION_NEXT_AT_MOVEMENT_GRANULARITY, ACTION_PREVIOUS_AT_MOVEMENT_GRANULARITY, ACTION_SET_SELECTION]]
2018-09-17 11:41:42.056000	ALL	09-17 05:41:42.035 30233 30233 I QueryController: Matched selector: UiSelector[CLASS=android.widget.TextView, INSTANCE=3, COUNT=3] <<==>> [android.view.accessibility.AccessibilityNodeInfo@9332; boundsInParent: Rect(0, 0 - 1080, 144); boundsInScreen: Rect(0, 511 - 1080, 655); packageName: io.appium.android.apis; className: android.widget.TextView; text: Animation; contentDescription: Animation; viewIdResName: android:id/text1; checkable: false; checked: false; focusable: false; focused: false; selected: false; clickable: true; longClickable: false; enabled: true; password: false; scrollable: false; [ACTION_SELECT, ACTION_CLEAR_SELECTION, ACTION_CLICK, ACTION_ACCESSIBILITY_FOCUS, ACTION_NEXT_AT_MOVEMENT_GRANULARITY, ACTION_PREVIOUS_AT_MOVEMENT_GRANULARITY, ACTION_SET_SELECTION]]
2018-09-17 11:41:42.060000	ALL	09-17 05:41:42.039 30233 30233 D InteractionController: clickAndSync(540, 583)
2018-09-17 11:41:42.239000	ALL	09-17 05:41:42.215   568   789 I ActivityManager: START u0 {cmp=io.appium.android.apis/.ApiDemos (has extras)} from pid 30260
2018-09-17 11:41:42.281000	ALL	09-17 05:41:42.259 30260 30263 D dalvikvm: GC_CONCURRENT freed 634K, 10% free 6481K/7200K, paused 1ms+2ms, total 7ms
2018-09-17 11:41:42.344000	ALL	09-17 05:41:42.327 30260 30260 E EGL_emulation: tid 30260: eglSurfaceAttrib(1210): error 0x3009 (EGL_BAD_MATCH)
2018-09-17 11:41:42.350000	ALL	09-17 05:41:42.327 30260 30260 W HardwareRenderer: Backbuffer cannot be preserved
2018-09-17 11:41:42.398000	ALL	09-17 05:41:42.371   568   658 D MobileDataStateTracker: default: setPolicyDataEnable(enabled=true)
2018-09-17 11:41:42.522000	ALL	09-17 05:41:42.499   568   583 I ActivityManager: Displayed io.appium.android.apis/.ApiDemos: +269ms
2018-09-17 11:41:43.860000	ALL	09-17 05:41:43.839 30233 30246 D dalvikvm: GC_FOR_ALLOC freed 7059K, 87% free 1132K/8192K, paused 5ms, total 5ms
2018-09-17 11:41:43.894000	ALL	09-17 05:41:43.871 30233 30238 D dalvikvm: GC_CONCURRENT freed 460K, 87% free 1089K/8192K, paused 1ms+0ms, total 4ms
2018-09-17 11:41:43.938000	ALL	09-17 05:41:43.915 30233 30238 D dalvikvm: GC_CONCURRENT freed 400K, 87% free 1090K/8192K, paused 1ms+0ms, total 3ms
2018-09-17 11:41:43.974000	ALL	09-17 05:41:43.951 30233 30238 D dalvikvm: GC_CONCURRENT freed 402K, 87% free 1090K/8192K, paused 0ms+1ms, total 2ms
2018-09-17 11:41:44.007000	ALL	09-17 05:41:43.987 30233 30238 D dalvikvm: GC_CONCURRENT freed 401K, 87% free 1090K/8192K, paused 0ms+0ms, total 3ms
2018-09-17 11:41:44.052000	ALL	09-17 05:41:44.031 30233 30238 D dalvikvm: GC_CONCURRENT freed 401K, 87% free 1090K/8192K, paused 0ms+0ms, total 3ms
2018-09-17 11:41:44.082000	ALL	09-17 05:41:44.059 30260 30263 D dalvikvm: GC_CONCURRENT freed 1045K, 15% free 6432K/7568K, paused 1ms+0ms, total 4ms
2018-09-17 11:41:44.099000	ALL	09-17 05:41:44.079 30233 30238 D dalvikvm: GC_CONCURRENT freed 401K, 87% free 1090K/8192K, paused 0ms+0ms, total 2ms
2018-09-17 11:41:44.142000	ALL	09-17 05:41:44.119 30233 30238 D dalvikvm: GC_CONCURRENT freed 401K, 87% free 1090K/8192K, paused 0ms+0ms, total 2ms
2018-09-17 11:41:44.179000	ALL	09-17 05:41:44.159 30233 30238 D dalvikvm: GC_CONCURRENT freed 380K, 87% free 1102K/8192K, paused 1ms+1ms, total 4ms
2018-09-17 11:41:44.221000	ALL	09-17 05:41:44.199 30233 30238 D dalvikvm: GC_CONCURRENT freed 423K, 87% free 1090K/8192K, paused 0ms+1ms, total 2ms
2018-09-17 11:41:44.267000	ALL	09-17 05:41:44.247 30233 30238 D dalvikvm: GC_CONCURRENT freed 401K, 87% free 1090K/8192K, paused 0ms+0ms, total 3ms
2018-09-17 11:41:44.309000	ALL	09-17 05:41:44.287 30233 30238 D dalvikvm: GC_CONCURRENT freed 402K, 87% free 1090K/8192K, paused 1ms+1ms, total 3ms
2018-09-17 11:41:44.344000	ALL	09-17 05:41:44.323 30233 30238 D dalvikvm: GC_CONCURRENT freed 401K, 87% free 1090K/8192K, paused 1ms+0ms, total 3ms
2018-09-17 11:41:44.380000	ALL	09-17 05:41:44.359 30233 30238 D dalvikvm: GC_CONCURRENT freed 386K, 87% free 1105K/8192K, paused 3ms+0ms, total 6ms
2018-09-17 11:41:44.423000	ALL	09-17 05:41:44.399 30233 30238 D dalvikvm: GC_CONCURRENT freed 413K, 87% free 1093K/8192K, paused 0ms+3ms, total 4ms
2018-09-17 11:41:44.468000	ALL	09-17 05:41:44.447 30233 30238 D dalvikvm: GC_CONCURRENT freed 406K, 87% free 1090K/8192K, paused 0ms+0ms, total 3ms
2018-09-17 11:41:44.512000	ALL	09-17 05:41:44.491 30233 30238 D dalvikvm: GC_CONCURRENT freed 402K, 87% free 1090K/8192K, paused 1ms+1ms, total 4ms
2018-09-17 11:41:44.560000	ALL	09-17 05:41:44.539 30233 30238 D dalvikvm: GC_CONCURRENT freed 401K, 87% free 1090K/8192K, paused 0ms+0ms, total 2ms
2018-09-17 11:41:44.602000	ALL	09-17 05:41:44.583 30233 30238 D dalvikvm: GC_CONCURRENT freed 402K, 87% free 1090K/8192K, paused 0ms+0ms, total 3ms
2018-09-17 11:41:44.643000	ALL	09-17 05:41:44.619 30233 30238 D dalvikvm: GC_CONCURRENT freed 402K, 87% free 1090K/8192K, paused 0ms+0ms, total 2ms
2018-09-17 11:41:44.680000	ALL	09-17 05:41:44.659 30233 30238 D dalvikvm: GC_CONCURRENT freed 401K, 87% free 1090K/8192K, paused 1ms+0ms, total 3ms
2018-09-17 11:41:44.713000	ALL	09-17 05:41:44.691 30233 30238 D dalvikvm: GC_CONCURRENT freed 401K, 87% free 1090K/8192K, paused 0ms+0ms, total 2ms
2018-09-17 11:41:44.743000	ALL	09-17 05:41:44.723 30233 30238 D dalvikvm: GC_CONCURRENT freed 401K, 87% free 1090K/8192K, paused 0ms+0ms, total 2ms
2018-09-17 11:41:44.783000	ALL	09-17 05:41:44.763 30233 30238 D dalvikvm: GC_CONCURRENT freed 402K, 87% free 1090K/8192K, paused 1ms+0ms, total 3ms
2018-09-17 11:41:44.823000	ALL	09-17 05:41:44.799 30233 30238 D dalvikvm: GC_CONCURRENT freed 402K, 87% free 1090K/8192K, paused 1ms+1ms, total 3ms
2018-09-17 11:41:44.864000	ALL	09-17 05:41:44.843 30233 30238 D dalvikvm: GC_CONCURRENT freed 401K, 87% free 1090K/8192K, paused 4ms+0ms, total 5ms
2018-09-17 11:41:44.898000	ALL	09-17 05:41:44.879 30233 30238 D dalvikvm: GC_CONCURRENT freed 402K, 87% free 1090K/8192K, paused 0ms+1ms, total 3ms
2018-09-17 11:41:44.903000	ALL	09-17 05:41:44.883 30260 30263 D dalvikvm: GC_CONCURRENT freed 986K, 16% free 6429K/7568K, paused 1ms+0ms, total 5ms
2018-09-17 11:41:44.931000	ALL	09-17 05:41:44.911 30233 30238 D dalvikvm: GC_CONCURRENT freed 401K, 87% free 1090K/8192K, paused 0ms+1ms, total 2ms
2018-09-17 11:41:44.966000	ALL	09-17 05:41:44.947 30233 30238 D dalvikvm: GC_CONCURRENT freed 402K, 87% free 1090K/8192K, paused 1ms+0ms, total 3ms
2018-09-17 11:41:45.003000	ALL	09-17 05:41:44.983 30233 30238 D dalvikvm: GC_CONCURRENT freed 401K, 87% free 1090K/8192K, paused 0ms+0ms, total 2ms
2018-09-17 11:41:45.039000	ALL	09-17 05:41:45.019 30233 30238 D dalvikvm: GC_CONCURRENT freed 401K, 87% free 1090K/8192K, paused 1ms+0ms, total 3ms
2018-09-17 11:41:45.074000	ALL	09-17 05:41:45.051 30233 30238 D dalvikvm: GC_CONCURRENT freed 412K, 87% free 1080K/8192K, paused 1ms+0ms, total 2ms
2018-09-17 11:41:45.106000	ALL	09-17 05:41:45.087 30233 30238 D dalvikvm: GC_CONCURRENT freed 391K, 87% free 1090K/8192K, paused 1ms+0ms, total 3ms
2018-09-17 11:41:45.136000	ALL	09-17 05:41:45.115 30233 30238 D dalvikvm: GC_CONCURRENT freed 402K, 87% free 1090K/8192K, paused 0ms+1ms, total 2ms
2018-09-17 11:41:45.177000	ALL	09-17 05:41:45.155 30233 30238 D dalvikvm: GC_CONCURRENT freed 402K, 87% free 1090K/8192K, paused 0ms+0ms, total 2ms
2018-09-17 11:41:45.216000	ALL	09-17 05:41:45.195 30233 30238 D dalvikvm: GC_CONCURRENT freed 401K, 87% free 1090K/8192K, paused 0ms+1ms, total 2ms
2018-09-17 11:41:45.252000	ALL	09-17 05:41:45.231 30233 30238 D dalvikvm: GC_CONCURRENT freed 402K, 87% free 1090K/8192K, paused 0ms+0ms, total 2ms
2018-09-17 11:41:45.293000	ALL	09-17 05:41:45.271 30233 30238 D dalvikvm: GC_CONCURRENT freed 401K, 87% free 1090K/8192K, paused 0ms+0ms, total 2ms
2018-09-17 11:41:45.328000	ALL	09-17 05:41:45.307 30233 30238 D dalvikvm: GC_CONCURRENT freed 402K, 87% free 1090K/8192K, paused 0ms+0ms, total 2ms
2018-09-17 11:41:45.364000	ALL	09-17 05:41:45.343 30233 30238 D dalvikvm: GC_CONCURRENT freed 412K, 87% free 1080K/8192K, paused 0ms+0ms, total 1ms
2018-09-17 11:41:45.395000	ALL	09-17 05:41:45.375 30233 30238 D dalvikvm: GC_CONCURRENT freed 391K, 87% free 1090K/8192K, paused 0ms+0ms, total 2ms
2018-09-17 11:41:45.427000	ALL	09-17 05:41:45.403 30233 30238 D dalvikvm: GC_CONCURRENT freed 401K, 87% free 1090K/8192K, paused 1ms+0ms, total 2ms
2018-09-17 11:41:45.457000	ALL	09-17 05:41:45.435 30233 30238 D dalvikvm: GC_CONCURRENT freed 401K, 87% free 1090K/8192K, paused 0ms+0ms, total 2ms
2018-09-17 11:41:45.496000	ALL	09-17 05:41:45.475 30233 30238 D dalvikvm: GC_CONCURRENT freed 402K, 87% free 1090K/8192K, paused 1ms+1ms, total 3ms
2018-09-17 11:41:45.535000	ALL	09-17 05:41:45.515 30233 30238 D dalvikvm: GC_CONCURRENT freed 402K, 87% free 1090K/8192K, paused 0ms+0ms, total 2ms
2018-09-17 11:41:45.578000	ALL	09-17 05:41:45.555 30233 30238 D dalvikvm: GC_CONCURRENT freed 401K, 87% free 1090K/8192K, paused 0ms+1ms, total 3ms
2018-09-17 11:41:45.613000	ALL	09-17 05:41:45.591 30233 30238 D dalvikvm: GC_CONCURRENT freed 401K, 87% free 1090K/8192K, paused 0ms+0ms, total 2ms
2018-09-17 11:41:45.636000	ALL	09-17 05:41:45.615 30260 30263 D dalvikvm: GC_CONCURRENT freed 979K, 16% free 6428K/7568K, paused 3ms+1ms, total 7ms
2018-09-17 11:41:45.654000	ALL	09-17 05:41:45.631 30233 30238 D dalvikvm: GC_CONCURRENT freed 413K, 87% free 1079K/8192K, paused 0ms+0ms, total 2ms
2018-09-17 11:41:45.694000	ALL	09-17 05:41:45.671 30233 30238 D dalvikvm: GC_CONCURRENT freed 367K, 87% free 1095K/8192K, paused 2ms+0ms, total 4ms
2018-09-17 11:41:45.741000	ALL	09-17 05:41:45.719 30233 30238 D dalvikvm: GC_CONCURRENT freed 391K, 87% free 1099K/8192K, paused 0ms+1ms, total 4ms
2018-09-17 11:41:45.788000	ALL	09-17 05:41:45.767 30233 30238 D dalvikvm: GC_CONCURRENT freed 402K, 87% free 1099K/8192K, paused 0ms+2ms, total 5ms
2018-09-17 11:41:45.836000	ALL	09-17 05:41:45.815 30233 30238 D dalvikvm: GC_CONCURRENT freed 401K, 87% free 1101K/8192K, paused 1ms+2ms, total 5ms
2018-09-17 11:41:45.880000	ALL	09-17 05:41:45.859 30233 30238 D dalvikvm: GC_CONCURRENT freed 433K, 87% free 1091K/8192K, paused 0ms+0ms, total 2ms
2018-09-17 11:41:45.913000	ALL	09-17 05:41:45.891 30233 30238 D dalvikvm: GC_CONCURRENT freed 402K, 87% free 1090K/8192K, paused 0ms+0ms, total 1ms
2018-09-17 11:41:45.949000	ALL	09-17 05:41:45.927 30233 30238 D dalvikvm: GC_CONCURRENT freed 402K, 87% free 1090K/8192K, paused 0ms+0ms, total 3ms
2018-09-17 11:41:46.031000	ALL	09-17 05:41:46.011 30233 30238 D dalvikvm: GC_CONCURRENT freed 401K, 87% free 1090K/8192K, paused 0ms+0ms, total 3ms
2018-09-17 11:41:46.125000	ALL	09-17 05:41:46.103 30233 30238 D dalvikvm: GC_CONCURRENT freed 402K, 87% free 1090K/8192K, paused 1ms+0ms, total 3ms
2018-09-17 11:41:46.220000	ALL	09-17 05:41:46.199 30233 30238 D dalvikvm: GC_CONCURRENT freed 401K, 87% free 1090K/8192K, paused 1ms+0ms, total 4ms
2018-09-17 11:41:46.316000	ALL	09-17 05:41:46.291 30233 30238 D dalvikvm: GC_CONCURRENT freed 402K, 87% free 1090K/8192K, paused 1ms+0ms, total 4ms
2018-09-17 11:41:46.357000	ALL	09-17 05:41:46.331 30233 30238 D dalvikvm: GC_CONCURRENT freed 401K, 87% free 1090K/8192K, paused 0ms+0ms, total 2ms
2018-09-17 11:41:46.452000	ALL	09-17 05:41:46.431 30233 30238 D dalvikvm: GC_CONCURRENT freed 402K, 87% free 1090K/8192K, paused 1ms+0ms, total 4ms
2018-09-17 11:41:46.549000	ALL	09-17 05:41:46.527 30233 30238 D dalvikvm: GC_CONCURRENT freed 401K, 87% free 1090K/8192K, paused 1ms+0ms, total 3ms
2018-09-17 11:41:46.637000	ALL	09-17 05:41:46.615 30233 30238 D dalvikvm: GC_CONCURRENT freed 411K, 87% free 1080K/8192K, paused 0ms+0ms, total 2ms
2018-09-17 11:41:46.746000	ALL	09-17 05:41:46.723 30233 30238 D dalvikvm: GC_CONCURRENT freed 392K, 87% free 1090K/8192K, paused 0ms+0ms, total 3ms
2018-09-17 11:41:46.832000	ALL	09-17 05:41:46.811 30233 30238 D dalvikvm: GC_CONCURRENT freed 401K, 87% free 1090K/8192K, paused 0ms+0ms, total 2ms
2018-09-17 11:41:46.925000	ALL	09-17 05:41:46.903 30233 30238 D dalvikvm: GC_CONCURRENT freed 401K, 87% free 1090K/8192K, paused 1ms+0ms, total 3ms
2018-09-17 11:41:47.025000	ALL	09-17 05:41:47.003 30233 30238 D dalvikvm: GC_CONCURRENT freed 380K, 87% free 1094K/8192K, paused 3ms+1ms, total 5ms
2018-09-17 11:41:47.115000	ALL	09-17 05:41:47.099 30260 30263 D dalvikvm: GC_CONCURRENT freed 980K, 16% free 6428K/7568K, paused 1ms+1ms, total 7ms
2018-09-17 11:41:47.119000	ALL	09-17 05:41:47.099 30233 30238 D dalvikvm: GC_CONCURRENT freed 407K, 87% free 1106K/8192K, paused 1ms+0ms, total 4ms
2018-09-17 11:41:47.215000	ALL	09-17 05:41:47.195 30233 30238 D dalvikvm: GC_CONCURRENT freed 429K, 87% free 1079K/8192K, paused 2ms+0ms, total 5ms
2018-09-17 11:41:47.257000	ALL	09-17 05:41:47.235 30233 30238 D dalvikvm: GC_CONCURRENT freed 369K, 87% free 1094K/8192K, paused 2ms+0ms, total 4ms
2018-09-17 11:41:47.350000	ALL	09-17 05:41:47.327 30233 30238 D dalvikvm: GC_CONCURRENT freed 390K, 87% free 1087K/8192K, paused 2ms+0ms, total 5ms
2018-09-17 11:41:47.443000	ALL	09-17 05:41:47.423 30233 30238 D dalvikvm: GC_CONCURRENT freed 398K, 87% free 1081K/8192K, paused 0ms+0ms, total 2ms
2018-09-17 11:41:47.533000	ALL	09-17 05:41:47.511 30233 30238 D dalvikvm: GC_CONCURRENT freed 393K, 87% free 1090K/8192K, paused 1ms+1ms, total 2ms
2018-09-17 11:41:47.629000	ALL	09-17 05:41:47.607 30233 30238 D dalvikvm: GC_CONCURRENT freed 402K, 87% free 1090K/8192K, paused 0ms+0ms, total 2ms
2018-09-17 11:41:47.725000	ALL	09-17 05:41:47.703 30233 30238 D dalvikvm: GC_CONCURRENT freed 401K, 87% free 1090K/8192K, paused 0ms+1ms, total 2ms
2018-09-17 11:41:47.822000	ALL	09-17 05:41:47.799 30233 30238 D dalvikvm: GC_CONCURRENT freed 401K, 87% free 1090K/8192K, paused 0ms+0ms, total 2ms
2018-09-17 11:41:47.920000	ALL	09-17 05:41:47.899 30233 30238 D dalvikvm: GC_CONCURRENT freed 401K, 87% free 1090K/8192K, paused 1ms+0ms, total 3ms
2018-09-17 11:41:48.013000	ALL	09-17 05:41:47.991 30233 30238 D dalvikvm: GC_CONCURRENT freed 402K, 87% free 1090K/8192K, paused 0ms+0ms, total 3ms
2018-09-17 11:41:48.022000	ALL	09-17 05:41:47.999 30233 30233 I AccessibilityNodeInfoDumper: Skipping invisible child: android.view.accessibility.AccessibilityNodeInfo@121d9; boundsInParent: Rect(0, 0 - 0, 144); boundsInScreen: Rect(1080, 75 - 1080, 219); packageName: io.appium.android.apis; className: android.widget.LinearLayout; text: null; contentDescription: null; viewIdResName: null; checkable: false; checked: false; focusable: false; focused: false; selected: false; clickable: false; longClickable: false; enabled: true; password: false; scrollable: false; [ACTION_SELECT, ACTION_CLEAR_SELECTION, ACTION_ACCESSIBILITY_FOCUS]
2018-09-17 11:41:48.030000	ALL	09-17 05:41:48.007 30233 30233 W AccessibilityNodeInfoDumper: Fetch time: 8ms
2018-09-17 11:41:48.042000	ALL	09-17 05:41:48.019 30233 30238 D dalvikvm: GC_CONCURRENT freed 368K, 86% free 1177K/8192K, paused 1ms+1ms, total 11ms
2018-09-17 11:41:48.063000	ALL	09-17 05:41:48.043 30233 30238 D dalvikvm: GC_CONCURRENT freed 340K, 85% free 1255K/8192K, paused 1ms+2ms, total 5ms
2018-09-17 11:41:48.068000	ALL	09-17 05:41:48.047 30233 30233 I QueryController: Matched selector: UiSelector[CLASS=android.widget.TextView, INSTANCE=8, COUNT=8] <<==>> [android.view.accessibility.AccessibilityNodeInfo@103d1; boundsInParent: Rect(0, 0 - 1080, 144); boundsInScreen: Rect(0, 1241 - 1080, 1385); packageName: io.appium.android.apis; className: android.widget.TextView; text: Loading; contentDescription: Loading; viewIdResName: android:id/text1; checkable: false; checked: false; focusable: false; focused: false; selected: false; clickable: true; longClickable: false; enabled: true; password: false; scrollable: false; [ACTION_SELECT, ACTION_CLEAR_SELECTION, ACTION_CLICK, ACTION_ACCESSIBILITY_FOCUS, ACTION_NEXT_AT_MOVEMENT_GRANULARITY, ACTION_PREVIOUS_AT_MOVEMENT_GRANULARITY, ACTION_SET_SELECTION]]
2018-09-17 11:41:48.076000	ALL	09-17 05:41:48.059 30233 30233 I QueryController: Matched selector: UiSelector[CLASS=android.widget.TextView, INSTANCE=8, COUNT=8] <<==>> [android.view.accessibility.AccessibilityNodeInfo@103d1; boundsInParent: Rect(0, 0 - 1080, 144); boundsInScreen: Rect(0, 1241 - 1080, 1385); packageName: io.appium.android.apis; className: android.widget.TextView; text: Loading; contentDescription: Loading; viewIdResName: android:id/text1; checkable: false; checked: false; focusable: false; focused: false; selected: false; clickable: true; longClickable: false; enabled: true; password: false; scrollable: false; [ACTION_SELECT, ACTION_CLEAR_SELECTION, ACTION_CLICK, ACTION_ACCESSIBILITY_FOCUS, ACTION_NEXT_AT_MOVEMENT_GRANULARITY, ACTION_PREVIOUS_AT_MOVEMENT_GRANULARITY, ACTION_SET_SELECTION]]
2018-09-17 11:41:48.116000	ALL	09-17 05:41:48.059 30233 30233 D InteractionController: clickAndSync(540, 1313)
2018-09-17 11:41:48.131000	ALL	09-17 05:41:48.107 30233 30238 D dalvikvm: GC_CONCURRENT freed 563K, 87% free 1080K/8192K, paused 0ms+0ms, total 3ms
2018-09-17 11:41:48.223000	ALL	09-17 05:41:48.203 30233 30238 D dalvikvm: GC_CONCURRENT freed 390K, 87% free 1092K/8192K, paused 0ms+0ms, total 4ms
2018-09-17 11:41:48.252000	ALL	09-17 05:41:48.231   568   806 I ActivityManager: START u0 {cmp=io.appium.android.apis/.animation.AnimationLoading} from pid 30260
2018-09-17 11:41:48.424000	ALL	09-17 05:41:48.399   568   658 D MobileDataStateTracker: default: setPolicyDataEnable(enabled=true)
2018-09-17 11:41:48.503000	ALL	09-17 05:41:48.479   568   658 D MobileDataStateTracker: default: setPolicyDataEnable(enabled=true)
2018-09-17 11:41:48.545000	ALL	09-17 05:41:48.523   568   658 D MobileDataStateTracker: default: setPolicyDataEnable(enabled=true)
2018-09-17 11:41:48.585000	ALL	09-17 05:41:48.563   568   658 D MobileDataStateTracker: default: setPolicyDataEnable(enabled=true)
2018-09-17 11:41:48.610000	ALL	09-17 05:41:48.587   568   658 D MobileDataStateTracker: default: setPolicyDataEnable(enabled=true)
2018-09-17 11:41:48.724000	ALL	09-17 05:41:48.703   568   583 I ActivityManager: Displayed io.appium.android.apis/.animation.AnimationLoading: +458ms
2018-09-17 11:41:49.236000	ALL	09-17 05:41:49.211   568   658 D MobileDataStateTracker: default: setPolicyDataEnable(enabled=true)
2018-09-17 11:41:49.265000	ALL	09-17 05:41:49.243   568   658 D MobileDataStateTracker: default: setPolicyDataEnable(enabled=true)
2018-09-17 11:41:49.320000	ALL	09-17 05:41:49.299   568   658 D MobileDataStateTracker: default: setPolicyDataEnable(enabled=true)
2018-09-17 11:41:49.358000	ALL	09-17 05:41:49.335   568   658 D MobileDataStateTracker: default: setPolicyDataEnable(enabled=true)
2018-09-17 11:41:49.369000	ALL	09-17 05:41:49.347   568   570 D dalvikvm: GC_CONCURRENT freed 1901K, 32% free 15844K/23240K, paused 1ms+2ms, total 13ms
2018-09-17 11:41:49.384000	ALL	09-17 05:41:49.363   568   658 D MobileDataStateTracker: default: setPolicyDataEnable(enabled=true)
2018-09-17 11:41:49.399000	ALL	09-17 05:41:49.375   568   658 D MobileDataStateTracker: default: setPolicyDataEnable(enabled=true)
2018-09-17 11:41:49.439000	ALL	09-17 05:41:49.419   568   658 D MobileDataStateTracker: default: setPolicyDataEnable(enabled=true)
2018-09-17 11:41:49.484000	ALL	09-17 05:41:49.463   568   658 D MobileDataStateTracker: default: setPolicyDataEnable(enabled=true)
2018-09-17 11:41:49.531000	ALL	09-17 05:41:49.507   568   658 D MobileDataStateTracker: default: setPolicyDataEnable(enabled=true)
2018-09-17 11:41:49.554000	ALL	09-17 05:41:49.531   568   658 D MobileDataStateTracker: default: setPolicyDataEnable(enabled=true)
2018-09-17 11:41:49.710000	ALL	09-17 05:41:49.687 30233 30238 D dalvikvm: GC_CONCURRENT freed 411K, 87% free 1072K/8192K, paused 0ms+0ms, total 2ms
2018-09-17 11:41:49.722000	ALL	09-17 05:41:49.699 30260 30263 D dalvikvm: GC_CONCURRENT freed 772K, 13% free 6633K/7568K, paused 2ms+2ms, total 10ms
2018-09-17 11:41:49.759000	ALL	09-17 05:41:49.735 30233 30238 D dalvikvm: GC_CONCURRENT freed 390K, 87% free 1077K/8192K, paused 0ms+0ms, total 1ms
2018-09-17 11:41:49.810000	ALL	09-17 05:41:49.787 30233 30238 D dalvikvm: GC_CONCURRENT freed 399K, 87% free 1071K/8192K, paused 1ms+0ms, total 3ms
2018-09-17 11:41:49.853000	ALL	09-17 05:41:49.831 30233 30238 D dalvikvm: GC_CONCURRENT freed 388K, 87% free 1077K/8192K, paused 1ms+0ms, total 2ms
2018-09-17 11:41:49.894000	ALL	09-17 05:41:49.871 30233 30238 D dalvikvm: GC_CONCURRENT freed 400K, 87% free 1071K/8192K, paused 0ms+0ms, total 3ms
2018-09-17 11:41:49.933000	ALL	09-17 05:41:49.911 30233 30238 D dalvikvm: GC_CONCURRENT freed 394K, 87% free 1071K/8192K, paused 0ms+0ms, total 2ms
2018-09-17 11:41:49.978000	ALL	09-17 05:41:49.955 30233 30238 D dalvikvm: GC_CONCURRENT freed 395K, 87% free 1070K/8192K, paused 0ms+0ms, total 2ms
2018-09-17 11:41:50.023000	ALL	09-17 05:41:50.003 30233 30238 D dalvikvm: GC_CONCURRENT freed 388K, 87% free 1077K/8192K, paused 1ms+0ms, total 3ms
2018-09-17 11:41:50.067000	ALL	09-17 05:41:50.047 30233 30238 D dalvikvm: GC_CONCURRENT freed 400K, 87% free 1071K/8192K, paused 0ms+0ms, total 2ms
2018-09-17 11:41:50.117000	ALL	09-17 05:41:50.095 30233 30238 D dalvikvm: GC_CONCURRENT freed 376K, 87% free 1078K/8192K, paused 2ms+1ms, total 3ms
2018-09-17 11:41:50.162000	ALL	09-17 05:41:50.139 30233 30238 D dalvikvm: GC_CONCURRENT freed 390K, 87% free 1084K/8192K, paused 0ms+1ms, total 4ms
2018-09-17 11:41:50.205000	ALL	09-17 05:41:50.183 30233 30238 D dalvikvm: GC_CONCURRENT freed 393K, 87% free 1074K/8192K, paused 2ms+0ms, total 4ms
2018-09-17 11:41:50.248000	ALL	09-17 05:41:50.227 30233 30238 D dalvikvm: GC_CONCURRENT freed 393K, 87% free 1070K/8192K, paused 0ms+1ms, total 2ms
2018-09-17 11:41:50.420000	ALL	09-17 05:41:50.395 30233 30238 D dalvikvm: GC_CONCURRENT freed 375K, 87% free 1078K/8192K, paused 2ms+1ms, total 4ms
2018-09-17 11:41:50.533000	ALL	09-17 05:41:50.507 30233 30238 D dalvikvm: GC_CONCURRENT freed 406K, 87% free 1076K/8192K, paused 0ms+1ms, total 2ms
2018-09-17 11:41:50.723000	ALL	09-17 05:41:50.699 30233 30238 D dalvikvm: GC_CONCURRENT freed 399K, 87% free 1071K/8192K, paused 1ms+0ms, total 2ms
2018-09-17 11:41:50.843000	ALL	09-17 05:41:50.819 30233 30238 D dalvikvm: GC_CONCURRENT freed 387K, 87% free 1076K/8192K, paused 1ms+0ms, total 2ms
2018-09-17 11:41:51.028000	ALL	09-17 05:41:51.007 30233 30238 D dalvikvm: GC_CONCURRENT freed 395K, 87% free 1076K/8192K, paused 1ms+1ms, total 3ms
2018-09-17 11:41:51.127000	ALL	09-17 05:41:51.107 30260 30263 D dalvikvm: GC_CONCURRENT freed 1051K, 15% free 6628K/7768K, paused 0ms+2ms, total 9ms
2018-09-17 11:41:51.215000	ALL	09-17 05:41:51.191 30233 30238 D dalvikvm: GC_CONCURRENT freed 400K, 87% free 1071K/8192K, paused 0ms+0ms, total 1ms
2018-09-17 11:41:51.330000	ALL	09-17 05:41:51.307 30233 30238 D dalvikvm: GC_CONCURRENT freed 376K, 87% free 1079K/8192K, paused 2ms+0ms, total 4ms
2018-09-17 11:41:51.521000	ALL	09-17 05:41:51.499 30233 30238 D dalvikvm: GC_CONCURRENT freed 406K, 87% free 1076K/8192K, paused 0ms+0ms, total 2ms
2018-09-17 11:41:51.638000	ALL	09-17 05:41:51.615 30233 30238 D dalvikvm: GC_CONCURRENT freed 392K, 87% free 1077K/8192K, paused 1ms+1ms, total 3ms
2018-09-17 11:41:51.830000	ALL	09-17 05:41:51.807 30233 30238 D dalvikvm: GC_CONCURRENT freed 395K, 87% free 1076K/8192K, paused 1ms+1ms, total 3ms
2018-09-17 11:41:52.017000	ALL	09-17 05:41:51.995 30233 30238 D dalvikvm: GC_CONCURRENT freed 399K, 87% free 1071K/8192K, paused 1ms+0ms, total 4ms
2018-09-17 11:41:52.134000	ALL	09-17 05:41:52.111 30233 30238 D dalvikvm: GC_CONCURRENT freed 388K, 87% free 1077K/8192K, paused 0ms+0ms, total 3ms
2018-09-17 11:41:52.322000	ALL	09-17 05:41:52.303 30233 30238 D dalvikvm: GC_CONCURRENT freed 394K, 87% free 1077K/8192K, paused 0ms+0ms, total 3ms
2018-09-17 11:41:52.431000	ALL	09-17 05:41:52.411 30233 30238 D dalvikvm: GC_CONCURRENT freed 398K, 87% free 1071K/8192K, paused 1ms+0ms, total 3ms
2018-09-17 11:41:52.628000	ALL	09-17 05:41:52.607 30233 30238 D dalvikvm: GC_CONCURRENT freed 390K, 87% free 1077K/8192K, paused 0ms+0ms, total 2ms
2018-09-17 11:41:52.816000	ALL	09-17 05:41:52.795 30233 30238 D dalvikvm: GC_CONCURRENT freed 394K, 87% free 1077K/8192K, paused 0ms+0ms, total 2ms
2018-09-17 11:41:52.931000	ALL	09-17 05:41:52.911 30233 30238 D dalvikvm: GC_CONCURRENT freed 399K, 87% free 1071K/8192K, paused 0ms+0ms, total 3ms
2018-09-17 11:41:53.120000	ALL	09-17 05:41:53.099 30233 30238 D dalvikvm: GC_CONCURRENT freed 388K, 87% free 1077K/8192K, paused 0ms+0ms, total 3ms
2018-09-17 11:41:53.224000	ALL	09-17 05:41:53.199 30233 30238 D dalvikvm: GC_CONCURRENT freed 398K, 87% free 1071K/8192K, paused 0ms+0ms, total 1ms
2018-09-17 11:41:53.421000	ALL	09-17 05:41:53.399 30233 30238 D dalvikvm: GC_CONCURRENT freed 394K, 87% free 1071K/8192K, paused 0ms+0ms, total 1ms
2018-09-17 11:41:53.538000	ALL	09-17 05:41:53.515 30233 30238 D dalvikvm: GC_CONCURRENT freed 387K, 87% free 1076K/8192K, paused 0ms+0ms, total 2ms
2018-09-17 11:41:53.725000	ALL	09-17 05:41:53.703 30233 30238 D dalvikvm: GC_CONCURRENT freed 395K, 87% free 1076K/8192K, paused 1ms+0ms, total 2ms
2018-09-17 11:41:53.740000	ALL	09-17 05:41:53.715 30395 30395 D         : HostConnection::get() New Host Connection established 0xb8017eb8, tid 30395
2018-09-17 11:41:53.744000	ALL	09-17 05:41:53.727 30395 30395 W         : Unrecognized GLES max version string in extensions:
2018-09-17 11:41:53.749000	ALL	09-17 05:41:53.727 30395 30395 W         : Process pipe failed
2018-09-17 11:41:53.820000	ALL	09-17 05:41:53.799   568   658 D MobileDataStateTracker: default: setPolicyDataEnable(enabled=true)
2018-09-17 11:41:53.840000	ALL	09-17 05:41:53.819 30260 30263 D dalvikvm: GC_CONCURRENT freed 1046K, 15% free 6627K/7768K, paused 3ms+0ms, total 6ms
2018-09-17 11:41:53.883000	ALL	09-17 05:41:53.859   568   658 D MobileDataStateTracker: default: setPolicyDataEnable(enabled=true)
2018-09-17 11:41:53.909000	ALL	09-17 05:41:53.887 30233 30238 D dalvikvm: GC_CONCURRENT freed 399K, 87% free 1072K/8192K, paused 0ms+0ms, total 2ms
2018-09-17 11:41:53.951000	ALL	09-17 05:41:53.931   568   658 D MobileDataStateTracker: default: setPolicyDataEnable(enabled=true)
2018-09-17 11:41:54.003000	ALL	09-17 05:41:53.983   568   658 D MobileDataStateTracker: default: setPolicyDataEnable(enabled=true)
2018-09-17 11:41:54.025000	ALL	09-17 05:41:54.003 30233 30238 D dalvikvm: GC_CONCURRENT freed 378K, 87% free 1078K/8192K, paused 1ms+0ms, total 3ms
2018-09-17 11:41:54.045000	ALL	09-17 05:41:54.023   568   658 D MobileDataStateTracker: default: setPolicyDataEnable(enabled=true)
2018-09-17 11:41:54.077000	ALL	09-17 05:41:54.055   568   658 D MobileDataStateTracker: default: setPolicyDataEnable(enabled=true)
2018-09-17 11:41:54.137000	ALL	09-17 05:41:54.115   568   658 D MobileDataStateTracker: default: setPolicyDataEnable(enabled=true)
2018-09-17 11:41:54.173000	ALL	09-17 05:41:54.151   568   658 D MobileDataStateTracker: default: setPolicyDataEnable(enabled=true)
2018-09-17 11:41:54.226000	ALL	09-17 05:41:54.203 30233 30238 D dalvikvm: GC_CONCURRENT freed 406K, 87% free 1076K/8192K, paused 2ms+0ms, total 7ms
2018-09-17 11:41:54.237000	ALL	09-17 05:41:54.215   568   658 D MobileDataStateTracker: default: setPolicyDataEnable(enabled=true)
2018-09-17 11:41:54.325000	ALL	09-17 05:41:54.299 30233 30238 D dalvikvm: GC_CONCURRENT freed 382K, 87% free 1078K/8192K, paused 1ms+0ms, total 3ms
2018-09-17 11:41:54.558000	ALL	09-17 05:41:54.495 30233 30238 D dalvikvm: GC_CONCURRENT freed 406K, 87% free 1076K/8192K, paused 0ms+0ms, total 1ms
2018-09-17 11:41:54.767000	ALL	09-17 05:41:54.687 30233 30238 D dalvikvm: GC_CONCURRENT freed 399K, 87% free 1071K/8192K, paused 0ms+0ms, total 2ms
2018-09-17 11:41:55.058000	ALL	09-17 05:41:54.823 30233 30238 D dalvikvm: GC_CONCURRENT freed 384K, 87% free 1081K/8192K, paused 1ms+0ms, total 3ms
2018-09-17 11:41:55.058000	ALL	09-17 05:41:54.987 30233 30238 D dalvikvm: GC_CONCURRENT freed 398K, 87% free 1080K/8192K, paused 1ms+0ms, total 2ms

2018-09-17 13:27:15.270773 'Run animation' test logs with driver = android

2018-09-17 13:26:37.224000	ALL	09-17 07:26:37.157  3309  3309 I AccessibilityNodeInfoDumper: Skipping invisible child: android.view.accessibility.AccessibilityNodeInfo@c343; boundsInParent: Rect(0, 0 - 0, 144); boundsInScreen: Rect(1080, 75 - 1080, 219); packageName: io.appium.android.apis; className: android.widget.LinearLayout; text: null; contentDescription: null; viewIdResName: null; checkable: false; checked: false; focusable: false; focused: false; selected: false; clickable: false; longClickable: false; enabled: true; password: false; scrollable: false; [ACTION_SELECT, ACTION_CLEAR_SELECTION, ACTION_ACCESSIBILITY_FOCUS]
2018-09-17 13:26:37.231000	ALL	09-17 07:26:37.165  3309  3309 W AccessibilityNodeInfoDumper: Fetch time: 27ms
2018-09-17 13:26:37.310000	ALL	09-17 07:26:37.245  3309  3309 I QueryController: Matched selector: UiSelector[CLASS=android.widget.TextView, INSTANCE=9, COUNT=9] <<==>> [android.view.accessibility.AccessibilityNodeInfo@a8fc; boundsInParent: Rect(0, 0 - 1080, 144); boundsInScreen: Rect(0, 1387 - 1080, 1531); packageName: io.appium.android.apis; className: android.widget.TextView; text: OS; contentDescription: OS; viewIdResName: android:id/text1; checkable: false; checked: false; focusable: false; focused: false; selected: false; clickable: true; longClickable: false; enabled: true; password: false; scrollable: false; [ACTION_SELECT, ACTION_CLEAR_SELECTION, ACTION_CLICK, ACTION_ACCESSIBILITY_FOCUS, ACTION_NEXT_AT_MOVEMENT_GRANULARITY, ACTION_PREVIOUS_AT_MOVEMENT_GRANULARITY, ACTION_SET_SELECTION]]
2018-09-17 13:26:37.331000	ALL	09-17 07:26:37.269  3309  3309 I QueryController: Matched selector: UiSelector[CLASS=android.widget.TextView, INSTANCE=9, COUNT=9] <<==>> [android.view.accessibility.AccessibilityNodeInfo@a8fc; boundsInParent: Rect(0, 0 - 1080, 144); boundsInScreen: Rect(0, 1387 - 1080, 1531); packageName: io.appium.android.apis; className: android.widget.TextView; text: OS; contentDescription: OS; viewIdResName: android:id/text1; checkable: false; checked: false; focusable: false; focused: false; selected: false; clickable: true; longClickable: false; enabled: true; password: false; scrollable: false; [ACTION_SELECT, ACTION_CLEAR_SELECTION, ACTION_CLICK, ACTION_ACCESSIBILITY_FOCUS, ACTION_NEXT_AT_MOVEMENT_GRANULARITY, ACTION_PREVIOUS_AT_MOVEMENT_GRANULARITY, ACTION_SET_SELECTION]]
2018-09-17 13:26:37.337000	ALL	09-17 07:26:37.273  3309  3309 D InteractionController: clickAndSync(540, 1459)
2018-09-17 13:26:37.511000	ALL	09-17 07:26:37.449   613 25760 I ActivityManager: START u0 {cmp=io.appium.android.apis/.ApiDemos (has extras)} from pid 3342
2018-09-17 13:26:37.558000	ALL	09-17 07:26:37.493  3342  3345 D dalvikvm: GC_CONCURRENT freed 460K, 9% free 6688K/7300K, paused 0ms+0ms, total 5ms
2018-09-17 13:26:37.623000	ALL	09-17 07:26:37.565  3342  3342 E EGL_emulation: tid 3342: eglSurfaceAttrib(1210): error 0x3009 (EGL_BAD_MATCH)
2018-09-17 13:26:37.630000	ALL	09-17 07:26:37.565  3342  3342 W HardwareRenderer: Backbuffer cannot be preserved
2018-09-17 13:26:37.745000	ALL	09-17 07:26:37.681   613   628 I ActivityManager: Displayed io.appium.android.apis/.ApiDemos: +225ms
2018-09-17 13:26:38.503000	ALL	09-17 07:26:38.441   613   615 D dalvikvm: GC_CONCURRENT freed 1106K, 16% free 12545K/14804K, paused 1ms+2ms, total 13ms
2018-09-17 13:26:39.256000	ALL	09-17 07:26:39.193  3309  3322 D dalvikvm: GC_FOR_ALLOC freed 7078K, 87% free 1112K/8192K, paused 5ms, total 5ms
2018-09-17 13:26:39.298000	ALL	09-17 07:26:39.237  3309  3314 D dalvikvm: GC_CONCURRENT freed 446K, 87% free 1078K/8192K, paused 0ms+0ms, total 1ms
2018-09-17 13:26:39.337000	ALL	09-17 07:26:39.273  3309  3314 D dalvikvm: GC_CONCURRENT freed 406K, 82% free 1077K/5792K, paused 0ms+0ms, total 2ms
2018-09-17 13:26:39.377000	ALL	09-17 07:26:39.313  3309  3314 D dalvikvm: GC_CONCURRENT freed 405K, 82% free 1080K/5792K, paused 0ms+1ms, total 2ms
2018-09-17 13:26:39.414000	ALL	09-17 07:26:39.353  3309  3314 D dalvikvm: GC_CONCURRENT freed 407K, 82% free 1077K/5792K, paused 0ms+0ms, total 2ms
2018-09-17 13:26:39.446000	ALL	09-17 07:26:39.381  3309  3314 D dalvikvm: GC_CONCURRENT freed 399K, 82% free 1085K/5792K, paused 0ms+0ms, total 3ms
2018-09-17 13:26:39.464000	ALL	09-17 07:26:39.405  3309  3309 I AccessibilityNodeInfoDumper: Skipping invisible child: android.view.accessibility.AccessibilityNodeInfo@10315; boundsInParent: Rect(0, 0 - 0, 144); boundsInScreen: Rect(1080, 75 - 1080, 219); packageName: io.appium.android.apis; className: android.widget.LinearLayout; text: null; contentDescription: null; viewIdResName: null; checkable: false; checked: false; focusable: false; focused: false; selected: false; clickable: false; longClickable: false; enabled: true; password: false; scrollable: false; [ACTION_SELECT, ACTION_CLEAR_SELECTION, ACTION_ACCESSIBILITY_FOCUS]
2018-09-17 13:26:39.469000	ALL	09-17 07:26:39.405  3309  3309 W AccessibilityNodeInfoDumper: Fetch time: 5ms
2018-09-17 13:26:39.480000	ALL	09-17 07:26:39.417  3309  3314 D dalvikvm: GC_CONCURRENT freed 338K, 79% free 1261K/5792K, paused 1ms+1ms, total 5ms
2018-09-17 13:26:39.497000	ALL	09-17 07:26:39.433  3309  3309 I QueryController: Matched selector: UiSelector[CLASS=android.widget.TextView, INSTANCE=4, COUNT=4] <<==>> [android.view.accessibility.AccessibilityNodeInfo@f411; boundsInParent: Rect(0, 0 - 1080, 144); boundsInScreen: Rect(0, 657 - 1080, 801); packageName: io.appium.android.apis; className: android.widget.TextView; text: SMS Messaging; contentDescription: SMS Messaging; viewIdResName: android:id/text1; checkable: false; checked: false; focusable: false; focused: false; selected: false; clickable: true; longClickable: false; enabled: true; password: false; scrollable: false; [ACTION_SELECT, ACTION_CLEAR_SELECTION, ACTION_CLICK, ACTION_ACCESSIBILITY_FOCUS, ACTION_NEXT_AT_MOVEMENT_GRANULARITY, ACTION_PREVIOUS_AT_MOVEMENT_GRANULARITY, ACTION_SET_SELECTION]]
2018-09-17 13:26:39.520000	ALL	09-17 07:26:39.457  3342  3345 D dalvikvm: GC_CONCURRENT freed 1344K, 19% free 6409K/7908K, paused 2ms+5ms, total 11ms
2018-09-17 13:26:39.524000	ALL	09-17 07:26:39.461  3309  3309 I QueryController: Matched selector: UiSelector[CLASS=android.widget.TextView, INSTANCE=4, COUNT=4] <<==>> [android.view.accessibility.AccessibilityNodeInfo@f411; boundsInParent: Rect(0, 0 - 1080, 144); boundsInScreen: Rect(0, 657 - 1080, 801); packageName: io.appium.android.apis; className: android.widget.TextView; text: SMS Messaging; contentDescription: SMS Messaging; viewIdResName: android:id/text1; checkable: false; checked: false; focusable: false; focused: false; selected: false; clickable: true; longClickable: false; enabled: true; password: false; scrollable: false; [ACTION_SELECT, ACTION_CLEAR_SELECTION, ACTION_CLICK, ACTION_ACCESSIBILITY_FOCUS, ACTION_NEXT_AT_MOVEMENT_GRANULARITY, ACTION_PREVIOUS_AT_MOVEMENT_GRANULARITY, ACTION_SET_SELECTION]]
2018-09-17 13:26:39.524000	ALL	09-17 07:26:39.465  3309  3314 D dalvikvm: GC_CONCURRENT freed 585K, 82% free 1087K/5792K, paused 0ms+0ms, total 4ms
2018-09-17 13:26:39.528000	ALL	09-17 07:26:39.465  3309  3309 D InteractionController: clickAndSync(540, 729)
2018-09-17 13:26:39.560000	ALL	09-17 07:26:39.501  3309  3314 D dalvikvm: GC_CONCURRENT freed 417K, 82% free 1079K/5792K, paused 1ms+0ms, total 4ms
2018-09-17 13:26:39.600000	ALL	09-17 07:26:39.537  3309  3314 D dalvikvm: GC_CONCURRENT freed 403K, 82% free 1082K/5792K, paused 0ms+1ms, total 2ms
2018-09-17 13:26:39.684000	ALL	09-17 07:26:39.625  3309  3314 D dalvikvm: GC_CONCURRENT freed 409K, 82% free 1079K/5792K, paused 1ms+0ms, total 9ms
2018-09-17 13:26:39.700000	ALL	09-17 07:26:39.637   613   625 I ActivityManager: START u0 {cmp=io.appium.android.apis/.os.SmsMessagingDemo} from pid 3342
2018-09-17 13:26:39.733000	ALL	09-17 07:26:39.669  3342  3345 D dalvikvm: GC_CONCURRENT freed 227K, 9% free 7196K/7908K, paused 0ms+1ms, total 3ms
2018-09-17 13:26:39.800000	ALL	09-17 07:26:39.741  3342  3342 E EGL_emulation: tid 3342: eglSurfaceAttrib(1210): error 0x3009 (EGL_BAD_MATCH)
2018-09-17 13:26:39.808000	ALL	09-17 07:26:39.741  3342  3342 W HardwareRenderer: Backbuffer cannot be preserved
2018-09-17 13:26:39.889000	ALL	09-17 07:26:39.825   613   628 I ActivityManager: Displayed io.appium.android.apis/.os.SmsMessagingDemo: +172ms
2018-09-17 13:26:41.028000	ALL	09-17 07:26:40.961  3309  3314 D dalvikvm: GC_CONCURRENT freed 365K, 82% free 1098K/5792K, paused 1ms+0ms, total 3ms
2018-09-17 13:26:41.090000	ALL	09-17 07:26:41.029   613   664 D MobileDataStateTracker: default: setPolicyDataEnable(enabled=true)
2018-09-17 13:26:41.177000	ALL	09-17 07:26:41.113  3309  3314 D dalvikvm: GC_CONCURRENT freed 402K, 82% free 1082K/5792K, paused 1ms+0ms, total 3ms
2018-09-17 13:26:41.281000	ALL	09-17 07:26:41.217  3309  3314 D dalvikvm: GC_CONCURRENT freed 398K, 82% free 1090K/5792K, paused 0ms+0ms, total 1ms
2018-09-17 13:26:41.320000	ALL	09-17 07:26:41.257  3309  3314 D dalvikvm: GC_CONCURRENT freed 407K, 82% free 1089K/5792K, paused 0ms+0ms, total 2ms
2018-09-17 13:26:41.353000	ALL	09-17 07:26:41.289  3309  3314 D dalvikvm: GC_CONCURRENT freed 406K, 82% free 1090K/5792K, paused 0ms+0ms, total 2ms
2018-09-17 13:26:41.387000	ALL	09-17 07:26:41.325  3309  3314 D dalvikvm: GC_CONCURRENT freed 416K, 82% free 1080K/5792K, paused 0ms+0ms, total 2ms
2018-09-17 13:26:41.423000	ALL	09-17 07:26:41.361  3309  3314 D dalvikvm: GC_CONCURRENT freed 397K, 82% free 1090K/5792K, paused 0ms+0ms, total 1ms
2018-09-17 13:26:41.456000	ALL	09-17 07:26:41.393  3309  3314 D dalvikvm: GC_CONCURRENT freed 406K, 82% free 1090K/5792K, paused 0ms+1ms, total 2ms
2018-09-17 13:26:41.492000	ALL	09-17 07:26:41.429  3309  3314 D dalvikvm: GC_CONCURRENT freed 407K, 82% free 1089K/5792K, paused 0ms+0ms, total 3ms
2018-09-17 13:26:41.536000	ALL	09-17 07:26:41.473  3309  3314 D dalvikvm: GC_CONCURRENT freed 406K, 82% free 1091K/5792K, paused 0ms+1ms, total 3ms
2018-09-17 13:26:41.581000	ALL	09-17 07:26:41.517  3309  3314 D dalvikvm: GC_CONCURRENT freed 407K, 82% free 1090K/5792K, paused 0ms+0ms, total 2ms
2018-09-17 13:26:41.615000	ALL	09-17 07:26:41.553  3309  3314 D dalvikvm: GC_CONCURRENT freed 406K, 82% free 1090K/5792K, paused 0ms+0ms, total 2ms
2018-09-17 13:26:41.660000	ALL	09-17 07:26:41.597  3309  3314 D dalvikvm: GC_CONCURRENT freed 406K, 82% free 1090K/5792K, paused 1ms+0ms, total 3ms
2018-09-17 13:26:41.698000	ALL	09-17 07:26:41.633  3309  3314 D dalvikvm: GC_CONCURRENT freed 407K, 82% free 1089K/5792K, paused 1ms+0ms, total 2ms
2018-09-17 13:26:41.740000	ALL	09-17 07:26:41.681  3309  3314 D dalvikvm: GC_CONCURRENT freed 407K, 82% free 1090K/5792K, paused 0ms+0ms, total 3ms
2018-09-17 13:26:41.782000	ALL	09-17 07:26:41.721  3309  3314 D dalvikvm: GC_CONCURRENT freed 406K, 82% free 1090K/5792K, paused 0ms+0ms, total 3ms
2018-09-17 13:26:41.822000	ALL	09-17 07:26:41.761  3309  3314 D dalvikvm: GC_CONCURRENT freed 406K, 82% free 1090K/5792K, paused 0ms+0ms, total 2ms
2018-09-17 13:26:41.866000	ALL	09-17 07:26:41.801  3309  3314 D dalvikvm: GC_CONCURRENT freed 406K, 82% free 1090K/5792K, paused 0ms+0ms, total 3ms
2018-09-17 13:26:41.898000	ALL	09-17 07:26:41.833  3342  3345 D dalvikvm: GC_CONCURRENT freed 1110K, 15% free 7320K/8584K, paused 2ms+1ms, total 8ms
2018-09-17 13:26:41.916000	ALL	09-17 07:26:41.853  3309  3309 I AccessibilityNodeInfoDumper: Skipping invisible child: android.view.accessibility.AccessibilityNodeInfo@14e2a; boundsInParent: Rect(0, 0 - 0, 144); boundsInScreen: Rect(1080, 75 - 1080, 219); packageName: io.appium.android.apis; className: android.widget.LinearLayout; text: null; contentDescription: null; viewIdResName: null; checkable: false; checked: false; focusable: false; focused: false; selected: false; clickable: false; longClickable: false; enabled: true; password: false; scrollable: false; [ACTION_SELECT, ACTION_CLEAR_SELECTION, ACTION_ACCESSIBILITY_FOCUS]
2018-09-17 13:26:41.918000	ALL	09-17 07:26:41.861  3309  3314 D dalvikvm: GC_CONCURRENT freed 445K, 81% free 1156K/5792K, paused 1ms+0ms, total 4ms
2018-09-17 13:26:41.925000	ALL	09-17 07:26:41.861  3309  3322 D dalvikvm: WAIT_FOR_CONCURRENT_GC blocked 2ms
2018-09-17 13:26:41.934000	ALL	09-17 07:26:41.873  3309  3309 W AccessibilityNodeInfoDumper: Fetch time: 21ms
2018-09-17 13:26:41.957000	ALL	09-17 07:26:41.893  3309  3314 D dalvikvm: GC_CONCURRENT freed 404K, 80% free 1179K/5792K, paused 1ms+2ms, total 7ms
2018-09-17 13:26:41.979000	ALL	09-17 07:26:41.913  3309  3309 I QueryController: Matched selector: UiSelector[CLASS=android.widget.TextView, INSTANCE=2, COUNT=2] <<==>> [android.view.accessibility.AccessibilityNodeInfo@13022; boundsInParent: Rect(0, 0 - 278, 57); boundsInScreen: Rect(36, 589 - 314, 646); packageName: io.appium.android.apis; className: android.widget.TextView; text: Recipient #; contentDescription: Recipient #; viewIdResName: null; checkable: false; checked: false; focusable: false; focused: false; selected: false; clickable: false; longClickable: false; enabled: true; password: false; scrollable: false; [ACTION_SELECT, ACTION_CLEAR_SELECTION, ACTION_ACCESSIBILITY_FOCUS, ACTION_NEXT_AT_MOVEMENT_GRANULARITY, ACTION_PREVIOUS_AT_MOVEMENT_GRANULARITY, ACTION_SET_SELECTION]]
2018-09-17 13:26:41.987000	ALL	09-17 07:26:41.925  3309  3314 D dalvikvm: GC_CONCURRENT freed 499K, 82% free 1095K/5792K, paused 1ms+0ms, total 2ms
2018-09-17 13:26:41.987000	ALL	09-17 07:26:41.929  3309  3309 I QueryController: Matched selector: UiSelector[CLASS=android.widget.TextView, INSTANCE=2, COUNT=2] <<==>> [android.view.accessibility.AccessibilityNodeInfo@13022; boundsInParent: Rect(0, 0 - 278, 57); boundsInScreen: Rect(36, 589 - 314, 646); packageName: io.appium.android.apis; className: android.widget.TextView; text: Recipient #; contentDescription: Recipient #; viewIdResName: null; checkable: false; checked: false; focusable: false; focused: false; selected: false; clickable: false; longClickable: false; enabled: true; password: false; scrollable: false; [ACTION_SELECT, ACTION_CLEAR_SELECTION, ACTION_ACCESSIBILITY_FOCUS, ACTION_NEXT_AT_MOVEMENT_GRANULARITY, ACTION_PREVIOUS_AT_MOVEMENT_GRANULARITY, ACTION_SET_SELECTION]]
2018-09-17 13:26:41.991000	ALL	09-17 07:26:41.929  3309  3309 D UiObject: getText() = Recipient #
2018-09-17 13:26:42.001000	ALL	09-17 07:26:41.937  3309  3309 I QueryController: Matched selector: UiSelector[CLASS=android.widget.TextView, INSTANCE=2, COUNT=2] <<==>> [android.view.accessibility.AccessibilityNodeInfo@13022; boundsInParent: Rect(0, 0 - 278, 57); boundsInScreen: Rect(36, 589 - 314, 646); packageName: io.appium.android.apis; className: android.widget.TextView; text: Recipient #; contentDescription: Recipient #; viewIdResName: null; checkable: false; checked: false; focusable: false; focused: false; selected: false; clickable: false; longClickable: false; enabled: true; password: false; scrollable: false; [ACTION_SELECT, ACTION_CLEAR_SELECTION, ACTION_ACCESSIBILITY_FOCUS, ACTION_NEXT_AT_MOVEMENT_GRANULARITY, ACTION_PREVIOUS_AT_MOVEMENT_GRANULARITY, ACTION_SET_SELECTION]]
2018-09-17 13:26:42.021000	ALL	09-17 07:26:41.957  3309  3314 D dalvikvm: GC_CONCURRENT freed 352K, 81% free 1138K/5792K, paused 0ms+1ms, total 2ms
2018-09-17 13:26:42.064000	ALL	09-17 07:26:42.001  3309  3314 D dalvikvm: GC_CONCURRENT freed 397K, 81% free 1146K/5792K, paused 0ms+0ms, total 3ms
2018-09-17 13:26:42.108000	ALL	09-17 07:26:42.045  3309  3314 D dalvikvm: GC_CONCURRENT freed 406K, 81% free 1146K/5792K, paused 0ms+1ms, total 2ms
2018-09-17 13:26:42.154000	ALL	09-17 07:26:42.089  3309  3314 D dalvikvm: GC_CONCURRENT freed 405K, 81% free 1145K/5792K, paused 1ms+1ms, total 4ms
2018-09-17 13:26:42.202000	ALL	09-17 07:26:42.141  3309  3314 D dalvikvm: GC_CONCURRENT freed 406K, 81% free 1146K/5792K, paused 1ms+0ms, total 3ms
2018-09-17 13:26:42.248000	ALL	09-17 07:26:42.185  3309  3314 D dalvikvm: GC_CONCURRENT freed 406K, 81% free 1145K/5792K, paused 0ms+0ms, total 3ms
2018-09-17 13:26:42.286000	ALL	09-17 07:26:42.225  3309  3314 D dalvikvm: GC_CONCURRENT freed 405K, 81% free 1145K/5792K, paused 0ms+0ms, total 2ms
2018-09-17 13:26:42.327000	ALL	09-17 07:26:42.265  3309  3314 D dalvikvm: GC_CONCURRENT freed 405K, 81% free 1145K/5792K, paused 1ms+0ms, total 2ms
2018-09-17 13:26:42.365000	ALL	09-17 07:26:42.301  3309  3314 D dalvikvm: GC_CONCURRENT freed 406K, 81% free 1145K/5792K, paused 0ms+0ms, total 3ms
2018-09-17 13:26:42.428000	ALL	09-17 07:26:42.365  3309  3314 D dalvikvm: GC_CONCURRENT freed 405K, 81% free 1146K/5792K, paused 1ms+0ms, total 3ms
2018-09-17 13:26:42.472000	ALL	09-17 07:26:42.409  3309  3314 D dalvikvm: GC_CONCURRENT freed 378K, 81% free 1152K/5792K, paused 2ms+0ms, total 4ms
2018-09-17 13:26:42.513000	ALL	09-17 07:26:42.453  3309  3314 D dalvikvm: GC_CONCURRENT freed 409K, 80% free 1168K/5792K, paused 0ms+1ms, total 4ms
2018-09-17 13:26:42.554000	ALL	09-17 07:26:42.493  3309  3314 D dalvikvm: GC_CONCURRENT freed 398K, 81% free 1153K/5792K, paused 2ms+0ms, total 4ms
2018-09-17 13:26:42.594000	ALL	09-17 07:26:42.533  3309  3314 D dalvikvm: GC_CONCURRENT freed 407K, 81% free 1133K/5792K, paused 0ms+0ms, total 3ms
2018-09-17 13:26:42.639000	ALL	09-17 07:26:42.573  3309  3314 D dalvikvm: GC_CONCURRENT freed 365K, 80% free 1161K/5792K, paused 3ms+0ms, total 5ms
2018-09-17 13:26:42.686000	ALL	09-17 07:26:42.621  3309  3314 D dalvikvm: GC_CONCURRENT freed 419K, 80% free 1160K/5792K, paused 1ms+0ms, total 2ms
2018-09-17 13:26:42.725000	ALL	09-17 07:26:42.661  3309  3314 D dalvikvm: GC_CONCURRENT freed 419K, 81% free 1146K/5792K, paused 0ms+0ms, total 2ms
2018-09-17 13:26:42.763000	ALL	09-17 07:26:42.701  3309  3314 D dalvikvm: GC_CONCURRENT freed 407K, 81% free 1145K/5792K, paused 1ms+0ms, total 2ms
2018-09-17 13:26:42.795000	ALL	09-17 07:26:42.733  3309  3314 D dalvikvm: GC_CONCURRENT freed 405K, 81% free 1146K/5792K, paused 0ms+0ms, total 2ms
2018-09-17 13:26:42.838000	ALL	09-17 07:26:42.773  3309  3314 D dalvikvm: GC_CONCURRENT freed 377K, 81% free 1152K/5792K, paused 1ms+0ms, total 3ms
2018-09-17 13:26:42.888000	ALL	09-17 07:26:42.825  3309  3314 D dalvikvm: GC_CONCURRENT freed 415K, 80% free 1164K/5792K, paused 0ms+1ms, total 3ms
2018-09-17 13:26:42.949000	ALL	09-17 07:26:42.885  3342  3345 D dalvikvm: GC_CONCURRENT freed 1274K, 17% free 7318K/8748K, paused 2ms+1ms, total 7ms
2018-09-17 13:26:42.967000	ALL	09-17 07:26:42.901  3309  3314 D dalvikvm: GC_CONCURRENT freed 435K, 81% free 1134K/5792K, paused 0ms+0ms, total 1ms
2018-09-17 13:26:43.013000	ALL	09-17 07:26:42.949  3309  3314 D dalvikvm: GC_CONCURRENT freed 394K, 81% free 1145K/5792K, paused 0ms+0ms, total 3ms
2018-09-17 13:26:43.058000	ALL	09-17 07:26:42.993  3309  3314 D dalvikvm: GC_CONCURRENT freed 406K, 81% free 1146K/5792K, paused 0ms+0ms, total 2ms
2018-09-17 13:26:43.104000	ALL	09-17 07:26:43.041  3309  3314 D dalvikvm: GC_CONCURRENT freed 405K, 81% free 1146K/5792K, paused 1ms+0ms, total 4ms
2018-09-17 13:26:43.152000	ALL	09-17 07:26:43.085  3309  3314 D dalvikvm: GC_CONCURRENT freed 405K, 81% free 1146K/5792K, paused 0ms+1ms, total 2ms
2018-09-17 13:26:43.197000	ALL	09-17 07:26:43.133  3309  3314 D dalvikvm: GC_CONCURRENT freed 406K, 81% free 1146K/5792K, paused 1ms+1ms, total 4ms
2018-09-17 13:26:43.239000	ALL	09-17 07:26:43.177  3309  3314 D dalvikvm: GC_CONCURRENT freed 406K, 81% free 1145K/5792K, paused 0ms+0ms, total 2ms
2018-09-17 13:26:43.269000	ALL	09-17 07:26:43.205  3309  3314 D dalvikvm: GC_CONCURRENT freed 405K, 81% free 1146K/5792K, paused 0ms+0ms, total 2ms
2018-09-17 13:26:43.308000	ALL	09-17 07:26:43.245  3309  3314 D dalvikvm: GC_CONCURRENT freed 406K, 81% free 1146K/5792K, paused 1ms+0ms, total 2ms
2018-09-17 13:26:43.346000	ALL	09-17 07:26:43.285  3309  3314 D dalvikvm: GC_CONCURRENT freed 405K, 81% free 1146K/5792K, paused 0ms+0ms, total 2ms
2018-09-17 13:26:43.385000	ALL	09-17 07:26:43.321  3309  3314 D dalvikvm: GC_CONCURRENT freed 405K, 81% free 1146K/5792K, paused 1ms+0ms, total 3ms
2018-09-17 13:26:43.446000	ALL	09-17 07:26:43.381  3309  3314 D dalvikvm: GC_CONCURRENT freed 406K, 81% free 1145K/5792K, paused 0ms+0ms, total 3ms
2018-09-17 13:26:43.486000	ALL	09-17 07:26:43.421  3309  3314 D dalvikvm: GC_CONCURRENT freed 405K, 81% free 1146K/5792K, paused 0ms+0ms, total 3ms
2018-09-17 13:26:43.525000	ALL	09-17 07:26:43.461  3309  3314 D dalvikvm: GC_CONCURRENT freed 405K, 81% free 1146K/5792K, paused 1ms+0ms, total 2ms
2018-09-17 13:26:43.563000	ALL	09-17 07:26:43.501  3309  3314 D dalvikvm: GC_CONCURRENT freed 405K, 81% free 1146K/5792K, paused 1ms+0ms, total 3ms
2018-09-17 13:26:43.605000	ALL	09-17 07:26:43.541  3309  3314 D dalvikvm: GC_CONCURRENT freed 405K, 81% free 1146K/5792K, paused 1ms+0ms, total 2ms
2018-09-17 13:26:43.647000	ALL	09-17 07:26:43.585  3309  3314 D dalvikvm: GC_CONCURRENT freed 406K, 81% free 1146K/5792K, paused 1ms+1ms, total 3ms
2018-09-17 13:26:43.679000	ALL	09-17 07:26:43.617  3309  3314 D dalvikvm: GC_CONCURRENT freed 405K, 81% free 1146K/5792K, paused 0ms+0ms, total 2ms
2018-09-17 13:26:43.720000	ALL	09-17 07:26:43.657  3309  3314 D dalvikvm: GC_CONCURRENT freed 405K, 81% free 1146K/5792K, paused 0ms+1ms, total 2ms
2018-09-17 13:26:43.759000	ALL	09-17 07:26:43.697  3309  3314 D dalvikvm: GC_CONCURRENT freed 405K, 81% free 1146K/5792K, paused 0ms+0ms, total 2ms
2018-09-17 13:26:43.800000	ALL	09-17 07:26:43.737  3309  3314 D dalvikvm: GC_CONCURRENT freed 405K, 81% free 1146K/5792K, paused 1ms+1ms, total 2ms
2018-09-17 13:26:43.838000	ALL	09-17 07:26:43.773  3309  3314 D dalvikvm: GC_CONCURRENT freed 405K, 81% free 1146K/5792K, paused 0ms+0ms, total 3ms
2018-09-17 13:26:43.870000	ALL	09-17 07:26:43.809  3309  3314 D dalvikvm: GC_CONCURRENT freed 406K, 81% free 1146K/5792K, paused 0ms+0ms, total 2ms
2018-09-17 13:26:43.900000	ALL	09-17 07:26:43.833  3342  3345 D dalvikvm: GC_CONCURRENT freed 1280K, 17% free 7316K/8752K, paused 0ms+0ms, total 5ms
2018-09-17 13:26:43.934000	ALL	09-17 07:26:43.869  3309  3314 D dalvikvm: GC_CONCURRENT freed 405K, 81% free 1146K/5792K, paused 0ms+0ms, total 3ms
2018-09-17 13:26:43.976000	ALL	09-17 07:26:43.913  3309  3314 D dalvikvm: GC_CONCURRENT freed 406K, 81% free 1145K/5792K, paused 1ms+0ms, total 2ms
2018-09-17 13:26:44.018000	ALL	09-17 07:26:43.953  3309  3314 D dalvikvm: GC_CONCURRENT freed 405K, 81% free 1146K/5792K, paused 0ms+1ms, total 2ms
2018-09-17 13:26:44.056000	ALL	09-17 07:26:43.993  3309  3314 D dalvikvm: GC_CONCURRENT freed 405K, 81% free 1146K/5792K, paused 0ms+0ms, total 2ms
2018-09-17 13:26:44.092000	ALL	09-17 07:26:44.029  3309  3314 D dalvikvm: GC_CONCURRENT freed 405K, 81% free 1146K/5792K, paused 0ms+1ms, total 2ms
2018-09-17 13:26:44.128000	ALL	09-17 07:26:44.065  3309  3314 D dalvikvm: GC_CONCURRENT freed 405K, 81% free 1146K/5792K, paused 1ms+0ms, total 4ms
2018-09-17 13:26:44.191000	ALL	09-17 07:26:44.125  3309  3314 D dalvikvm: GC_CONCURRENT freed 406K, 81% free 1145K/5792K, paused 1ms+1ms, total 4ms
2018-09-17 13:26:44.240000	ALL	09-17 07:26:44.177  3309  3314 D dalvikvm: GC_CONCURRENT freed 404K, 81% free 1145K/5792K, paused 0ms+0ms, total 3ms
2018-09-17 13:26:44.329000	ALL	09-17 07:26:44.269  3309  3314 D dalvikvm: GC_CONCURRENT freed 376K, 81% free 1153K/5792K, paused 2ms+0ms, total 4ms
2018-09-17 13:26:44.444000	ALL	09-17 07:26:44.381  3309  3314 D dalvikvm: GC_CONCURRENT freed 404K, 81% free 1134K/5792K, paused 0ms+0ms, total 2ms
2018-09-17 13:26:44.514000	ALL	09-17 07:26:44.453  3309  3314 D dalvikvm: GC_CONCURRENT freed 393K, 81% free 1146K/5792K, paused 0ms+0ms, total 2ms
2018-09-17 13:26:44.614000	ALL	09-17 07:26:44.549  3309  3314 D dalvikvm: GC_CONCURRENT freed 406K, 81% free 1146K/5792K, paused 0ms+0ms, total 3ms
2018-09-17 13:26:44.704000	ALL	09-17 07:26:44.641  3309  3314 D dalvikvm: GC_CONCURRENT freed 405K, 81% free 1146K/5792K, paused 1ms+0ms, total 3ms
2018-09-17 13:26:44.797000	ALL	09-17 07:26:44.737  3309  3314 D dalvikvm: GC_CONCURRENT freed 405K, 81% free 1146K/5792K, paused 0ms+0ms, total 1ms
2018-09-17 13:26:44.818000	ALL	09-17 07:26:44.761  3309  3309 I QueryController: Matched selector: UiSelector[CLASS=android.widget.TextView, INSTANCE=2, COUNT=2] <<==>> [android.view.accessibility.AccessibilityNodeInfo@13022; boundsInParent: Rect(0, 0 - 278, 57); boundsInScreen: Rect(36, 589 - 314, 646); packageName: io.appium.android.apis; className: android.widget.TextView; text: Recipient #; contentDescription: Recipient #; viewIdResName: null; checkable: false; checked: false; focusable: false; focused: false; selected: false; clickable: false; longClickable: false; enabled: true; password: false; scrollable: false; [ACTION_SELECT, ACTION_CLEAR_SELECTION, ACTION_ACCESSIBILITY_FOCUS, ACTION_NEXT_AT_MOVEMENT_GRANULARITY, ACTION_PREVIOUS_AT_MOVEMENT_GRANULARITY, ACTION_SET_SELECTION]]
2018-09-17 13:26:44.823000	ALL	09-17 07:26:44.761  3309  3309 D UiObject: getText() = Recipient #
2018-09-17 13:26:44.826000	ALL	09-17 07:26:44.765  3309  3309 I QueryController: Matched selector: UiSelector[CLASS=android.widget.TextView, INSTANCE=2, COUNT=2] <<==>> [android.view.accessibility.AccessibilityNodeInfo@13022; boundsInParent: Rect(0, 0 - 278, 57); boundsInScreen: Rect(36, 589 - 314, 646); packageName: io.appium.android.apis; className: android.widget.TextView; text: Recipient #; contentDescription: Recipient #; viewIdResName: null; checkable: false; checked: false; focusable: false; focused: false; selected: false; clickable: false; longClickable: false; enabled: true; password: false; scrollable: false; [ACTION_SELECT, ACTION_CLEAR_SELECTION, ACTION_ACCESSIBILITY_FOCUS, ACTION_NEXT_AT_MOVEMENT_GRANULARITY, ACTION_PREVIOUS_AT_MOVEMENT_GRANULARITY, ACTION_SET_SELECTION]]
2018-09-17 13:26:44.829000	ALL	09-17 07:26:44.765  3309  3309 D UiObject: getText() = Recipient #
2018-09-17 13:26:44.834000	ALL	09-17 07:26:44.769  3309  3309 I QueryController: Matched selector: UiSelector[CLASS=android.widget.TextView, INSTANCE=2, COUNT=2] <<==>> [android.view.accessibility.AccessibilityNodeInfo@13022; boundsInParent: Rect(0, 0 - 278, 57); boundsInScreen: Rect(36, 589 - 314, 646); packageName: io.appium.android.apis; className: android.widget.TextView; text: Recipient #; contentDescription: Recipient #; viewIdResName: null; checkable: false; checked: false; focusable: false; focused: false; selected: false; clickable: false; longClickable: false; enabled: true; password: false; scrollable: false; [ACTION_SELECT, ACTION_CLEAR_SELECTION, ACTION_ACCESSIBILITY_FOCUS, ACTION_NEXT_AT_MOVEMENT_GRANULARITY, ACTION_PREVIOUS_AT_MOVEMENT_GRANULARITY, ACTION_SET_SELECTION]]
2018-09-17 13:26:44.839000	ALL	09-17 07:26:44.777  3309  3314 D dalvikvm: GC_CONCURRENT freed 398K, 81% free 1133K/5792K, paused 0ms+0ms, total 2ms
2018-09-17 13:26:44.845000	ALL	09-17 07:26:44.781  3309  3309 I QueryController: Matched selector: UiSelector[CLASS=android.widget.TextView, INSTANCE=2, COUNT=2] <<==>> [android.view.accessibility.AccessibilityNodeInfo@13022; boundsInParent: Rect(0, 0 - 278, 57); boundsInScreen: Rect(36, 589 - 314, 646); packageName: io.appium.android.apis; className: android.widget.TextView; text: Recipient #; contentDescription: Recipient #; viewIdResName: null; checkable: false; checked: false; focusable: false; focused: false; selected: false; clickable: false; longClickable: false; enabled: true; password: false; scrollable: false; [ACTION_SELECT, ACTION_CLEAR_SELECTION, ACTION_ACCESSIBILITY_FOCUS, ACTION_NEXT_AT_MOVEMENT_GRANULARITY, ACTION_PREVIOUS_AT_MOVEMENT_GRANULARITY, ACTION_SET_SELECTION]]
2018-09-17 13:26:44.944000	ALL	09-17 07:26:44.885  3309  3314 D dalvikvm: GC_CONCURRENT freed 388K, 80% free 1162K/5792K, paused 1ms+0ms, total 4ms
2018-09-17 13:26:45.005000	ALL	09-17 07:26:44.941  3309  3314 D dalvikvm: GC_CONCURRENT freed 423K, 81% free 1145K/5792K, paused 0ms+1ms, total 2ms
2018-09-17 13:26:45.111000	ALL	09-17 07:26:45.049  3309  3314 D dalvikvm: GC_CONCURRENT freed 406K, 81% free 1145K/5792K, paused 1ms+1ms, total 4ms
2018-09-17 13:26:45.199000	ALL	09-17 07:26:45.137  3309  3314 D dalvikvm: GC_CONCURRENT freed 405K, 81% free 1145K/5792K, paused 0ms+0ms, total 2ms
2018-09-17 13:26:45.299000	ALL	09-17 07:26:45.237  3309  3314 D dalvikvm: GC_CONCURRENT freed 405K, 81% free 1146K/5792K, paused 0ms+0ms, total 3ms
2018-09-17 13:26:45.390000	ALL	09-17 07:26:45.325  3309  3314 D dalvikvm: GC_CONCURRENT freed 407K, 81% free 1145K/5792K, paused 1ms+1ms, total 4ms
2018-09-17 13:26:45.461000	ALL	09-17 07:26:45.397  3309  3314 D dalvikvm: GC_CONCURRENT freed 404K, 81% free 1145K/5792K, paused 0ms+0ms, total 2ms
2018-09-17 13:26:45.533000	ALL	09-17 07:26:45.469  3309  3314 D dalvikvm: GC_CONCURRENT freed 407K, 81% free 1145K/5792K, paused 0ms+0ms, total 2ms
2018-09-17 13:26:45.620000	ALL	09-17 07:26:45.557  3342  3345 D dalvikvm: GC_CONCURRENT freed 1267K, 17% free 7323K/8752K, paused 2ms+1ms, total 9ms
2018-09-17 13:26:45.630000	ALL	09-17 07:26:45.569  3309  3314 D dalvikvm: GC_CONCURRENT freed 405K, 81% free 1145K/5792K, paused 1ms+0ms, total 2ms
2018-09-17 13:26:45.710000	ALL	09-17 07:26:45.645  3309  3314 D dalvikvm: GC_CONCURRENT freed 405K, 81% free 1145K/5792K, paused 0ms+0ms, total 1ms
2018-09-17 13:26:45.817000	ALL	09-17 07:26:45.753  3309  3314 D dalvikvm: GC_CONCURRENT freed 406K, 81% free 1145K/5792K, paused 0ms+0ms, total 3ms
2018-09-17 13:26:45.928000	ALL	09-17 07:26:45.861  3309  3314 D dalvikvm: GC_CONCURRENT freed 406K, 81% free 1145K/5792K, paused 1ms+0ms, total 3ms
2018-09-17 13:26:46.004000	ALL	09-17 07:26:45.945  3309  3314 D dalvikvm: GC_CONCURRENT freed 405K, 81% free 1145K/5792K, paused 0ms+2ms, total 3ms
2018-09-17 13:26:46.104000	ALL	09-17 07:26:46.045  3309  3314 D dalvikvm: GC_CONCURRENT freed 406K, 81% free 1145K/5792K, paused 0ms+0ms, total 3ms
2018-09-17 13:26:46.195000	ALL	09-17 07:26:46.129  3309  3314 D dalvikvm: GC_CONCURRENT freed 405K, 81% free 1145K/5792K, paused 0ms+0ms, total 3ms
2018-09-17 13:26:46.290000	ALL	09-17 07:26:46.229  3309  3314 D dalvikvm: GC_CONCURRENT freed 406K, 81% free 1145K/5792K, paused 1ms+0ms, total 4ms
2018-09-17 13:26:46.344000	ALL	09-17 07:26:46.277  3309  3314 D dalvikvm: GC_CONCURRENT freed 405K, 81% free 1145K/5792K, paused 1ms+0ms, total 3ms
2018-09-17 13:26:46.452000	ALL	09-17 07:26:46.389  3309  3314 D dalvikvm: GC_CONCURRENT freed 406K, 81% free 1145K/5792K, paused 0ms+0ms, total 3ms
2018-09-17 13:26:46.528000	ALL	09-17 07:26:46.465  3309  3314 D dalvikvm: GC_CONCURRENT freed 405K, 81% free 1145K/5792K, paused 1ms+0ms, total 3ms
2018-09-17 13:26:46.630000	ALL	09-17 07:26:46.565  3309  3314 D dalvikvm: GC_CONCURRENT freed 405K, 81% free 1145K/5792K, paused 1ms+1ms, total 3ms
2018-09-17 13:26:46.714000	ALL	09-17 07:26:46.653  3309  3314 D dalvikvm: GC_CONCURRENT freed 406K, 81% free 1145K/5792K, paused 1ms+0ms, total 3ms
2018-09-17 13:26:46.802000	ALL	09-17 07:26:46.737  3309  3314 D dalvikvm: GC_CONCURRENT freed 406K, 81% free 1145K/5792K, paused 0ms+0ms, total 1ms
2018-09-17 13:26:46.878000	ALL	09-17 07:26:46.817  3309  3314 D dalvikvm: GC_CONCURRENT freed 407K, 81% free 1146K/5792K, paused 0ms+0ms, total 2ms
2018-09-17 13:26:46.941000	ALL	09-17 07:26:46.877  3309  3314 D dalvikvm: GC_CONCURRENT freed 378K, 81% free 1151K/5792K, paused 2ms+0ms, total 4ms
2018-09-17 13:26:47.016000	ALL	09-17 07:26:46.953  3309  3314 D dalvikvm: GC_CONCURRENT freed 414K, 80% free 1164K/5792K, paused 1ms+0ms, total 4ms
2018-09-17 13:26:47.117000	ALL	09-17 07:26:47.053  3309  3314 D dalvikvm: GC_CONCURRENT freed 424K, 81% free 1145K/5792K, paused 0ms+0ms, total 2ms
2018-09-17 13:26:47.208000	ALL	09-17 07:26:47.141  3309  3314 D dalvikvm: GC_CONCURRENT freed 405K, 81% free 1146K/5792K, paused 1ms+0ms, total 3ms
2018-09-17 13:26:47.308000	ALL	09-17 07:26:47.245  3309  3314 D dalvikvm: GC_CONCURRENT freed 405K, 81% free 1146K/5792K, paused 0ms+0ms, total 2ms
2018-09-17 13:26:47.396000	ALL	09-17 07:26:47.333  3309  3314 D dalvikvm: GC_CONCURRENT freed 405K, 81% free 1146K/5792K, paused 1ms+0ms, total 3ms
2018-09-17 13:26:47.495000	ALL	09-17 07:26:47.433  3309  3314 D dalvikvm: GC_CONCURRENT freed 406K, 81% free 1146K/5792K, paused 0ms+0ms, total 3ms
2018-09-17 13:26:47.590000	ALL	09-17 07:26:47.525  3309  3314 D dalvikvm: GC_CONCURRENT freed 406K, 81% free 1145K/5792K, paused 0ms+0ms, total 2ms
2018-09-17 13:26:47.625000	ALL	09-17 07:26:47.561  3342  3345 D dalvikvm: GC_CONCURRENT freed 1279K, 17% free 7322K/8756K, paused 2ms+1ms, total 8ms
2018-09-17 13:26:47.636000	ALL	09-17 07:26:47.569  3309  3314 D dalvikvm: GC_CONCURRENT freed 404K, 81% free 1145K/5792K, paused 0ms+1ms, total 2ms
2018-09-17 13:26:47.728000	ALL	09-17 07:26:47.665  3309  3314 D dalvikvm: GC_CONCURRENT freed 407K, 81% free 1145K/5792K, paused 0ms+0ms, total 1ms
2018-09-17 13:26:47.821000	ALL	09-17 07:26:47.757  3309  3314 D dalvikvm: GC_CONCURRENT freed 405K, 81% free 1146K/5792K, paused 0ms+0ms, total 2ms
2018-09-17 13:26:47.945000	ALL	09-17 07:26:47.881  3309  3314 D dalvikvm: GC_CONCURRENT freed 387K, 80% free 1161K/5792K, paused 1ms+0ms, total 3ms
2018-09-17 13:26:48.004000	ALL	09-17 07:26:47.945  3309  3314 D dalvikvm: GC_CONCURRENT freed 424K, 81% free 1146K/5792K, paused 1ms+0ms, total 3ms
2018-09-17 13:26:48.108000	ALL	09-17 07:26:48.045  3309  3314 D dalvikvm: GC_CONCURRENT freed 405K, 81% free 1145K/5792K, paused 1ms+0ms, total 3ms
2018-09-17 13:26:48.201000	ALL	09-17 07:26:48.137  3309  3314 D dalvikvm: GC_CONCURRENT freed 405K, 81% free 1145K/5792K, paused 0ms+0ms, total 2ms
2018-09-17 13:26:48.290000	ALL	09-17 07:26:48.225  3309  3314 D dalvikvm: GC_CONCURRENT freed 405K, 81% free 1145K/5792K, paused 1ms+0ms, total 2ms
2018-09-17 13:26:48.387000	ALL	09-17 07:26:48.325  3309  3314 D dalvikvm: GC_CONCURRENT freed 406K, 81% free 1145K/5792K, paused 0ms+0ms, total 1ms
2018-09-17 13:26:48.450000	ALL	09-17 07:26:48.385  3309  3314 D dalvikvm: GC_CONCURRENT freed 405K, 81% free 1145K/5792K, paused 1ms+0ms, total 3ms
2018-09-17 13:26:48.530000	ALL	09-17 07:26:48.465  3309  3314 D dalvikvm: GC_CONCURRENT freed 406K, 81% free 1145K/5792K, paused 0ms+0ms, total 3ms
2018-09-17 13:26:48.630000	ALL	09-17 07:26:48.565  3309  3314 D dalvikvm: GC_CONCURRENT freed 405K, 81% free 1146K/5792K, paused 0ms+1ms, total 3ms
2018-09-17 13:26:48.716000	ALL	09-17 07:26:48.653  3309  3314 D dalvikvm: GC_CONCURRENT freed 405K, 81% free 1146K/5792K, paused 0ms+1ms, total 2ms
2018-09-17 13:26:48.806000	ALL	09-17 07:26:48.741  3309  3314 D dalvikvm: GC_CONCURRENT freed 405K, 81% free 1146K/5792K, paused 0ms+0ms, total 1ms
2018-09-17 13:26:48.911000	ALL	09-17 07:26:48.853  3309  3314 D dalvikvm: GC_CONCURRENT freed 406K, 81% free 1146K/5792K, paused 0ms+0ms, total 2ms
2018-09-17 13:26:48.998000	ALL	09-17 07:26:48.937  3309  3314 D dalvikvm: GC_CONCURRENT freed 404K, 81% free 1146K/5792K, paused 0ms+0ms, total 3ms
2018-09-17 13:26:49.096000	ALL	09-17 07:26:49.037  3309  3314 D dalvikvm: GC_CONCURRENT freed 406K, 81% free 1146K/5792K, paused 0ms+0ms, total 3ms
2018-09-17 13:26:49.190000	ALL	09-17 07:26:49.125  3309  3314 D dalvikvm: GC_CONCURRENT freed 406K, 81% free 1145K/5792K, paused 1ms+0ms, total 3ms
2018-09-17 13:26:49.233000	ALL	09-17 07:26:49.169  3309  3314 D dalvikvm: GC_CONCURRENT freed 404K, 81% free 1145K/5792K, paused 1ms+0ms, total 3ms
2018-09-17 13:26:49.322000	ALL	09-17 07:26:49.257  3309  3314 D dalvikvm: GC_CONCURRENT freed 406K, 81% free 1145K/5792K, paused 0ms+0ms, total 1ms
2018-09-17 13:26:49.436000	ALL	09-17 07:26:49.373  3309  3314 D dalvikvm: GC_CONCURRENT freed 405K, 81% free 1146K/5792K, paused 1ms+0ms, total 3ms
2018-09-17 13:26:49.518000	ALL	09-17 07:26:49.453  3309  3314 D dalvikvm: GC_CONCURRENT freed 377K, 81% free 1152K/5792K, paused 2ms+0ms, total 4ms
2018-09-17 13:26:49.616000	ALL	09-17 07:26:49.557  3309  3314 D dalvikvm: GC_CONCURRENT freed 416K, 80% free 1163K/5792K, paused 1ms+0ms, total 4ms
2018-09-17 13:26:49.702000	ALL	09-17 07:26:49.637  3342  3345 D dalvikvm: GC_CONCURRENT freed 1275K, 17% free 7325K/8756K, paused 2ms+1ms, total 8ms
2018-09-17 13:26:49.717000	ALL	09-17 07:26:49.653  3309  3314 D dalvikvm: GC_CONCURRENT freed 423K, 81% free 1146K/5792K, paused 0ms+0ms, total 2ms
2018-09-17 13:26:49.808000	ALL	09-17 07:26:49.745  3309  3314 D dalvikvm: GC_CONCURRENT freed 406K, 81% free 1145K/5792K, paused 0ms+0ms, total 3ms
2018-09-17 13:26:49.901000	ALL	09-17 07:26:49.841  3309  3314 D dalvikvm: GC_CONCURRENT freed 405K, 81% free 1146K/5792K, paused 0ms+0ms, total 2ms
2018-09-17 13:26:49.995000	ALL	09-17 07:26:49.933  3309  3314 D dalvikvm: GC_CONCURRENT freed 405K, 81% free 1146K/5792K, paused 1ms+0ms, total 2ms
2018-09-17 13:26:50.091000	ALL	09-17 07:26:50.033  3309  3314 D dalvikvm: GC_CONCURRENT freed 406K, 81% free 1145K/5792K, paused 1ms+0ms, total 5ms
2018-09-17 13:26:50.142000	ALL	09-17 07:26:50.077  3309  3314 D dalvikvm: GC_CONCURRENT freed 404K, 81% free 1146K/5792K, paused 1ms+0ms, total 3ms
2018-09-17 13:26:50.233000	ALL	09-17 07:26:50.169  3309  3314 D dalvikvm: GC_CONCURRENT freed 407K, 81% free 1145K/5792K, paused 0ms+0ms, total 3ms
2018-09-17 13:26:50.321000	ALL	09-17 07:26:50.257  3309  3314 D dalvikvm: GC_CONCURRENT freed 405K, 81% free 1146K/5792K, paused 0ms+0ms, total 3ms
2018-09-17 13:26:50.429000	ALL	09-17 07:26:50.369  3309  3314 D dalvikvm: GC_CONCURRENT freed 406K, 81% free 1145K/5792K, paused 0ms+0ms, total 4ms
2018-09-17 13:26:50.448000	ALL	09-17 07:26:50.389  3309  3309 I QueryController: Matched selector: UiSelector[CLASS=android.widget.TextView, INSTANCE=2, COUNT=2] <<==>> [android.view.accessibility.AccessibilityNodeInfo@13022; boundsInParent: Rect(0, 0 - 278, 57); boundsInScreen: Rect(36, 589 - 314, 646); packageName: io.appium.android.apis; className: android.widget.TextView; text: Recipient #; contentDescription: Recipient #; viewIdResName: null; checkable: false; checked: false; focusable: false; focused: false; selected: false; clickable: false; longClickable: false; enabled: true; password: false; scrollable: false; [ACTION_SELECT, ACTION_CLEAR_SELECTION, ACTION_ACCESSIBILITY_FOCUS, ACTION_NEXT_AT_MOVEMENT_GRANULARITY, ACTION_PREVIOUS_AT_MOVEMENT_GRANULARITY, ACTION_SET_SELECTION]]
2018-09-17 13:26:50.452000	ALL	09-17 07:26:50.389  3309  3309 D UiObject: getText() = Recipient #
2018-09-17 13:26:50.452000	ALL	09-17 07:26:50.393  3309  3309 I QueryController: Matched selector: UiSelector[CLASS=android.widget.TextView, INSTANCE=2, COUNT=2] <<==>> [android.view.accessibility.AccessibilityNodeInfo@13022; boundsInParent: Rect(0, 0 - 278, 57); boundsInScreen: Rect(36, 589 - 314, 646); packageName: io.appium.android.apis; className: android.widget.TextView; text: Recipient #; contentDescription: Recipient #; viewIdResName: null; checkable: false; checked: false; focusable: false; focused: false; selected: false; clickable: false; longClickable: false; enabled: true; password: false; scrollable: false; [ACTION_SELECT, ACTION_CLEAR_SELECTION, ACTION_ACCESSIBILITY_FOCUS, ACTION_NEXT_AT_MOVEMENT_GRANULARITY, ACTION_PREVIOUS_AT_MOVEMENT_GRANULARITY, ACTION_SET_SELECTION]]
2018-09-17 13:26:50.460000	ALL	09-17 07:26:50.393  3309  3309 D UiObject: getText() = Recipient #
2018-09-17 13:26:50.464000	ALL	09-17 07:26:50.397  3309  3309 I QueryController: Matched selector: UiSelector[CLASS=android.widget.TextView, INSTANCE=2, COUNT=2] <<==>> [android.view.accessibility.AccessibilityNodeInfo@13022; boundsInParent: Rect(0, 0 - 278, 57); boundsInScreen: Rect(36, 589 - 314, 646); packageName: io.appium.android.apis; className: android.widget.TextView; text: Recipient #; contentDescription: Recipient #; viewIdResName: null; checkable: false; checked: false; focusable: false; focused: false; selected: false; clickable: false; longClickable: false; enabled: true; password: false; scrollable: false; [ACTION_SELECT, ACTION_CLEAR_SELECTION, ACTION_ACCESSIBILITY_FOCUS, ACTION_NEXT_AT_MOVEMENT_GRANULARITY, ACTION_PREVIOUS_AT_MOVEMENT_GRANULARITY, ACTION_SET_SELECTION]]
2018-09-17 13:26:50.465000	ALL	09-17 07:26:50.409  3309  3309 I QueryController: Matched selector: UiSelector[CLASS=android.widget.TextView, INSTANCE=2, COUNT=2] <<==>> [android.view.accessibility.AccessibilityNodeInfo@13022; boundsInParent: Rect(0, 0 - 278, 57); boundsInScreen: Rect(36, 589 - 314, 646); packageName: io.appium.android.apis; className: android.widget.TextView; text: Recipient #; contentDescription: Recipient #; viewIdResName: null; checkable: false; checked: false; focusable: false; focused: false; selected: false; clickable: false; longClickable: false; enabled: true; password: false; scrollable: false; [ACTION_SELECT, ACTION_CLEAR_SELECTION, ACTION_ACCESSIBILITY_FOCUS, ACTION_NEXT_AT_MOVEMENT_GRANULARITY, ACTION_PREVIOUS_AT_MOVEMENT_GRANULARITY, ACTION_SET_SELECTION]]
2018-09-17 13:26:50.508000	ALL	09-17 07:26:50.409  3309  3309 D UiObject: getText() = Recipient #
2018-09-17 13:26:50.508000	ALL	09-17 07:26:50.413  3309  3309 I QueryController: Matched selector: UiSelector[CLASS=android.widget.TextView, INSTANCE=2, COUNT=2] <<==>> [android.view.accessibility.AccessibilityNodeInfo@13022; boundsInParent: Rect(0, 0 - 278, 57); boundsInScreen: Rect(36, 589 - 314, 646); packageName: io.appium.android.apis; className: android.widget.TextView; text: Recipient #; contentDescription: Recipient #; viewIdResName: null; checkable: false; checked: false; focusable: false; focused: false; selected: false; clickable: false; longClickable: false; enabled: true; password: false; scrollable: false; [ACTION_SELECT, ACTION_CLEAR_SELECTION, ACTION_ACCESSIBILITY_FOCUS, ACTION_NEXT_AT_MOVEMENT_GRANULARITY, ACTION_PREVIOUS_AT_MOVEMENT_GRANULARITY, ACTION_SET_SELECTION]]
2018-09-17 13:26:50.508000	ALL	09-17 07:26:50.413  3309  3309 D UiObject: getText() = Recipient #
2018-09-17 13:26:50.508000	ALL	09-17 07:26:50.413  3309  3314 D dalvikvm: GC_CONCURRENT freed 410K, 81% free 1136K/5792K, paused 0ms+0ms, total 2ms
2018-09-17 13:26:50.508000	ALL	09-17 07:26:50.421  3309  3309 I QueryController: Matched selector: UiSelector[CLASS=android.widget.TextView, INSTANCE=2, COUNT=2] <<==>> [android.view.accessibility.AccessibilityNodeInfo@13022; boundsInParent: Rect(0, 0 - 278, 57); boundsInScreen: Rect(36, 589 - 314, 646); packageName: io.appium.android.apis; className: android.widget.TextView; text: Recipient #; contentDescription: Recipient #; viewIdResName: null; checkable: false; checked: false; focusable: false; focused: false; selected: false; clickable: false; longClickable: false; enabled: true; password: false; scrollable: false; [ACTION_SELECT, ACTION_CLEAR_SELECTION, ACTION_ACCESSIBILITY_FOCUS, ACTION_NEXT_AT_MOVEMENT_GRANULARITY, ACTION_PREVIOUS_AT_MOVEMENT_GRANULARITY, ACTION_SET_SELECTION]]
2018-09-17 13:26:50.508000	ALL	09-17 07:26:50.421  3309  3309 D InteractionController: clickAndSync(175, 617)
2018-09-17 13:26:50.512000	ALL	09-17 07:26:50.449  3309  3314 D dalvikvm: GC_CONCURRENT freed 407K, 81% free 1146K/5792K, paused 0ms+0ms, total 2ms
2018-09-17 13:26:50.624000	ALL	09-17 07:26:50.561  3309  3314 D dalvikvm: GC_CONCURRENT freed 405K, 81% free 1146K/5792K, paused 1ms+0ms, total 3ms
2018-09-17 13:26:50.716000	ALL	09-17 07:26:50.653  3309  3314 D dalvikvm: GC_CONCURRENT freed 406K, 81% free 1146K/5792K, paused 0ms+1ms, total 2ms
2018-09-17 13:26:50.812000	ALL	09-17 07:26:50.753  3309  3314 D dalvikvm: GC_CONCURRENT freed 376K, 81% free 1153K/5792K, paused 2ms+0ms, total 3ms
2018-09-17 13:26:50.900000	ALL	09-17 07:26:50.837  3309  3314 D dalvikvm: GC_CONCURRENT freed 417K, 80% free 1165K/5792K, paused 0ms+0ms, total 2ms
2018-09-17 13:26:51.004000	ALL	09-17 07:26:50.941  3309  3314 D dalvikvm: GC_CONCURRENT freed 424K, 81% free 1146K/5792K, paused 1ms+0ms, total 3ms
2018-09-17 13:26:51.096000	ALL	09-17 07:26:51.033  3309  3314 D dalvikvm: GC_CONCURRENT freed 405K, 81% free 1146K/5792K, paused 0ms+0ms, total 3ms
2018-09-17 13:26:51.192000	ALL	09-17 07:26:51.125  3309  3314 D dalvikvm: GC_CONCURRENT freed 406K, 81% free 1146K/5792K, paused 0ms+0ms, total 3ms
2018-09-17 13:26:51.238000	ALL	09-17 07:26:51.169  3309  3314 D dalvikvm: GC_CONCURRENT freed 405K, 81% free 1146K/5792K, paused 1ms+0ms, total 3ms
2018-09-17 13:26:51.318000	ALL	09-17 07:26:51.253  3309  3314 D dalvikvm: GC_CONCURRENT freed 406K, 81% free 1146K/5792K, paused 0ms+0ms, total 2ms
2018-09-17 13:26:51.434000	ALL	09-17 07:26:51.369  3309  3314 D dalvikvm: GC_CONCURRENT freed 406K, 81% free 1146K/5792K, paused 1ms+0ms, total 5ms
2018-09-17 13:26:51.509000	ALL	09-17 07:26:51.445  3309  3314 D dalvikvm: GC_CONCURRENT freed 417K, 81% free 1134K/5792K, paused 0ms+0ms, total 1ms
2018-09-17 13:26:51.619000	ALL	09-17 07:26:51.557  3309  3314 D dalvikvm: GC_CONCURRENT freed 394K, 81% free 1146K/5792K, paused 0ms+0ms, total 3ms
2018-09-17 13:26:51.705000	ALL	09-17 07:26:51.641  3342  3345 D dalvikvm: GC_CONCURRENT freed 1279K, 17% free 7324K/8756K, paused 3ms+1ms, total 9ms
2018-09-17 13:26:51.716000	ALL	09-17 07:26:51.653  3309  3314 D dalvikvm: GC_CONCURRENT freed 405K, 81% free 1147K/5792K, paused 0ms+0ms, total 3ms
2018-09-17 13:26:51.808000	ALL	09-17 07:26:51.741  3309  3314 D dalvikvm: GC_CONCURRENT freed 405K, 81% free 1147K/5792K, paused 1ms+1ms, total 3ms
2018-09-17 13:26:51.896000	ALL	09-17 07:26:51.833  3309  3314 D dalvikvm: GC_CONCURRENT freed 418K, 81% free 1134K/5792K, paused 0ms+0ms, total 2ms
2018-09-17 13:26:51.995000	ALL	09-17 07:26:51.933  3309  3314 D dalvikvm: GC_CONCURRENT freed 393K, 81% free 1147K/5792K, paused 0ms+0ms, total 3ms
2018-09-17 13:26:52.094000	ALL	09-17 07:26:52.029  3309  3314 D dalvikvm: GC_CONCURRENT freed 407K, 81% free 1146K/5792K, paused 0ms+0ms, total 3ms
2018-09-17 13:26:52.138000	ALL	09-17 07:26:52.073  3309  3314 D dalvikvm: GC_CONCURRENT freed 405K, 81% free 1146K/5792K, paused 0ms+1ms, total 2ms
2018-09-17 13:26:52.227000	ALL	09-17 07:26:52.161  3309  3314 D dalvikvm: GC_CONCURRENT freed 406K, 81% free 1147K/5792K, paused 0ms+1ms, total 3ms
2018-09-17 13:26:52.318000	ALL	09-17 07:26:52.253  3309  3314 D dalvikvm: GC_CONCURRENT freed 406K, 81% free 1146K/5792K, paused 0ms+0ms, total 2ms
2018-09-17 13:26:52.437000	ALL	09-17 07:26:52.373  3309  3314 D dalvikvm: GC_CONCURRENT freed 405K, 81% free 1146K/5792K, paused 1ms+1ms, total 4ms
2018-09-17 13:26:52.508000	ALL	09-17 07:26:52.445  3309  3314 D dalvikvm: GC_CONCURRENT freed 406K, 81% free 1146K/5792K, paused 0ms+0ms, total 3ms
2018-09-17 13:26:52.610000	ALL	09-17 07:26:52.545  3309  3314 D dalvikvm: GC_CONCURRENT freed 405K, 81% free 1147K/5792K, paused 0ms+1ms, total 3ms
2018-09-17 13:26:52.708000	ALL	09-17 07:26:52.649  3309  3314 D dalvikvm: GC_CONCURRENT freed 406K, 81% free 1147K/5792K, paused 0ms+0ms, total 3ms
2018-09-17 13:26:52.798000	ALL	09-17 07:26:52.733  3309  3314 D dalvikvm: GC_CONCURRENT freed 406K, 81% free 1146K/5792K, paused 1ms+1ms, total 3ms
2018-09-17 13:26:52.894000	ALL	09-17 07:26:52.829  3309  3314 D dalvikvm: GC_CONCURRENT freed 405K, 81% free 1146K/5792K, paused 1ms+0ms, total 3ms
2018-09-17 13:26:52.988000	ALL	09-17 07:26:52.921  3309  3314 D dalvikvm: GC_CONCURRENT freed 405K, 81% free 1147K/5792K, paused 0ms+0ms, total 3ms
2018-09-17 13:26:53.032000	ALL	09-17 07:26:52.969  3309  3314 D dalvikvm: GC_CONCURRENT freed 405K, 81% free 1146K/5792K, paused 0ms+0ms, total 3ms
2018-09-17 13:26:53.128000	ALL	09-17 07:26:53.065  3309  3314 D dalvikvm: GC_CONCURRENT freed 406K, 81% free 1146K/5792K, paused 1ms+1ms, total 3ms
2018-09-17 13:26:53.224000	ALL	09-17 07:26:53.165  3309  3314 D dalvikvm: GC_CONCURRENT freed 405K, 81% free 1147K/5792K, paused 1ms+0ms, total 3ms
2018-09-17 13:26:53.325000	ALL	09-17 07:26:53.261  3309  3314 D dalvikvm: GC_CONCURRENT freed 405K, 81% free 1147K/5792K, paused 0ms+0ms, total 2ms
2018-09-17 13:26:53.440000	ALL	09-17 07:26:53.377  3309  3314 D dalvikvm: GC_CONCURRENT freed 406K, 81% free 1146K/5792K, paused 0ms+0ms, total 2ms
2018-09-17 13:26:53.501000	ALL	09-17 07:26:53.437  3309  3314 D dalvikvm: GC_CONCURRENT freed 405K, 81% free 1146K/5792K, paused 0ms+0ms, total 1ms
2018-09-17 13:26:53.587000	ALL	09-17 07:26:53.529  3309  3309 W InteractionController: runAndwaitForEvent timedout waiting for events
2018-09-17 13:26:53.605000	ALL	09-17 07:26:53.541  3309  3314 D dalvikvm: GC_CONCURRENT freed 407K, 81% free 1146K/5792K, paused 0ms+0ms, total 2ms
2018-09-17 13:26:53.609000	ALL	09-17 07:26:53.553  3309  3309 I QueryController: Matched selector: UiSelector[CLASS=android.widget.TextView, INSTANCE=2, COUNT=2] <<==>> [android.view.accessibility.AccessibilityNodeInfo@13022; boundsInParent: Rect(0, 0 - 278, 57); boundsInScreen: Rect(36, 589 - 314, 646); packageName: io.appium.android.apis; className: android.widget.TextView; text: Recipient #; contentDescription: Recipient #; viewIdResName: null; checkable: false; checked: false; focusable: false; focused: false; selected: false; clickable: false; longClickable: false; enabled: true; password: false; scrollable: false; [ACTION_SELECT, ACTION_CLEAR_SELECTION, ACTION_ACCESSIBILITY_FOCUS, ACTION_NEXT_AT_MOVEMENT_GRANULARITY, ACTION_PREVIOUS_AT_MOVEMENT_GRANULARITY, ACTION_SET_SELECTION]]
2018-09-17 13:26:53.615000	ALL	09-17 07:26:53.553  3309  3309 D UiObject: getText() = Recipient #
2018-09-17 13:26:53.626000	ALL	09-17 07:26:53.569  3309  3309 I QueryController: Matched selector: UiSelector[CLASS=android.widget.TextView, INSTANCE=2, COUNT=2] <<==>> [android.view.accessibility.AccessibilityNodeInfo@13022; boundsInParent: Rect(0, 0 - 278, 57); boundsInScreen: Rect(36, 589 - 314, 646); packageName: io.appium.android.apis; className: android.widget.TextView; text: Recipient #; contentDescription: Recipient #; viewIdResName: null; checkable: false; checked: false; focusable: false; focused: false; selected: false; clickable: false; longClickable: false; enabled: true; password: false; scrollable: false; [ACTION_SELECT, ACTION_CLEAR_SELECTION, ACTION_ACCESSIBILITY_FOCUS, ACTION_NEXT_AT_MOVEMENT_GRANULARITY, ACTION_PREVIOUS_AT_MOVEMENT_GRANULARITY, ACTION_SET_SELECTION]]
2018-09-17 13:26:53.631000	ALL	09-17 07:26:53.569  3309  3309 D UiObject: getText() = Recipient #
2018-09-17 13:26:53.642000	ALL	09-17 07:26:53.585  3309  3309 I QueryController: Matched selector: UiSelector[CLASS=android.widget.TextView, INSTANCE=2, COUNT=2] <<==>> [android.view.accessibility.AccessibilityNodeInfo@13022; boundsInParent: Rect(0, 0 - 278, 57); boundsInScreen: Rect(36, 589 - 314, 646); packageName: io.appium.android.apis; className: android.widget.TextView; text: Recipient #; contentDescription: Recipient #; viewIdResName: null; checkable: false; checked: false; focusable: false; focused: false; selected: false; clickable: false; longClickable: false; enabled: true; password: false; scrollable: false; [ACTION_SELECT, ACTION_CLEAR_SELECTION, ACTION_ACCESSIBILITY_FOCUS, ACTION_NEXT_AT_MOVEMENT_GRANULARITY, ACTION_PREVIOUS_AT_MOVEMENT_GRANULARITY, ACTION_SET_SELECTION]]
2018-09-17 13:26:53.643000	ALL	09-17 07:26:53.585  3309  3309 D UiObject: getText() = Recipient #
2018-09-17 13:26:53.648000	ALL	09-17 07:26:53.585  3309  3314 D dalvikvm: GC_CONCURRENT freed 392K, 81% free 1143K/5792K, paused 1ms+0ms, total 3ms
2018-09-17 13:26:53.649000	ALL	09-17 07:26:53.589  3309  3309 I QueryController: Matched selector: UiSelector[CLASS=android.widget.TextView, INSTANCE=2, COUNT=2] <<==>> [android.view.accessibility.AccessibilityNodeInfo@13022; boundsInParent: Rect(0, 0 - 278, 57); boundsInScreen: Rect(36, 589 - 314, 646); packageName: io.appium.android.apis; className: android.widget.TextView; text: Recipient #; contentDescription: Recipient #; viewIdResName: null; checkable: false; checked: false; focusable: false; focused: false; selected: false; clickable: false; longClickable: false; enabled: true; password: false; scrollable: false; [ACTION_SELECT, ACTION_CLEAR_SELECTION, ACTION_ACCESSIBILITY_FOCUS, ACTION_NEXT_AT_MOVEMENT_GRANULARITY, ACTION_PREVIOUS_AT_MOVEMENT_GRANULARITY, ACTION_SET_SELECTION]]
2018-09-17 13:26:53.653000	ALL	09-17 07:26:53.589  3309  3309 D UiObject: getText() = Recipient #
2018-09-17 13:26:53.653000	ALL	09-17 07:26:53.593  3309  3309 I QueryController: Matched selector: UiSelector[CLASS=android.widget.TextView, INSTANCE=2, COUNT=2] <<==>> [android.view.accessibility.AccessibilityNodeInfo@13022; boundsInParent: Rect(0, 0 - 278, 57); boundsInScreen: Rect(36, 589 - 314, 646); packageName: io.appium.android.apis; className: android.widget.TextView; text: Recipient #; contentDescription: Recipient #; viewIdResName: null; checkable: false; checked: false; focusable: false; focused: false; selected: false; clickable: false; longClickable: false; enabled: true; password: false; scrollable: false; [ACTION_SELECT, ACTION_CLEAR_SELECTION, ACTION_ACCESSIBILITY_FOCUS, ACTION_NEXT_AT_MOVEMENT_GRANULARITY, ACTION_PREVIOUS_AT_MOVEMENT_GRANULARITY, ACTION_SET_SELECTION]]
2018-09-17 13:26:53.657000	ALL	09-17 07:26:53.597  3309  3309 D UiObject: getText() = Recipient #
2018-09-17 13:26:53.657000	ALL	09-17 07:26:53.597  3309  3309 I QueryController: Matched selector: UiSelector[CLASS=android.widget.TextView, INSTANCE=2, COUNT=2] <<==>> [android.view.accessibility.AccessibilityNodeInfo@13022; boundsInParent: Rect(0, 0 - 278, 57); boundsInScreen: Rect(36, 589 - 314, 646); packageName: io.appium.android.apis; className: android.widget.TextView; text: Recipient #; contentDescription: Recipient #; viewIdResName: null; checkable: false; checked: false; focusable: false; focused: false; selected: false; clickable: false; longClickable: false; enabled: true; password: false; scrollable: false; [ACTION_SELECT, ACTION_CLEAR_SELECTION, ACTION_ACCESSIBILITY_FOCUS, ACTION_NEXT_AT_MOVEMENT_GRANULARITY, ACTION_PREVIOUS_AT_MOVEMENT_GRANULARITY, ACTION_SET_SELECTION]]
2018-09-17 13:26:53.700000	ALL	09-17 07:26:53.601  3309  3309 D UiObject: getText() = Recipient #
2018-09-17 13:26:53.700000	ALL	09-17 07:26:53.605  3309  3309 I QueryController: Matched selector: UiSelector[CLASS=android.widget.TextView, INSTANCE=2, COUNT=2] <<==>> [android.view.accessibility.AccessibilityNodeInfo@13022; boundsInParent: Rect(0, 0 - 278, 57); boundsInScreen: Rect(36, 589 - 314, 646); packageName: io.appium.android.apis; className: android.widget.TextView; text: Recipient #; contentDescription: Recipient #; viewIdResName: null; checkable: false; checked: false; focusable: false; focused: false; selected: false; clickable: false; longClickable: false; enabled: true; password: false; scrollable: false; [ACTION_SELECT, ACTION_CLEAR_SELECTION, ACTION_ACCESSIBILITY_FOCUS, ACTION_NEXT_AT_MOVEMENT_GRANULARITY, ACTION_PREVIOUS_AT_MOVEMENT_GRANULARITY, ACTION_SET_SELECTION]]
2018-09-17 13:26:53.700000	ALL	09-17 07:26:53.605  3309  3309 D UiObject: getText() = Recipient #
2018-09-17 13:26:53.700000	ALL	09-17 07:26:53.605  3309  3309 I QueryController: Matched selector: UiSelector[CLASS=android.widget.TextView, INSTANCE=2, COUNT=2] <<==>> [android.view.accessibility.AccessibilityNodeInfo@13022; boundsInParent: Rect(0, 0 - 278, 57); boundsInScreen: Rect(36, 589 - 314, 646); packageName: io.appium.android.apis; className: android.widget.TextView; text: Recipient #; contentDescription: Recipient #; viewIdResName: null; checkable: false; checked: false; focusable: false; focused: false; selected: false; clickable: false; longClickable: false; enabled: true; password: false; scrollable: false; [ACTION_SELECT, ACTION_CLEAR_SELECTION, ACTION_ACCESSIBILITY_FOCUS, ACTION_NEXT_AT_MOVEMENT_GRANULARITY, ACTION_PREVIOUS_AT_MOVEMENT_GRANULARITY, ACTION_SET_SELECTION]]
2018-09-17 13:26:53.700000	ALL	09-17 07:26:53.613  3309  3309 I QueryController: Matched selector: UiSelector[CLASS=android.widget.TextView, INSTANCE=2, COUNT=2] <<==>> [android.view.accessibility.AccessibilityNodeInfo@13022; boundsInParent: Rect(0, 0 - 278, 57); boundsInScreen: Rect(36, 589 - 314, 646); packageName: io.appium.android.apis; className: android.widget.TextView; text: Recipient #; contentDescription: Recipient #; viewIdResName: null; checkable: false; checked: false; focusable: false; focused: false; selected: false; clickable: false; longClickable: false; enabled: true; password: false; scrollable: false; [ACTION_SELECT, ACTION_CLEAR_SELECTION, ACTION_ACCESSIBILITY_FOCUS, ACTION_NEXT_AT_MOVEMENT_GRANULARITY, ACTION_PREVIOUS_AT_MOVEMENT_GRANULARITY, ACTION_SET_SELECTION]]
2018-09-17 13:26:53.700000	ALL	09-17 07:26:53.613  3309  3309 D UiObject: getText() = Recipient #
2018-09-17 13:26:53.700000	ALL	09-17 07:26:53.617  3309  3309 I QueryController: Matched selector: UiSelector[CLASS=android.widget.TextView, INSTANCE=2, COUNT=2] <<==>> [android.view.accessibility.AccessibilityNodeInfo@13022; boundsInParent: Rect(0, 0 - 278, 57); boundsInScreen: Rect(36, 589 - 314, 646); packageName: io.appium.android.apis; className: android.widget.TextView; text: Recipient #; contentDescription: Recipient #; viewIdResName: null; checkable: false; checked: false; focusable: false; focused: false; selected: false; clickable: false; longClickable: false; enabled: true; password: false; scrollable: false; [ACTION_SELECT, ACTION_CLEAR_SELECTION, ACTION_ACCESSIBILITY_FOCUS, ACTION_NEXT_AT_MOVEMENT_GRANULARITY, ACTION_PREVIOUS_AT_MOVEMENT_GRANULARITY, ACTION_SET_SELECTION]]
2018-09-17 13:26:53.700000	ALL	09-17 07:26:53.617  3309  3309 D UiObject: getText() = Recipient #
2018-09-17 13:26:53.700000	ALL	09-17 07:26:53.617  3309  3314 D dalvikvm: GC_CONCURRENT freed 413K, 81% free 1146K/5792K, paused 1ms+0ms, total 2ms
2018-09-17 13:26:53.700000	ALL	09-17 07:26:53.625  3342  3345 D dalvikvm: GC_CONCURRENT freed 1282K, 17% free 7322K/8760K, paused 2ms+2ms, total 9ms
2018-09-17 13:26:53.720000	ALL	09-17 07:26:53.657  3309  3314 D dalvikvm: GC_CONCURRENT freed 405K, 81% free 1146K/5792K, paused 0ms+0ms, total 2ms
2018-09-17 13:26:53.722000	ALL	09-17 07:26:53.665  3309  3309 I QueryController: Matched selector: UiSelector[CLASS=android.widget.TextView, INSTANCE=2, COUNT=2] <<==>> [android.view.accessibility.AccessibilityNodeInfo@13022; boundsInParent: Rect(0, 0 - 278, 57); boundsInScreen: Rect(36, 589 - 314, 646); packageName: io.appium.android.apis; className: android.widget.TextView; text: Recipient #; contentDescription: Recipient #; viewIdResName: null; checkable: false; checked: false; focusable: false; focused: false; selected: false; clickable: false; longClickable: false; enabled: true; password: false; scrollable: false; [ACTION_SELECT, ACTION_CLEAR_SELECTION, ACTION_ACCESSIBILITY_FOCUS, ACTION_NEXT_AT_MOVEMENT_GRANULARITY, ACTION_PREVIOUS_AT_MOVEMENT_GRANULARITY, ACTION_SET_SELECTION]]
2018-09-17 13:26:53.727000	ALL	09-17 07:26:53.665  3309  3309 D UiObject: getText() = Recipient #
2018-09-17 13:26:53.733000	ALL	09-17 07:26:53.669  3309  3309 I QueryController: Matched selector: UiSelector[CLASS=android.widget.TextView, INSTANCE=2, COUNT=2] <<==>> [android.view.accessibility.AccessibilityNodeInfo@13022; boundsInParent: Rect(0, 0 - 278, 57); boundsInScreen: Rect(36, 589 - 314, 646); packageName: io.appium.android.apis; className: android.widget.TextView; text: Recipient #; contentDescription: Recipient #; viewIdResName: null; checkable: false; checked: false; focusable: false; focused: false; selected: false; clickable: false; longClickable: false; enabled: true; password: false; scrollable: false; [ACTION_SELECT, ACTION_CLEAR_SELECTION, ACTION_ACCESSIBILITY_FOCUS, ACTION_NEXT_AT_MOVEMENT_GRANULARITY, ACTION_PREVIOUS_AT_MOVEMENT_GRANULARITY, ACTION_SET_SELECTION]]
2018-09-17 13:26:53.811000	ALL	09-17 07:26:53.749  3309  3314 D dalvikvm: GC_CONCURRENT freed 396K, 81% free 1136K/5792K, paused 1ms+0ms, total 2ms
2018-09-17 13:26:53.904000	ALL	09-17 07:26:53.841  3309  3314 D dalvikvm: GC_CONCURRENT freed 393K, 81% free 1148K/5792K, paused 0ms+0ms, total 2ms
2018-09-17 13:26:53.996000	ALL	09-17 07:26:53.933  3309  3314 D dalvikvm: GC_CONCURRENT freed 406K, 81% free 1147K/5792K, paused 0ms+0ms, total 2ms
2018-09-17 13:26:54.098000	ALL	09-17 07:26:54.037  3309  3314 D dalvikvm: GC_CONCURRENT freed 405K, 81% free 1148K/5792K, paused 1ms+0ms, total 3ms
2018-09-17 13:26:54.189000	ALL	09-17 07:26:54.129  3309  3314 D dalvikvm: GC_CONCURRENT freed 407K, 81% free 1147K/5792K, paused 1ms+0ms, total 3ms
2018-09-17 13:26:54.232000	ALL	09-17 07:26:54.169  3309  3314 D dalvikvm: GC_CONCURRENT freed 405K, 81% free 1147K/5792K, paused 0ms+0ms, total 3ms
2018-09-17 13:26:54.299000	ALL	09-17 07:26:54.233  3309  3314 D dalvikvm: GC_CONCURRENT freed 407K, 81% free 1148K/5792K, paused 0ms+0ms, total 2ms
2018-09-17 13:26:54.400000	ALL	09-17 07:26:54.337  3309  3314 D dalvikvm: GC_CONCURRENT freed 405K, 81% free 1148K/5792K, paused 1ms+0ms, total 3ms
2018-09-17 13:26:54.494000	ALL	09-17 07:26:54.429  3309  3314 D dalvikvm: GC_CONCURRENT freed 406K, 81% free 1148K/5792K, paused 1ms+0ms, total 4ms
2018-09-17 13:26:54.593000	ALL	09-17 07:26:54.529  3309  3314 D dalvikvm: GC_CONCURRENT freed 377K, 80% free 1159K/5792K, paused 2ms+0ms, total 5ms
2018-09-17 13:26:54.644000	ALL	09-17 07:26:54.577  3309  3314 D dalvikvm: GC_CONCURRENT freed 415K, 80% free 1165K/5792K, paused 1ms+0ms, total 4ms
2018-09-17 13:26:54.725000	ALL	09-17 07:26:54.661  3309  3314 D dalvikvm: GC_CONCURRENT freed 424K, 81% free 1148K/5792K, paused 0ms+0ms, total 3ms
2018-09-17 13:26:54.829000	ALL	09-17 07:26:54.765  3309  3314 D dalvikvm: GC_CONCURRENT freed 406K, 81% free 1148K/5792K, paused 0ms+0ms, total 2ms
2018-09-17 13:26:54.948000	ALL	09-17 07:26:54.881  3309  3314 D dalvikvm: GC_CONCURRENT freed 405K, 81% free 1148K/5792K, paused 0ms+0ms, total 2ms
2018-09-17 13:26:55.001000	ALL	09-17 07:26:54.937  3309  3314 D dalvikvm: GC_CONCURRENT freed 407K, 81% free 1147K/5792K, paused 0ms+0ms, total 3ms
2018-09-17 13:26:55.107000	ALL	09-17 07:26:55.045  3309  3314 D dalvikvm: GC_CONCURRENT freed 406K, 81% free 1148K/5792K, paused 0ms+0ms, total 2ms
2018-09-17 13:26:55.203000	ALL	09-17 07:26:55.141  3309  3314 D dalvikvm: GC_CONCURRENT freed 405K, 81% free 1148K/5792K, paused 0ms+1ms, total 2ms
2018-09-17 13:26:55.289000	ALL	09-17 07:26:55.229  3309  3314 D dalvikvm: GC_CONCURRENT freed 407K, 81% free 1148K/5792K, paused 0ms+1ms, total 2ms
2018-09-17 13:26:55.332000	ALL	09-17 07:26:55.269  3309  3314 D dalvikvm: GC_CONCURRENT freed 404K, 81% free 1148K/5792K, paused 1ms+0ms, total 3ms
2018-09-17 13:26:55.444000	ALL	09-17 07:26:55.381  3309  3314 D dalvikvm: GC_CONCURRENT freed 406K, 81% free 1147K/5792K, paused 0ms+0ms, total 3ms
2018-09-17 13:26:55.505000	ALL	09-17 07:26:55.441  3309  3314 D dalvikvm: GC_CONCURRENT freed 406K, 81% free 1148K/5792K, paused 0ms+0ms, total 3ms
2018-09-17 13:26:55.614000	ALL	09-17 07:26:55.553  3309  3314 D dalvikvm: GC_CONCURRENT freed 405K, 81% free 1148K/5792K, paused 1ms+0ms, total 4ms
2018-09-17 13:26:55.628000	ALL	09-17 07:26:55.565  3342  3345 D dalvikvm: GC_CONCURRENT freed 1279K, 17% free 7322K/8760K, paused 5ms+1ms, total 11ms
2018-09-17 13:26:55.704000	ALL	09-17 07:26:55.645  3309  3314 D dalvikvm: GC_CONCURRENT freed 406K, 81% free 1148K/5792K, paused 0ms+0ms, total 2ms
2018-09-17 13:26:55.800000	ALL	09-17 07:26:55.733  3309  3314 D dalvikvm: GC_CONCURRENT freed 405K, 81% free 1148K/5792K, paused 0ms+0ms, total 2ms
2018-09-17 13:26:55.891000	ALL	09-17 07:26:55.825  3309  3314 D dalvikvm: GC_CONCURRENT freed 406K, 81% free 1147K/5792K, paused 0ms+0ms, total 3ms
2018-09-17 13:26:55.962000	ALL	09-17 07:26:55.897  3309  3314 D dalvikvm: GC_CONCURRENT freed 405K, 81% free 1147K/5792K, paused 0ms+1ms, total 3ms
2018-09-17 13:26:56.024000	ALL	09-17 07:26:55.957  3309  3314 D dalvikvm: GC_CONCURRENT freed 406K, 81% free 1148K/5792K, paused 0ms+1ms, total 2ms
2018-09-17 13:26:56.120000	ALL	09-17 07:26:56.057  3309  3314 D dalvikvm: GC_CONCURRENT freed 406K, 81% free 1148K/5792K, paused 0ms+0ms, total 2ms
2018-09-17 13:26:56.217000	ALL	09-17 07:26:56.153  3309  3314 D dalvikvm: GC_CONCURRENT freed 405K, 81% free 1148K/5792K, paused 0ms+0ms, total 4ms
2018-09-17 13:26:56.309000	ALL	09-17 07:26:56.245  3309  3314 D dalvikvm: GC_CONCURRENT freed 406K, 81% free 1147K/5792K, paused 0ms+0ms, total 2ms
2018-09-17 13:26:56.405000	ALL	09-17 07:26:56.341  3309  3314 D dalvikvm: GC_CONCURRENT freed 406K, 81% free 1148K/5792K, paused 1ms+0ms, total 3ms
2018-09-17 13:26:56.501000	ALL	09-17 07:26:56.437  3309  3314 D dalvikvm: GC_CONCURRENT freed 405K, 81% free 1148K/5792K, paused 0ms+0ms, total 2ms
2018-09-17 13:26:56.569000	ALL	09-17 07:26:56.505   753  2692 I LatinIME:LogUtils: Dictionary info: dictionary = contacts.en_US.dict ; version = ? ; date = ?
2018-09-17 13:26:56.718000	ALL	09-17 07:26:56.653  3309  3314 D dalvikvm: GC_CONCURRENT freed 402K, 81% free 1142K/5792K, paused 0ms+1ms, total 2ms
2018-09-17 13:26:56.731000	ALL	09-17 07:26:56.669  3309  3309 I AccessibilityNodeInfoDumper: Skipping invisible child: android.view.accessibility.AccessibilityNodeInfo@14e2a; boundsInParent: Rect(0, 0 - 0, 144); boundsInScreen: Rect(1080, 75 - 1080, 219); packageName: io.appium.android.apis; className: android.widget.LinearLayout; text: null; contentDescription: null; viewIdResName: null; checkable: false; checked: false; focusable: false; focused: false; selected: false; clickable: false; longClickable: false; enabled: true; password: false; scrollable: false; [ACTION_SELECT, ACTION_CLEAR_SELECTION, ACTION_ACCESSIBILITY_FOCUS]
2018-09-17 13:26:56.737000	ALL	09-17 07:26:56.673  3309  3309 W AccessibilityNodeInfoDumper: Fetch time: 10ms
2018-09-17 13:26:56.749000	ALL	09-17 07:26:56.689  3309  3314 D dalvikvm: GC_CONCURRENT freed 252K, 78% free 1308K/5792K, paused 0ms+2ms, total 4ms
2018-09-17 13:26:57.202000	ALL	09-17 07:26:57.137  3309  3309 I QueryController: Matched selector: UiSelector[CLASS=android.widget.TextView, INSTANCE=3, COUNT=3] <<==>> [android.view.accessibility.AccessibilityNodeInfo@133e3; boundsInParent: Rect(0, 0 - 278, 57); boundsInScreen: Rect(36, 707 - 314, 764); packageName: io.appium.android.apis; className: android.widget.TextView; text: Message Body; contentDescription: Message Body; viewIdResName: null; checkable: false; checked: false; focusable: false; focused: false; selected: false; clickable: false; longClickable: false; enabled: true; password: false; scrollable: false; [ACTION_SELECT, ACTION_CLEAR_SELECTION, ACTION_ACCESSIBILITY_FOCUS, ACTION_NEXT_AT_MOVEMENT_GRANULARITY, ACTION_PREVIOUS_AT_MOVEMENT_GRANULARITY, ACTION_SET_SELECTION]]
2018-09-17 13:26:57.220000	ALL	09-17 07:26:57.161  3309  3309 I QueryController: Matched selector: UiSelector[CLASS=android.widget.TextView, INSTANCE=3, COUNT=3] <<==>> [android.view.accessibility.AccessibilityNodeInfo@133e3; boundsInParent: Rect(0, 0 - 278, 57); boundsInScreen: Rect(36, 707 - 314, 764); packageName: io.appium.android.apis; className: android.widget.TextView; text: Message Body; contentDescription: Message Body; viewIdResName: null; checkable: false; checked: false; focusable: false; focused: false; selected: false; clickable: false; longClickable: false; enabled: true; password: false; scrollable: false; [ACTION_SELECT, ACTION_CLEAR_SELECTION, ACTION_ACCESSIBILITY_FOCUS, ACTION_NEXT_AT_MOVEMENT_GRANULARITY, ACTION_PREVIOUS_AT_MOVEMENT_GRANULARITY, ACTION_SET_SELECTION]]
2018-09-17 13:26:57.226000	ALL	09-17 07:26:57.161  3309  3309 D UiObject: getText() = Message Body
2018-09-17 13:26:57.237000	ALL	09-17 07:26:57.177  3309  3314 D dalvikvm: GC_CONCURRENT freed 540K, 80% free 1158K/5792K, paused 0ms+1ms, total 4ms
2018-09-17 13:26:57.243000	ALL	09-17 07:26:57.181  3309  3309 I QueryController: Matched selector: UiSelector[CLASS=android.widget.TextView, INSTANCE=3, COUNT=3] <<==>> [android.view.accessibility.AccessibilityNodeInfo@133e3; boundsInParent: Rect(0, 0 - 278, 57); boundsInScreen: Rect(36, 707 - 314, 764); packageName: io.appium.android.apis; className: android.widget.TextView; text: Message Body; contentDescription: Message Body; viewIdResName: null; checkable: false; checked: false; focusable: false; focused: false; selected: false; clickable: false; longClickable: false; enabled: true; password: false; scrollable: false; [ACTION_SELECT, ACTION_CLEAR_SELECTION, ACTION_ACCESSIBILITY_FOCUS, ACTION_NEXT_AT_MOVEMENT_GRANULARITY, ACTION_PREVIOUS_AT_MOVEMENT_GRANULARITY, ACTION_SET_SELECTION]]
2018-09-17 13:26:57.278000	ALL	09-17 07:26:57.217  3309  3314 D dalvikvm: GC_CONCURRENT freed 410K, 81% free 1150K/5792K, paused 0ms+0ms, total 2ms
2018-09-17 13:26:57.313000	ALL	09-17 07:26:57.249  3309  3314 D dalvikvm: GC_CONCURRENT freed 408K, 81% free 1149K/5792K, paused 0ms+0ms, total 2ms
2018-09-17 13:26:57.349000	ALL	09-17 07:26:57.285  3309  3314 D dalvikvm: GC_CONCURRENT freed 409K, 81% free 1149K/5792K, paused 1ms+1ms, total 2ms
2018-09-17 13:26:57.392000	ALL	09-17 07:26:57.329  3309  3314 D dalvikvm: GC_CONCURRENT freed 407K, 81% free 1149K/5792K, paused 0ms+0ms, total 2ms
2018-09-17 13:26:57.438000	ALL	09-17 07:26:57.377  3309  3314 D dalvikvm: GC_CONCURRENT freed 407K, 81% free 1149K/5792K, paused 0ms+0ms, total 1ms
2018-09-17 13:26:57.484000	ALL	09-17 07:26:57.421  3309  3314 D dalvikvm: GC_CONCURRENT freed 407K, 81% free 1149K/5792K, paused 1ms+0ms, total 3ms
2018-09-17 13:26:57.526000	ALL	09-17 07:26:57.465  3309  3314 D dalvikvm: GC_CONCURRENT freed 407K, 81% free 1149K/5792K, paused 0ms+0ms, total 2ms
2018-09-17 13:26:57.557000	ALL	09-17 07:26:57.493  3309  3314 D dalvikvm: GC_CONCURRENT freed 408K, 81% free 1149K/5792K, paused 0ms+0ms, total 1ms
2018-09-17 13:26:57.592000	ALL	09-17 07:26:57.533  3309  3314 D dalvikvm: GC_CONCURRENT freed 407K, 81% free 1149K/5792K, paused 0ms+0ms, total 3ms
2018-09-17 13:26:57.629000	ALL	09-17 07:26:57.565  3309  3314 D dalvikvm: GC_CONCURRENT freed 408K, 81% free 1149K/5792K, paused 0ms+0ms, total 2ms
2018-09-17 13:26:57.667000	ALL	09-17 07:26:57.605  3342  3345 D dalvikvm: GC_CONCURRENT freed 1266K, 17% free 7332K/8760K, paused 1ms+1ms, total 5ms
2018-09-17 13:26:57.680000	ALL	09-17 07:26:57.617  3309  3314 D dalvikvm: GC_CONCURRENT freed 407K, 81% free 1149K/5792K, paused 0ms+0ms, total 1ms
2018-09-17 13:26:57.746000	ALL	09-17 07:26:57.681  3309  3314 D dalvikvm: GC_CONCURRENT freed 407K, 81% free 1149K/5792K, paused 0ms+0ms, total 3ms
2018-09-17 13:26:57.787000	ALL	09-17 07:26:57.725  3309  3314 D dalvikvm: GC_CONCURRENT freed 408K, 81% free 1149K/5792K, paused 0ms+0ms, total 2ms
2018-09-17 13:26:57.824000	ALL	09-17 07:26:57.765  3309  3314 D dalvikvm: GC_CONCURRENT freed 408K, 81% free 1149K/5792K, paused 0ms+0ms, total 3ms
2018-09-17 13:26:57.914000	ALL	09-17 07:26:57.853  3309  3314 D dalvikvm: GC_CONCURRENT freed 408K, 81% free 1149K/5792K, paused 1ms+0ms, total 3ms
2018-09-17 13:26:58.009000	ALL	09-17 07:26:57.945  3309  3314 D dalvikvm: GC_CONCURRENT freed 408K, 81% free 1149K/5792K, paused 0ms+0ms, total 1ms
2018-09-17 13:26:58.099000	ALL	09-17 07:26:58.041  3309  3314 D dalvikvm: GC_CONCURRENT freed 407K, 81% free 1150K/5792K, paused 1ms+1ms, total 3ms
2018-09-17 13:26:58.204000	ALL	09-17 07:26:58.137  3309  3314 D dalvikvm: GC_CONCURRENT freed 408K, 81% free 1149K/5792K, paused 0ms+0ms, total 3ms
2018-09-17 13:26:58.301000	ALL	09-17 07:26:58.237  3309  3314 D dalvikvm: GC_CONCURRENT freed 408K, 81% free 1149K/5792K, paused 1ms+0ms, total 4ms
2018-09-17 13:26:58.394000	ALL	09-17 07:26:58.329  3309  3314 D dalvikvm: GC_CONCURRENT freed 407K, 81% free 1149K/5792K, paused 1ms+0ms, total 2ms
2018-09-17 13:26:58.491000	ALL	09-17 07:26:58.433  3309  3314 D dalvikvm: GC_CONCURRENT freed 407K, 81% free 1149K/5792K, paused 0ms+1ms, total 6ms
2018-09-17 13:26:58.536000	ALL	09-17 07:26:58.473  3309  3314 D dalvikvm: GC_CONCURRENT freed 420K, 81% free 1136K/5792K, paused 1ms+1ms, total 3ms
2018-09-17 13:26:58.628000	ALL	09-17 07:26:58.565  3309  3314 D dalvikvm: GC_CONCURRENT freed 395K, 81% free 1150K/5792K, paused 0ms+1ms, total 2ms
2018-09-17 13:26:58.749000	ALL	09-17 07:26:58.685  3309  3314 D dalvikvm: GC_CONCURRENT freed 407K, 81% free 1150K/5792K, paused 1ms+0ms, total 4ms
2018-09-17 13:26:58.815000	ALL	09-17 07:26:58.753  3309  3314 D dalvikvm: GC_CONCURRENT freed 408K, 81% free 1149K/5792K, paused 1ms+0ms, total 3ms
2018-09-17 13:26:58.891000	ALL	09-17 07:26:58.829  3309  3314 D dalvikvm: GC_CONCURRENT freed 407K, 81% free 1149K/5792K, paused 1ms+1ms, total 3ms
2018-09-17 13:26:58.926000	ALL	09-17 07:26:58.861  3309  3314 D dalvikvm: GC_CONCURRENT freed 407K, 81% free 1149K/5792K, paused 0ms+1ms, total 1ms
2018-09-17 13:26:59.025000	ALL	09-17 07:26:58.965  3309  3314 D dalvikvm: GC_CONCURRENT freed 376K, 81% free 1156K/5792K, paused 2ms+1ms, total 4ms
2018-09-17 13:26:59.121000	ALL	09-17 07:26:59.057  3309  3314 D dalvikvm: GC_CONCURRENT freed 403K, 81% free 1141K/5792K, paused 2ms+0ms, total 3ms
2018-09-17 13:26:59.236000	ALL	09-17 07:26:59.173  3309  3314 D dalvikvm: GC_CONCURRENT freed 399K, 81% free 1149K/5792K, paused 0ms+0ms, total 3ms
2018-09-17 13:26:59.314000	ALL	09-17 07:26:59.249  3309  3314 D dalvikvm: GC_CONCURRENT freed 408K, 81% free 1149K/5792K, paused 0ms+0ms, total 2ms
2018-09-17 13:26:59.408000	ALL	09-17 07:26:59.345  3309  3314 D dalvikvm: GC_CONCURRENT freed 407K, 81% free 1149K/5792K, paused 0ms+0ms, total 2ms
2018-09-17 13:26:59.504000	ALL	09-17 07:26:59.441  3309  3314 D dalvikvm: GC_CONCURRENT freed 408K, 81% free 1149K/5792K, paused 1ms+1ms, total 3ms
2018-09-17 13:26:59.529000	ALL	09-17 07:26:59.465  3342  3345 D dalvikvm: GC_CONCURRENT freed 1283K, 17% free 7331K/8768K, paused 5ms+0ms, total 15ms
2018-09-17 13:26:59.596000	ALL	09-17 07:26:59.537  3309  3314 D dalvikvm: GC_CONCURRENT freed 407K, 81% free 1149K/5792K, paused 0ms+3ms, total 5ms
2018-09-17 13:26:59.688000	ALL	09-17 07:26:59.625  3309  3314 D dalvikvm: GC_CONCURRENT freed 408K, 81% free 1148K/5792K, paused 0ms+0ms, total 4ms
2018-09-17 13:26:59.757000	ALL	09-17 07:26:59.697  3309  3314 D dalvikvm: GC_CONCURRENT freed 375K, 80% free 1160K/5792K, paused 3ms+0ms, total 6ms
2018-09-17 13:26:59.818000	ALL	09-17 07:26:59.753  3309  3314 D dalvikvm: GC_CONCURRENT freed 407K, 81% free 1137K/5792K, paused 0ms+0ms, total 3ms
2018-09-17 13:26:59.918000	ALL	09-17 07:26:59.853  3309  3314 D dalvikvm: GC_CONCURRENT freed 395K, 81% free 1149K/5792K, paused 0ms+0ms, total 2ms
2018-09-17 13:27:00.011000	ALL	09-17 07:26:59.949  3309  3314 D dalvikvm: GC_CONCURRENT freed 407K, 81% free 1149K/5792K, paused 0ms+1ms, total 2ms
2018-09-17 13:27:00.076000	ALL	09-17 07:27:00.009   613   664 D MobileDataStateTracker: default: setPolicyDataEnable(enabled=true)
2018-09-17 13:27:00.076000	ALL	09-17 07:27:00.013  3309  3309 I QueryController: Matched selector: UiSelector[CLASS=android.widget.TextView, INSTANCE=3, COUNT=3] <<==>> [android.view.accessibility.AccessibilityNodeInfo@133e3; boundsInParent: Rect(0, 0 - 278, 57); boundsInScreen: Rect(36, 707 - 314, 764); packageName: io.appium.android.apis; className: android.widget.TextView; text: Message Body; contentDescription: Message Body; viewIdResName: null; checkable: false; checked: false; focusable: false; focused: false; selected: false; clickable: false; longClickable: false; enabled: true; password: false; scrollable: false; [ACTION_SELECT, ACTION_CLEAR_SELECTION, ACTION_ACCESSIBILITY_FOCUS, ACTION_NEXT_AT_MOVEMENT_GRANULARITY, ACTION_PREVIOUS_AT_MOVEMENT_GRANULARITY, ACTION_SET_SELECTION]]
2018-09-17 13:27:00.076000	ALL	09-17 07:27:00.013  3309  3309 D UiObject: getText() = Message Body
2018-09-17 13:27:00.116000	ALL	09-17 07:27:00.017   613   629 I ProcessStatsService: Prepared write state in 1ms
2018-09-17 13:27:00.567000	ALL	09-17 07:27:00.513  3309  3309 I QueryController: Matched selector: UiSelector[CLASS=android.widget.TextView, INSTANCE=3, COUNT=3] <<==>> [android.view.accessibility.AccessibilityNodeInfo@133e3; boundsInParent: Rect(0, 0 - 278, 57); boundsInScreen: Rect(36, 707 - 314, 764); packageName: io.appium.android.apis; className: android.widget.TextView; text: Message Body; contentDescription: Message Body; viewIdResName: null; checkable: false; checked: false; focusable: false; focused: false; selected: false; clickable: false; longClickable: false; enabled: true; password: false; scrollable: false; [ACTION_SELECT, ACTION_CLEAR_SELECTION, ACTION_ACCESSIBILITY_FOCUS, ACTION_NEXT_AT_MOVEMENT_GRANULARITY, ACTION_PREVIOUS_AT_MOVEMENT_GRANULARITY, ACTION_SET_SELECTION]]
2018-09-17 13:27:00.572000	ALL	09-17 07:27:00.513  3309  3309 D UiObject: getText() = Message Body
2018-09-17 13:27:00.590000	ALL	09-17 07:27:00.525  3309  3309 I QueryController: Matched selector: UiSelector[CLASS=android.widget.TextView, INSTANCE=3, COUNT=3] <<==>> [android.view.accessibility.AccessibilityNodeInfo@133e3; boundsInParent: Rect(0, 0 - 278, 57); boundsInScreen: Rect(36, 707 - 314, 764); packageName: io.appium.android.apis; className: android.widget.TextView; text: Message Body; contentDescription: Message Body; viewIdResName: null; checkable: false; checked: false; focusable: false; focused: false; selected: false; clickable: false; longClickable: false; enabled: true; password: false; scrollable: false; [ACTION_SELECT, ACTION_CLEAR_SELECTION, ACTION_ACCESSIBILITY_FOCUS, ACTION_NEXT_AT_MOVEMENT_GRANULARITY, ACTION_PREVIOUS_AT_MOVEMENT_GRANULARITY, ACTION_SET_SELECTION]]
2018-09-17 13:27:00.604000	ALL	09-17 07:27:00.537  3309  3314 D dalvikvm: GC_CONCURRENT freed 410K, 81% free 1137K/5792K, paused 4ms+0ms, total 6ms
2018-09-17 13:27:00.615000	ALL	09-17 07:27:00.553  3309  3309 I QueryController: Matched selector: UiSelector[CLASS=android.widget.TextView, INSTANCE=3, COUNT=3] <<==>> [android.view.accessibility.AccessibilityNodeInfo@133e3; boundsInParent: Rect(0, 0 - 278, 57); boundsInScreen: Rect(36, 707 - 314, 764); packageName: io.appium.android.apis; className: android.widget.TextView; text: Message Body; contentDescription: Message Body; viewIdResName: null; checkable: false; checked: false; focusable: false; focused: false; selected: false; clickable: false; longClickable: false; enabled: true; password: false; scrollable: false; [ACTION_SELECT, ACTION_CLEAR_SELECTION, ACTION_ACCESSIBILITY_FOCUS, ACTION_NEXT_AT_MOVEMENT_GRANULARITY, ACTION_PREVIOUS_AT_MOVEMENT_GRANULARITY, ACTION_SET_SELECTION]]
2018-09-17 13:27:00.642000	ALL	09-17 07:27:00.577  3309  3314 D dalvikvm: GC_CONCURRENT freed 410K, 81% free 1147K/5792K, paused 0ms+0ms, total 3ms
2018-09-17 13:27:00.681000	ALL	09-17 07:27:00.617  3309  3314 D dalvikvm: GC_CONCURRENT freed 375K, 81% free 1156K/5792K, paused 2ms+1ms, total 4ms
2018-09-17 13:27:00.720000	ALL	09-17 07:27:00.657  3309  3314 D dalvikvm: GC_CONCURRENT freed 405K, 81% free 1136K/5792K, paused 0ms+0ms, total 2ms
2018-09-17 13:27:00.758000	ALL	09-17 07:27:00.697  3309  3314 D dalvikvm: GC_CONCURRENT freed 364K, 81% free 1155K/5792K, paused 1ms+0ms, total 4ms
2018-09-17 13:27:00.800000	ALL	09-17 07:27:00.741  3309  3314 D dalvikvm: GC_CONCURRENT freed 405K, 81% free 1136K/5792K, paused 1ms+0ms, total 4ms
2018-09-17 13:27:00.835000	ALL	09-17 07:27:00.773  3309  3314 D dalvikvm: GC_CONCURRENT freed 395K, 81% free 1148K/5792K, paused 0ms+0ms, total 2ms
2018-09-17 13:27:00.869000	ALL	09-17 07:27:00.805  3309  3314 D dalvikvm: GC_CONCURRENT freed 407K, 81% free 1147K/5792K, paused 1ms+0ms, total 3ms
2018-09-17 13:27:00.916000	ALL	09-17 07:27:00.853  3309  3314 D dalvikvm: GC_CONCURRENT freed 407K, 81% free 1148K/5792K, paused 0ms+0ms, total 2ms
2018-09-17 13:27:00.952000	ALL	09-17 07:27:00.889  3309  3314 D dalvikvm: GC_CONCURRENT freed 407K, 81% free 1148K/5792K, paused 0ms+1ms, total 2ms
2018-09-17 13:27:00.996000	ALL	09-17 07:27:00.933  3309  3314 D dalvikvm: GC_CONCURRENT freed 407K, 81% free 1148K/5792K, paused 1ms+0ms, total 3ms
2018-09-17 13:27:01.034000	ALL	09-17 07:27:00.969  3309  3314 D dalvikvm: GC_CONCURRENT freed 407K, 81% free 1148K/5792K, paused 0ms+0ms, total 2ms
2018-09-17 13:27:01.124000	ALL	09-17 07:27:01.061  3309  3314 D dalvikvm: GC_CONCURRENT freed 407K, 81% free 1147K/5792K, paused 0ms+0ms, total 3ms
2018-09-17 13:27:01.199000	ALL	09-17 07:27:01.137  3309  3314 D dalvikvm: GC_CONCURRENT freed 407K, 81% free 1148K/5792K, paused 0ms+0ms, total 3ms
2018-09-17 13:27:01.304000	ALL	09-17 07:27:01.241  3309  3314 D dalvikvm: GC_CONCURRENT freed 407K, 81% free 1148K/5792K, paused 1ms+1ms, total 3ms
2018-09-17 13:27:01.397000	ALL	09-17 07:27:01.333  3309  3314 D dalvikvm: GC_CONCURRENT freed 407K, 81% free 1148K/5792K, paused 1ms+0ms, total 2ms
2018-09-17 13:27:01.496000	ALL	09-17 07:27:01.433  3309  3314 D dalvikvm: GC_CONCURRENT freed 407K, 81% free 1148K/5792K, paused 1ms+0ms, total 3ms
2018-09-17 13:27:01.511000	ALL	09-17 07:27:01.445  3342  3345 D dalvikvm: GC_CONCURRENT freed 1281K, 17% free 7333K/8768K, paused 3ms+1ms, total 9ms
2018-09-17 13:27:01.594000	ALL	09-17 07:27:01.533  3309  3314 D dalvikvm: GC_CONCURRENT freed 407K, 81% free 1148K/5792K, paused 1ms+0ms, total 3ms
2018-09-17 13:27:01.636000	ALL	09-17 07:27:01.573  3309  3314 D dalvikvm: GC_CONCURRENT freed 406K, 81% free 1148K/5792K, paused 0ms+0ms, total 1ms
2018-09-17 13:27:01.733000	ALL	09-17 07:27:01.669  3309  3314 D dalvikvm: GC_CONCURRENT freed 407K, 81% free 1149K/5792K, paused 0ms+0ms, total 2ms
2018-09-17 13:27:01.836000	ALL	09-17 07:27:01.777  3309  3314 D dalvikvm: GC_CONCURRENT freed 408K, 81% free 1148K/5792K, paused 0ms+0ms, total 4ms
2018-09-17 13:27:01.919000	ALL	09-17 07:27:01.853  3309  3314 D dalvikvm: GC_CONCURRENT freed 407K, 81% free 1148K/5792K, paused 1ms+0ms, total 3ms
2018-09-17 13:27:02.009000	ALL	09-17 07:27:01.949  3309  3314 D dalvikvm: GC_CONCURRENT freed 407K, 81% free 1148K/5792K, paused 1ms+0ms, total 3ms
2018-09-17 13:27:02.116000	ALL	09-17 07:27:02.053  3309  3314 D dalvikvm: GC_CONCURRENT freed 407K, 81% free 1148K/5792K, paused 0ms+0ms, total 3ms
2018-09-17 13:27:02.209000	ALL	09-17 07:27:02.141  3309  3314 D dalvikvm: GC_CONCURRENT freed 407K, 81% free 1150K/5792K, paused 0ms+1ms, total 6ms
2018-09-17 13:27:02.298000	ALL	09-17 07:27:02.233  3309  3314 D dalvikvm: GC_CONCURRENT freed 407K, 81% free 1148K/5792K, paused 0ms+0ms, total 2ms
2018-09-17 13:27:02.397000	ALL	09-17 07:27:02.333  3309  3314 D dalvikvm: GC_CONCURRENT freed 407K, 81% free 1148K/5792K, paused 0ms+0ms, total 2ms
2018-09-17 13:27:02.494000	ALL	09-17 07:27:02.433  3309  3314 D dalvikvm: GC_CONCURRENT freed 407K, 81% free 1147K/5792K, paused 1ms+1ms, total 5ms
2018-09-17 13:27:02.536000	ALL	09-17 07:27:02.473  3309  3314 D dalvikvm: GC_CONCURRENT freed 406K, 81% free 1147K/5792K, paused 0ms+1ms, total 2ms
2018-09-17 13:27:02.639000	ALL	09-17 07:27:02.581  3309  3314 D dalvikvm: GC_CONCURRENT freed 409K, 81% free 1148K/5792K, paused 2ms+0ms, total 5ms
2018-09-17 13:27:02.696000	ALL	09-17 07:27:02.633  3309  3314 D dalvikvm: GC_CONCURRENT freed 406K, 81% free 1148K/5792K, paused 0ms+0ms, total 2ms
2018-09-17 13:27:02.796000	ALL	09-17 07:27:02.733  3309  3314 D dalvikvm: GC_CONCURRENT freed 407K, 81% free 1148K/5792K, paused 1ms+0ms, total 3ms
2018-09-17 13:27:02.893000	ALL	09-17 07:27:02.829  3309  3314 D dalvikvm: GC_CONCURRENT freed 407K, 81% free 1148K/5792K, paused 0ms+0ms, total 3ms
2018-09-17 13:27:02.939000	ALL	09-17 07:27:02.877  3309  3314 D dalvikvm: GC_CONCURRENT freed 406K, 81% free 1148K/5792K, paused 0ms+0ms, total 3ms
2018-09-17 13:27:03.030000	ALL	09-17 07:27:02.965  3309  3314 D dalvikvm: GC_CONCURRENT freed 407K, 81% free 1149K/5792K, paused 0ms+0ms, total 3ms
2018-09-17 13:27:03.128000	ALL	09-17 07:27:03.065  3309  3314 D dalvikvm: GC_CONCURRENT freed 408K, 81% free 1148K/5792K, paused 0ms+0ms, total 2ms
2018-09-17 13:27:03.213000	ALL	09-17 07:27:03.149  3309  3314 D dalvikvm: GC_CONCURRENT freed 407K, 81% free 1148K/5792K, paused 1ms+0ms, total 3ms
2018-09-17 13:27:03.306000	ALL	09-17 07:27:03.241  3309  3314 D dalvikvm: GC_CONCURRENT freed 407K, 81% free 1148K/5792K, paused 0ms+0ms, total 2ms
2018-09-17 13:27:03.405000	ALL	09-17 07:27:03.341  3309  3314 D dalvikvm: GC_CONCURRENT freed 407K, 81% free 1148K/5792K, paused 0ms+1ms, total 2ms
2018-09-17 13:27:03.498000	ALL	09-17 07:27:03.433  3342  3345 D dalvikvm: GC_CONCURRENT freed 1285K, 17% free 7331K/8772K, paused 2ms+1ms, total 8ms
2018-09-17 13:27:03.507000	ALL	09-17 07:27:03.441  3309  3314 D dalvikvm: GC_CONCURRENT freed 406K, 81% free 1149K/5792K, paused 0ms+0ms, total 2ms
2018-09-17 13:27:03.606000	ALL	09-17 07:27:03.541  3309  3314 D dalvikvm: GC_CONCURRENT freed 408K, 81% free 1148K/5792K, paused 0ms+1ms, total 2ms
2018-09-17 13:27:03.679000	ALL	09-17 07:27:03.617  3309  3314 D dalvikvm: GC_CONCURRENT freed 408K, 81% free 1148K/5792K, paused 1ms+0ms, total 2ms
2018-09-17 13:27:03.809000	ALL	09-17 07:27:03.745  3309  3314 D dalvikvm: GC_CONCURRENT freed 405K, 81% free 1148K/5792K, paused 3ms+0ms, total 5ms
2018-09-17 13:27:03.900000	ALL	09-17 07:27:03.837  3309  3314 D dalvikvm: GC_CONCURRENT freed 407K, 81% free 1148K/5792K, paused 0ms+0ms, total 3ms
2018-09-17 13:27:03.996000	ALL	09-17 07:27:03.929  3309  3314 D dalvikvm: GC_CONCURRENT freed 407K, 81% free 1148K/5792K, paused 0ms+0ms, total 3ms
2018-09-17 13:27:04.096000	ALL	09-17 07:27:04.037  3309  3314 D dalvikvm: GC_CONCURRENT freed 407K, 81% free 1148K/5792K, paused 1ms+0ms, total 4ms
2018-09-17 13:27:04.138000	ALL	09-17 07:27:04.069  3309  3314 D dalvikvm: GC_CONCURRENT freed 406K, 81% free 1148K/5792K, paused 0ms+0ms, total 1ms
2018-09-17 13:27:04.225000	ALL	09-17 07:27:04.161  3309  3314 D dalvikvm: GC_CONCURRENT freed 407K, 81% free 1149K/5792K, paused 0ms+1ms, total 2ms
2018-09-17 13:27:04.309000	ALL	09-17 07:27:04.245  3309  3314 D dalvikvm: GC_CONCURRENT freed 408K, 81% free 1148K/5792K, paused 0ms+0ms, total 3ms
2018-09-17 13:27:04.424000	ALL	09-17 07:27:04.361  3309  3314 D dalvikvm: GC_CONCURRENT freed 407K, 81% free 1148K/5792K, paused 0ms+0ms, total 2ms
2018-09-17 13:27:04.520000	ALL	09-17 07:27:04.461  3309  3314 D dalvikvm: GC_CONCURRENT freed 407K, 81% free 1148K/5792K, paused 1ms+0ms, total 4ms
2018-09-17 13:27:04.616000	ALL	09-17 07:27:04.553  3309  3314 D dalvikvm: GC_CONCURRENT freed 407K, 81% free 1148K/5792K, paused 0ms+0ms, total 3ms
2018-09-17 13:27:04.699000	ALL	09-17 07:27:04.637  3309  3314 D dalvikvm: GC_CONCURRENT freed 407K, 81% free 1148K/5792K, paused 1ms+0ms, total 2ms
2018-09-17 13:27:04.738000	ALL	09-17 07:27:04.673  3309  3314 D dalvikvm: GC_CONCURRENT freed 407K, 81% free 1148K/5792K, paused 0ms+0ms, total 2ms
2018-09-17 13:27:04.813000	ALL	09-17 07:27:04.749  3309  3314 D dalvikvm: GC_CONCURRENT freed 406K, 81% free 1148K/5792K, paused 1ms+0ms, total 2ms
2018-09-17 13:27:04.913000	ALL	09-17 07:27:04.849  3309  3314 D dalvikvm: GC_CONCURRENT freed 407K, 81% free 1148K/5792K, paused 1ms+0ms, total 3ms
2018-09-17 13:27:05.009000	ALL	09-17 07:27:04.945  3309  3314 D dalvikvm: GC_CONCURRENT freed 407K, 81% free 1148K/5792K, paused 1ms+0ms, total 4ms
2018-09-17 13:27:05.110000	ALL	09-17 07:27:05.045  3309  3314 D dalvikvm: GC_CONCURRENT freed 415K, 81% free 1140K/5792K, paused 1ms+1ms, total 4ms
2018-09-17 13:27:05.198000	ALL	09-17 07:27:05.137  3309  3314 D dalvikvm: GC_CONCURRENT freed 399K, 81% free 1148K/5792K, paused 0ms+0ms, total 2ms
2018-09-17 13:27:05.296000	ALL	09-17 07:27:05.233  3309  3314 D dalvikvm: GC_CONCURRENT freed 407K, 81% free 1148K/5792K, paused 1ms+1ms, total 4ms
2018-09-17 13:27:05.392000	ALL	09-17 07:27:05.333  3309  3314 D dalvikvm: GC_CONCURRENT freed 407K, 81% free 1148K/5792K, paused 1ms+0ms, total 4ms
2018-09-17 13:27:05.425000	ALL	09-17 07:27:05.361  3309  3314 D dalvikvm: GC_CONCURRENT freed 406K, 81% free 1148K/5792K, paused 1ms+0ms, total 3ms
2018-09-17 13:27:05.498000	ALL	09-17 07:27:05.433  3342  3345 D dalvikvm: GC_CONCURRENT freed 1279K, 17% free 7333K/8772K, paused 1ms+2ms, total 10ms
2018-09-17 13:27:05.528000	ALL	09-17 07:27:05.465  3309  3314 D dalvikvm: GC_CONCURRENT freed 407K, 81% free 1149K/5792K, paused 0ms+0ms, total 3ms
2018-09-17 13:27:05.626000	ALL	09-17 07:27:05.561  3309  3314 D dalvikvm: GC_CONCURRENT freed 408K, 81% free 1148K/5792K, paused 0ms+1ms, total 2ms
2018-09-17 13:27:05.722000	ALL	09-17 07:27:05.657  3309  3314 D dalvikvm: GC_CONCURRENT freed 407K, 81% free 1148K/5792K, paused 0ms+0ms, total 2ms
2018-09-17 13:27:05.820000	ALL	09-17 07:27:05.757  3309  3314 D dalvikvm: GC_CONCURRENT freed 407K, 81% free 1148K/5792K, paused 0ms+0ms, total 1ms
2018-09-17 13:27:05.903000	ALL	09-17 07:27:05.841  3309  3314 D dalvikvm: GC_CONCURRENT freed 407K, 81% free 1148K/5792K, paused 1ms+0ms, total 3ms
2018-09-17 13:27:06.005000	ALL	09-17 07:27:05.937  3309  3314 D dalvikvm: GC_CONCURRENT freed 407K, 81% free 1148K/5792K, paused 1ms+0ms, total 3ms
2018-09-17 13:27:06.106000	ALL	09-17 07:27:06.041  3309  3314 D dalvikvm: GC_CONCURRENT freed 407K, 81% free 1148K/5792K, paused 0ms+1ms, total 2ms
2018-09-17 13:27:06.195000	ALL	09-17 07:27:06.133  3309  3314 D dalvikvm: GC_CONCURRENT freed 407K, 81% free 1148K/5792K, paused 0ms+0ms, total 2ms
2018-09-17 13:27:06.277000	ALL	09-17 07:27:06.221  3309  3309 I QueryController: Matched selector: UiSelector[CLASS=android.widget.TextView, INSTANCE=3, COUNT=3] <<==>> [android.view.accessibility.AccessibilityNodeInfo@133e3; boundsInParent: Rect(0, 0 - 278, 57); boundsInScreen: Rect(36, 707 - 314, 764); packageName: io.appium.android.apis; className: android.widget.TextView; text: Message Body; contentDescription: Message Body; viewIdResName: null; checkable: false; checked: false; focusable: false; focused: false; selected: false; clickable: false; longClickable: false; enabled: true; password: false; scrollable: false; [ACTION_SELECT, ACTION_CLEAR_SELECTION, ACTION_ACCESSIBILITY_FOCUS, ACTION_NEXT_AT_MOVEMENT_GRANULARITY, ACTION_PREVIOUS_AT_MOVEMENT_GRANULARITY, ACTION_SET_SELECTION]]
2018-09-17 13:27:06.278000	ALL	09-17 07:27:06.221  3309  3314 D dalvikvm: GC_CONCURRENT freed 400K, 80% free 1169K/5792K, paused 1ms+4ms, total 6ms
2018-09-17 13:27:06.283000	ALL	09-17 07:27:06.221  3309  3309 D UiObject: getText() = Message Body
2018-09-17 13:27:06.339000	ALL	09-17 07:27:06.277   613   624 D dalvikvm: GC_FOR_ALLOC freed 2118K, 17% free 12526K/15052K, paused 11ms, total 11ms
2018-09-17 13:27:06.771000	ALL	09-17 07:27:06.713  3309  3309 I QueryController: Matched selector: UiSelector[CLASS=android.widget.TextView, INSTANCE=3, COUNT=3] <<==>> [android.view.accessibility.AccessibilityNodeInfo@133e3; boundsInParent: Rect(0, 0 - 278, 57); boundsInScreen: Rect(36, 707 - 314, 764); packageName: io.appium.android.apis; className: android.widget.TextView; text: Message Body; contentDescription: Message Body; viewIdResName: null; checkable: false; checked: false; focusable: false; focused: false; selected: false; clickable: false; longClickable: false; enabled: true; password: false; scrollable: false; [ACTION_SELECT, ACTION_CLEAR_SELECTION, ACTION_ACCESSIBILITY_FOCUS, ACTION_NEXT_AT_MOVEMENT_GRANULARITY, ACTION_PREVIOUS_AT_MOVEMENT_GRANULARITY, ACTION_SET_SELECTION]]
2018-09-17 13:27:06.776000	ALL	09-17 07:27:06.713  3309  3309 D UiObject: getText() = Message Body
2018-09-17 13:27:06.787000	ALL	09-17 07:27:06.725  3309  3309 I QueryController: Matched selector: UiSelector[CLASS=android.widget.TextView, INSTANCE=3, COUNT=3] <<==>> [android.view.accessibility.AccessibilityNodeInfo@133e3; boundsInParent: Rect(0, 0 - 278, 57); boundsInScreen: Rect(36, 707 - 314, 764); packageName: io.appium.android.apis; className: android.widget.TextView; text: Message Body; contentDescription: Message Body; viewIdResName: null; checkable: false; checked: false; focusable: false; focused: false; selected: false; clickable: false; longClickable: false; enabled: true; password: false; scrollable: false; [ACTION_SELECT, ACTION_CLEAR_SELECTION, ACTION_ACCESSIBILITY_FOCUS, ACTION_NEXT_AT_MOVEMENT_GRANULARITY, ACTION_PREVIOUS_AT_MOVEMENT_GRANULARITY, ACTION_SET_SELECTION]]
2018-09-17 13:27:06.805000	ALL	09-17 07:27:06.749  3309  3309 I QueryController: Matched selector: UiSelector[CLASS=android.widget.TextView, INSTANCE=3, COUNT=3] <<==>> [android.view.accessibility.AccessibilityNodeInfo@133e3; boundsInParent: Rect(0, 0 - 278, 57); boundsInScreen: Rect(36, 707 - 314, 764); packageName: io.appium.android.apis; className: android.widget.TextView; text: Message Body; contentDescription: Message Body; viewIdResName: null; checkable: false; checked: false; focusable: false; focused: false; selected: false; clickable: false; longClickable: false; enabled: true; password: false; scrollable: false; [ACTION_SELECT, ACTION_CLEAR_SELECTION, ACTION_ACCESSIBILITY_FOCUS, ACTION_NEXT_AT_MOVEMENT_GRANULARITY, ACTION_PREVIOUS_AT_MOVEMENT_GRANULARITY, ACTION_SET_SELECTION]]
2018-09-17 13:27:06.811000	ALL	09-17 07:27:06.749  3309  3309 D UiObject: getText() = Message Body
2018-09-17 13:27:06.815000	ALL	09-17 07:27:06.753  3309  3314 D dalvikvm: GC_CONCURRENT freed 423K, 81% free 1140K/5792K, paused 0ms+1ms, total 2ms
2018-09-17 13:27:06.815000	ALL	09-17 07:27:06.757  3309  3309 I QueryController: Matched selector: UiSelector[CLASS=android.widget.TextView, INSTANCE=3, COUNT=3] <<==>> [android.view.accessibility.AccessibilityNodeInfo@133e3; boundsInParent: Rect(0, 0 - 278, 57); boundsInScreen: Rect(36, 707 - 314, 764); packageName: io.appium.android.apis; className: android.widget.TextView; text: Message Body; contentDescription: Message Body; viewIdResName: null; checkable: false; checked: false; focusable: false; focused: false; selected: false; clickable: false; longClickable: false; enabled: true; password: false; scrollable: false; [ACTION_SELECT, ACTION_CLEAR_SELECTION, ACTION_ACCESSIBILITY_FOCUS, ACTION_NEXT_AT_MOVEMENT_GRANULARITY, ACTION_PREVIOUS_AT_MOVEMENT_GRANULARITY, ACTION_SET_SELECTION]]
2018-09-17 13:27:06.820000	ALL	09-17 07:27:06.757  3309  3309 D UiObject: getText() = Message Body
2018-09-17 13:27:06.826000	ALL	09-17 07:27:06.765  3309  3309 I QueryController: Matched selector: UiSelector[CLASS=android.widget.TextView, INSTANCE=3, COUNT=3] <<==>> [android.view.accessibility.AccessibilityNodeInfo@133e3; boundsInParent: Rect(0, 0 - 278, 57); boundsInScreen: Rect(36, 707 - 314, 764); packageName: io.appium.android.apis; className: android.widget.TextView; text: Message Body; contentDescription: Message Body; viewIdResName: null; checkable: false; checked: false; focusable: false; focused: false; selected: false; clickable: false; longClickable: false; enabled: true; password: false; scrollable: false; [ACTION_SELECT, ACTION_CLEAR_SELECTION, ACTION_ACCESSIBILITY_FOCUS, ACTION_NEXT_AT_MOVEMENT_GRANULARITY, ACTION_PREVIOUS_AT_MOVEMENT_GRANULARITY, ACTION_SET_SELECTION]]
2018-09-17 13:27:06.830000	ALL	09-17 07:27:06.765  3309  3309 D InteractionController: clickAndSync(175, 735)
2018-09-17 13:27:06.852000	ALL	09-17 07:27:06.789  3309  3314 D dalvikvm: GC_CONCURRENT freed 402K, 80% free 1167K/5792K, paused 0ms+0ms, total 2ms
2018-09-17 13:27:06.886000	ALL	09-17 07:27:06.821  3309  3314 D dalvikvm: GC_CONCURRENT freed 426K, 81% free 1148K/5792K, paused 0ms+0ms, total 1ms
2018-09-17 13:27:06.913000	ALL	09-17 07:27:06.849  3309  3314 D dalvikvm: GC_CONCURRENT freed 407K, 81% free 1148K/5792K, paused 1ms+0ms, total 2ms
2018-09-17 13:27:06.951000	ALL	09-17 07:27:06.889  3309  3314 D dalvikvm: GC_CONCURRENT freed 407K, 81% free 1148K/5792K, paused 0ms+0ms, total 3ms
2018-09-17 13:27:06.992000	ALL	09-17 07:27:06.929  3309  3314 D dalvikvm: GC_CONCURRENT freed 407K, 81% free 1148K/5792K, paused 1ms+1ms, total 3ms
2018-09-17 13:27:07.029000	ALL	09-17 07:27:06.965  3309  3314 D dalvikvm: GC_CONCURRENT freed 407K, 81% free 1148K/5792K, paused 0ms+1ms, total 4ms
2018-09-17 13:27:07.071000	ALL	09-17 07:27:07.009  3309  3314 D dalvikvm: GC_CONCURRENT freed 407K, 81% free 1148K/5792K, paused 1ms+0ms, total 3ms
2018-09-17 13:27:07.108000	ALL	09-17 07:27:07.045  3309  3314 D dalvikvm: GC_CONCURRENT freed 407K, 81% free 1148K/5792K, paused 0ms+0ms, total 2ms
2018-09-17 13:27:07.145000	ALL	09-17 07:27:07.081  3309  3314 D dalvikvm: GC_CONCURRENT freed 407K, 81% free 1148K/5792K, paused 0ms+0ms, total 3ms
2018-09-17 13:27:07.195000	ALL	09-17 07:27:07.133  3309  3314 D dalvikvm: GC_CONCURRENT freed 407K, 81% free 1148K/5792K, paused 1ms+1ms, total 3ms
2018-09-17 13:27:07.294000	ALL	09-17 07:27:07.229  3309  3314 D dalvikvm: GC_CONCURRENT freed 407K, 81% free 1148K/5792K, paused 0ms+0ms, total 2ms
2018-09-17 13:27:07.385000	ALL	09-17 07:27:07.325  3309  3314 D dalvikvm: GC_CONCURRENT freed 407K, 81% free 1148K/5792K, paused 0ms+0ms, total 2ms
2018-09-17 13:27:07.419000	ALL	09-17 07:27:07.353  3342  3345 D dalvikvm: GC_CONCURRENT freed 1281K, 17% free 7330K/8772K, paused 4ms+0ms, total 7ms
2018-09-17 13:27:07.433000	ALL	09-17 07:27:07.365  3309  3314 D dalvikvm: GC_CONCURRENT freed 406K, 81% free 1148K/5792K, paused 0ms+0ms, total 2ms
2018-09-17 13:27:07.518000	ALL	09-17 07:27:07.457  3309  3314 D dalvikvm: GC_CONCURRENT freed 407K, 81% free 1149K/5792K, paused 1ms+0ms, total 3ms
2018-09-17 13:27:07.615000	ALL	09-17 07:27:07.553  3309  3314 D dalvikvm: GC_CONCURRENT freed 407K, 81% free 1148K/5792K, paused 0ms+0ms, total 2ms
2018-09-17 13:27:07.710000	ALL	09-17 07:27:07.649  3309  3314 D dalvikvm: GC_CONCURRENT freed 407K, 81% free 1148K/5792K, paused 0ms+0ms, total 2ms
2018-09-17 13:27:07.804000	ALL	09-17 07:27:07.741  3309  3314 D dalvikvm: GC_CONCURRENT freed 407K, 81% free 1148K/5792K, paused 1ms+0ms, total 2ms
2018-09-17 13:27:07.905000	ALL	09-17 07:27:07.841  3309  3314 D dalvikvm: GC_CONCURRENT freed 407K, 81% free 1148K/5792K, paused 0ms+0ms, total 2ms
2018-09-17 13:27:08.000000	ALL	09-17 07:27:07.937  3309  3314 D dalvikvm: GC_CONCURRENT freed 407K, 81% free 1148K/5792K, paused 0ms+0ms, total 2ms
2018-09-17 13:27:08.099000	ALL	09-17 07:27:08.037  3309  3314 D dalvikvm: GC_CONCURRENT freed 407K, 81% free 1148K/5792K, paused 0ms+1ms, total 2ms
2018-09-17 13:27:08.193000	ALL	09-17 07:27:08.133  3309  3314 D dalvikvm: GC_CONCURRENT freed 407K, 81% free 1148K/5792K, paused 0ms+1ms, total 2ms
2018-09-17 13:27:08.288000	ALL	09-17 07:27:08.225  3309  3314 D dalvikvm: GC_CONCURRENT freed 407K, 81% free 1148K/5792K, paused 0ms+0ms, total 3ms
2018-09-17 13:27:08.324000	ALL	09-17 07:27:08.261  3309  3314 D dalvikvm: GC_CONCURRENT freed 406K, 81% free 1148K/5792K, paused 0ms+0ms, total 2ms
2018-09-17 13:27:08.428000	ALL	09-17 07:27:08.365  3309  3314 D dalvikvm: GC_CONCURRENT freed 407K, 81% free 1149K/5792K, paused 0ms+0ms, total 2ms
2018-09-17 13:27:08.519000	ALL	09-17 07:27:08.457  3309  3314 D dalvikvm: GC_CONCURRENT freed 408K, 81% free 1148K/5792K, paused 0ms+0ms, total 2ms
2018-09-17 13:27:08.610000	ALL	09-17 07:27:08.545  3309  3314 D dalvikvm: GC_CONCURRENT freed 407K, 81% free 1148K/5792K, paused 0ms+0ms, total 2ms
2018-09-17 13:27:08.712000	ALL	09-17 07:27:08.649  3309  3314 D dalvikvm: GC_CONCURRENT freed 407K, 81% free 1148K/5792K, paused 2ms+0ms, total 4ms
2018-09-17 13:27:08.804000	ALL	09-17 07:27:08.741  3309  3314 D dalvikvm: GC_CONCURRENT freed 415K, 81% free 1140K/5792K, paused 0ms+0ms, total 2ms
2018-09-17 13:27:08.904000	ALL	09-17 07:27:08.841  3309  3314 D dalvikvm: GC_CONCURRENT freed 409K, 81% free 1137K/5792K, paused 0ms+0ms, total 3ms
2018-09-17 13:27:09.001000	ALL	09-17 07:27:08.937  3309  3314 D dalvikvm: GC_CONCURRENT freed 396K, 81% free 1148K/5792K, paused 0ms+0ms, total 2ms
2018-09-17 13:27:09.096000	ALL	09-17 07:27:09.033  3309  3314 D dalvikvm: GC_CONCURRENT freed 407K, 81% free 1148K/5792K, paused 1ms+0ms, total 4ms
2018-09-17 13:27:09.189000	ALL	09-17 07:27:09.125  3309  3314 D dalvikvm: GC_CONCURRENT freed 407K, 81% free 1148K/5792K, paused 1ms+0ms, total 4ms
2018-09-17 13:27:09.243000	ALL	09-17 07:27:09.173  3309  3314 D dalvikvm: GC_CONCURRENT freed 406K, 81% free 1148K/5792K, paused 0ms+0ms, total 3ms
2018-09-17 13:27:09.319000	ALL	09-17 07:27:09.257  3309  3314 D dalvikvm: GC_CONCURRENT freed 407K, 81% free 1149K/5792K, paused 0ms+0ms, total 2ms
2018-09-17 13:27:09.426000	ALL	09-17 07:27:09.365  3309  3314 D dalvikvm: GC_CONCURRENT freed 407K, 81% free 1148K/5792K, paused 1ms+0ms, total 2ms
2018-09-17 13:27:09.492000	ALL	09-17 07:27:09.429  3342  3345 D dalvikvm: GC_CONCURRENT freed 1281K, 17% free 7331K/8772K, paused 3ms+1ms, total 11ms
2018-09-17 13:27:09.517000	ALL	09-17 07:27:09.453  3309  3314 D dalvikvm: GC_CONCURRENT freed 407K, 81% free 1148K/5792K, paused 0ms+0ms, total 1ms
2018-09-17 13:27:09.617000	ALL	09-17 07:27:09.553  3309  3314 D dalvikvm: GC_CONCURRENT freed 376K, 81% free 1156K/5792K, paused 4ms+0ms, total 6ms
2018-09-17 13:27:09.709000	ALL	09-17 07:27:09.645  3309  3314 D dalvikvm: GC_CONCURRENT freed 405K, 81% free 1136K/5792K, paused 2ms+0ms, total 4ms
2018-09-17 13:27:09.796000	ALL	09-17 07:27:09.733  3309  3314 D dalvikvm: GC_CONCURRENT freed 395K, 81% free 1148K/5792K, paused 0ms+0ms, total 2ms
2018-09-17 13:27:09.893000	ALL	09-17 07:27:09.829  3309  3314 D dalvikvm: GC_CONCURRENT freed 407K, 81% free 1148K/5792K, paused 1ms+0ms, total 3ms
2018-09-17 13:27:09.936000	ALL	09-17 07:27:09.877  3309  3309 W InteractionController: runAndwaitForEvent timedout waiting for events
2018-09-17 13:27:09.937000	ALL	09-17 07:27:09.877  3309  3309 I QueryController: Matched selector: UiSelector[CLASS=android.widget.TextView, INSTANCE=3, COUNT=3] <<==>> [android.view.accessibility.AccessibilityNodeInfo@133e3; boundsInParent: Rect(0, 0 - 278, 57); boundsInScreen: Rect(36, 707 - 314, 764); packageName: io.appium.android.apis; className: android.widget.TextView; text: Message Body; contentDescription: Message Body; viewIdResName: null; checkable: false; checked: false; focusable: false; focused: false; selected: false; clickable: false; longClickable: false; enabled: true; password: false; scrollable: false; [ACTION_SELECT, ACTION_CLEAR_SELECTION, ACTION_ACCESSIBILITY_FOCUS, ACTION_NEXT_AT_MOVEMENT_GRANULARITY, ACTION_PREVIOUS_AT_MOVEMENT_GRANULARITY, ACTION_SET_SELECTION]]
2018-09-17 13:27:09.942000	ALL	09-17 07:27:09.877  3309  3309 D UiObject: getText() = Message Body
2018-09-17 13:27:09.949000	ALL	09-17 07:27:09.885  3309  3314 D dalvikvm: GC_CONCURRENT freed 418K, 81% free 1147K/5792K, paused 1ms+1ms, total 9ms
2018-09-17 13:27:09.972000	ALL	09-17 07:27:09.913  3309  3309 I QueryController: Matched selector: UiSelector[CLASS=android.widget.TextView, INSTANCE=3, COUNT=3] <<==>> [android.view.accessibility.AccessibilityNodeInfo@133e3; boundsInParent: Rect(0, 0 - 278, 57); boundsInScreen: Rect(36, 707 - 314, 764); packageName: io.appium.android.apis; className: android.widget.TextView; text: Message Body; contentDescription: Message Body; viewIdResName: null; checkable: false; checked: false; focusable: false; focused: false; selected: false; clickable: false; longClickable: false; enabled: true; password: false; scrollable: false; [ACTION_SELECT, ACTION_CLEAR_SELECTION, ACTION_ACCESSIBILITY_FOCUS, ACTION_NEXT_AT_MOVEMENT_GRANULARITY, ACTION_PREVIOUS_AT_MOVEMENT_GRANULARITY, ACTION_SET_SELECTION]]
2018-09-17 13:27:09.974000	ALL	09-17 07:27:09.913  3309  3309 D UiObject: getText() = Message Body
2018-09-17 13:27:10.500000	ALL	09-17 07:27:10.441  3309  3309 I QueryController: Matched selector: UiSelector[CLASS=android.widget.TextView, INSTANCE=3, COUNT=3] <<==>> [android.view.accessibility.AccessibilityNodeInfo@133e3; boundsInParent: Rect(0, 0 - 278, 57); boundsInScreen: Rect(36, 707 - 314, 764); packageName: io.appium.android.apis; className: android.widget.TextView; text: Message Body; contentDescription: Message Body; viewIdResName: null; checkable: false; checked: false; focusable: false; focused: false; selected: false; clickable: false; longClickable: false; enabled: true; password: false; scrollable: false; [ACTION_SELECT, ACTION_CLEAR_SELECTION, ACTION_ACCESSIBILITY_FOCUS, ACTION_NEXT_AT_MOVEMENT_GRANULARITY, ACTION_PREVIOUS_AT_MOVEMENT_GRANULARITY, ACTION_SET_SELECTION]]
2018-09-17 13:27:10.504000	ALL	09-17 07:27:10.441  3309  3309 D UiObject: getText() = Message Body
2018-09-17 13:27:10.513000	ALL	09-17 07:27:10.453  3309  3309 I QueryController: Matched selector: UiSelector[CLASS=android.widget.TextView, INSTANCE=3, COUNT=3] <<==>> [android.view.accessibility.AccessibilityNodeInfo@133e3; boundsInParent: Rect(0, 0 - 278, 57); boundsInScreen: Rect(36, 707 - 314, 764); packageName: io.appium.android.apis; className: android.widget.TextView; text: Message Body; contentDescription: Message Body; viewIdResName: null; checkable: false; checked: false; focusable: false; focused: false; selected: false; clickable: false; longClickable: false; enabled: true; password: false; scrollable: false; [ACTION_SELECT, ACTION_CLEAR_SELECTION, ACTION_ACCESSIBILITY_FOCUS, ACTION_NEXT_AT_MOVEMENT_GRANULARITY, ACTION_PREVIOUS_AT_MOVEMENT_GRANULARITY, ACTION_SET_SELECTION]]
2018-09-17 13:27:10.518000	ALL	09-17 07:27:10.453  3309  3309 D UiObject: getText() = Message Body
2018-09-17 13:27:10.521000	ALL	09-17 07:27:10.461  3309  3309 I QueryController: Matched selector: UiSelector[CLASS=android.widget.TextView, INSTANCE=3, COUNT=3] <<==>> [android.view.accessibility.AccessibilityNodeInfo@133e3; boundsInParent: Rect(0, 0 - 278, 57); boundsInScreen: Rect(36, 707 - 314, 764); packageName: io.appium.android.apis; className: android.widget.TextView; text: Message Body; contentDescription: Message Body; viewIdResName: null; checkable: false; checked: false; focusable: false; focused: false; selected: false; clickable: false; longClickable: false; enabled: true; password: false; scrollable: false; [ACTION_SELECT, ACTION_CLEAR_SELECTION, ACTION_ACCESSIBILITY_FOCUS, ACTION_NEXT_AT_MOVEMENT_GRANULARITY, ACTION_PREVIOUS_AT_MOVEMENT_GRANULARITY, ACTION_SET_SELECTION]]
2018-09-17 13:27:10.523000	ALL	09-17 07:27:10.461  3309  3309 D UiObject: getText() = Message Body
2018-09-17 13:27:10.527000	ALL	09-17 07:27:10.465  3309  3314 D dalvikvm: GC_CONCURRENT freed 419K, 81% free 1147K/5792K, paused 1ms+1ms, total 5ms
2018-09-17 13:27:10.527000	ALL	09-17 07:27:10.473  3309  3309 I QueryController: Matched selector: UiSelector[CLASS=android.widget.TextView, INSTANCE=3, COUNT=3] <<==>> [android.view.accessibility.AccessibilityNodeInfo@133e3; boundsInParent: Rect(0, 0 - 278, 57); boundsInScreen: Rect(36, 707 - 314, 764); packageName: io.appium.android.apis; className: android.widget.TextView; text: Message Body; contentDescription: Message Body; viewIdResName: null; checkable: false; checked: false; focusable: false; focused: false; selected: false; clickable: false; longClickable: false; enabled: true; password: false; scrollable: false; [ACTION_SELECT, ACTION_CLEAR_SELECTION, ACTION_ACCESSIBILITY_FOCUS, ACTION_NEXT_AT_MOVEMENT_GRANULARITY, ACTION_PREVIOUS_AT_MOVEMENT_GRANULARITY, ACTION_SET_SELECTION]]
2018-09-17 13:27:10.534000	ALL	09-17 07:27:10.473  3309  3309 D UiObject: getText() = Message Body
2018-09-17 13:27:10.542000	ALL	09-17 07:27:10.485  3309  3309 I QueryController: Matched selector: UiSelector[CLASS=android.widget.TextView, INSTANCE=3, COUNT=3] <<==>> [android.view.accessibility.AccessibilityNodeInfo@133e3; boundsInParent: Rect(0, 0 - 278, 57); boundsInScreen: Rect(36, 707 - 314, 764); packageName: io.appium.android.apis; className: android.widget.TextView; text: Message Body; contentDescription: Message Body; viewIdResName: null; checkable: false; checked: false; focusable: false; focused: false; selected: false; clickable: false; longClickable: false; enabled: true; password: false; scrollable: false; [ACTION_SELECT, ACTION_CLEAR_SELECTION, ACTION_ACCESSIBILITY_FOCUS, ACTION_NEXT_AT_MOVEMENT_GRANULARITY, ACTION_PREVIOUS_AT_MOVEMENT_GRANULARITY, ACTION_SET_SELECTION]]
2018-09-17 13:27:10.547000	ALL	09-17 07:27:10.485  3309  3309 D UiObject: getText() = Message Body
2018-09-17 13:27:10.558000	ALL	09-17 07:27:10.497  3309  3309 I QueryController: Matched selector: UiSelector[CLASS=android.widget.TextView, INSTANCE=3, COUNT=3] <<==>> [android.view.accessibility.AccessibilityNodeInfo@133e3; boundsInParent: Rect(0, 0 - 278, 57); boundsInScreen: Rect(36, 707 - 314, 764); packageName: io.appium.android.apis; className: android.widget.TextView; text: Message Body; contentDescription: Message Body; viewIdResName: null; checkable: false; checked: false; focusable: false; focused: false; selected: false; clickable: false; longClickable: false; enabled: true; password: false; scrollable: false; [ACTION_SELECT, ACTION_CLEAR_SELECTION, ACTION_ACCESSIBILITY_FOCUS, ACTION_NEXT_AT_MOVEMENT_GRANULARITY, ACTION_PREVIOUS_AT_MOVEMENT_GRANULARITY, ACTION_SET_SELECTION]]
2018-09-17 13:27:10.564000	ALL	09-17 07:27:10.501  3309  3314 D dalvikvm: GC_CONCURRENT freed 421K, 80% free 1158K/5792K, paused 0ms+1ms, total 2ms
2018-09-17 13:27:10.571000	ALL	09-17 07:27:10.513  3309  3309 I QueryController: Matched selector: UiSelector[CLASS=android.widget.TextView, INSTANCE=3, COUNT=3] <<==>> [android.view.accessibility.AccessibilityNodeInfo@133e3; boundsInParent: Rect(0, 0 - 278, 57); boundsInScreen: Rect(36, 707 - 314, 764); packageName: io.appium.android.apis; className: android.widget.TextView; text: Message Body; contentDescription: Message Body; viewIdResName: null; checkable: false; checked: false; focusable: false; focused: false; selected: false; clickable: false; longClickable: false; enabled: true; password: false; scrollable: false; [ACTION_SELECT, ACTION_CLEAR_SELECTION, ACTION_ACCESSIBILITY_FOCUS, ACTION_NEXT_AT_MOVEMENT_GRANULARITY, ACTION_PREVIOUS_AT_MOVEMENT_GRANULARITY, ACTION_SET_SELECTION]]
2018-09-17 13:27:10.576000	ALL	09-17 07:27:10.513  3309  3309 D UiObject: getText() = Message Body
2018-09-17 13:27:10.576000	ALL	09-17 07:27:10.517  3309  3309 I QueryController: Matched selector: UiSelector[CLASS=android.widget.TextView, INSTANCE=3, COUNT=3] <<==>> [android.view.accessibility.AccessibilityNodeInfo@133e3; boundsInParent: Rect(0, 0 - 278, 57); boundsInScreen: Rect(36, 707 - 314, 764); packageName: io.appium.android.apis; className: android.widget.TextView; text: Message Body; contentDescription: Message Body; viewIdResName: null; checkable: false; checked: false; focusable: false; focused: false; selected: false; clickable: false; longClickable: false; enabled: true; password: false; scrollable: false; [ACTION_SELECT, ACTION_CLEAR_SELECTION, ACTION_ACCESSIBILITY_FOCUS, ACTION_NEXT_AT_MOVEMENT_GRANULARITY, ACTION_PREVIOUS_AT_MOVEMENT_GRANULARITY, ACTION_SET_SELECTION]]
2018-09-17 13:27:10.581000	ALL	09-17 07:27:10.517  3309  3309 D UiObject: getText() = Message Body
2018-09-17 13:27:10.581000	ALL	09-17 07:27:10.521  3309  3309 I QueryController: Matched selector: UiSelector[CLASS=android.widget.TextView, INSTANCE=3, COUNT=3] <<==>> [android.view.accessibility.AccessibilityNodeInfo@133e3; boundsInParent: Rect(0, 0 - 278, 57); boundsInScreen: Rect(36, 707 - 314, 764); packageName: io.appium.android.apis; className: android.widget.TextView; text: Message Body; contentDescription: Message Body; viewIdResName: null; checkable: false; checked: false; focusable: false; focused: false; selected: false; clickable: false; longClickable: false; enabled: true; password: false; scrollable: false; [ACTION_SELECT, ACTION_CLEAR_SELECTION, ACTION_ACCESSIBILITY_FOCUS, ACTION_NEXT_AT_MOVEMENT_GRANULARITY, ACTION_PREVIOUS_AT_MOVEMENT_GRANULARITY, ACTION_SET_SELECTION]]
2018-09-17 13:27:10.586000	ALL	09-17 07:27:10.521  3309  3309 D UiObject: getText() = Message Body
2018-09-17 13:27:10.593000	ALL	09-17 07:27:10.529  3309  3309 I QueryController: Matched selector: UiSelector[CLASS=android.widget.TextView, INSTANCE=3, COUNT=3] <<==>> [android.view.accessibility.AccessibilityNodeInfo@133e3; boundsInParent: Rect(0, 0 - 278, 57); boundsInScreen: Rect(36, 707 - 314, 764); packageName: io.appium.android.apis; className: android.widget.TextView; text: Message Body; contentDescription: Message Body; viewIdResName: null; checkable: false; checked: false; focusable: false; focused: false; selected: false; clickable: false; longClickable: false; enabled: true; password: false; scrollable: false; [ACTION_SELECT, ACTION_CLEAR_SELECTION, ACTION_ACCESSIBILITY_FOCUS, ACTION_NEXT_AT_MOVEMENT_GRANULARITY, ACTION_PREVIOUS_AT_MOVEMENT_GRANULARITY, ACTION_SET_SELECTION]]
2018-09-17 13:27:10.603000	ALL	09-17 07:27:10.541  3309  3314 D dalvikvm: GC_CONCURRENT freed 427K, 81% free 1137K/5792K, paused 0ms+0ms, total 2ms
2018-09-17 13:27:10.632000	ALL	09-17 07:27:10.573  3309  3314 D dalvikvm: GC_CONCURRENT freed 366K, 81% free 1155K/5792K, paused 1ms+0ms, total 3ms
2018-09-17 13:27:10.670000	ALL	09-17 07:27:10.609  3309  3314 D dalvikvm: GC_CONCURRENT freed 416K, 80% free 1166K/5792K, paused 0ms+0ms, total 3ms
2018-09-17 13:27:10.716000	ALL	09-17 07:27:10.657  3309  3314 D dalvikvm: GC_CONCURRENT freed 407K, 80% free 1166K/5792K, paused 2ms+3ms, total 8ms
2018-09-17 13:27:10.760000	ALL	09-17 07:27:10.697  3309  3314 D dalvikvm: GC_CONCURRENT freed 422K, 81% free 1148K/5792K, paused 1ms+0ms, total 2ms
2018-09-17 13:27:10.794000	ALL	09-17 07:27:10.729  3309  3314 D dalvikvm: GC_CONCURRENT freed 405K, 81% free 1148K/5792K, paused 1ms+0ms, total 2ms
2018-09-17 13:27:10.838000	ALL	09-17 07:27:10.773  3309  3314 D dalvikvm: GC_CONCURRENT freed 405K, 81% free 1149K/5792K, paused 0ms+0ms, total 3ms
2018-09-17 13:27:10.874000	ALL	09-17 07:27:10.813  3309  3314 D dalvikvm: GC_CONCURRENT freed 406K, 81% free 1148K/5792K, paused 0ms+0ms, total 2ms
2018-09-17 13:27:10.917000	ALL	09-17 07:27:10.853  3309  3314 D dalvikvm: GC_CONCURRENT freed 406K, 81% free 1148K/5792K, paused 1ms+1ms, total 4ms
2018-09-17 13:27:10.956000	ALL	09-17 07:27:10.893  3309  3314 D dalvikvm: GC_CONCURRENT freed 405K, 81% free 1148K/5792K, paused 0ms+0ms, total 2ms
2018-09-17 13:27:10.995000	ALL	09-17 07:27:10.933  3309  3314 D dalvikvm: GC_CONCURRENT freed 405K, 81% free 1149K/5792K, paused 0ms+0ms, total 2ms
2018-09-17 13:27:11.094000	ALL	09-17 07:27:11.029  3309  3314 D dalvikvm: GC_CONCURRENT freed 406K, 81% free 1148K/5792K, paused 0ms+0ms, total 1ms
2018-09-17 13:27:11.141000	ALL	09-17 07:27:11.077  3309  3314 D dalvikvm: GC_CONCURRENT freed 405K, 81% free 1149K/5792K, paused 0ms+1ms, total 2ms
2018-09-17 13:27:11.229000	ALL	09-17 07:27:11.161  3309  3314 D dalvikvm: GC_CONCURRENT freed 406K, 81% free 1149K/5792K, paused 1ms+0ms, total 3ms
2018-09-17 13:27:11.321000	ALL	09-17 07:27:11.257  3309  3314 D dalvikvm: GC_CONCURRENT freed 406K, 81% free 1149K/5792K, paused 0ms+0ms, total 3ms
2018-09-17 13:27:11.396000	ALL	09-17 07:27:11.333  3342  3345 D dalvikvm: GC_CONCURRENT freed 1282K, 17% free 7331K/8772K, paused 4ms+1ms, total 9ms
2018-09-17 13:27:11.416000	ALL	09-17 07:27:11.353  3309  3314 D dalvikvm: GC_CONCURRENT freed 405K, 81% free 1149K/5792K, paused 0ms+1ms, total 2ms
2018-09-17 13:27:11.519000	ALL	09-17 07:27:11.453  3309  3314 D dalvikvm: GC_CONCURRENT freed 406K, 81% free 1148K/5792K, paused 0ms+1ms, total 3ms
2018-09-17 13:27:11.613000	ALL	09-17 07:27:11.549  3309  3314 D dalvikvm: GC_CONCURRENT freed 406K, 81% free 1149K/5792K, paused 1ms+0ms, total 4ms
2018-09-17 13:27:11.706000	ALL	09-17 07:27:11.645  3309  3314 D dalvikvm: GC_CONCURRENT freed 405K, 81% free 1149K/5792K, paused 0ms+0ms, total 1ms
2018-09-17 13:27:11.799000	ALL	09-17 07:27:11.733  3309  3314 D dalvikvm: GC_CONCURRENT freed 406K, 81% free 1149K/5792K, paused 0ms+0ms, total 1ms
2018-09-17 13:27:11.896000	ALL	09-17 07:27:11.829  3309  3314 D dalvikvm: GC_CONCURRENT freed 406K, 81% free 1149K/5792K, paused 1ms+0ms, total 4ms
2018-09-17 13:27:11.988000	ALL	09-17 07:27:11.925  3309  3314 D dalvikvm: GC_CONCURRENT freed 406K, 81% free 1148K/5792K, paused 0ms+0ms, total 3ms
2018-09-17 13:27:12.049000	ALL	09-17 07:27:11.985  3309  3314 D dalvikvm: GC_CONCURRENT freed 405K, 81% free 1148K/5792K, paused 1ms+0ms, total 2ms
2018-09-17 13:27:12.115000	ALL	09-17 07:27:12.053  3309  3314 D dalvikvm: GC_CONCURRENT freed 406K, 81% free 1149K/5792K, paused 0ms+0ms, total 2ms
2018-09-17 13:27:12.218000	ALL	09-17 07:27:12.153  3309  3314 D dalvikvm: GC_CONCURRENT freed 405K, 81% free 1149K/5792K, paused 0ms+0ms, total 3ms
2018-09-17 13:27:12.309000	ALL	09-17 07:27:12.245  3309  3314 D dalvikvm: GC_CONCURRENT freed 407K, 81% free 1148K/5792K, paused 0ms+0ms, total 2ms
2018-09-17 13:27:12.415000	ALL	09-17 07:27:12.349  3309  3314 D dalvikvm: GC_CONCURRENT freed 406K, 81% free 1149K/5792K, paused 0ms+1ms, total 3ms
2018-09-17 13:27:12.529000	ALL	09-17 07:27:12.465  3309  3314 D dalvikvm: GC_CONCURRENT freed 405K, 81% free 1149K/5792K, paused 0ms+0ms, total 3ms
2018-09-17 13:27:12.596000	ALL	09-17 07:27:12.533  3309  3314 D dalvikvm: GC_CONCURRENT freed 406K, 81% free 1149K/5792K, paused 1ms+0ms, total 4ms
2018-09-17 13:27:12.694000	ALL	09-17 07:27:12.629  3309  3314 D dalvikvm: GC_CONCURRENT freed 405K, 81% free 1149K/5792K, paused 1ms+0ms, total 2ms
2018-09-17 13:27:12.788000	ALL	09-17 07:27:12.721  3309  3314 D dalvikvm: GC_CONCURRENT freed 406K, 81% free 1149K/5792K, paused 1ms+1ms, total 3ms
2018-09-17 13:27:12.829000	ALL	09-17 07:27:12.765  3309  3314 D dalvikvm: GC_CONCURRENT freed 405K, 81% free 1148K/5792K, paused 1ms+0ms, total 2ms
2018-09-17 13:27:12.925000	ALL	09-17 07:27:12.861  3309  3314 D dalvikvm: GC_CONCURRENT freed 406K, 81% free 1149K/5792K, paused 0ms+0ms, total 2ms
2018-09-17 13:27:13.040000	ALL	09-17 07:27:12.977  3309  3314 D dalvikvm: GC_CONCURRENT freed 405K, 81% free 1149K/5792K, paused 0ms+0ms, total 3ms
2018-09-17 13:27:13.112000	ALL	09-17 07:27:13.049  3309  3314 D dalvikvm: GC_CONCURRENT freed 405K, 81% free 1149K/5792K, paused 0ms+0ms, total 2ms
2018-09-17 13:27:13.213000	ALL	09-17 07:27:13.149  3309  3314 D dalvikvm: GC_CONCURRENT freed 406K, 81% free 1148K/5792K, paused 1ms+0ms, total 3ms
2018-09-17 13:27:13.314000	ALL	09-17 07:27:13.249  3309  3314 D dalvikvm: GC_CONCURRENT freed 406K, 81% free 1149K/5792K, paused 1ms+0ms, total 3ms
2018-09-17 13:27:13.456000	ALL	09-17 07:27:13.397   753   765 I LatinIME:LogUtils: Dictionary info: dictionary = main:en ; version = 42 ; date = 1381226429
2018-09-17 13:27:13.462000	ALL	09-17 07:27:13.397   753   881 I LatinIME:LogUtils: Dictionary info: dictionary = userunigram.en_US.dict ; version = ? ; date = ?
2018-09-17 13:27:13.570000	ALL	09-17 07:27:13.501   753   756 D dalvikvm: GC_CONCURRENT freed 405K, 14% free 3617K/4172K, paused 3ms+0ms, total 10ms
2018-09-17 13:27:13.617000	ALL	09-17 07:27:13.553  3617  3617 D         : HostConnection::get() New Host Connection established 0xb84ceeb0, tid 3617
2018-09-17 13:27:13.629000	ALL	09-17 07:27:13.569  3617  3617 W         : Unrecognized GLES max version string in extensions:
2018-09-17 13:27:13.634000	ALL	09-17 07:27:13.569  3617  3617 W         : Process pipe failed
2018-09-17 13:27:13.749000	ALL	09-17 07:27:13.689   613   664 D MobileDataStateTracker: default: setPolicyDataEnable(enabled=true)
2018-09-17 13:27:13.767000	ALL	09-17 07:27:13.689   613   664 D MobileDataStateTracker: default: setPolicyDataEnable(enabled=true)
2018-09-17 13:27:13.812000	ALL	09-17 07:27:13.737   613   664 D MobileDataStateTracker: default: setPolicyDataEnable(enabled=true)
2018-09-17 13:27:13.848000	ALL	09-17 07:27:13.785   613   664 D MobileDataStateTracker: default: setPolicyDataEnable(enabled=true)
2018-09-17 13:27:13.874000	ALL	09-17 07:27:13.813   613   664 D MobileDataStateTracker: default: setPolicyDataEnable(enabled=true)
2018-09-17 13:27:13.893000	ALL	09-17 07:27:13.829   613   664 D MobileDataStateTracker: default: setPolicyDataEnable(enabled=true)
2018-09-17 13:27:13.944000	ALL	09-17 07:27:13.885   613   664 D MobileDataStateTracker: default: setPolicyDataEnable(enabled=true)
2018-09-17 13:27:14.005000	ALL	09-17 07:27:13.945   613   664 D MobileDataStateTracker: default: setPolicyDataEnable(enabled=true)
2018-09-17 13:27:14.049000	ALL	09-17 07:27:13.989   613   664 D MobileDataStateTracker: default: setPolicyDataEnable(enabled=true)
2018-09-17 13:27:14.058000	ALL	09-17 07:27:13.997  3342  3345 D dalvikvm: GC_CONCURRENT freed 1277K, 17% free 7333K/8772K, paused 1ms+0ms, total 5ms
2018-09-17 13:27:14.064000	ALL	09-17 07:27:14.001  3309  3314 D dalvikvm: GC_CONCURRENT freed 405K, 80% free 1163K/5792K, paused 0ms+1ms, total 2ms
2018-09-17 13:27:14.096000	ALL	09-17 07:27:14.033  3309  3314 D dalvikvm: GC_CONCURRENT freed 422K, 81% free 1148K/5792K, paused 0ms+0ms, total 2ms
2018-09-17 13:27:14.120000	ALL	09-17 07:27:14.057  3309  3314 D dalvikvm: GC_CONCURRENT freed 407K, 81% free 1148K/5792K, paused 0ms+0ms, total 1ms
2018-09-17 13:27:14.146000	ALL	09-17 07:27:14.081  3309  3314 D dalvikvm: GC_CONCURRENT freed 407K, 81% free 1148K/5792K, paused 0ms+0ms, total 2ms
2018-09-17 13:27:14.173000	ALL	09-17 07:27:14.109  3309  3314 D dalvikvm: GC_CONCURRENT freed 407K, 81% free 1148K/5792K, paused 0ms+0ms, total 1ms
2018-09-17 13:27:14.196000	ALL	09-17 07:27:14.133  3309  3314 D dalvikvm: GC_CONCURRENT freed 407K, 81% free 1148K/5792K, paused 1ms+1ms, total 2ms
2018-09-17 13:27:14.220000	ALL	09-17 07:27:14.157  3309  3314 D dalvikvm: GC_CONCURRENT freed 407K, 81% free 1148K/5792K, paused 1ms+1ms, total 2ms
2018-09-17 13:27:14.244000	ALL	09-17 07:27:14.181  3309  3314 D dalvikvm: GC_CONCURRENT freed 408K, 81% free 1148K/5792K, paused 0ms+0ms, total 2ms
2018-09-17 13:27:14.266000	ALL	09-17 07:27:14.201  3309  3314 D dalvikvm: GC_CONCURRENT freed 407K, 81% free 1148K/5792K, paused 0ms+1ms, total 2ms
2018-09-17 13:27:14.290000	ALL	09-17 07:27:14.229  3309  3314 D dalvikvm: GC_CONCURRENT freed 407K, 81% free 1148K/5792K, paused 0ms+0ms, total 2ms
2018-09-17 13:27:14.317000	ALL	09-17 07:27:14.253  3309  3314 D dalvikvm: GC_CONCURRENT freed 407K, 81% free 1148K/5792K, paused 0ms+0ms, total 2ms
2018-09-17 13:27:14.341000	ALL	09-17 07:27:14.277  3309  3314 D dalvikvm: GC_CONCURRENT freed 405K, 81% free 1148K/5792K, paused 1ms+0ms, total 2ms
2018-09-17 13:27:14.436000	ALL	09-17 07:27:14.357  3309  3314 D dalvikvm: GC_CONCURRENT freed 407K, 81% free 1149K/5792K, paused 0ms+0ms, total 2ms
2018-09-17 13:27:14.534000	ALL	09-17 07:27:14.465  3309  3314 D dalvikvm: GC_CONCURRENT freed 420K, 81% free 1136K/5792K, paused 1ms+0ms, total 10ms
2018-09-17 13:27:14.715000	ALL	09-17 07:27:14.589  3309  3314 D dalvikvm: GC_CONCURRENT freed 407K, 81% free 1136K/5792K, paused 2ms+0ms, total 4ms
2018-09-17 13:27:14.715000	ALL	09-17 07:27:14.633  3309  3314 D dalvikvm: GC_CONCURRENT freed 395K, 81% free 1148K/5792K, paused 1ms+0ms, total 2ms
2018-09-17 13:27:15.025000	ALL	09-17 07:27:14.733  3309  3314 D dalvikvm: GC_CONCURRENT freed 407K, 81% free 1148K/5792K, paused 0ms+0ms, total 1ms
2018-09-17 13:27:15.025000	ALL	09-17 07:27:14.829  3309  3314 D dalvikvm: GC_CONCURRENT freed 407K, 81% free 1148K/5792K, paused 0ms+1ms, total 2ms
2018-09-17 13:27:15.025000	ALL	09-17 07:27:14.921  3309  3314 D dalvikvm: GC_CONCURRENT freed 407K, 81% free 1148K/5792K, paused 0ms+1ms, total 2ms
2018-09-17 13:27:15.091000	ALL	09-17 07:27:15.029  3309  3314 D dalvikvm: GC_CONCURRENT freed 419K, 81% free 1136K/5792K, paused 2ms+1ms, total 4ms
2018-09-17 13:27:15.214000	ALL	09-17 07:27:15.117  3309  3314 D dalvikvm: GC_CONCURRENT freed 395K, 81% free 1148K/5792K, paused 0ms+0ms, total 2ms

2018-09-17 13:43:38.533383 'Run animation' test logs with driver = android

2018-09-17 13:43:17.146000	ALL	09-17 07:43:17.077 11198 11198 I AccessibilityNodeInfoDumper: Skipping invisible child: android.view.accessibility.AccessibilityNodeInfo@c35c; boundsInParent: Rect(0, 0 - 0, 144); boundsInScreen: Rect(1080, 75 - 1080, 219); packageName: io.appium.android.apis; className: android.widget.LinearLayout; text: null; contentDescription: null; viewIdResName: null; checkable: false; checked: false; focusable: false; focused: false; selected: false; clickable: false; longClickable: false; enabled: true; password: false; scrollable: false; [ACTION_SELECT, ACTION_CLEAR_SELECTION, ACTION_ACCESSIBILITY_FOCUS]
2018-09-17 13:43:17.156000	ALL	09-17 07:43:17.085 11198 11198 W AccessibilityNodeInfoDumper: Fetch time: 36ms
2018-09-17 13:43:17.224000	ALL	09-17 07:43:17.149 11198 11198 I QueryController: Matched selector: UiSelector[CLASS=android.widget.TextView, INSTANCE=9, COUNT=9] <<==>> [android.view.accessibility.AccessibilityNodeInfo@a915; boundsInParent: Rect(0, 0 - 1080, 144); boundsInScreen: Rect(0, 1387 - 1080, 1531); packageName: io.appium.android.apis; className: android.widget.TextView; text: OS; contentDescription: OS; viewIdResName: android:id/text1; checkable: false; checked: false; focusable: false; focused: false; selected: false; clickable: true; longClickable: false; enabled: true; password: false; scrollable: false; [ACTION_SELECT, ACTION_CLEAR_SELECTION, ACTION_CLICK, ACTION_ACCESSIBILITY_FOCUS, ACTION_NEXT_AT_MOVEMENT_GRANULARITY, ACTION_PREVIOUS_AT_MOVEMENT_GRANULARITY, ACTION_SET_SELECTION]]
2018-09-17 13:43:17.238000	ALL	09-17 07:43:17.177 11198 11198 I QueryController: Matched selector: UiSelector[CLASS=android.widget.TextView, INSTANCE=9, COUNT=9] <<==>> [android.view.accessibility.AccessibilityNodeInfo@a915; boundsInParent: Rect(0, 0 - 1080, 144); boundsInScreen: Rect(0, 1387 - 1080, 1531); packageName: io.appium.android.apis; className: android.widget.TextView; text: OS; contentDescription: OS; viewIdResName: android:id/text1; checkable: false; checked: false; focusable: false; focused: false; selected: false; clickable: true; longClickable: false; enabled: true; password: false; scrollable: false; [ACTION_SELECT, ACTION_CLEAR_SELECTION, ACTION_CLICK, ACTION_ACCESSIBILITY_FOCUS, ACTION_NEXT_AT_MOVEMENT_GRANULARITY, ACTION_PREVIOUS_AT_MOVEMENT_GRANULARITY, ACTION_SET_SELECTION]]
2018-09-17 13:43:17.243000	ALL	09-17 07:43:17.177 11198 11198 D InteractionController: clickAndSync(540, 1459)
2018-09-17 13:43:17.418000	ALL	09-17 07:43:17.349   613 10615 I ActivityManager: START u0 {cmp=io.appium.android.apis/.ApiDemos (has extras)} from pid 11225
2018-09-17 13:43:17.451000	ALL	09-17 07:43:17.381 11225 11228 D dalvikvm: GC_CONCURRENT freed 502K, 9% free 6684K/7320K, paused 1ms+1ms, total 6ms
2018-09-17 13:43:17.512000	ALL	09-17 07:43:17.449 11225 11225 E EGL_emulation: tid 11225: eglSurfaceAttrib(1210): error 0x3009 (EGL_BAD_MATCH)
2018-09-17 13:43:17.521000	ALL	09-17 07:43:17.449 11225 11225 W HardwareRenderer: Backbuffer cannot be preserved
2018-09-17 13:43:17.548000	ALL	09-17 07:43:17.481   613   664 D MobileDataStateTracker: default: setPolicyDataEnable(enabled=true)
2018-09-17 13:43:17.567000	ALL	09-17 07:43:17.497   613   628 I ActivityManager: Displayed io.appium.android.apis/.ApiDemos: +141ms
2018-09-17 13:43:19.109000	ALL	09-17 07:43:19.041 11198 11211 D dalvikvm: GC_FOR_ALLOC freed 7080K, 87% free 1110K/8192K, paused 7ms, total 7ms
2018-09-17 13:43:19.149000	ALL	09-17 07:43:19.081 11198 11203 D dalvikvm: GC_CONCURRENT freed 425K, 87% free 1070K/8192K, paused 1ms+0ms, total 2ms
2018-09-17 13:43:19.187000	ALL	09-17 07:43:19.117 11198 11203 D dalvikvm: GC_CONCURRENT freed 398K, 83% free 1078K/6136K, paused 1ms+0ms, total 3ms
2018-09-17 13:43:19.237000	ALL	09-17 07:43:19.169 11198 11203 D dalvikvm: GC_CONCURRENT freed 407K, 83% free 1078K/6136K, paused 0ms+0ms, total 2ms
2018-09-17 13:43:19.291000	ALL	09-17 07:43:19.221 11198 11203 D dalvikvm: GC_CONCURRENT freed 398K, 83% free 1085K/6136K, paused 0ms+1ms, total 2ms
2018-09-17 13:43:19.339000	ALL	09-17 07:43:19.269 11198 11203 D dalvikvm: GC_CONCURRENT freed 420K, 83% free 1071K/6136K, paused 0ms+0ms, total 1ms
2018-09-17 13:43:19.386000	ALL	09-17 07:43:19.317 11198 11203 D dalvikvm: GC_CONCURRENT freed 399K, 83% free 1078K/6136K, paused 1ms+0ms, total 4ms
2018-09-17 13:43:19.433000	ALL	09-17 07:43:19.365 11225 11228 D dalvikvm: GC_CONCURRENT freed 1334K, 19% free 6410K/7900K, paused 3ms+1ms, total 7ms
2018-09-17 13:43:19.442000	ALL	09-17 07:43:19.373 11198 11203 D dalvikvm: GC_CONCURRENT freed 406K, 83% free 1077K/6136K, paused 0ms+0ms, total 3ms
2018-09-17 13:43:19.496000	ALL	09-17 07:43:19.429 11198 11203 D dalvikvm: GC_CONCURRENT freed 406K, 83% free 1078K/6136K, paused 0ms+0ms, total 2ms
2018-09-17 13:43:19.547000	ALL	09-17 07:43:19.477 11198 11203 D dalvikvm: GC_CONCURRENT freed 406K, 83% free 1084K/6136K, paused 1ms+0ms, total 5ms
2018-09-17 13:43:19.595000	ALL	09-17 07:43:19.525 11198 11203 D dalvikvm: GC_CONCURRENT freed 405K, 83% free 1078K/6136K, paused 1ms+0ms, total 3ms
2018-09-17 13:43:19.613000	ALL	09-17 07:43:19.549 11198 11198 I AccessibilityNodeInfoDumper: Skipping invisible child: android.view.accessibility.AccessibilityNodeInfo@1032e; boundsInParent: Rect(0, 0 - 0, 144); boundsInScreen: Rect(1080, 75 - 1080, 219); packageName: io.appium.android.apis; className: android.widget.LinearLayout; text: null; contentDescription: null; viewIdResName: null; checkable: false; checked: false; focusable: false; focused: false; selected: false; clickable: false; longClickable: false; enabled: true; password: false; scrollable: false; [ACTION_SELECT, ACTION_CLEAR_SELECTION, ACTION_ACCESSIBILITY_FOCUS]
2018-09-17 13:43:19.618000	ALL	09-17 07:43:19.549 11198 11198 W AccessibilityNodeInfoDumper: Fetch time: 7ms
2018-09-17 13:43:19.622000	ALL	09-17 07:43:19.557 11198 11203 D dalvikvm: GC_CONCURRENT freed 456K, 82% free 1134K/6136K, paused 2ms+0ms, total 3ms
2018-09-17 13:43:19.622000	ALL	09-17 07:43:19.557 11198 11211 D dalvikvm: WAIT_FOR_CONCURRENT_GC blocked 1ms
2018-09-17 13:43:19.629000	ALL	09-17 07:43:19.557 11198 11198 D dalvikvm: WAIT_FOR_CONCURRENT_GC blocked 2ms
2018-09-17 13:43:19.667000	ALL	09-17 07:43:19.589 11198 11198 I QueryController: Matched selector: UiSelector[CLASS=android.widget.TextView, INSTANCE=4, COUNT=4] <<==>> [android.view.accessibility.AccessibilityNodeInfo@f42a; boundsInParent: Rect(0, 0 - 1080, 144); boundsInScreen: Rect(0, 657 - 1080, 801); packageName: io.appium.android.apis; className: android.widget.TextView; text: SMS Messaging; contentDescription: SMS Messaging; viewIdResName: android:id/text1; checkable: false; checked: false; focusable: false; focused: false; selected: false; clickable: true; longClickable: false; enabled: true; password: false; scrollable: false; [ACTION_SELECT, ACTION_CLEAR_SELECTION, ACTION_CLICK, ACTION_ACCESSIBILITY_FOCUS, ACTION_NEXT_AT_MOVEMENT_GRANULARITY, ACTION_PREVIOUS_AT_MOVEMENT_GRANULARITY, ACTION_SET_SELECTION]]
2018-09-17 13:43:19.708000	ALL	09-17 07:43:19.605 11198 11203 D dalvikvm: GC_CONCURRENT freed 449K, 83% free 1084K/6136K, paused 0ms+1ms, total 9ms
2018-09-17 13:43:19.708000	ALL	09-17 07:43:19.609 11198 11198 I QueryController: Matched selector: UiSelector[CLASS=android.widget.TextView, INSTANCE=4, COUNT=4] <<==>> [android.view.accessibility.AccessibilityNodeInfo@f42a; boundsInParent: Rect(0, 0 - 1080, 144); boundsInScreen: Rect(0, 657 - 1080, 801); packageName: io.appium.android.apis; className: android.widget.TextView; text: SMS Messaging; contentDescription: SMS Messaging; viewIdResName: android:id/text1; checkable: false; checked: false; focusable: false; focused: false; selected: false; clickable: true; longClickable: false; enabled: true; password: false; scrollable: false; [ACTION_SELECT, ACTION_CLEAR_SELECTION, ACTION_CLICK, ACTION_ACCESSIBILITY_FOCUS, ACTION_NEXT_AT_MOVEMENT_GRANULARITY, ACTION_PREVIOUS_AT_MOVEMENT_GRANULARITY, ACTION_SET_SELECTION]]
2018-09-17 13:43:19.708000	ALL	09-17 07:43:19.609 11198 11198 D InteractionController: clickAndSync(540, 729)
2018-09-17 13:43:19.752000	ALL	09-17 07:43:19.641 11198 11203 D dalvikvm: GC_CONCURRENT freed 398K, 83% free 1080K/6136K, paused 0ms+0ms, total 2ms
2018-09-17 13:43:19.753000	ALL	09-17 07:43:19.685 11198 11203 D dalvikvm: GC_CONCURRENT freed 404K, 83% free 1083K/6136K, paused 0ms+0ms, total 2ms
2018-09-17 13:43:19.813000	ALL	09-17 07:43:19.741 11198 11203 D dalvikvm: GC_CONCURRENT freed 407K, 83% free 1081K/6136K, paused 0ms+0ms, total 2ms
2018-09-17 13:43:19.850000	ALL	09-17 07:43:19.785   613   843 I ActivityManager: START u0 {cmp=io.appium.android.apis/.os.SmsMessagingDemo} from pid 11225
2018-09-17 13:43:19.874000	ALL	09-17 07:43:19.809 11225 11228 D dalvikvm: GC_CONCURRENT freed 479K, 12% free 7015K/7900K, paused 0ms+1ms, total 6ms
2018-09-17 13:43:19.879000	ALL	09-17 07:43:19.809 11225 11225 D dalvikvm: WAIT_FOR_CONCURRENT_GC blocked 2ms
2018-09-17 13:43:19.902000	ALL	09-17 07:43:19.837   613   615 D dalvikvm: GC_CONCURRENT freed 1181K, 17% free 12859K/15440K, paused 0ms+1ms, total 21ms
2018-09-17 13:43:19.958000	ALL	09-17 07:43:19.897 11225 11225 E EGL_emulation: tid 11225: eglSurfaceAttrib(1210): error 0x3009 (EGL_BAD_MATCH)
2018-09-17 13:43:19.964000	ALL	09-17 07:43:19.897 11225 11225 W HardwareRenderer: Backbuffer cannot be preserved
2018-09-17 13:43:20.100000	ALL	09-17 07:43:20.033   613   628 I ActivityManager: Displayed io.appium.android.apis/.os.SmsMessagingDemo: +243ms
2018-09-17 13:43:20.682000	ALL	09-17 07:43:20.609 11198 11203 D dalvikvm: GC_CONCURRENT freed 386K, 83% free 1080K/6136K, paused 0ms+1ms, total 2ms
2018-09-17 13:43:21.316000	ALL	09-17 07:43:21.249 11198 11203 D dalvikvm: GC_CONCURRENT freed 398K, 83% free 1093K/6136K, paused 0ms+2ms, total 5ms
2018-09-17 13:43:21.441000	ALL	09-17 07:43:21.373 11198 11203 D dalvikvm: GC_CONCURRENT freed 379K, 83% free 1099K/6136K, paused 2ms+0ms, total 3ms
2018-09-17 13:43:21.470000	ALL	09-17 07:43:21.401 11198 11203 D dalvikvm: GC_CONCURRENT freed 406K, 83% free 1078K/6136K, paused 0ms+0ms, total 2ms
2018-09-17 13:43:21.502000	ALL	09-17 07:43:21.433 11198 11203 D dalvikvm: GC_CONCURRENT freed 364K, 83% free 1097K/6136K, paused 2ms+0ms, total 3ms
2018-09-17 13:43:21.530000	ALL	09-17 07:43:21.461 11198 11203 D dalvikvm: GC_CONCURRENT freed 400K, 83% free 1081K/6136K, paused 2ms+0ms, total 3ms
2018-09-17 13:43:21.563000	ALL	09-17 07:43:21.493 11198 11203 D dalvikvm: GC_CONCURRENT freed 398K, 83% free 1091K/6136K, paused 1ms+1ms, total 4ms
2018-09-17 13:43:21.602000	ALL	09-17 07:43:21.533 11198 11203 D dalvikvm: GC_CONCURRENT freed 408K, 83% free 1090K/6136K, paused 1ms+1ms, total 2ms
2018-09-17 13:43:21.650000	ALL	09-17 07:43:21.581 11198 11203 D dalvikvm: GC_CONCURRENT freed 376K, 83% free 1099K/6136K, paused 4ms+0ms, total 6ms
2018-09-17 13:43:21.688000	ALL	09-17 07:43:21.617 11198 11203 D dalvikvm: GC_CONCURRENT freed 405K, 83% free 1078K/6136K, paused 1ms+0ms, total 2ms
2018-09-17 13:43:21.725000	ALL	09-17 07:43:21.657 11198 11203 D dalvikvm: GC_CONCURRENT freed 394K, 83% free 1090K/6136K, paused 0ms+0ms, total 3ms
2018-09-17 13:43:21.769000	ALL	09-17 07:43:21.701 11198 11203 D dalvikvm: GC_CONCURRENT freed 407K, 83% free 1090K/6136K, paused 0ms+0ms, total 2ms
2018-09-17 13:43:21.813000	ALL	09-17 07:43:21.745 11198 11203 D dalvikvm: GC_CONCURRENT freed 407K, 83% free 1090K/6136K, paused 1ms+1ms, total 3ms
2018-09-17 13:43:21.857000	ALL	09-17 07:43:21.789 11198 11203 D dalvikvm: GC_CONCURRENT freed 406K, 83% free 1090K/6136K, paused 0ms+0ms, total 2ms
2018-09-17 13:43:21.889000	ALL	09-17 07:43:21.821 11225 11228 D dalvikvm: GC_CONCURRENT freed 871K, 13% free 7320K/8348K, paused 3ms+0ms, total 7ms
2018-09-17 13:43:21.896000	ALL	09-17 07:43:21.829 11198 11203 D dalvikvm: GC_CONCURRENT freed 407K, 83% free 1090K/6136K, paused 0ms+0ms, total 2ms
2018-09-17 13:43:21.936000	ALL	09-17 07:43:21.869 11198 11203 D dalvikvm: GC_CONCURRENT freed 406K, 83% free 1090K/6136K, paused 0ms+1ms, total 2ms
2018-09-17 13:43:21.978000	ALL	09-17 07:43:21.909 11198 11203 D dalvikvm: GC_CONCURRENT freed 407K, 83% free 1090K/6136K, paused 0ms+0ms, total 1ms
2018-09-17 13:43:22.014000	ALL	09-17 07:43:21.945 11198 11203 D dalvikvm: GC_CONCURRENT freed 407K, 83% free 1090K/6136K, paused 0ms+0ms, total 3ms
2018-09-17 13:43:22.054000	ALL	09-17 07:43:21.985 11198 11203 D dalvikvm: GC_CONCURRENT freed 406K, 83% free 1090K/6136K, paused 0ms+0ms, total 3ms
2018-09-17 13:43:22.109000	ALL	09-17 07:43:22.045 11198 11203 D dalvikvm: GC_CONCURRENT freed 384K, 82% free 1113K/6136K, paused 1ms+0ms, total 4ms
2018-09-17 13:43:22.114000	ALL	09-17 07:43:22.045 11198 11198 I AccessibilityNodeInfoDumper: Skipping invisible child: android.view.accessibility.AccessibilityNodeInfo@15204; boundsInParent: Rect(0, 0 - 0, 144); boundsInScreen: Rect(1080, 75 - 1080, 219); packageName: io.appium.android.apis; className: android.widget.LinearLayout; text: null; contentDescription: null; viewIdResName: null; checkable: false; checked: false; focusable: false; focused: false; selected: false; clickable: false; longClickable: false; enabled: true; password: false; scrollable: false; [ACTION_SELECT, ACTION_CLEAR_SELECTION, ACTION_ACCESSIBILITY_FOCUS]
2018-09-17 13:43:22.118000	ALL	09-17 07:43:22.049 11198 11198 W AccessibilityNodeInfoDumper: Fetch time: 26ms
2018-09-17 13:43:22.137000	ALL	09-17 07:43:22.069 11198 11203 D dalvikvm: GC_CONCURRENT freed 439K, 82% free 1163K/6136K, paused 2ms+2ms, total 5ms
2018-09-17 13:43:22.156000	ALL	09-17 07:43:22.085 11198 11198 I QueryController: Matched selector: UiSelector[CLASS=android.widget.TextView, INSTANCE=2, COUNT=2] <<==>> [android.view.accessibility.AccessibilityNodeInfo@133fc; boundsInParent: Rect(0, 0 - 278, 57); boundsInScreen: Rect(36, 589 - 314, 646); packageName: io.appium.android.apis; className: android.widget.TextView; text: Recipient #; contentDescription: Recipient #; viewIdResName: null; checkable: false; checked: false; focusable: false; focused: false; selected: false; clickable: false; longClickable: false; enabled: true; password: false; scrollable: false; [ACTION_SELECT, ACTION_CLEAR_SELECTION, ACTION_ACCESSIBILITY_FOCUS, ACTION_NEXT_AT_MOVEMENT_GRANULARITY, ACTION_PREVIOUS_AT_MOVEMENT_GRANULARITY, ACTION_SET_SELECTION]]
2018-09-17 13:43:22.166000	ALL	09-17 07:43:22.097 11198 11203 D dalvikvm: GC_CONCURRENT freed 475K, 83% free 1102K/6136K, paused 2ms+0ms, total 4ms
2018-09-17 13:43:22.170000	ALL	09-17 07:43:22.105 11198 11198 I QueryController: Matched selector: UiSelector[CLASS=android.widget.TextView, INSTANCE=2, COUNT=2] <<==>> [android.view.accessibility.AccessibilityNodeInfo@133fc; boundsInParent: Rect(0, 0 - 278, 57); boundsInScreen: Rect(36, 589 - 314, 646); packageName: io.appium.android.apis; className: android.widget.TextView; text: Recipient #; contentDescription: Recipient #; viewIdResName: null; checkable: false; checked: false; focusable: false; focused: false; selected: false; clickable: false; longClickable: false; enabled: true; password: false; scrollable: false; [ACTION_SELECT, ACTION_CLEAR_SELECTION, ACTION_ACCESSIBILITY_FOCUS, ACTION_NEXT_AT_MOVEMENT_GRANULARITY, ACTION_PREVIOUS_AT_MOVEMENT_GRANULARITY, ACTION_SET_SELECTION]]
2018-09-17 13:43:22.177000	ALL	09-17 07:43:22.105 11198 11198 D UiObject: getText() = Recipient #
2018-09-17 13:43:22.185000	ALL	09-17 07:43:22.117 11198 11198 I QueryController: Matched selector: UiSelector[CLASS=android.widget.TextView, INSTANCE=2, COUNT=2] <<==>> [android.view.accessibility.AccessibilityNodeInfo@133fc; boundsInParent: Rect(0, 0 - 278, 57); boundsInScreen: Rect(36, 589 - 314, 646); packageName: io.appium.android.apis; className: android.widget.TextView; text: Recipient #; contentDescription: Recipient #; viewIdResName: null; checkable: false; checked: false; focusable: false; focused: false; selected: false; clickable: false; longClickable: false; enabled: true; password: false; scrollable: false; [ACTION_SELECT, ACTION_CLEAR_SELECTION, ACTION_ACCESSIBILITY_FOCUS, ACTION_NEXT_AT_MOVEMENT_GRANULARITY, ACTION_PREVIOUS_AT_MOVEMENT_GRANULARITY, ACTION_SET_SELECTION]]
2018-09-17 13:43:22.200000	ALL	09-17 07:43:22.133 11198 11203 D dalvikvm: GC_CONCURRENT freed 358K, 82% free 1139K/6136K, paused 0ms+1ms, total 2ms
2018-09-17 13:43:22.240000	ALL	09-17 07:43:22.169 11198 11203 D dalvikvm: GC_CONCURRENT freed 398K, 82% free 1147K/6136K, paused 0ms+0ms, total 2ms
2018-09-17 13:43:22.283000	ALL	09-17 07:43:22.213 11198 11203 D dalvikvm: GC_CONCURRENT freed 407K, 82% free 1146K/6136K, paused 1ms+0ms, total 4ms
2018-09-17 13:43:22.334000	ALL	09-17 07:43:22.265 11198 11203 D dalvikvm: GC_CONCURRENT freed 377K, 82% free 1153K/6136K, paused 3ms+1ms, total 5ms
2018-09-17 13:43:22.379000	ALL	09-17 07:43:22.309 11198 11203 D dalvikvm: GC_CONCURRENT freed 404K, 82% free 1133K/6136K, paused 0ms+0ms, total 3ms
2018-09-17 13:43:22.424000	ALL	09-17 07:43:22.357 11198 11203 D dalvikvm: GC_CONCURRENT freed 393K, 82% free 1146K/6136K, paused 0ms+0ms, total 3ms
2018-09-17 13:43:22.469000	ALL	09-17 07:43:22.401 11198 11203 D dalvikvm: GC_CONCURRENT freed 406K, 82% free 1146K/6136K, paused 0ms+0ms, total 3ms
2018-09-17 13:43:22.518000	ALL	09-17 07:43:22.449 11198 11203 D dalvikvm: GC_CONCURRENT freed 406K, 82% free 1146K/6136K, paused 3ms+1ms, total 6ms
2018-09-17 13:43:22.562000	ALL	09-17 07:43:22.493 11198 11203 D dalvikvm: GC_CONCURRENT freed 407K, 82% free 1145K/6136K, paused 1ms+0ms, total 3ms
2018-09-17 13:43:22.609000	ALL	09-17 07:43:22.541 11198 11203 D dalvikvm: GC_CONCURRENT freed 406K, 82% free 1146K/6136K, paused 0ms+0ms, total 3ms
2018-09-17 13:43:22.643000	ALL	09-17 07:43:22.573 11198 11203 D dalvikvm: GC_CONCURRENT freed 406K, 82% free 1146K/6136K, paused 0ms+0ms, total 2ms
2018-09-17 13:43:22.686000	ALL	09-17 07:43:22.617 11198 11203 D dalvikvm: GC_CONCURRENT freed 406K, 82% free 1146K/6136K, paused 0ms+0ms, total 2ms
2018-09-17 13:43:22.722000	ALL	09-17 07:43:22.653 11198 11203 D dalvikvm: GC_CONCURRENT freed 407K, 82% free 1146K/6136K, paused 0ms+0ms, total 2ms
2018-09-17 13:43:22.758000	ALL	09-17 07:43:22.689 11198 11203 D dalvikvm: GC_CONCURRENT freed 406K, 82% free 1146K/6136K, paused 0ms+1ms, total 2ms
2018-09-17 13:43:22.793000	ALL	09-17 07:43:22.725 11198 11203 D dalvikvm: GC_CONCURRENT freed 406K, 82% free 1146K/6136K, paused 1ms+0ms, total 2ms
2018-09-17 13:43:22.828000	ALL	09-17 07:43:22.761 11198 11203 D dalvikvm: GC_CONCURRENT freed 406K, 82% free 1146K/6136K, paused 0ms+0ms, total 2ms
2018-09-17 13:43:22.866000	ALL	09-17 07:43:22.797 11198 11203 D dalvikvm: GC_CONCURRENT freed 406K, 82% free 1146K/6136K, paused 0ms+1ms, total 2ms
2018-09-17 13:43:22.876000	ALL	09-17 07:43:22.805 11225 11228 D dalvikvm: GC_CONCURRENT freed 1282K, 17% free 7316K/8752K, paused 1ms+1ms, total 6ms
2018-09-17 13:43:22.902000	ALL	09-17 07:43:22.833 11198 11203 D dalvikvm: GC_CONCURRENT freed 407K, 82% free 1146K/6136K, paused 0ms+0ms, total 2ms
2018-09-17 13:43:22.941000	ALL	09-17 07:43:22.873 11198 11203 D dalvikvm: GC_CONCURRENT freed 406K, 82% free 1146K/6136K, paused 0ms+0ms, total 2ms
2018-09-17 13:43:22.986000	ALL	09-17 07:43:22.917 11198 11203 D dalvikvm: GC_CONCURRENT freed 406K, 82% free 1146K/6136K, paused 0ms+0ms, total 2ms
2018-09-17 13:43:23.022000	ALL	09-17 07:43:22.953 11198 11203 D dalvikvm: GC_CONCURRENT freed 406K, 82% free 1146K/6136K, paused 0ms+0ms, total 2ms
2018-09-17 13:43:23.054000	ALL	09-17 07:43:22.985 11198 11203 D dalvikvm: GC_CONCURRENT freed 406K, 82% free 1146K/6136K, paused 0ms+0ms, total 0ms
2018-09-17 13:43:23.112000	ALL	09-17 07:43:23.045 11198 11203 D dalvikvm: GC_CONCURRENT freed 407K, 82% free 1146K/6136K, paused 0ms+0ms, total 2ms
2018-09-17 13:43:23.155000	ALL	09-17 07:43:23.085 11198 11203 D dalvikvm: GC_CONCURRENT freed 406K, 82% free 1146K/6136K, paused 0ms+0ms, total 3ms
2018-09-17 13:43:23.198000	ALL	09-17 07:43:23.129 11198 11203 D dalvikvm: GC_CONCURRENT freed 406K, 82% free 1146K/6136K, paused 1ms+0ms, total 3ms
2018-09-17 13:43:23.246000	ALL	09-17 07:43:23.177 11198 11203 D dalvikvm: GC_CONCURRENT freed 406K, 82% free 1146K/6136K, paused 1ms+1ms, total 3ms
2018-09-17 13:43:23.294000	ALL	09-17 07:43:23.225 11198 11203 D dalvikvm: GC_CONCURRENT freed 406K, 82% free 1146K/6136K, paused 0ms+1ms, total 3ms
2018-09-17 13:43:23.337000	ALL	09-17 07:43:23.269 11198 11203 D dalvikvm: GC_CONCURRENT freed 407K, 82% free 1146K/6136K, paused 1ms+0ms, total 4ms
2018-09-17 13:43:23.386000	ALL	09-17 07:43:23.313 11198 11203 D dalvikvm: GC_CONCURRENT freed 406K, 82% free 1146K/6136K, paused 0ms+0ms, total 2ms
2018-09-17 13:43:23.431000	ALL	09-17 07:43:23.361 11198 11203 D dalvikvm: GC_CONCURRENT freed 394K, 82% free 1152K/6136K, paused 1ms+2ms, total 6ms
2018-09-17 13:43:23.483000	ALL	09-17 07:43:23.413 11198 11203 D dalvikvm: GC_CONCURRENT freed 400K, 82% free 1164K/6136K, paused 3ms+0ms, total 7ms
2018-09-17 13:43:23.530000	ALL	09-17 07:43:23.461 11198 11203 D dalvikvm: GC_CONCURRENT freed 424K, 82% free 1146K/6136K, paused 1ms+0ms, total 3ms
2018-09-17 13:43:23.577000	ALL	09-17 07:43:23.509 11198 11203 D dalvikvm: GC_CONCURRENT freed 407K, 82% free 1146K/6136K, paused 0ms+0ms, total 2ms
2018-09-17 13:43:23.623000	ALL	09-17 07:43:23.557 11198 11203 D dalvikvm: GC_CONCURRENT freed 376K, 82% free 1153K/6136K, paused 2ms+0ms, total 5ms
2018-09-17 13:43:23.665000	ALL	09-17 07:43:23.597 11198 11203 D dalvikvm: GC_CONCURRENT freed 404K, 82% free 1134K/6136K, paused 0ms+0ms, total 2ms
2018-09-17 13:43:23.718000	ALL	09-17 07:43:23.649 11198 11203 D dalvikvm: GC_CONCURRENT freed 365K, 81% free 1167K/6136K, paused 3ms+0ms, total 6ms
2018-09-17 13:43:23.759000	ALL	09-17 07:43:23.689 11198 11203 D dalvikvm: GC_CONCURRENT freed 436K, 82% free 1146K/6136K, paused 0ms+0ms, total 3ms
2018-09-17 13:43:23.835000	ALL	09-17 07:43:23.769 11198 11203 D dalvikvm: GC_CONCURRENT freed 378K, 82% free 1152K/6136K, paused 2ms+0ms, total 4ms
2018-09-17 13:43:23.926000	ALL	09-17 07:43:23.857 11198 11203 D dalvikvm: GC_CONCURRENT freed 403K, 82% free 1156K/6136K, paused 0ms+3ms, total 6ms
2018-09-17 13:43:24.018000	ALL	09-17 07:43:23.949 11198 11203 D dalvikvm: GC_CONCURRENT freed 432K, 82% free 1151K/6136K, paused 0ms+0ms, total 2ms
2018-09-17 13:43:24.030000	ALL	09-17 07:43:23.961 11225 11228 D dalvikvm: GC_CONCURRENT freed 1271K, 17% free 7318K/8752K, paused 2ms+0ms, total 7ms
2018-09-17 13:43:24.118000	ALL	09-17 07:43:24.049 11198 11203 D dalvikvm: GC_CONCURRENT freed 411K, 82% free 1146K/6136K, paused 0ms+0ms, total 3ms
2018-09-17 13:43:24.210000	ALL	09-17 07:43:24.141 11198 11203 D dalvikvm: GC_CONCURRENT freed 406K, 82% free 1146K/6136K, paused 1ms+0ms, total 3ms
2018-09-17 13:43:24.302000	ALL	09-17 07:43:24.233 11198 11203 D dalvikvm: GC_CONCURRENT freed 406K, 82% free 1146K/6136K, paused 0ms+0ms, total 2ms
2018-09-17 13:43:24.403000	ALL	09-17 07:43:24.333 11198 11203 D dalvikvm: GC_CONCURRENT freed 406K, 82% free 1146K/6136K, paused 1ms+0ms, total 4ms
2018-09-17 13:43:24.449000	ALL	09-17 07:43:24.377 11198 11203 D dalvikvm: GC_CONCURRENT freed 405K, 82% free 1146K/6136K, paused 0ms+0ms, total 2ms
2018-09-17 13:43:24.539000	ALL	09-17 07:43:24.469 11198 11203 D dalvikvm: GC_CONCURRENT freed 407K, 82% free 1146K/6136K, paused 0ms+0ms, total 2ms
2018-09-17 13:43:24.630000	ALL	09-17 07:43:24.561 11198 11203 D dalvikvm: GC_CONCURRENT freed 406K, 82% free 1146K/6136K, paused 0ms+0ms, total 1ms
2018-09-17 13:43:24.721000	ALL	09-17 07:43:24.649 11198 11203 D dalvikvm: GC_CONCURRENT freed 406K, 82% free 1146K/6136K, paused 0ms+0ms, total 2ms
2018-09-17 13:43:24.816000	ALL	09-17 07:43:24.745 11198 11203 D dalvikvm: GC_CONCURRENT freed 406K, 82% free 1146K/6136K, paused 1ms+0ms, total 2ms
2018-09-17 13:43:24.920000	ALL	09-17 07:43:24.849 11198 11203 D dalvikvm: GC_CONCURRENT freed 409K, 82% free 1146K/6136K, paused 1ms+1ms, total 3ms
2018-09-17 13:43:25.014000	ALL	09-17 07:43:24.949 11198 11203 D dalvikvm: GC_CONCURRENT freed 404K, 82% free 1146K/6136K, paused 0ms+0ms, total 2ms
2018-09-17 13:43:25.028000	ALL	09-17 07:43:24.965 11198 11198 I QueryController: Matched selector: UiSelector[CLASS=android.widget.TextView, INSTANCE=2, COUNT=2] <<==>> [android.view.accessibility.AccessibilityNodeInfo@133fc; boundsInParent: Rect(0, 0 - 278, 57); boundsInScreen: Rect(36, 589 - 314, 646); packageName: io.appium.android.apis; className: android.widget.TextView; text: Recipient #; contentDescription: Recipient #; viewIdResName: null; checkable: false; checked: false; focusable: false; focused: false; selected: false; clickable: false; longClickable: false; enabled: true; password: false; scrollable: false; [ACTION_SELECT, ACTION_CLEAR_SELECTION, ACTION_ACCESSIBILITY_FOCUS, ACTION_NEXT_AT_MOVEMENT_GRANULARITY, ACTION_PREVIOUS_AT_MOVEMENT_GRANULARITY, ACTION_SET_SELECTION]]
2018-09-17 13:43:25.033000	ALL	09-17 07:43:24.965 11198 11198 D UiObject: getText() = Recipient #
2018-09-17 13:43:25.037000	ALL	09-17 07:43:24.973 11198 11198 I QueryController: Matched selector: UiSelector[CLASS=android.widget.TextView, INSTANCE=2, COUNT=2] <<==>> [android.view.accessibility.AccessibilityNodeInfo@133fc; boundsInParent: Rect(0, 0 - 278, 57); boundsInScreen: Rect(36, 589 - 314, 646); packageName: io.appium.android.apis; className: android.widget.TextView; text: Recipient #; contentDescription: Recipient #; viewIdResName: null; checkable: false; checked: false; focusable: false; focused: false; selected: false; clickable: false; longClickable: false; enabled: true; password: false; scrollable: false; [ACTION_SELECT, ACTION_CLEAR_SELECTION, ACTION_ACCESSIBILITY_FOCUS, ACTION_NEXT_AT_MOVEMENT_GRANULARITY, ACTION_PREVIOUS_AT_MOVEMENT_GRANULARITY, ACTION_SET_SELECTION]]
2018-09-17 13:43:25.042000	ALL	09-17 07:43:24.973 11198 11198 D UiObject: getText() = Recipient #
2018-09-17 13:43:25.048000	ALL	09-17 07:43:24.977 11198 11198 I QueryController: Matched selector: UiSelector[CLASS=android.widget.TextView, INSTANCE=2, COUNT=2] <<==>> [android.view.accessibility.AccessibilityNodeInfo@133fc; boundsInParent: Rect(0, 0 - 278, 57); boundsInScreen: Rect(36, 589 - 314, 646); packageName: io.appium.android.apis; className: android.widget.TextView; text: Recipient #; contentDescription: Recipient #; viewIdResName: null; checkable: false; checked: false; focusable: false; focused: false; selected: false; clickable: false; longClickable: false; enabled: true; password: false; scrollable: false; [ACTION_SELECT, ACTION_CLEAR_SELECTION, ACTION_ACCESSIBILITY_FOCUS, ACTION_NEXT_AT_MOVEMENT_GRANULARITY, ACTION_PREVIOUS_AT_MOVEMENT_GRANULARITY, ACTION_SET_SELECTION]]
2018-09-17 13:43:25.058000	ALL	09-17 07:43:24.989 11198 11203 D dalvikvm: GC_CONCURRENT freed 399K, 82% free 1134K/6136K, paused 1ms+0ms, total 3ms
2018-09-17 13:43:25.070000	ALL	09-17 07:43:24.997 11198 11198 I QueryController: Matched selector: UiSelector[CLASS=android.widget.TextView, INSTANCE=2, COUNT=2] <<==>> [android.view.accessibility.AccessibilityNodeInfo@133fc; boundsInParent: Rect(0, 0 - 278, 57); boundsInScreen: Rect(36, 589 - 314, 646); packageName: io.appium.android.apis; className: android.widget.TextView; text: Recipient #; contentDescription: Recipient #; viewIdResName: null; checkable: false; checked: false; focusable: false; focused: false; selected: false; clickable: false; longClickable: false; enabled: true; password: false; scrollable: false; [ACTION_SELECT, ACTION_CLEAR_SELECTION, ACTION_ACCESSIBILITY_FOCUS, ACTION_NEXT_AT_MOVEMENT_GRANULARITY, ACTION_PREVIOUS_AT_MOVEMENT_GRANULARITY, ACTION_SET_SELECTION]]
2018-09-17 13:43:25.127000	ALL	09-17 07:43:25.057 11198 11203 D dalvikvm: GC_CONCURRENT freed 375K, 82% free 1162K/6136K, paused 1ms+2ms, total 5ms
2018-09-17 13:43:25.218000	ALL	09-17 07:43:25.149 11198 11203 D dalvikvm: GC_CONCURRENT freed 438K, 82% free 1145K/6136K, paused 1ms+1ms, total 3ms
2018-09-17 13:43:25.313000	ALL	09-17 07:43:25.245 11198 11203 D dalvikvm: GC_CONCURRENT freed 406K, 82% free 1146K/6136K, paused 0ms+0ms, total 2ms
2018-09-17 13:43:25.414000	ALL	09-17 07:43:25.349 11198 11203 D dalvikvm: GC_CONCURRENT freed 406K, 82% free 1146K/6136K, paused 0ms+1ms, total 3ms
2018-09-17 13:43:25.509000	ALL	09-17 07:43:25.445 11198 11203 D dalvikvm: GC_CONCURRENT freed 406K, 82% free 1146K/6136K, paused 0ms+1ms, total 3ms
2018-09-17 13:43:25.610000	ALL	09-17 07:43:25.545 11198 11203 D dalvikvm: GC_CONCURRENT freed 406K, 82% free 1146K/6136K, paused 1ms+0ms, total 5ms
2018-09-17 13:43:25.693000	ALL	09-17 07:43:25.625 11198 11203 D dalvikvm: GC_CONCURRENT freed 407K, 82% free 1145K/6136K, paused 0ms+0ms, total 3ms
2018-09-17 13:43:25.737000	ALL	09-17 07:43:25.669 11198 11203 D dalvikvm: GC_CONCURRENT freed 405K, 82% free 1145K/6136K, paused 1ms+0ms, total 4ms
2018-09-17 13:43:25.840000	ALL	09-17 07:43:25.769 11198 11203 D dalvikvm: GC_CONCURRENT freed 419K, 82% free 1134K/6136K, paused 1ms+1ms, total 2ms
2018-09-17 13:43:25.929000	ALL	09-17 07:43:25.861 11198 11203 D dalvikvm: GC_CONCURRENT freed 394K, 82% free 1146K/6136K, paused 1ms+0ms, total 4ms
2018-09-17 13:43:26.031000	ALL	09-17 07:43:25.957 11198 11203 D dalvikvm: GC_CONCURRENT freed 406K, 82% free 1146K/6136K, paused 0ms+0ms, total 3ms
2018-09-17 13:43:26.039000	ALL	09-17 07:43:25.969 11225 11228 D dalvikvm: GC_CONCURRENT freed 1274K, 17% free 7323K/8752K, paused 2ms+0ms, total 9ms
2018-09-17 13:43:26.114000	ALL	09-17 07:43:26.041 11198 11203 D dalvikvm: GC_CONCURRENT freed 407K, 82% free 1145K/6136K, paused 0ms+0ms, total 2ms
2018-09-17 13:43:26.219000	ALL	09-17 07:43:26.149 11198 11203 D dalvikvm: GC_CONCURRENT freed 406K, 82% free 1146K/6136K, paused 0ms+1ms, total 2ms
2018-09-17 13:43:26.312000	ALL	09-17 07:43:26.245 11198 11203 D dalvikvm: GC_CONCURRENT freed 406K, 82% free 1146K/6136K, paused 0ms+0ms, total 2ms
2018-09-17 13:43:26.409000	ALL	09-17 07:43:26.341 11198 11203 D dalvikvm: GC_CONCURRENT freed 406K, 82% free 1146K/6136K, paused 1ms+0ms, total 3ms
2018-09-17 13:43:26.503000	ALL	09-17 07:43:26.433 11198 11203 D dalvikvm: GC_CONCURRENT freed 406K, 82% free 1146K/6136K, paused 0ms+0ms, total 2ms
2018-09-17 13:43:26.606000	ALL	09-17 07:43:26.537 11198 11203 D dalvikvm: GC_CONCURRENT freed 407K, 82% free 1145K/6136K, paused 1ms+0ms, total 4ms
2018-09-17 13:43:26.645000	ALL	09-17 07:43:26.577 11198 11203 D dalvikvm: GC_CONCURRENT freed 405K, 82% free 1145K/6136K, paused 0ms+0ms, total 2ms
2018-09-17 13:43:26.740000	ALL	09-17 07:43:26.669 11198 11203 D dalvikvm: GC_CONCURRENT freed 407K, 82% free 1146K/6136K, paused 1ms+0ms, total 3ms
2018-09-17 13:43:26.832000	ALL	09-17 07:43:26.765 11198 11203 D dalvikvm: GC_CONCURRENT freed 406K, 82% free 1146K/6136K, paused 1ms+0ms, total 3ms
2018-09-17 13:43:26.925000	ALL	09-17 07:43:26.857 11198 11203 D dalvikvm: GC_CONCURRENT freed 406K, 82% free 1146K/6136K, paused 0ms+1ms, total 2ms
2018-09-17 13:43:27.025000	ALL	09-17 07:43:26.957 11198 11203 D dalvikvm: GC_CONCURRENT freed 407K, 82% free 1145K/6136K, paused 0ms+1ms, total 3ms
2018-09-17 13:43:27.121000	ALL	09-17 07:43:27.049 11198 11203 D dalvikvm: GC_CONCURRENT freed 419K, 82% free 1135K/6136K, paused 0ms+0ms, total 3ms
2018-09-17 13:43:27.227000	ALL	09-17 07:43:27.157 11198 11203 D dalvikvm: GC_CONCURRENT freed 393K, 82% free 1146K/6136K, paused 0ms+0ms, total 3ms
2018-09-17 13:43:27.325000	ALL	09-17 07:43:27.257 11198 11203 D dalvikvm: GC_CONCURRENT freed 418K, 82% free 1134K/6136K, paused 0ms+1ms, total 2ms
2018-09-17 13:43:27.420000	ALL	09-17 07:43:27.353 11198 11203 D dalvikvm: GC_CONCURRENT freed 395K, 82% free 1146K/6136K, paused 0ms+0ms, total 2ms
2018-09-17 13:43:27.516000	ALL	09-17 07:43:27.449 11198 11203 D dalvikvm: GC_CONCURRENT freed 406K, 82% free 1146K/6136K, paused 1ms+0ms, total 2ms
2018-09-17 13:43:27.614000	ALL	09-17 07:43:27.545 11198 11203 D dalvikvm: GC_CONCURRENT freed 406K, 82% free 1146K/6136K, paused 0ms+1ms, total 2ms
2018-09-17 13:43:27.706000	ALL	09-17 07:43:27.637 11198 11203 D dalvikvm: GC_CONCURRENT freed 406K, 82% free 1146K/6136K, paused 1ms+0ms, total 3ms
2018-09-17 13:43:27.798000	ALL	09-17 07:43:27.729 11198 11203 D dalvikvm: GC_CONCURRENT freed 407K, 82% free 1145K/6136K, paused 1ms+0ms, total 5ms
2018-09-17 13:43:27.848000	ALL	09-17 07:43:27.777 11198 11203 D dalvikvm: GC_CONCURRENT freed 376K, 82% free 1153K/6136K, paused 2ms+1ms, total 4ms
2018-09-17 13:43:27.934000	ALL	09-17 07:43:27.865 11198 11203 D dalvikvm: GC_CONCURRENT freed 403K, 82% free 1135K/6136K, paused 2ms+0ms, total 3ms
2018-09-17 13:43:28.030000	ALL	09-17 07:43:27.965 11198 11203 D dalvikvm: GC_CONCURRENT freed 394K, 82% free 1146K/6136K, paused 1ms+0ms, total 2ms
2018-09-17 13:43:28.094000	ALL	09-17 07:43:28.029   613   664 D MobileDataStateTracker: default: setPolicyDataEnable(enabled=true)
2018-09-17 13:43:28.126000	ALL	09-17 07:43:28.057 11198 11203 D dalvikvm: GC_CONCURRENT freed 394K, 82% free 1159K/6136K, paused 2ms+0ms, total 5ms
2018-09-17 13:43:28.140000	ALL	09-17 07:43:28.077 11225 11228 D dalvikvm: GC_CONCURRENT freed 1274K, 17% free 7321K/8752K, paused 2ms+1ms, total 6ms
2018-09-17 13:43:28.207000	ALL	09-17 07:43:28.137 11198 11203 D dalvikvm: GC_CONCURRENT freed 419K, 82% free 1146K/6136K, paused 1ms+1ms, total 2ms
2018-09-17 13:43:28.309000	ALL	09-17 07:43:28.245 11198 11203 D dalvikvm: GC_CONCURRENT freed 406K, 82% free 1146K/6136K, paused 1ms+1ms, total 4ms
2018-09-17 13:43:28.406000	ALL	09-17 07:43:28.333 11198 11203 D dalvikvm: GC_CONCURRENT freed 405K, 82% free 1147K/6136K, paused 0ms+0ms, total 3ms
2018-09-17 13:43:28.497000	ALL	09-17 07:43:28.429 11198 11203 D dalvikvm: GC_CONCURRENT freed 408K, 82% free 1145K/6136K, paused 1ms+0ms, total 3ms
2018-09-17 13:43:28.542000	ALL	09-17 07:43:28.473 11198 11203 D dalvikvm: GC_CONCURRENT freed 405K, 82% free 1146K/6136K, paused 0ms+1ms, total 2ms
2018-09-17 13:43:28.642000	ALL	09-17 07:43:28.573 11198 11203 D dalvikvm: GC_CONCURRENT freed 407K, 82% free 1146K/6136K, paused 0ms+0ms, total 3ms
2018-09-17 13:43:28.735000	ALL	09-17 07:43:28.665 11198 11203 D dalvikvm: GC_CONCURRENT freed 406K, 82% free 1146K/6136K, paused 1ms+0ms, total 3ms
2018-09-17 13:43:28.831000	ALL	09-17 07:43:28.765 11198 11203 D dalvikvm: GC_CONCURRENT freed 406K, 82% free 1146K/6136K, paused 0ms+0ms, total 4ms
2018-09-17 13:43:28.927000	ALL	09-17 07:43:28.857 11198 11203 D dalvikvm: GC_CONCURRENT freed 407K, 82% free 1146K/6136K, paused 1ms+1ms, total 3ms
2018-09-17 13:43:29.019000	ALL	09-17 07:43:28.949 11198 11203 D dalvikvm: GC_CONCURRENT freed 406K, 82% free 1146K/6136K, paused 1ms+0ms, total 4ms
2018-09-17 13:43:29.123000	ALL	09-17 07:43:29.053 11198 11203 D dalvikvm: GC_CONCURRENT freed 406K, 82% free 1146K/6136K, paused 0ms+0ms, total 4ms
2018-09-17 13:43:29.164000	ALL	09-17 07:43:29.093 11198 11203 D dalvikvm: GC_CONCURRENT freed 407K, 82% free 1146K/6136K, paused 0ms+0ms, total 2ms
2018-09-17 13:43:29.214000	ALL	09-17 07:43:29.145 11198 11203 D dalvikvm: GC_CONCURRENT freed 406K, 82% free 1146K/6136K, paused 0ms+0ms, total 2ms
2018-09-17 13:43:29.333000	ALL	09-17 07:43:29.265 11198 11203 D dalvikvm: GC_CONCURRENT freed 377K, 82% free 1152K/6136K, paused 5ms+1ms, total 7ms
2018-09-17 13:43:29.410000	ALL	09-17 07:43:29.341 11198 11203 D dalvikvm: GC_CONCURRENT freed 403K, 82% free 1134K/6136K, paused 0ms+0ms, total 2ms
2018-09-17 13:43:29.508000	ALL	09-17 07:43:29.437 11198 11203 D dalvikvm: GC_CONCURRENT freed 394K, 82% free 1146K/6136K, paused 1ms+1ms, total 3ms
2018-09-17 13:43:29.603000	ALL	09-17 07:43:29.533 11198 11203 D dalvikvm: GC_CONCURRENT freed 405K, 82% free 1147K/6136K, paused 1ms+0ms, total 3ms
2018-09-17 13:43:29.695000	ALL	09-17 07:43:29.625 11198 11203 D dalvikvm: GC_CONCURRENT freed 407K, 82% free 1145K/6136K, paused 1ms+1ms, total 3ms
2018-09-17 13:43:29.743000	ALL	09-17 07:43:29.669 11198 11203 D dalvikvm: GC_CONCURRENT freed 405K, 82% free 1145K/6136K, paused 2ms+0ms, total 5ms
2018-09-17 13:43:29.842000	ALL	09-17 07:43:29.773 11198 11203 D dalvikvm: GC_CONCURRENT freed 419K, 82% free 1134K/6136K, paused 0ms+0ms, total 2ms
2018-09-17 13:43:29.928000	ALL	09-17 07:43:29.857 11198 11203 D dalvikvm: GC_CONCURRENT freed 394K, 82% free 1146K/6136K, paused 1ms+0ms, total 2ms
2018-09-17 13:43:30.032000	ALL	09-17 07:43:29.965 11198 11203 D dalvikvm: GC_CONCURRENT freed 406K, 82% free 1146K/6136K, paused 0ms+0ms, total 2ms
2018-09-17 13:43:30.125000	ALL	09-17 07:43:30.057 11198 11203 D dalvikvm: GC_CONCURRENT freed 407K, 82% free 1146K/6136K, paused 0ms+0ms, total 2ms
2018-09-17 13:43:30.148000	ALL	09-17 07:43:30.073 11225 11228 D dalvikvm: GC_CONCURRENT freed 1277K, 17% free 7323K/8756K, paused 2ms+0ms, total 7ms
2018-09-17 13:43:30.216000	ALL	09-17 07:43:30.141 11198 11203 D dalvikvm: GC_CONCURRENT freed 406K, 82% free 1146K/6136K, paused 0ms+0ms, total 1ms
2018-09-17 13:43:30.308000	ALL	09-17 07:43:30.237 11198 11203 D dalvikvm: GC_CONCURRENT freed 406K, 82% free 1146K/6136K, paused 0ms+0ms, total 2ms
2018-09-17 13:43:30.411000	ALL	09-17 07:43:30.341 11198 11203 D dalvikvm: GC_CONCURRENT freed 406K, 82% free 1146K/6136K, paused 0ms+0ms, total 2ms
2018-09-17 13:43:30.507000	ALL	09-17 07:43:30.437 11198 11203 D dalvikvm: GC_CONCURRENT freed 406K, 82% free 1146K/6136K, paused 0ms+0ms, total 3ms
2018-09-17 13:43:30.600000	ALL	09-17 07:43:30.529 11198 11203 D dalvikvm: GC_CONCURRENT freed 407K, 82% free 1145K/6136K, paused 1ms+1ms, total 3ms
2018-09-17 13:43:30.639000	ALL	09-17 07:43:30.573 11198 11203 D dalvikvm: GC_CONCURRENT freed 405K, 82% free 1145K/6136K, paused 1ms+0ms, total 2ms
2018-09-17 13:43:30.681000	ALL	09-17 07:43:30.617 11198 11198 I QueryController: Matched selector: UiSelector[CLASS=android.widget.TextView, INSTANCE=2, COUNT=2] <<==>> [android.view.accessibility.AccessibilityNodeInfo@133fc; boundsInParent: Rect(0, 0 - 278, 57); boundsInScreen: Rect(36, 589 - 314, 646); packageName: io.appium.android.apis; className: android.widget.TextView; text: Recipient #; contentDescription: Recipient #; viewIdResName: null; checkable: false; checked: false; focusable: false; focused: false; selected: false; clickable: false; longClickable: false; enabled: true; password: false; scrollable: false; [ACTION_SELECT, ACTION_CLEAR_SELECTION, ACTION_ACCESSIBILITY_FOCUS, ACTION_NEXT_AT_MOVEMENT_GRANULARITY, ACTION_PREVIOUS_AT_MOVEMENT_GRANULARITY, ACTION_SET_SELECTION]]
2018-09-17 13:43:30.685000	ALL	09-17 07:43:30.617 11198 11198 D UiObject: getText() = Recipient #
2018-09-17 13:43:30.688000	ALL	09-17 07:43:30.625 11198 11198 I QueryController: Matched selector: UiSelector[CLASS=android.widget.TextView, INSTANCE=2, COUNT=2] <<==>> [android.view.accessibility.AccessibilityNodeInfo@133fc; boundsInParent: Rect(0, 0 - 278, 57); boundsInScreen: Rect(36, 589 - 314, 646); packageName: io.appium.android.apis; className: android.widget.TextView; text: Recipient #; contentDescription: Recipient #; viewIdResName: null; checkable: false; checked: false; focusable: false; focused: false; selected: false; clickable: false; longClickable: false; enabled: true; password: false; scrollable: false; [ACTION_SELECT, ACTION_CLEAR_SELECTION, ACTION_ACCESSIBILITY_FOCUS, ACTION_NEXT_AT_MOVEMENT_GRANULARITY, ACTION_PREVIOUS_AT_MOVEMENT_GRANULARITY, ACTION_SET_SELECTION]]
2018-09-17 13:43:30.694000	ALL	09-17 07:43:30.625 11198 11198 D UiObject: getText() = Recipient #
2018-09-17 13:43:30.704000	ALL	09-17 07:43:30.637 11198 11198 I QueryController: Matched selector: UiSelector[CLASS=android.widget.TextView, INSTANCE=2, COUNT=2] <<==>> [android.view.accessibility.AccessibilityNodeInfo@133fc; boundsInParent: Rect(0, 0 - 278, 57); boundsInScreen: Rect(36, 589 - 314, 646); packageName: io.appium.android.apis; className: android.widget.TextView; text: Recipient #; contentDescription: Recipient #; viewIdResName: null; checkable: false; checked: false; focusable: false; focused: false; selected: false; clickable: false; longClickable: false; enabled: true; password: false; scrollable: false; [ACTION_SELECT, ACTION_CLEAR_SELECTION, ACTION_ACCESSIBILITY_FOCUS, ACTION_NEXT_AT_MOVEMENT_GRANULARITY, ACTION_PREVIOUS_AT_MOVEMENT_GRANULARITY, ACTION_SET_SELECTION]]
2018-09-17 13:43:30.717000	ALL	09-17 07:43:30.649 11198 11203 D dalvikvm: GC_CONCURRENT freed 396K, 82% free 1138K/6136K, paused 0ms+0ms, total 2ms
2018-09-17 13:43:30.717000	ALL	09-17 07:43:30.653 11198 11198 I QueryController: Matched selector: UiSelector[CLASS=android.widget.TextView, INSTANCE=2, COUNT=2] <<==>> [android.view.accessibility.AccessibilityNodeInfo@133fc; boundsInParent: Rect(0, 0 - 278, 57); boundsInScreen: Rect(36, 589 - 314, 646); packageName: io.appium.android.apis; className: android.widget.TextView; text: Recipient #; contentDescription: Recipient #; viewIdResName: null; checkable: false; checked: false; focusable: false; focused: false; selected: false; clickable: false; longClickable: false; enabled: true; password: false; scrollable: false; [ACTION_SELECT, ACTION_CLEAR_SELECTION, ACTION_ACCESSIBILITY_FOCUS, ACTION_NEXT_AT_MOVEMENT_GRANULARITY, ACTION_PREVIOUS_AT_MOVEMENT_GRANULARITY, ACTION_SET_SELECTION]]
2018-09-17 13:43:30.723000	ALL	09-17 07:43:30.653 11198 11198 D UiObject: getText() = Recipient #
2018-09-17 13:43:30.725000	ALL	09-17 07:43:30.661 11198 11198 I QueryController: Matched selector: UiSelector[CLASS=android.widget.TextView, INSTANCE=2, COUNT=2] <<==>> [android.view.accessibility.AccessibilityNodeInfo@133fc; boundsInParent: Rect(0, 0 - 278, 57); boundsInScreen: Rect(36, 589 - 314, 646); packageName: io.appium.android.apis; className: android.widget.TextView; text: Recipient #; contentDescription: Recipient #; viewIdResName: null; checkable: false; checked: false; focusable: false; focused: false; selected: false; clickable: false; longClickable: false; enabled: true; password: false; scrollable: false; [ACTION_SELECT, ACTION_CLEAR_SELECTION, ACTION_ACCESSIBILITY_FOCUS, ACTION_NEXT_AT_MOVEMENT_GRANULARITY, ACTION_PREVIOUS_AT_MOVEMENT_GRANULARITY, ACTION_SET_SELECTION]]
2018-09-17 13:43:30.730000	ALL	09-17 07:43:30.661 11198 11198 D UiObject: getText() = Recipient #
2018-09-17 13:43:30.735000	ALL	09-17 07:43:30.669 11198 11198 I QueryController: Matched selector: UiSelector[CLASS=android.widget.TextView, INSTANCE=2, COUNT=2] <<==>> [android.view.accessibility.AccessibilityNodeInfo@133fc; boundsInParent: Rect(0, 0 - 278, 57); boundsInScreen: Rect(36, 589 - 314, 646); packageName: io.appium.android.apis; className: android.widget.TextView; text: Recipient #; contentDescription: Recipient #; viewIdResName: null; checkable: false; checked: false; focusable: false; focused: false; selected: false; clickable: false; longClickable: false; enabled: true; password: false; scrollable: false; [ACTION_SELECT, ACTION_CLEAR_SELECTION, ACTION_ACCESSIBILITY_FOCUS, ACTION_NEXT_AT_MOVEMENT_GRANULARITY, ACTION_PREVIOUS_AT_MOVEMENT_GRANULARITY, ACTION_SET_SELECTION]]
2018-09-17 13:43:30.741000	ALL	09-17 07:43:30.673 11198 11198 D InteractionController: clickAndSync(175, 617)
2018-09-17 13:43:30.760000	ALL	09-17 07:43:30.689 11198 11203 D dalvikvm: GC_CONCURRENT freed 386K, 82% free 1138K/6136K, paused 0ms+0ms, total 2ms
2018-09-17 13:43:30.831000	ALL	09-17 07:43:30.761 11198 11203 D dalvikvm: GC_CONCURRENT freed 399K, 82% free 1147K/6136K, paused 0ms+0ms, total 3ms
2018-09-17 13:43:30.933000	ALL	09-17 07:43:30.865 11198 11203 D dalvikvm: GC_CONCURRENT freed 406K, 82% free 1148K/6136K, paused 1ms+1ms, total 3ms
2018-09-17 13:43:31.030000	ALL	09-17 07:43:30.961 11198 11203 D dalvikvm: GC_CONCURRENT freed 406K, 82% free 1148K/6136K, paused 0ms+0ms, total 2ms
2018-09-17 13:43:31.132000	ALL	09-17 07:43:31.065 11198 11203 D dalvikvm: GC_CONCURRENT freed 419K, 82% free 1135K/6136K, paused 0ms+0ms, total 3ms
2018-09-17 13:43:31.211000	ALL	09-17 07:43:31.141 11198 11203 D dalvikvm: GC_CONCURRENT freed 395K, 82% free 1147K/6136K, paused 1ms+0ms, total 2ms
2018-09-17 13:43:31.315000	ALL	09-17 07:43:31.245 11198 11203 D dalvikvm: GC_CONCURRENT freed 406K, 82% free 1147K/6136K, paused 0ms+0ms, total 2ms
2018-09-17 13:43:31.408000	ALL	09-17 07:43:31.337 11198 11203 D dalvikvm: GC_CONCURRENT freed 406K, 82% free 1147K/6136K, paused 1ms+0ms, total 3ms
2018-09-17 13:43:31.505000	ALL	09-17 07:43:31.437 11198 11203 D dalvikvm: GC_CONCURRENT freed 406K, 82% free 1147K/6136K, paused 1ms+1ms, total 4ms
2018-09-17 13:43:31.600000	ALL	09-17 07:43:31.533 11198 11203 D dalvikvm: GC_CONCURRENT freed 407K, 82% free 1147K/6136K, paused 0ms+1ms, total 2ms
2018-09-17 13:43:31.638000	ALL	09-17 07:43:31.569 11198 11203 D dalvikvm: GC_CONCURRENT freed 406K, 82% free 1146K/6136K, paused 0ms+0ms, total 2ms
2018-09-17 13:43:31.742000	ALL	09-17 07:43:31.669 11198 11203 D dalvikvm: GC_CONCURRENT freed 407K, 82% free 1147K/6136K, paused 0ms+1ms, total 2ms
2018-09-17 13:43:31.826000	ALL	09-17 07:43:31.757 11198 11203 D dalvikvm: GC_CONCURRENT freed 406K, 82% free 1147K/6136K, paused 1ms+0ms, total 3ms
2018-09-17 13:43:31.920000	ALL	09-17 07:43:31.849 11198 11203 D dalvikvm: GC_CONCURRENT freed 406K, 82% free 1147K/6136K, paused 1ms+0ms, total 3ms
2018-09-17 13:43:32.026000	ALL	09-17 07:43:31.961 11198 11203 D dalvikvm: GC_CONCURRENT freed 407K, 82% free 1146K/6136K, paused 1ms+0ms, total 4ms
2018-09-17 13:43:32.123000	ALL	09-17 07:43:32.053 11198 11203 D dalvikvm: GC_CONCURRENT freed 406K, 82% free 1147K/6136K, paused 1ms+0ms, total 3ms
2018-09-17 13:43:32.151000	ALL	09-17 07:43:32.085 11225 11228 D dalvikvm: GC_CONCURRENT freed 1278K, 17% free 7322K/8756K, paused 1ms+1ms, total 8ms
2018-09-17 13:43:32.209000	ALL	09-17 07:43:32.141 11198 11203 D dalvikvm: GC_CONCURRENT freed 406K, 82% free 1147K/6136K, paused 0ms+0ms, total 2ms
2018-09-17 13:43:32.301000	ALL	09-17 07:43:32.233 11198 11203 D dalvikvm: GC_CONCURRENT freed 406K, 82% free 1147K/6136K, paused 0ms+0ms, total 2ms
2018-09-17 13:43:32.404000	ALL	09-17 07:43:32.337 11198 11203 D dalvikvm: GC_CONCURRENT freed 406K, 82% free 1147K/6136K, paused 0ms+1ms, total 4ms
2018-09-17 13:43:32.498000	ALL	09-17 07:43:32.429 11198 11203 D dalvikvm: GC_CONCURRENT freed 407K, 82% free 1146K/6136K, paused 1ms+1ms, total 4ms
2018-09-17 13:43:32.539000	ALL	09-17 07:43:32.469 11198 11203 D dalvikvm: GC_CONCURRENT freed 405K, 82% free 1146K/6136K, paused 0ms+0ms, total 1ms
2018-09-17 13:43:32.653000	ALL	09-17 07:43:32.585 11198 11203 D dalvikvm: GC_CONCURRENT freed 407K, 82% free 1147K/6136K, paused 1ms+0ms, total 3ms
2018-09-17 13:43:32.733000	ALL	09-17 07:43:32.665 11198 11203 D dalvikvm: GC_CONCURRENT freed 406K, 82% free 1147K/6136K, paused 0ms+0ms, total 3ms
2018-09-17 13:43:32.827000	ALL	09-17 07:43:32.757 11198 11203 D dalvikvm: GC_CONCURRENT freed 406K, 82% free 1147K/6136K, paused 1ms+0ms, total 4ms
2018-09-17 13:43:32.927000	ALL	09-17 07:43:32.857 11198 11203 D dalvikvm: GC_CONCURRENT freed 407K, 82% free 1146K/6136K, paused 0ms+0ms, total 3ms
2018-09-17 13:43:33.031000	ALL	09-17 07:43:32.961 11198 11203 D dalvikvm: GC_CONCURRENT freed 406K, 82% free 1147K/6136K, paused 0ms+1ms, total 3ms
2018-09-17 13:43:33.130000	ALL	09-17 07:43:33.061 11198 11203 D dalvikvm: GC_CONCURRENT freed 406K, 82% free 1147K/6136K, paused 0ms+0ms, total 2ms
2018-09-17 13:43:33.203000	ALL	09-17 07:43:33.133 11198 11203 D dalvikvm: GC_CONCURRENT freed 406K, 82% free 1147K/6136K, paused 0ms+0ms, total 2ms
2018-09-17 13:43:33.299000	ALL	09-17 07:43:33.229 11198 11203 D dalvikvm: GC_CONCURRENT freed 406K, 82% free 1147K/6136K, paused 0ms+1ms, total 2ms
2018-09-17 13:43:33.400000	ALL	09-17 07:43:33.329 11198 11203 D dalvikvm: GC_CONCURRENT freed 407K, 82% free 1146K/6136K, paused 0ms+1ms, total 4ms
2018-09-17 13:43:33.440000	ALL	09-17 07:43:33.373 11198 11203 D dalvikvm: GC_CONCURRENT freed 405K, 82% free 1146K/6136K, paused 1ms+0ms, total 4ms
2018-09-17 13:43:33.538000	ALL	09-17 07:43:33.469 11198 11203 D dalvikvm: GC_CONCURRENT freed 407K, 82% free 1147K/6136K, paused 1ms+0ms, total 3ms
2018-09-17 13:43:33.647000	ALL	09-17 07:43:33.577 11198 11203 D dalvikvm: GC_CONCURRENT freed 406K, 82% free 1147K/6136K, paused 0ms+0ms, total 2ms
2018-09-17 13:43:33.726000	ALL	09-17 07:43:33.657 11198 11203 D dalvikvm: GC_CONCURRENT freed 406K, 82% free 1147K/6136K, paused 1ms+0ms, total 3ms
2018-09-17 13:43:33.828000	ALL	09-17 07:43:33.761 11198 11203 D dalvikvm: GC_CONCURRENT freed 406K, 82% free 1147K/6136K, paused 0ms+0ms, total 3ms
2018-09-17 13:43:33.846000	ALL	09-17 07:43:33.777 11198 11198 W InteractionController: runAndwaitForEvent timedout waiting for events
2018-09-17 13:43:33.846000	ALL	09-17 07:43:33.781 11198 11198 I QueryController: Matched selector: UiSelector[CLASS=android.widget.TextView, INSTANCE=2, COUNT=2] <<==>> [android.view.accessibility.AccessibilityNodeInfo@133fc; boundsInParent: Rect(0, 0 - 278, 57); boundsInScreen: Rect(36, 589 - 314, 646); packageName: io.appium.android.apis; className: android.widget.TextView; text: Recipient #; contentDescription: Recipient #; viewIdResName: null; checkable: false; checked: false; focusable: false; focused: false; selected: false; clickable: false; longClickable: false; enabled: true; password: false; scrollable: false; [ACTION_SELECT, ACTION_CLEAR_SELECTION, ACTION_ACCESSIBILITY_FOCUS, ACTION_NEXT_AT_MOVEMENT_GRANULARITY, ACTION_PREVIOUS_AT_MOVEMENT_GRANULARITY, ACTION_SET_SELECTION]]
2018-09-17 13:43:33.851000	ALL	09-17 07:43:33.781 11198 11198 D UiObject: getText() = Recipient #
2018-09-17 13:43:33.859000	ALL	09-17 07:43:33.797 11198 11198 I QueryController: Matched selector: UiSelector[CLASS=android.widget.TextView, INSTANCE=2, COUNT=2] <<==>> [android.view.accessibility.AccessibilityNodeInfo@133fc; boundsInParent: Rect(0, 0 - 278, 57); boundsInScreen: Rect(36, 589 - 314, 646); packageName: io.appium.android.apis; className: android.widget.TextView; text: Recipient #; contentDescription: Recipient #; viewIdResName: null; checkable: false; checked: false; focusable: false; focused: false; selected: false; clickable: false; longClickable: false; enabled: true; password: false; scrollable: false; [ACTION_SELECT, ACTION_CLEAR_SELECTION, ACTION_ACCESSIBILITY_FOCUS, ACTION_NEXT_AT_MOVEMENT_GRANULARITY, ACTION_PREVIOUS_AT_MOVEMENT_GRANULARITY, ACTION_SET_SELECTION]]
2018-09-17 13:43:33.864000	ALL	09-17 07:43:33.797 11198 11198 D UiObject: getText() = Recipient #
2018-09-17 13:43:33.870000	ALL	09-17 07:43:33.805 11198 11198 I QueryController: Matched selector: UiSelector[CLASS=android.widget.TextView, INSTANCE=2, COUNT=2] <<==>> [android.view.accessibility.AccessibilityNodeInfo@133fc; boundsInParent: Rect(0, 0 - 278, 57); boundsInScreen: Rect(36, 589 - 314, 646); packageName: io.appium.android.apis; className: android.widget.TextView; text: Recipient #; contentDescription: Recipient #; viewIdResName: null; checkable: false; checked: false; focusable: false; focused: false; selected: false; clickable: false; longClickable: false; enabled: true; password: false; scrollable: false; [ACTION_SELECT, ACTION_CLEAR_SELECTION, ACTION_ACCESSIBILITY_FOCUS, ACTION_NEXT_AT_MOVEMENT_GRANULARITY, ACTION_PREVIOUS_AT_MOVEMENT_GRANULARITY, ACTION_SET_SELECTION]]
2018-09-17 13:43:33.874000	ALL	09-17 07:43:33.805 11198 11198 D UiObject: getText() = Recipient #
2018-09-17 13:43:33.874000	ALL	09-17 07:43:33.809 11198 11198 I QueryController: Matched selector: UiSelector[CLASS=android.widget.TextView, INSTANCE=2, COUNT=2] <<==>> [android.view.accessibility.AccessibilityNodeInfo@133fc; boundsInParent: Rect(0, 0 - 278, 57); boundsInScreen: Rect(36, 589 - 314, 646); packageName: io.appium.android.apis; className: android.widget.TextView; text: Recipient #; contentDescription: Recipient #; viewIdResName: null; checkable: false; checked: false; focusable: false; focused: false; selected: false; clickable: false; longClickable: false; enabled: true; password: false; scrollable: false; [ACTION_SELECT, ACTION_CLEAR_SELECTION, ACTION_ACCESSIBILITY_FOCUS, ACTION_NEXT_AT_MOVEMENT_GRANULARITY, ACTION_PREVIOUS_AT_MOVEMENT_GRANULARITY, ACTION_SET_SELECTION]]
2018-09-17 13:43:33.876000	ALL	09-17 07:43:33.809 11198 11198 D UiObject: getText() = Recipient #
2018-09-17 13:43:33.878000	ALL	09-17 07:43:33.813 11198 11203 D dalvikvm: GC_CONCURRENT freed 411K, 82% free 1134K/6136K, paused 0ms+0ms, total 2ms
2018-09-17 13:43:33.879000	ALL	09-17 07:43:33.813 11198 11198 I QueryController: Matched selector: UiSelector[CLASS=android.widget.TextView, INSTANCE=2, COUNT=2] <<==>> [android.view.accessibility.AccessibilityNodeInfo@133fc; boundsInParent: Rect(0, 0 - 278, 57); boundsInScreen: Rect(36, 589 - 314, 646); packageName: io.appium.android.apis; className: android.widget.TextView; text: Recipient #; contentDescription: Recipient #; viewIdResName: null; checkable: false; checked: false; focusable: false; focused: false; selected: false; clickable: false; longClickable: false; enabled: true; password: false; scrollable: false; [ACTION_SELECT, ACTION_CLEAR_SELECTION, ACTION_ACCESSIBILITY_FOCUS, ACTION_NEXT_AT_MOVEMENT_GRANULARITY, ACTION_PREVIOUS_AT_MOVEMENT_GRANULARITY, ACTION_SET_SELECTION]]
2018-09-17 13:43:33.884000	ALL	09-17 07:43:33.813 11198 11198 D UiObject: getText() = Recipient #
2018-09-17 13:43:33.884000	ALL	09-17 07:43:33.817 11198 11198 I QueryController: Matched selector: UiSelector[CLASS=android.widget.TextView, INSTANCE=2, COUNT=2] <<==>> [android.view.accessibility.AccessibilityNodeInfo@133fc; boundsInParent: Rect(0, 0 - 278, 57); boundsInScreen: Rect(36, 589 - 314, 646); packageName: io.appium.android.apis; className: android.widget.TextView; text: Recipient #; contentDescription: Recipient #; viewIdResName: null; checkable: false; checked: false; focusable: false; focused: false; selected: false; clickable: false; longClickable: false; enabled: true; password: false; scrollable: false; [ACTION_SELECT, ACTION_CLEAR_SELECTION, ACTION_ACCESSIBILITY_FOCUS, ACTION_NEXT_AT_MOVEMENT_GRANULARITY, ACTION_PREVIOUS_AT_MOVEMENT_GRANULARITY, ACTION_SET_SELECTION]]
2018-09-17 13:43:33.888000	ALL	09-17 07:43:33.817 11198 11198 D UiObject: getText() = Recipient #
2018-09-17 13:43:33.890000	ALL	09-17 07:43:33.825 11198 11198 I QueryController: Matched selector: UiSelector[CLASS=android.widget.TextView, INSTANCE=2, COUNT=2] <<==>> [android.view.accessibility.AccessibilityNodeInfo@133fc; boundsInParent: Rect(0, 0 - 278, 57); boundsInScreen: Rect(36, 589 - 314, 646); packageName: io.appium.android.apis; className: android.widget.TextView; text: Recipient #; contentDescription: Recipient #; viewIdResName: null; checkable: false; checked: false; focusable: false; focused: false; selected: false; clickable: false; longClickable: false; enabled: true; password: false; scrollable: false; [ACTION_SELECT, ACTION_CLEAR_SELECTION, ACTION_ACCESSIBILITY_FOCUS, ACTION_NEXT_AT_MOVEMENT_GRANULARITY, ACTION_PREVIOUS_AT_MOVEMENT_GRANULARITY, ACTION_SET_SELECTION]]
2018-09-17 13:43:33.896000	ALL	09-17 07:43:33.825 11198 11198 D UiObject: getText() = Recipient #
2018-09-17 13:43:33.904000	ALL	09-17 07:43:33.837 11198 11198 I QueryController: Matched selector: UiSelector[CLASS=android.widget.TextView, INSTANCE=2, COUNT=2] <<==>> [android.view.accessibility.AccessibilityNodeInfo@133fc; boundsInParent: Rect(0, 0 - 278, 57); boundsInScreen: Rect(36, 589 - 314, 646); packageName: io.appium.android.apis; className: android.widget.TextView; text: Recipient #; contentDescription: Recipient #; viewIdResName: null; checkable: false; checked: false; focusable: false; focused: false; selected: false; clickable: false; longClickable: false; enabled: true; password: false; scrollable: false; [ACTION_SELECT, ACTION_CLEAR_SELECTION, ACTION_ACCESSIBILITY_FOCUS, ACTION_NEXT_AT_MOVEMENT_GRANULARITY, ACTION_PREVIOUS_AT_MOVEMENT_GRANULARITY, ACTION_SET_SELECTION]]
2018-09-17 13:43:33.916000	ALL	09-17 07:43:33.849 11198 11203 D dalvikvm: GC_CONCURRENT freed 393K, 82% free 1134K/6136K, paused 2ms+0ms, total 4ms
2018-09-17 13:43:33.916000	ALL	09-17 07:43:33.853 11198 11198 I QueryController: Matched selector: UiSelector[CLASS=android.widget.TextView, INSTANCE=2, COUNT=2] <<==>> [android.view.accessibility.AccessibilityNodeInfo@133fc; boundsInParent: Rect(0, 0 - 278, 57); boundsInScreen: Rect(36, 589 - 314, 646); packageName: io.appium.android.apis; className: android.widget.TextView; text: Recipient #; contentDescription: Recipient #; viewIdResName: null; checkable: false; checked: false; focusable: false; focused: false; selected: false; clickable: false; longClickable: false; enabled: true; password: false; scrollable: false; [ACTION_SELECT, ACTION_CLEAR_SELECTION, ACTION_ACCESSIBILITY_FOCUS, ACTION_NEXT_AT_MOVEMENT_GRANULARITY, ACTION_PREVIOUS_AT_MOVEMENT_GRANULARITY, ACTION_SET_SELECTION]]
2018-09-17 13:43:33.921000	ALL	09-17 07:43:33.853 11198 11198 D UiObject: getText() = Recipient #
2018-09-17 13:43:33.925000	ALL	09-17 07:43:33.861 11198 11198 I QueryController: Matched selector: UiSelector[CLASS=android.widget.TextView, INSTANCE=2, COUNT=2] <<==>> [android.view.accessibility.AccessibilityNodeInfo@133fc; boundsInParent: Rect(0, 0 - 278, 57); boundsInScreen: Rect(36, 589 - 314, 646); packageName: io.appium.android.apis; className: android.widget.TextView; text: Recipient #; contentDescription: Recipient #; viewIdResName: null; checkable: false; checked: false; focusable: false; focused: false; selected: false; clickable: false; longClickable: false; enabled: true; password: false; scrollable: false; [ACTION_SELECT, ACTION_CLEAR_SELECTION, ACTION_ACCESSIBILITY_FOCUS, ACTION_NEXT_AT_MOVEMENT_GRANULARITY, ACTION_PREVIOUS_AT_MOVEMENT_GRANULARITY, ACTION_SET_SELECTION]]
2018-09-17 13:43:33.931000	ALL	09-17 07:43:33.861 11198 11198 D UiObject: getText() = Recipient #
2018-09-17 13:43:33.938000	ALL	09-17 07:43:33.873 11198 11198 I QueryController: Matched selector: UiSelector[CLASS=android.widget.TextView, INSTANCE=2, COUNT=2] <<==>> [android.view.accessibility.AccessibilityNodeInfo@133fc; boundsInParent: Rect(0, 0 - 278, 57); boundsInScreen: Rect(36, 589 - 314, 646); packageName: io.appium.android.apis; className: android.widget.TextView; text: Recipient #; contentDescription: Recipient #; viewIdResName: null; checkable: false; checked: false; focusable: false; focused: false; selected: false; clickable: false; longClickable: false; enabled: true; password: false; scrollable: false; [ACTION_SELECT, ACTION_CLEAR_SELECTION, ACTION_ACCESSIBILITY_FOCUS, ACTION_NEXT_AT_MOVEMENT_GRANULARITY, ACTION_PREVIOUS_AT_MOVEMENT_GRANULARITY, ACTION_SET_SELECTION]]
2018-09-17 13:43:33.945000	ALL	09-17 07:43:33.873 11198 11198 D UiObject: getText() = Recipient #
2018-09-17 13:43:33.954000	ALL	09-17 07:43:33.885 11198 11203 D dalvikvm: GC_CONCURRENT freed 383K, 82% free 1139K/6136K, paused 0ms+0ms, total 2ms
2018-09-17 13:43:33.960000	ALL	09-17 07:43:33.889 11198 11198 I QueryController: Matched selector: UiSelector[CLASS=android.widget.TextView, INSTANCE=2, COUNT=2] <<==>> [android.view.accessibility.AccessibilityNodeInfo@133fc; boundsInParent: Rect(0, 0 - 278, 57); boundsInScreen: Rect(36, 589 - 314, 646); packageName: io.appium.android.apis; className: android.widget.TextView; text: Recipient #; contentDescription: Recipient #; viewIdResName: null; checkable: false; checked: false; focusable: false; focused: false; selected: false; clickable: false; longClickable: false; enabled: true; password: false; scrollable: false; [ACTION_SELECT, ACTION_CLEAR_SELECTION, ACTION_ACCESSIBILITY_FOCUS, ACTION_NEXT_AT_MOVEMENT_GRANULARITY, ACTION_PREVIOUS_AT_MOVEMENT_GRANULARITY, ACTION_SET_SELECTION]]
2018-09-17 13:43:34.026000	ALL	09-17 07:43:33.957 11198 11203 D dalvikvm: GC_CONCURRENT freed 395K, 82% free 1164K/6136K, paused 0ms+0ms, total 4ms
2018-09-17 13:43:34.138000	ALL	09-17 07:43:34.069 11225 11228 D dalvikvm: GC_CONCURRENT freed 1274K, 17% free 7323K/8756K, paused 2ms+0ms, total 7ms
2018-09-17 13:43:34.148000	ALL	09-17 07:43:34.081 11198 11203 D dalvikvm: GC_CONCURRENT freed 423K, 82% free 1148K/6136K, paused 1ms+0ms, total 3ms
2018-09-17 13:43:34.217000	ALL	09-17 07:43:34.149 11198 11203 D dalvikvm: GC_CONCURRENT freed 406K, 82% free 1148K/6136K, paused 0ms+1ms, total 2ms
2018-09-17 13:43:34.301000	ALL	09-17 07:43:34.233 11198 11203 D dalvikvm: GC_CONCURRENT freed 406K, 82% free 1148K/6136K, paused 0ms+1ms, total 2ms
2018-09-17 13:43:34.405000	ALL	09-17 07:43:34.337 11198 11203 D dalvikvm: GC_CONCURRENT freed 406K, 82% free 1148K/6136K, paused 0ms+0ms, total 3ms
2018-09-17 13:43:34.489000	ALL	09-17 07:43:34.417 11198 11203 D dalvikvm: GC_CONCURRENT freed 407K, 82% free 1149K/6136K, paused 0ms+0ms, total 2ms
2018-09-17 13:43:34.629000	ALL	09-17 07:43:34.561 11198 11203 D dalvikvm: GC_CONCURRENT freed 405K, 82% free 1148K/6136K, paused 0ms+0ms, total 3ms
2018-09-17 13:43:34.704000	ALL	09-17 07:43:34.637 11198 11203 D dalvikvm: GC_CONCURRENT freed 415K, 82% free 1140K/6136K, paused 0ms+0ms, total 3ms
2018-09-17 13:43:34.800000	ALL	09-17 07:43:34.733 11198 11203 D dalvikvm: GC_CONCURRENT freed 398K, 82% free 1148K/6136K, paused 1ms+0ms, total 3ms
2018-09-17 13:43:34.899000	ALL	09-17 07:43:34.829 11198 11203 D dalvikvm: GC_CONCURRENT freed 407K, 82% free 1148K/6136K, paused 0ms+0ms, total 4ms
2018-09-17 13:43:34.933000	ALL	09-17 07:43:34.865 11198 11203 D dalvikvm: GC_CONCURRENT freed 405K, 82% free 1148K/6136K, paused 1ms+0ms, total 3ms
2018-09-17 13:43:35.037000	ALL	09-17 07:43:34.969 11198 11203 D dalvikvm: GC_CONCURRENT freed 407K, 82% free 1148K/6136K, paused 0ms+0ms, total 2ms
2018-09-17 13:43:35.143000	ALL	09-17 07:43:35.073 11198 11203 D dalvikvm: GC_CONCURRENT freed 406K, 82% free 1148K/6136K, paused 0ms+1ms, total 2ms
2018-09-17 13:43:35.230000	ALL	09-17 07:43:35.161 11198 11203 D dalvikvm: GC_CONCURRENT freed 406K, 82% free 1148K/6136K, paused 0ms+0ms, total 3ms
2018-09-17 13:43:35.326000	ALL	09-17 07:43:35.257 11198 11203 D dalvikvm: GC_CONCURRENT freed 407K, 82% free 1148K/6136K, paused 1ms+0ms, total 4ms
2018-09-17 13:43:35.417000	ALL	09-17 07:43:35.349 11198 11203 D dalvikvm: GC_CONCURRENT freed 406K, 82% free 1148K/6136K, paused 1ms+0ms, total 3ms
2018-09-17 13:43:35.512000	ALL	09-17 07:43:35.445 11198 11203 D dalvikvm: GC_CONCURRENT freed 406K, 82% free 1148K/6136K, paused 1ms+0ms, total 4ms
2018-09-17 13:43:35.616000	ALL	09-17 07:43:35.549 11198 11203 D dalvikvm: GC_CONCURRENT freed 405K, 82% free 1148K/6136K, paused 1ms+0ms, total 3ms
2018-09-17 13:43:35.699000	ALL	09-17 07:43:35.629 11198 11203 D dalvikvm: GC_CONCURRENT freed 407K, 82% free 1148K/6136K, paused 1ms+0ms, total 4ms
2018-09-17 13:43:35.734000	ALL	09-17 07:43:35.665 11198 11203 D dalvikvm: GC_CONCURRENT freed 405K, 82% free 1148K/6136K, paused 0ms+0ms, total 3ms
2018-09-17 13:43:35.831000	ALL	09-17 07:43:35.761 11198 11203 D dalvikvm: GC_CONCURRENT freed 407K, 82% free 1148K/6136K, paused 0ms+0ms, total 3ms
2018-09-17 13:43:35.927000	ALL	09-17 07:43:35.857 11198 11203 D dalvikvm: GC_CONCURRENT freed 405K, 82% free 1149K/6136K, paused 1ms+0ms, total 3ms
2018-09-17 13:43:36.029000	ALL	09-17 07:43:35.965 11198 11203 D dalvikvm: GC_CONCURRENT freed 406K, 82% free 1148K/6136K, paused 0ms+0ms, total 4ms
2018-09-17 13:43:36.133000	ALL	09-17 07:43:36.065 11198 11203 D dalvikvm: GC_CONCURRENT freed 407K, 82% free 1148K/6136K, paused 0ms+0ms, total 3ms
2018-09-17 13:43:36.211000	ALL	09-17 07:43:36.145 11225 11228 D dalvikvm: GC_CONCURRENT freed 1276K, 17% free 7324K/8756K, paused 1ms+1ms, total 6ms
2018-09-17 13:43:36.226000	ALL	09-17 07:43:36.157 11198 11203 D dalvikvm: GC_CONCURRENT freed 406K, 82% free 1148K/6136K, paused 0ms+1ms, total 2ms
2018-09-17 13:43:36.308000	ALL	09-17 07:43:36.241 11198 11203 D dalvikvm: GC_CONCURRENT freed 406K, 82% free 1148K/6136K, paused 0ms+0ms, total 3ms
2018-09-17 13:43:36.403000	ALL	09-17 07:43:36.333 11198 11203 D dalvikvm: GC_CONCURRENT freed 418K, 82% free 1136K/6136K, paused 0ms+0ms, total 1ms
2018-09-17 13:43:36.503000	ALL	09-17 07:43:36.433 11198 11203 D dalvikvm: GC_CONCURRENT freed 394K, 82% free 1148K/6136K, paused 0ms+0ms, total 3ms
2018-09-17 13:43:36.594000	ALL	09-17 07:43:36.525 11198 11203 D dalvikvm: GC_CONCURRENT freed 407K, 82% free 1148K/6136K, paused 0ms+1ms, total 4ms
2018-09-17 13:43:36.649000	ALL	09-17 07:43:36.581 11198 11203 D dalvikvm: GC_CONCURRENT freed 405K, 82% free 1148K/6136K, paused 1ms+0ms, total 2ms
2018-09-17 13:43:36.746000	ALL	09-17 07:43:36.677 11198 11203 D dalvikvm: GC_CONCURRENT freed 407K, 82% free 1148K/6136K, paused 2ms+0ms, total 5ms
2018-09-17 13:43:36.807000	ALL	09-17 07:43:36.737   753  2692 I LatinIME:LogUtils: Dictionary info: dictionary = contacts.en_US.dict ; version = ? ; date = ?
2018-09-17 13:43:36.812000	ALL	09-17 07:43:36.745   753   756 D dalvikvm: GC_CONCURRENT freed 395K, 15% free 3614K/4212K, paused 1ms+0ms, total 6ms
2018-09-17 13:43:36.976000	ALL	09-17 07:43:36.909 11404 11404 D         : HostConnection::get() New Host Connection established 0xb81a4eb8, tid 11404
2018-09-17 13:43:36.981000	ALL	09-17 07:43:36.917 11404 11404 W         : Unrecognized GLES max version string in extensions:
2018-09-17 13:43:36.986000	ALL	09-17 07:43:36.917 11404 11404 W         : Process pipe failed
2018-09-17 13:43:37.031000	ALL	09-17 07:43:36.961   613   664 D MobileDataStateTracker: default: setPolicyDataEnable(enabled=true)
2018-09-17 13:43:37.080000	ALL	09-17 07:43:37.013   613   664 D MobileDataStateTracker: default: setPolicyDataEnable(enabled=true)
2018-09-17 13:43:37.126000	ALL	09-17 07:43:37.057   613   664 D MobileDataStateTracker: default: setPolicyDataEnable(enabled=true)
2018-09-17 13:43:37.163000	ALL	09-17 07:43:37.093   613   664 D MobileDataStateTracker: default: setPolicyDataEnable(enabled=true)
2018-09-17 13:43:37.183000	ALL	09-17 07:43:37.113   613   664 D MobileDataStateTracker: default: setPolicyDataEnable(enabled=true)
2018-09-17 13:43:37.198000	ALL	09-17 07:43:37.125   613   664 D MobileDataStateTracker: default: setPolicyDataEnable(enabled=true)
2018-09-17 13:43:37.265000	ALL	09-17 07:43:37.197   613   664 D MobileDataStateTracker: default: setPolicyDataEnable(enabled=true)
2018-09-17 13:43:37.357000	ALL	09-17 07:43:37.289   613   664 D MobileDataStateTracker: default: setPolicyDataEnable(enabled=true)
2018-09-17 13:43:37.383000	ALL	09-17 07:43:37.313   613   664 D MobileDataStateTracker: default: setPolicyDataEnable(enabled=true)
2018-09-17 13:43:37.406000	ALL	09-17 07:43:37.337 11198 11203 D dalvikvm: GC_CONCURRENT freed 338K, 81% free 1210K/6136K, paused 0ms+0ms, total 1ms
2018-09-17 13:43:37.459000	ALL	09-17 07:43:37.389 11198 11203 D dalvikvm: GC_CONCURRENT freed 407K, 81% free 1211K/6136K, paused 0ms+0ms, total 2ms
2018-09-17 13:43:37.490000	ALL	09-17 07:43:37.421 11198 11203 D dalvikvm: GC_CONCURRENT freed 407K, 81% free 1210K/6136K, paused 1ms+0ms, total 2ms
2018-09-17 13:43:37.516000	ALL	09-17 07:43:37.449 11198 11203 D dalvikvm: GC_CONCURRENT freed 407K, 81% free 1211K/6136K, paused 0ms+0ms, total 2ms
2018-09-17 13:43:37.550000	ALL	09-17 07:43:37.481 11198 11203 D dalvikvm: GC_CONCURRENT freed 408K, 81% free 1211K/6136K, paused 0ms+0ms, total 1ms
2018-09-17 13:43:37.582000	ALL	09-17 07:43:37.513 11198 11203 D dalvikvm: GC_CONCURRENT freed 407K, 81% free 1211K/6136K, paused 0ms+0ms, total 1ms
2018-09-17 13:43:37.607000	ALL	09-17 07:43:37.541 11198 11203 D dalvikvm: GC_CONCURRENT freed 408K, 81% free 1210K/6136K, paused 0ms+0ms, total 2ms
2018-09-17 13:43:37.637000	ALL	09-17 07:43:37.569 11198 11203 D dalvikvm: GC_CONCURRENT freed 407K, 81% free 1211K/6136K, paused 0ms+0ms, total 2ms
2018-09-17 13:43:37.678000	ALL	09-17 07:43:37.601 11198 11203 D dalvikvm: GC_CONCURRENT freed 407K, 81% free 1211K/6136K, paused 0ms+0ms, total 2ms
2018-09-17 13:43:37.724000	ALL	09-17 07:43:37.649 11198 11203 D dalvikvm: GC_CONCURRENT freed 408K, 81% free 1210K/6136K, paused 0ms+0ms, total 2ms
2018-09-17 13:43:37.789000	ALL	09-17 07:43:37.713 11198 11203 D dalvikvm: GC_CONCURRENT freed 407K, 81% free 1211K/6136K, paused 0ms+0ms, total 3ms
2018-09-17 13:43:37.840000	ALL	09-17 07:43:37.769 11198 11203 D dalvikvm: GC_CONCURRENT freed 407K, 81% free 1211K/6136K, paused 0ms+0ms, total 2ms
2018-09-17 13:43:37.999000	ALL	09-17 07:43:37.821 11198 11203 D dalvikvm: GC_CONCURRENT freed 407K, 81% free 1211K/6136K, paused 0ms+0ms, total 1ms
2018-09-17 13:43:37.999000	ALL	09-17 07:43:37.921 11198 11203 D dalvikvm: GC_CONCURRENT freed 407K, 81% free 1211K/6136K, paused 0ms+1ms, total 2ms
2018-09-17 13:43:38.303000	ALL	09-17 07:43:37.997 11198 11203 D dalvikvm: GC_CONCURRENT freed 407K, 81% free 1210K/6136K, paused 0ms+0ms, total 2ms
2018-09-17 13:43:38.303000	ALL	09-17 07:43:38.049 11198 11203 D dalvikvm: GC_CONCURRENT freed 408K, 81% free 1211K/6136K, paused 0ms+0ms, total 2ms
2018-09-17 13:43:38.303000	ALL	09-17 07:43:38.053 11225 11228 D dalvikvm: GC_CONCURRENT freed 1268K, 17% free 7332K/8756K, paused 1ms+0ms, total 5ms
2018-09-17 13:43:38.303000	ALL	09-17 07:43:38.145 11198 11203 D dalvikvm: GC_CONCURRENT freed 408K, 81% free 1211K/6136K, paused 0ms+0ms, total 1ms
2018-09-17 13:43:38.321000	ALL	09-17 07:43:38.245 11198 11203 D dalvikvm: GC_CONCURRENT freed 407K, 81% free 1211K/6136K, paused 1ms+0ms, total 3ms
2018-09-17 13:43:38.478000	ALL	09-17 07:43:38.369 11198 11203 D dalvikvm: GC_CONCURRENT freed 408K, 81% free 1211K/6136K, paused 0ms+0ms, total 2ms
2018-09-17 13:43:38.519000	ALL	09-17 07:43:38.445 11198 11203 D dalvikvm: GC_CONCURRENT freed 408K, 81% free 1210K/6136K, paused 0ms+1ms, total 2ms

2018-09-17 13:45:18.553977 'Run animation' test logs with driver = android

2018-09-17 13:44:51.816000	ALL	09-17 07:44:51.745 12894 12894 I AccessibilityNodeInfoDumper: Skipping invisible child: android.view.accessibility.AccessibilityNodeInfo@c360; boundsInParent: Rect(0, 0 - 0, 144); boundsInScreen: Rect(1080, 75 - 1080, 219); packageName: io.appium.android.apis; className: android.widget.LinearLayout; text: null; contentDescription: null; viewIdResName: null; checkable: false; checked: false; focusable: false; focused: false; selected: false; clickable: false; longClickable: false; enabled: true; password: false; scrollable: false; [ACTION_SELECT, ACTION_CLEAR_SELECTION, ACTION_ACCESSIBILITY_FOCUS]
2018-09-17 13:44:51.836000	ALL	09-17 07:44:51.769 12894 12894 W AccessibilityNodeInfoDumper: Fetch time: 30ms
2018-09-17 13:44:51.929000	ALL	09-17 07:44:51.857 12894 12894 I QueryController: Matched selector: UiSelector[CLASS=android.widget.TextView, INSTANCE=9, COUNT=9] <<==>> [android.view.accessibility.AccessibilityNodeInfo@acda; boundsInParent: Rect(0, 0 - 1080, 144); boundsInScreen: Rect(0, 1387 - 1080, 1531); packageName: io.appium.android.apis; className: android.widget.TextView; text: OS; contentDescription: OS; viewIdResName: android:id/text1; checkable: false; checked: false; focusable: false; focused: false; selected: false; clickable: true; longClickable: false; enabled: true; password: false; scrollable: false; [ACTION_SELECT, ACTION_CLEAR_SELECTION, ACTION_CLICK, ACTION_ACCESSIBILITY_FOCUS, ACTION_NEXT_AT_MOVEMENT_GRANULARITY, ACTION_PREVIOUS_AT_MOVEMENT_GRANULARITY, ACTION_SET_SELECTION]]
2018-09-17 13:44:51.953000	ALL	09-17 07:44:51.889 12894 12894 I QueryController: Matched selector: UiSelector[CLASS=android.widget.TextView, INSTANCE=9, COUNT=9] <<==>> [android.view.accessibility.AccessibilityNodeInfo@acda; boundsInParent: Rect(0, 0 - 1080, 144); boundsInScreen: Rect(0, 1387 - 1080, 1531); packageName: io.appium.android.apis; className: android.widget.TextView; text: OS; contentDescription: OS; viewIdResName: android:id/text1; checkable: false; checked: false; focusable: false; focused: false; selected: false; clickable: true; longClickable: false; enabled: true; password: false; scrollable: false; [ACTION_SELECT, ACTION_CLEAR_SELECTION, ACTION_CLICK, ACTION_ACCESSIBILITY_FOCUS, ACTION_NEXT_AT_MOVEMENT_GRANULARITY, ACTION_PREVIOUS_AT_MOVEMENT_GRANULARITY, ACTION_SET_SELECTION]]
2018-09-17 13:44:51.959000	ALL	09-17 07:44:51.889 12894 12894 D InteractionController: clickAndSync(540, 1459)
2018-09-17 13:44:52.132000	ALL	09-17 07:44:52.065   613   844 I ActivityManager: START u0 {cmp=io.appium.android.apis/.ApiDemos (has extras)} from pid 12927
2018-09-17 13:44:52.171000	ALL	09-17 07:44:52.101 12927 12931 D dalvikvm: GC_CONCURRENT freed 423K, 8% free 6742K/7316K, paused 0ms+1ms, total 7ms
2018-09-17 13:44:52.238000	ALL	09-17 07:44:52.173 12927 12927 E EGL_emulation: tid 12927: eglSurfaceAttrib(1210): error 0x3009 (EGL_BAD_MATCH)
2018-09-17 13:44:52.243000	ALL	09-17 07:44:52.173 12927 12927 W HardwareRenderer: Backbuffer cannot be preserved
2018-09-17 13:44:52.284000	ALL	09-17 07:44:52.213   613   628 I ActivityManager: Displayed io.appium.android.apis/.ApiDemos: +144ms
2018-09-17 13:44:53.938000	ALL	09-17 07:44:53.869 12894 12907 D dalvikvm: GC_FOR_ALLOC freed 7069K, 87% free 1122K/8192K, paused 6ms, total 6ms
2018-09-17 13:44:53.983000	ALL	09-17 07:44:53.913 12894 12899 D dalvikvm: GC_CONCURRENT freed 442K, 87% free 1072K/8192K, paused 0ms+0ms, total 2ms
2018-09-17 13:44:54.022000	ALL	09-17 07:44:53.953 12894 12899 D dalvikvm: GC_CONCURRENT freed 401K, 81% free 1078K/5484K, paused 0ms+0ms, total 3ms
2018-09-17 13:44:54.066000	ALL	09-17 07:44:53.997 12894 12899 D dalvikvm: GC_CONCURRENT freed 399K, 81% free 1086K/5484K, paused 0ms+0ms, total 1ms
2018-09-17 13:44:54.085000	ALL	09-17 07:44:54.017 12894 12894 I AccessibilityNodeInfoDumper: Skipping invisible child: android.view.accessibility.AccessibilityNodeInfo@10332; boundsInParent: Rect(0, 0 - 0, 144); boundsInScreen: Rect(1080, 75 - 1080, 219); packageName: io.appium.android.apis; className: android.widget.LinearLayout; text: null; contentDescription: null; viewIdResName: null; checkable: false; checked: false; focusable: false; focused: false; selected: false; clickable: false; longClickable: false; enabled: true; password: false; scrollable: false; [ACTION_SELECT, ACTION_CLEAR_SELECTION, ACTION_ACCESSIBILITY_FOCUS]
2018-09-17 13:44:54.086000	ALL	09-17 07:44:54.017 12894 12894 W AccessibilityNodeInfoDumper: Fetch time: 2ms
2018-09-17 13:44:54.098000	ALL	09-17 07:44:54.029 12894 12899 D dalvikvm: GC_CONCURRENT freed 367K, 78% free 1233K/5484K, paused 0ms+1ms, total 4ms
2018-09-17 13:44:54.115000	ALL	09-17 07:44:54.045 12894 12894 I QueryController: Matched selector: UiSelector[CLASS=android.widget.TextView, INSTANCE=4, COUNT=4] <<==>> [android.view.accessibility.AccessibilityNodeInfo@f42e; boundsInParent: Rect(0, 0 - 1080, 144); boundsInScreen: Rect(0, 657 - 1080, 801); packageName: io.appium.android.apis; className: android.widget.TextView; text: SMS Messaging; contentDescription: SMS Messaging; viewIdResName: android:id/text1; checkable: false; checked: false; focusable: false; focused: false; selected: false; clickable: true; longClickable: false; enabled: true; password: false; scrollable: false; [ACTION_SELECT, ACTION_CLEAR_SELECTION, ACTION_CLICK, ACTION_ACCESSIBILITY_FOCUS, ACTION_NEXT_AT_MOVEMENT_GRANULARITY, ACTION_PREVIOUS_AT_MOVEMENT_GRANULARITY, ACTION_SET_SELECTION]]
2018-09-17 13:44:54.122000	ALL	09-17 07:44:54.057 12894 12894 I QueryController: Matched selector: UiSelector[CLASS=android.widget.TextView, INSTANCE=4, COUNT=4] <<==>> [android.view.accessibility.AccessibilityNodeInfo@f42e; boundsInParent: Rect(0, 0 - 1080, 144); boundsInScreen: Rect(0, 657 - 1080, 801); packageName: io.appium.android.apis; className: android.widget.TextView; text: SMS Messaging; contentDescription: SMS Messaging; viewIdResName: android:id/text1; checkable: false; checked: false; focusable: false; focused: false; selected: false; clickable: true; longClickable: false; enabled: true; password: false; scrollable: false; [ACTION_SELECT, ACTION_CLEAR_SELECTION, ACTION_CLICK, ACTION_ACCESSIBILITY_FOCUS, ACTION_NEXT_AT_MOVEMENT_GRANULARITY, ACTION_PREVIOUS_AT_MOVEMENT_GRANULARITY, ACTION_SET_SELECTION]]
2018-09-17 13:44:54.127000	ALL	09-17 07:44:54.057 12894 12894 D InteractionController: clickAndSync(540, 729)
2018-09-17 13:44:54.134000	ALL	09-17 07:44:54.065 12894 12899 D dalvikvm: GC_CONCURRENT freed 539K, 81% free 1078K/5484K, paused 0ms+1ms, total 2ms
2018-09-17 13:44:54.177000	ALL	09-17 07:44:54.109 12894 12899 D dalvikvm: GC_CONCURRENT freed 403K, 81% free 1081K/5484K, paused 1ms+0ms, total 4ms
2018-09-17 13:44:54.222000	ALL	09-17 07:44:54.153 12894 12899 D dalvikvm: GC_CONCURRENT freed 395K, 81% free 1092K/5484K, paused 0ms+0ms, total 2ms
2018-09-17 13:44:54.259000	ALL	09-17 07:44:54.189 12927 12931 D dalvikvm: GC_CONCURRENT freed 1417K, 20% free 6410K/7984K, paused 2ms+1ms, total 7ms
2018-09-17 13:44:54.282000	ALL	09-17 07:44:54.213 12894 12899 D dalvikvm: GC_CONCURRENT freed 408K, 81% free 1090K/5484K, paused 1ms+2ms, total 5ms
2018-09-17 13:44:54.298000	ALL	09-17 07:44:54.229   613   783 I ActivityManager: START u0 {cmp=io.appium.android.apis/.os.SmsMessagingDemo} from pid 12927
2018-09-17 13:44:54.335000	ALL	09-17 07:44:54.265 12927 12931 D dalvikvm: GC_CONCURRENT freed 74K, 8% free 7357K/7984K, paused 1ms+1ms, total 4ms
2018-09-17 13:44:54.367000	ALL	09-17 07:44:54.297   753  2692 I LatinIME:LogUtils: Dictionary info: dictionary = contacts.en_US.dict ; version = ? ; date = ?
2018-09-17 13:44:54.416000	ALL	09-17 07:44:54.353 12927 12927 E EGL_emulation: tid 12927: eglSurfaceAttrib(1210): error 0x3009 (EGL_BAD_MATCH)
2018-09-17 13:44:54.422000	ALL	09-17 07:44:54.353 12927 12927 W HardwareRenderer: Backbuffer cannot be preserved
2018-09-17 13:44:54.586000	ALL	09-17 07:44:54.517   613   628 I ActivityManager: Displayed io.appium.android.apis/.os.SmsMessagingDemo: +278ms
2018-09-17 13:44:55.633000	ALL	09-17 07:44:55.565 12894 12899 D dalvikvm: GC_CONCURRENT freed 390K, 80% free 1111K/5484K, paused 0ms+1ms, total 4ms
2018-09-17 13:44:55.663000	ALL	09-17 07:44:55.593   613   664 D MobileDataStateTracker: default: setPolicyDataEnable(enabled=true)
2018-09-17 13:44:55.801000	ALL	09-17 07:44:55.733 12894 12899 D dalvikvm: GC_CONCURRENT freed 437K, 81% free 1090K/5484K, paused 0ms+1ms, total 4ms
2018-09-17 13:44:55.886000	ALL	09-17 07:44:55.817 12894 12899 D dalvikvm: GC_CONCURRENT freed 404K, 81% free 1093K/5484K, paused 3ms+0ms, total 4ms
2018-09-17 13:44:55.924000	ALL	09-17 07:44:55.857 12894 12899 D dalvikvm: GC_CONCURRENT freed 409K, 81% free 1090K/5484K, paused 2ms+0ms, total 4ms
2018-09-17 13:44:55.964000	ALL	09-17 07:44:55.893 12894 12899 D dalvikvm: GC_CONCURRENT freed 376K, 80% free 1098K/5484K, paused 1ms+0ms, total 2ms
2018-09-17 13:44:55.999000	ALL	09-17 07:44:55.933 12894 12899 D dalvikvm: GC_CONCURRENT freed 404K, 81% free 1079K/5484K, paused 0ms+0ms, total 5ms
2018-09-17 13:44:56.035000	ALL	09-17 07:44:55.969 12894 12899 D dalvikvm: GC_CONCURRENT freed 394K, 81% free 1091K/5484K, paused 0ms+0ms, total 5ms
2018-09-17 13:44:56.092000	ALL	09-17 07:44:56.025 12894 12899 D dalvikvm: GC_CONCURRENT freed 407K, 81% free 1090K/5484K, paused 1ms+1ms, total 4ms
2018-09-17 13:44:56.134000	ALL	09-17 07:44:56.065 12894 12899 D dalvikvm: GC_CONCURRENT freed 407K, 81% free 1091K/5484K, paused 0ms+0ms, total 3ms
2018-09-17 13:44:56.180000	ALL	09-17 07:44:56.109 12894 12899 D dalvikvm: GC_CONCURRENT freed 406K, 81% free 1091K/5484K, paused 1ms+0ms, total 3ms
2018-09-17 13:44:56.225000	ALL	09-17 07:44:56.161 12894 12899 D dalvikvm: GC_CONCURRENT freed 407K, 81% free 1091K/5484K, paused 1ms+0ms, total 4ms
2018-09-17 13:44:56.268000	ALL	09-17 07:44:56.197 12894 12899 D dalvikvm: GC_CONCURRENT freed 406K, 81% free 1091K/5484K, paused 1ms+0ms, total 3ms
2018-09-17 13:44:56.313000	ALL	09-17 07:44:56.245 12894 12899 D dalvikvm: GC_CONCURRENT freed 407K, 81% free 1090K/5484K, paused 0ms+0ms, total 3ms
2018-09-17 13:44:56.352000	ALL	09-17 07:44:56.281 12894 12899 D dalvikvm: GC_CONCURRENT freed 406K, 81% free 1091K/5484K, paused 1ms+0ms, total 4ms
2018-09-17 13:44:56.395000	ALL	09-17 07:44:56.325 12894 12899 D dalvikvm: GC_CONCURRENT freed 407K, 81% free 1091K/5484K, paused 0ms+1ms, total 3ms
2018-09-17 13:44:56.438000	ALL	09-17 07:44:56.369 12894 12899 D dalvikvm: GC_CONCURRENT freed 406K, 81% free 1091K/5484K, paused 0ms+0ms, total 2ms
2018-09-17 13:44:56.473000	ALL	09-17 07:44:56.405 12894 12899 D dalvikvm: GC_CONCURRENT freed 407K, 81% free 1091K/5484K, paused 0ms+0ms, total 0ms
2018-09-17 13:44:56.518000	ALL	09-17 07:44:56.453 12894 12899 D dalvikvm: GC_CONCURRENT freed 406K, 81% free 1092K/5484K, paused 0ms+2ms, total 4ms
2018-09-17 13:44:56.570000	ALL	09-17 07:44:56.501 12894 12899 D dalvikvm: GC_CONCURRENT freed 407K, 81% free 1091K/5484K, paused 0ms+1ms, total 2ms
2018-09-17 13:44:56.611000	ALL	09-17 07:44:56.541 12894 12899 D dalvikvm: GC_CONCURRENT freed 377K, 80% free 1097K/5484K, paused 2ms+0ms, total 3ms
2018-09-17 13:44:56.654000	ALL	09-17 07:44:56.585 12894 12899 D dalvikvm: GC_CONCURRENT freed 403K, 81% free 1079K/5484K, paused 0ms+0ms, total 2ms
2018-09-17 13:44:56.695000	ALL	09-17 07:44:56.625 12894 12899 D dalvikvm: GC_CONCURRENT freed 395K, 81% free 1090K/5484K, paused 0ms+1ms, total 2ms
2018-09-17 13:44:56.720000	ALL	09-17 07:44:56.649 12927 12931 D dalvikvm: GC_CONCURRENT freed 1316K, 17% free 7328K/8800K, paused 2ms+1ms, total 8ms
2018-09-17 13:44:56.744000	ALL	09-17 07:44:56.673 12894 12899 D dalvikvm: GC_CONCURRENT freed 406K, 81% free 1091K/5484K, paused 0ms+1ms, total 2ms
2018-09-17 13:44:56.786000	ALL	09-17 07:44:56.717 12894 12899 D dalvikvm: GC_CONCURRENT freed 406K, 81% free 1091K/5484K, paused 1ms+0ms, total 3ms
2018-09-17 13:44:56.833000	ALL	09-17 07:44:56.761 12894 12899 D dalvikvm: GC_CONCURRENT freed 406K, 81% free 1091K/5484K, paused 1ms+0ms, total 3ms
2018-09-17 13:44:56.874000	ALL	09-17 07:44:56.805 12894 12899 D dalvikvm: GC_CONCURRENT freed 406K, 81% free 1091K/5484K, paused 1ms+1ms, total 3ms
2018-09-17 13:44:56.918000	ALL	09-17 07:44:56.849 12894 12899 D dalvikvm: GC_CONCURRENT freed 408K, 81% free 1090K/5484K, paused 1ms+1ms, total 3ms
2018-09-17 13:44:56.957000	ALL	09-17 07:44:56.893 12894 12899 D dalvikvm: GC_CONCURRENT freed 406K, 81% free 1091K/5484K, paused 1ms+0ms, total 3ms
2018-09-17 13:44:57.002000	ALL	09-17 07:44:56.929 12894 12899 D dalvikvm: GC_CONCURRENT freed 406K, 81% free 1091K/5484K, paused 2ms+1ms, total 3ms
2018-09-17 13:44:57.031000	ALL	09-17 07:44:56.961 12894 12899 D dalvikvm: GC_CONCURRENT freed 377K, 80% free 1097K/5484K, paused 2ms+0ms, total 3ms
2018-09-17 13:44:57.104000	ALL	09-17 07:44:57.033 12894 12894 I AccessibilityNodeInfoDumper: Skipping invisible child: android.view.accessibility.AccessibilityNodeInfo@164cd; boundsInParent: Rect(0, 0 - 0, 144); boundsInScreen: Rect(1080, 75 - 1080, 219); packageName: io.appium.android.apis; className: android.widget.LinearLayout; text: null; contentDescription: null; viewIdResName: null; checkable: false; checked: false; focusable: false; focused: false; selected: false; clickable: false; longClickable: false; enabled: true; password: false; scrollable: false; [ACTION_SELECT, ACTION_CLEAR_SELECTION, ACTION_ACCESSIBILITY_FOCUS]
2018-09-17 13:44:57.108000	ALL	09-17 07:44:57.041 12894 12899 D dalvikvm: GC_CONCURRENT freed 435K, 80% free 1114K/5484K, paused 1ms+1ms, total 8ms
2018-09-17 13:44:57.117000	ALL	09-17 07:44:57.045 12894 12894 W AccessibilityNodeInfoDumper: Fetch time: 18ms
2018-09-17 13:44:57.131000	ALL	09-17 07:44:57.061 12894 12899 D dalvikvm: GC_CONCURRENT freed 356K, 79% free 1181K/5484K, paused 2ms+0ms, total 4ms
2018-09-17 13:44:57.149000	ALL	09-17 07:44:57.077 12894 12894 I QueryController: Matched selector: UiSelector[CLASS=android.widget.TextView, INSTANCE=2, COUNT=2] <<==>> [android.view.accessibility.AccessibilityNodeInfo@1303f; boundsInParent: Rect(0, 0 - 278, 57); boundsInScreen: Rect(36, 589 - 314, 646); packageName: io.appium.android.apis; className: android.widget.TextView; text: Recipient #; contentDescription: Recipient #; viewIdResName: null; checkable: false; checked: false; focusable: false; focused: false; selected: false; clickable: false; longClickable: false; enabled: true; password: false; scrollable: false; [ACTION_SELECT, ACTION_CLEAR_SELECTION, ACTION_ACCESSIBILITY_FOCUS, ACTION_NEXT_AT_MOVEMENT_GRANULARITY, ACTION_PREVIOUS_AT_MOVEMENT_GRANULARITY, ACTION_SET_SELECTION]]
2018-09-17 13:44:57.158000	ALL	09-17 07:44:57.093 12894 12899 D dalvikvm: GC_CONCURRENT freed 462K, 80% free 1104K/5484K, paused 0ms+0ms, total 3ms
2018-09-17 13:44:57.162000	ALL	09-17 07:44:57.097 12894 12894 I QueryController: Matched selector: UiSelector[CLASS=android.widget.TextView, INSTANCE=2, COUNT=2] <<==>> [android.view.accessibility.AccessibilityNodeInfo@1303f; boundsInParent: Rect(0, 0 - 278, 57); boundsInScreen: Rect(36, 589 - 314, 646); packageName: io.appium.android.apis; className: android.widget.TextView; text: Recipient #; contentDescription: Recipient #; viewIdResName: null; checkable: false; checked: false; focusable: false; focused: false; selected: false; clickable: false; longClickable: false; enabled: true; password: false; scrollable: false; [ACTION_SELECT, ACTION_CLEAR_SELECTION, ACTION_ACCESSIBILITY_FOCUS, ACTION_NEXT_AT_MOVEMENT_GRANULARITY, ACTION_PREVIOUS_AT_MOVEMENT_GRANULARITY, ACTION_SET_SELECTION]]
2018-09-17 13:44:57.168000	ALL	09-17 07:44:57.097 12894 12894 D UiObject: getText() = Recipient #
2018-09-17 13:44:57.178000	ALL	09-17 07:44:57.109 12894 12894 I QueryController: Matched selector: UiSelector[CLASS=android.widget.TextView, INSTANCE=2, COUNT=2] <<==>> [android.view.accessibility.AccessibilityNodeInfo@1303f; boundsInParent: Rect(0, 0 - 278, 57); boundsInScreen: Rect(36, 589 - 314, 646); packageName: io.appium.android.apis; className: android.widget.TextView; text: Recipient #; contentDescription: Recipient #; viewIdResName: null; checkable: false; checked: false; focusable: false; focused: false; selected: false; clickable: false; longClickable: false; enabled: true; password: false; scrollable: false; [ACTION_SELECT, ACTION_CLEAR_SELECTION, ACTION_ACCESSIBILITY_FOCUS, ACTION_NEXT_AT_MOVEMENT_GRANULARITY, ACTION_PREVIOUS_AT_MOVEMENT_GRANULARITY, ACTION_SET_SELECTION]]
2018-09-17 13:44:57.191000	ALL	09-17 07:44:57.121 12894 12899 D dalvikvm: GC_CONCURRENT freed 378K, 80% free 1148K/5484K, paused 0ms+0ms, total 3ms
2018-09-17 13:44:57.229000	ALL	09-17 07:44:57.161 12894 12899 D dalvikvm: GC_CONCURRENT freed 407K, 80% free 1148K/5484K, paused 1ms+0ms, total 2ms
2018-09-17 13:44:57.262000	ALL	09-17 07:44:57.193 12894 12899 D dalvikvm: GC_CONCURRENT freed 409K, 80% free 1146K/5484K, paused 0ms+0ms, total 2ms
2018-09-17 13:44:57.299000	ALL	09-17 07:44:57.229 12894 12899 D dalvikvm: GC_CONCURRENT freed 407K, 80% free 1146K/5484K, paused 0ms+0ms, total 2ms
2018-09-17 13:44:57.340000	ALL	09-17 07:44:57.269 12894 12899 D dalvikvm: GC_CONCURRENT freed 405K, 80% free 1147K/5484K, paused 0ms+0ms, total 2ms
2018-09-17 13:44:57.380000	ALL	09-17 07:44:57.309 12894 12899 D dalvikvm: GC_CONCURRENT freed 407K, 80% free 1147K/5484K, paused 0ms+0ms, total 3ms
2018-09-17 13:44:57.426000	ALL	09-17 07:44:57.357 12894 12899 D dalvikvm: GC_CONCURRENT freed 406K, 80% free 1147K/5484K, paused 0ms+0ms, total 3ms
2018-09-17 13:44:57.467000	ALL	09-17 07:44:57.397 12894 12899 D dalvikvm: GC_CONCURRENT freed 407K, 80% free 1146K/5484K, paused 0ms+0ms, total 3ms
2018-09-17 13:44:57.504000	ALL	09-17 07:44:57.433 12894 12899 D dalvikvm: GC_CONCURRENT freed 376K, 79% free 1153K/5484K, paused 1ms+0ms, total 3ms
2018-09-17 13:44:57.546000	ALL	09-17 07:44:57.477 12894 12899 D dalvikvm: GC_CONCURRENT freed 404K, 80% free 1134K/5484K, paused 1ms+0ms, total 3ms
2018-09-17 13:44:57.602000	ALL	09-17 07:44:57.533 12894 12899 D dalvikvm: GC_CONCURRENT freed 395K, 80% free 1146K/5484K, paused 0ms+0ms, total 1ms
2018-09-17 13:44:57.644000	ALL	09-17 07:44:57.573 12894 12899 D dalvikvm: GC_CONCURRENT freed 407K, 80% free 1146K/5484K, paused 0ms+0ms, total 3ms
2018-09-17 13:44:57.685000	ALL	09-17 07:44:57.617 12894 12899 D dalvikvm: GC_CONCURRENT freed 407K, 80% free 1146K/5484K, paused 0ms+0ms, total 2ms
2018-09-17 13:44:57.721000	ALL	09-17 07:44:57.653 12927 12931 D dalvikvm: GC_CONCURRENT freed 1282K, 17% free 7326K/8800K, paused 2ms+1ms, total 8ms
2018-09-17 13:44:57.729000	ALL	09-17 07:44:57.661 12894 12899 D dalvikvm: GC_CONCURRENT freed 394K, 79% free 1159K/5484K, paused 1ms+0ms, total 4ms
2018-09-17 13:44:57.771000	ALL	09-17 07:44:57.701 12894 12899 D dalvikvm: GC_CONCURRENT freed 418K, 80% free 1147K/5484K, paused 0ms+0ms, total 3ms
2018-09-17 13:44:57.816000	ALL	09-17 07:44:57.745 12894 12899 D dalvikvm: GC_CONCURRENT freed 407K, 80% free 1146K/5484K, paused 1ms+1ms, total 3ms
2018-09-17 13:44:57.860000	ALL	09-17 07:44:57.789 12894 12899 D dalvikvm: GC_CONCURRENT freed 419K, 80% free 1134K/5484K, paused 0ms+0ms, total 2ms
2018-09-17 13:44:57.904000	ALL	09-17 07:44:57.837 12894 12899 D dalvikvm: GC_CONCURRENT freed 364K, 79% free 1158K/5484K, paused 3ms+0ms, total 6ms
2018-09-17 13:44:57.950000	ALL	09-17 07:44:57.881 12894 12899 D dalvikvm: GC_CONCURRENT freed 424K, 79% free 1158K/5484K, paused 1ms+0ms, total 3ms
2018-09-17 13:44:57.993000	ALL	09-17 07:44:57.921 12894 12899 D dalvikvm: GC_CONCURRENT freed 418K, 80% free 1146K/5484K, paused 0ms+0ms, total 2ms
2018-09-17 13:44:58.033000	ALL	09-17 07:44:57.965 12894 12899 D dalvikvm: GC_CONCURRENT freed 407K, 80% free 1146K/5484K, paused 0ms+0ms, total 2ms
2018-09-17 13:44:58.088000	ALL	09-17 07:44:58.017 12894 12899 D dalvikvm: GC_CONCURRENT freed 407K, 80% free 1146K/5484K, paused 0ms+0ms, total 3ms
2018-09-17 13:44:58.128000	ALL	09-17 07:44:58.057 12894 12899 D dalvikvm: GC_CONCURRENT freed 377K, 79% free 1153K/5484K, paused 2ms+0ms, total 4ms
2018-09-17 13:44:58.164000	ALL	09-17 07:44:58.093 12894 12899 D dalvikvm: GC_CONCURRENT freed 402K, 80% free 1135K/5484K, paused 1ms+0ms, total 2ms
2018-09-17 13:44:58.202000	ALL	09-17 07:44:58.133 12894 12899 D dalvikvm: GC_CONCURRENT freed 364K, 79% free 1154K/5484K, paused 2ms+0ms, total 5ms
2018-09-17 13:44:58.239000	ALL	09-17 07:44:58.169 12894 12899 D dalvikvm: GC_CONCURRENT freed 405K, 80% free 1134K/5484K, paused 0ms+0ms, total 2ms
2018-09-17 13:44:58.271000	ALL	09-17 07:44:58.201 12894 12899 D dalvikvm: GC_CONCURRENT freed 394K, 80% free 1146K/5484K, paused 0ms+0ms, total 1ms
2018-09-17 13:44:58.307000	ALL	09-17 07:44:58.237 12894 12899 D dalvikvm: GC_CONCURRENT freed 406K, 80% free 1146K/5484K, paused 0ms+1ms, total 2ms
2018-09-17 13:44:58.340000	ALL	09-17 07:44:58.269 12894 12899 D dalvikvm: GC_CONCURRENT freed 406K, 80% free 1147K/5484K, paused 0ms+1ms, total 2ms
2018-09-17 13:44:58.377000	ALL	09-17 07:44:58.309 12894 12899 D dalvikvm: GC_CONCURRENT freed 407K, 80% free 1146K/5484K, paused 1ms+1ms, total 3ms
2018-09-17 13:44:58.415000	ALL	09-17 07:44:58.345 12894 12899 D dalvikvm: GC_CONCURRENT freed 406K, 80% free 1146K/5484K, paused 0ms+0ms, total 2ms
2018-09-17 13:44:58.452000	ALL	09-17 07:44:58.381 12894 12899 D dalvikvm: GC_CONCURRENT freed 406K, 80% free 1147K/5484K, paused 0ms+0ms, total 2ms
2018-09-17 13:44:58.491000	ALL	09-17 07:44:58.421 12894 12899 D dalvikvm: GC_CONCURRENT freed 407K, 80% free 1147K/5484K, paused 0ms+0ms, total 3ms
2018-09-17 13:44:58.533000	ALL	09-17 07:44:58.465 12894 12899 D dalvikvm: GC_CONCURRENT freed 407K, 80% free 1146K/5484K, paused 0ms+0ms, total 3ms
2018-09-17 13:44:58.589000	ALL	09-17 07:44:58.521 12894 12899 D dalvikvm: GC_CONCURRENT freed 406K, 80% free 1146K/5484K, paused 0ms+0ms, total 3ms
2018-09-17 13:44:58.627000	ALL	09-17 07:44:58.557 12894 12899 D dalvikvm: GC_CONCURRENT freed 406K, 80% free 1147K/5484K, paused 0ms+0ms, total 3ms
2018-09-17 13:44:58.669000	ALL	09-17 07:44:58.601 12894 12899 D dalvikvm: GC_CONCURRENT freed 407K, 80% free 1146K/5484K, paused 0ms+0ms, total 3ms
2018-09-17 13:44:58.676000	ALL	09-17 07:44:58.605 12927 12931 D dalvikvm: GC_CONCURRENT freed 1278K, 17% free 7325K/8800K, paused 1ms+0ms, total 7ms
2018-09-17 13:44:58.714000	ALL	09-17 07:44:58.641 12894 12899 D dalvikvm: GC_CONCURRENT freed 407K, 80% free 1146K/5484K, paused 0ms+0ms, total 2ms
2018-09-17 13:44:58.759000	ALL	09-17 07:44:58.689 12894 12899 D dalvikvm: GC_CONCURRENT freed 406K, 80% free 1146K/5484K, paused 0ms+0ms, total 3ms
2018-09-17 13:44:58.797000	ALL	09-17 07:44:58.729 12894 12899 D dalvikvm: GC_CONCURRENT freed 406K, 80% free 1146K/5484K, paused 0ms+1ms, total 2ms
2018-09-17 13:44:58.844000	ALL	09-17 07:44:58.773 12894 12899 D dalvikvm: GC_CONCURRENT freed 405K, 80% free 1147K/5484K, paused 0ms+0ms, total 3ms
2018-09-17 13:44:58.880000	ALL	09-17 07:44:58.813 12894 12899 D dalvikvm: GC_CONCURRENT freed 407K, 80% free 1147K/5484K, paused 1ms+0ms, total 3ms
2018-09-17 13:44:58.923000	ALL	09-17 07:44:58.853 12894 12899 D dalvikvm: GC_CONCURRENT freed 408K, 80% free 1146K/5484K, paused 0ms+0ms, total 3ms
2018-09-17 13:44:58.967000	ALL	09-17 07:44:58.897 12894 12899 D dalvikvm: GC_CONCURRENT freed 406K, 80% free 1146K/5484K, paused 0ms+0ms, total 2ms
2018-09-17 13:44:59.046000	ALL	09-17 07:44:58.981 12894 12899 D dalvikvm: GC_CONCURRENT freed 407K, 80% free 1146K/5484K, paused 0ms+0ms, total 5ms
2018-09-17 13:44:59.138000	ALL	09-17 07:44:59.069 12894 12899 D dalvikvm: GC_CONCURRENT freed 406K, 80% free 1147K/5484K, paused 1ms+1ms, total 2ms
2018-09-17 13:44:59.242000	ALL	09-17 07:44:59.173 12894 12899 D dalvikvm: GC_CONCURRENT freed 406K, 80% free 1147K/5484K, paused 0ms+0ms, total 2ms
2018-09-17 13:44:59.336000	ALL	09-17 07:44:59.265 12894 12899 D dalvikvm: GC_CONCURRENT freed 407K, 80% free 1146K/5484K, paused 1ms+0ms, total 4ms
2018-09-17 13:44:59.435000	ALL	09-17 07:44:59.365 12894 12899 D dalvikvm: GC_CONCURRENT freed 406K, 80% free 1146K/5484K, paused 0ms+0ms, total 2ms
2018-09-17 13:44:59.527000	ALL	09-17 07:44:59.457 12894 12899 D dalvikvm: GC_CONCURRENT freed 406K, 80% free 1146K/5484K, paused 1ms+0ms, total 2ms
2018-09-17 13:44:59.613000	ALL	09-17 07:44:59.545 12894 12899 D dalvikvm: GC_CONCURRENT freed 406K, 80% free 1147K/5484K, paused 0ms+1ms, total 2ms
2018-09-17 13:44:59.714000	ALL	09-17 07:44:59.645 12894 12899 D dalvikvm: GC_CONCURRENT freed 406K, 80% free 1147K/5484K, paused 0ms+0ms, total 2ms
2018-09-17 13:44:59.815000	ALL	09-17 07:44:59.745 12894 12899 D dalvikvm: GC_CONCURRENT freed 407K, 80% free 1146K/5484K, paused 0ms+0ms, total 3ms
2018-09-17 13:44:59.859000	ALL	09-17 07:44:59.789 12894 12899 D dalvikvm: GC_CONCURRENT freed 406K, 80% free 1146K/5484K, paused 0ms+0ms, total 3ms
2018-09-17 13:44:59.943000	ALL	09-17 07:44:59.869 12894 12899 D dalvikvm: GC_CONCURRENT freed 407K, 80% free 1147K/5484K, paused 0ms+0ms, total 1ms
2018-09-17 13:44:59.962000	ALL	09-17 07:44:59.897 12894 12894 I QueryController: Matched selector: UiSelector[CLASS=android.widget.TextView, INSTANCE=2, COUNT=2] <<==>> [android.view.accessibility.AccessibilityNodeInfo@1303f; boundsInParent: Rect(0, 0 - 278, 57); boundsInScreen: Rect(36, 589 - 314, 646); packageName: io.appium.android.apis; className: android.widget.TextView; text: Recipient #; contentDescription: Recipient #; viewIdResName: null; checkable: false; checked: false; focusable: false; focused: false; selected: false; clickable: false; longClickable: false; enabled: true; password: false; scrollable: false; [ACTION_SELECT, ACTION_CLEAR_SELECTION, ACTION_ACCESSIBILITY_FOCUS, ACTION_NEXT_AT_MOVEMENT_GRANULARITY, ACTION_PREVIOUS_AT_MOVEMENT_GRANULARITY, ACTION_SET_SELECTION]]
2018-09-17 13:44:59.967000	ALL	09-17 07:44:59.897 12894 12894 D UiObject: getText() = Recipient #
2018-09-17 13:44:59.969000	ALL	09-17 07:44:59.905 12894 12894 I QueryController: Matched selector: UiSelector[CLASS=android.widget.TextView, INSTANCE=2, COUNT=2] <<==>> [android.view.accessibility.AccessibilityNodeInfo@1303f; boundsInParent: Rect(0, 0 - 278, 57); boundsInScreen: Rect(36, 589 - 314, 646); packageName: io.appium.android.apis; className: android.widget.TextView; text: Recipient #; contentDescription: Recipient #; viewIdResName: null; checkable: false; checked: false; focusable: false; focused: false; selected: false; clickable: false; longClickable: false; enabled: true; password: false; scrollable: false; [ACTION_SELECT, ACTION_CLEAR_SELECTION, ACTION_ACCESSIBILITY_FOCUS, ACTION_NEXT_AT_MOVEMENT_GRANULARITY, ACTION_PREVIOUS_AT_MOVEMENT_GRANULARITY, ACTION_SET_SELECTION]]
2018-09-17 13:44:59.974000	ALL	09-17 07:44:59.905 12894 12894 D UiObject: getText() = Recipient #
2018-09-17 13:44:59.978000	ALL	09-17 07:44:59.909 12894 12894 I QueryController: Matched selector: UiSelector[CLASS=android.widget.TextView, INSTANCE=2, COUNT=2] <<==>> [android.view.accessibility.AccessibilityNodeInfo@1303f; boundsInParent: Rect(0, 0 - 278, 57); boundsInScreen: Rect(36, 589 - 314, 646); packageName: io.appium.android.apis; className: android.widget.TextView; text: Recipient #; contentDescription: Recipient #; viewIdResName: null; checkable: false; checked: false; focusable: false; focused: false; selected: false; clickable: false; longClickable: false; enabled: true; password: false; scrollable: false; [ACTION_SELECT, ACTION_CLEAR_SELECTION, ACTION_ACCESSIBILITY_FOCUS, ACTION_NEXT_AT_MOVEMENT_GRANULARITY, ACTION_PREVIOUS_AT_MOVEMENT_GRANULARITY, ACTION_SET_SELECTION]]
2018-09-17 13:44:59.984000	ALL	09-17 07:44:59.913 12894 12894 I QueryController: Matched selector: UiSelector[CLASS=android.widget.TextView, INSTANCE=2, COUNT=2] <<==>> [android.view.accessibility.AccessibilityNodeInfo@1303f; boundsInParent: Rect(0, 0 - 278, 57); boundsInScreen: Rect(36, 589 - 314, 646); packageName: io.appium.android.apis; className: android.widget.TextView; text: Recipient #; contentDescription: Recipient #; viewIdResName: null; checkable: false; checked: false; focusable: false; focused: false; selected: false; clickable: false; longClickable: false; enabled: true; password: false; scrollable: false; [ACTION_SELECT, ACTION_CLEAR_SELECTION, ACTION_ACCESSIBILITY_FOCUS, ACTION_NEXT_AT_MOVEMENT_GRANULARITY, ACTION_PREVIOUS_AT_MOVEMENT_GRANULARITY, ACTION_SET_SELECTION]]
2018-09-17 13:45:00.024000	ALL	09-17 07:44:59.945 12894 12899 D dalvikvm: GC_CONCURRENT freed 410K, 80% free 1136K/5484K, paused 0ms+0ms, total 3ms
2018-09-17 13:45:00.115000	ALL	09-17 07:45:00.045 12894 12899 D dalvikvm: GC_CONCURRENT freed 408K, 80% free 1134K/5484K, paused 0ms+0ms, total 2ms
2018-09-17 13:45:00.209000	ALL	09-17 07:45:00.137 12894 12899 D dalvikvm: GC_CONCURRENT freed 395K, 80% free 1146K/5484K, paused 0ms+0ms, total 2ms
2018-09-17 13:45:00.255000	ALL	09-17 07:45:00.185 12894 12899 D dalvikvm: GC_CONCURRENT freed 405K, 80% free 1146K/5484K, paused 1ms+1ms, total 3ms
2018-09-17 13:45:00.351000	ALL	09-17 07:45:00.281 12894 12899 D dalvikvm: GC_CONCURRENT freed 407K, 80% free 1146K/5484K, paused 0ms+0ms, total 2ms
2018-09-17 13:45:00.356000	ALL	09-17 07:45:00.289 12927 12931 D dalvikvm: GC_CONCURRENT freed 1273K, 17% free 7330K/8800K, paused 1ms+0ms, total 6ms
2018-09-17 13:45:00.448000	ALL	09-17 07:45:00.377 12894 12899 D dalvikvm: GC_CONCURRENT freed 407K, 80% free 1146K/5484K, paused 1ms+0ms, total 3ms
2018-09-17 13:45:00.538000	ALL	09-17 07:45:00.469 12894 12899 D dalvikvm: GC_CONCURRENT freed 406K, 80% free 1146K/5484K, paused 0ms+1ms, total 2ms
2018-09-17 13:45:00.629000	ALL	09-17 07:45:00.557 12894 12899 D dalvikvm: GC_CONCURRENT freed 407K, 80% free 1146K/5484K, paused 0ms+0ms, total 2ms
2018-09-17 13:45:00.730000	ALL	09-17 07:45:00.661 12894 12899 D dalvikvm: GC_CONCURRENT freed 406K, 80% free 1146K/5484K, paused 0ms+1ms, total 2ms
2018-09-17 13:45:00.825000	ALL	09-17 07:45:00.757 12894 12899 D dalvikvm: GC_CONCURRENT freed 406K, 80% free 1146K/5484K, paused 0ms+0ms, total 3ms
2018-09-17 13:45:00.921000	ALL	09-17 07:45:00.853 12894 12899 D dalvikvm: GC_CONCURRENT freed 406K, 80% free 1146K/5484K, paused 0ms+1ms, total 2ms
2018-09-17 13:45:01.016000	ALL	09-17 07:45:00.945 12894 12899 D dalvikvm: GC_CONCURRENT freed 406K, 80% free 1146K/5484K, paused 0ms+0ms, total 3ms
2018-09-17 13:45:01.062000	ALL	09-17 07:45:00.997   613   664 D ConnectivityService: Sampling interval elapsed, updating statistics ..
2018-09-17 13:45:01.062000	ALL	09-17 07:45:00.997   613   664 D ConnectivityService: Done.
2018-09-17 13:45:01.067000	ALL	09-17 07:45:00.997   613   664 D ConnectivityService: Setting timer for 720seconds
2018-09-17 13:45:01.107000	ALL	09-17 07:45:01.037 12894 12899 D dalvikvm: GC_CONCURRENT freed 407K, 80% free 1146K/5484K, paused 3ms+0ms, total 6ms
2018-09-17 13:45:01.148000	ALL	09-17 07:45:01.077 12894 12899 D dalvikvm: GC_CONCURRENT freed 376K, 79% free 1153K/5484K, paused 2ms+0ms, total 3ms
2018-09-17 13:45:01.241000	ALL	09-17 07:45:01.173 12894 12899 D dalvikvm: GC_CONCURRENT freed 404K, 80% free 1134K/5484K, paused 0ms+0ms, total 3ms
2018-09-17 13:45:01.343000	ALL	09-17 07:45:01.273 12894 12899 D dalvikvm: GC_CONCURRENT freed 394K, 80% free 1146K/5484K, paused 0ms+1ms, total 3ms
2018-09-17 13:45:01.438000	ALL	09-17 07:45:01.369 12894 12899 D dalvikvm: GC_CONCURRENT freed 407K, 80% free 1146K/5484K, paused 1ms+0ms, total 4ms
2018-09-17 13:45:01.538000	ALL	09-17 07:45:01.465 12894 12899 D dalvikvm: GC_CONCURRENT freed 406K, 80% free 1146K/5484K, paused 0ms+0ms, total 2ms
2018-09-17 13:45:01.622000	ALL	09-17 07:45:01.557 12894 12899 D dalvikvm: GC_CONCURRENT freed 405K, 80% free 1147K/5484K, paused 0ms+0ms, total 3ms
2018-09-17 13:45:01.722000	ALL	09-17 07:45:01.653 12894 12899 D dalvikvm: GC_CONCURRENT freed 407K, 80% free 1146K/5484K, paused 0ms+0ms, total 2ms
2018-09-17 13:45:01.813000	ALL	09-17 07:45:01.741 12894 12899 D dalvikvm: GC_CONCURRENT freed 406K, 80% free 1146K/5484K, paused 0ms+0ms, total 2ms
2018-09-17 13:45:01.911000	ALL	09-17 07:45:01.841 12894 12899 D dalvikvm: GC_CONCURRENT freed 406K, 80% free 1146K/5484K, paused 1ms+1ms, total 6ms
2018-09-17 13:45:01.954000	ALL	09-17 07:45:01.889 12894 12899 D dalvikvm: GC_CONCURRENT freed 406K, 80% free 1146K/5484K, paused 1ms+1ms, total 2ms
2018-09-17 13:45:02.114000	ALL	09-17 07:45:02.041 12894 12899 D dalvikvm: GC_CONCURRENT freed 407K, 80% free 1146K/5484K, paused 0ms+0ms, total 1ms
2018-09-17 13:45:02.207000	ALL	09-17 07:45:02.137 12894 12899 D dalvikvm: GC_CONCURRENT freed 418K, 80% free 1134K/5484K, paused 1ms+0ms, total 3ms
2018-09-17 13:45:02.249000	ALL	09-17 07:45:02.185 12894 12899 D dalvikvm: GC_CONCURRENT freed 394K, 80% free 1146K/5484K, paused 0ms+0ms, total 4ms
2018-09-17 13:45:02.341000	ALL	09-17 07:45:02.269 12894 12899 D dalvikvm: GC_CONCURRENT freed 407K, 80% free 1146K/5484K, paused 0ms+0ms, total 2ms
2018-09-17 13:45:02.446000	ALL	09-17 07:45:02.377 12894 12899 D dalvikvm: GC_CONCURRENT freed 407K, 80% free 1146K/5484K, paused 0ms+1ms, total 2ms
2018-09-17 13:45:02.457000	ALL	09-17 07:45:02.385 12927 12931 D dalvikvm: GC_CONCURRENT freed 1278K, 17% free 7330K/8800K, paused 2ms+1ms, total 6ms
2018-09-17 13:45:02.534000	ALL	09-17 07:45:02.465 12894 12899 D dalvikvm: GC_CONCURRENT freed 406K, 80% free 1146K/5484K, paused 1ms+0ms, total 5ms
2018-09-17 13:45:02.628000	ALL	09-17 07:45:02.557 12894 12899 D dalvikvm: GC_CONCURRENT freed 377K, 79% free 1153K/5484K, paused 2ms+1ms, total 4ms
2018-09-17 13:45:02.728000	ALL	09-17 07:45:02.657 12894 12899 D dalvikvm: GC_CONCURRENT freed 402K, 80% free 1134K/5484K, paused 3ms+1ms, total 5ms
2018-09-17 13:45:02.820000	ALL	09-17 07:45:02.753 12894 12899 D dalvikvm: GC_CONCURRENT freed 364K, 79% free 1154K/5484K, paused 1ms+0ms, total 3ms
2018-09-17 13:45:02.911000	ALL	09-17 07:45:02.841 12894 12899 D dalvikvm: GC_CONCURRENT freed 400K, 80% free 1139K/5484K, paused 2ms+0ms, total 5ms
2018-09-17 13:45:02.961000	ALL	09-17 07:45:02.889 12894 12899 D dalvikvm: GC_CONCURRENT freed 400K, 80% free 1146K/5484K, paused 0ms+0ms, total 3ms
2018-09-17 13:45:03.041000	ALL	09-17 07:45:02.969 12894 12899 D dalvikvm: GC_CONCURRENT freed 407K, 80% free 1146K/5484K, paused 0ms+0ms, total 2ms
2018-09-17 13:45:03.127000	ALL	09-17 07:45:03.057 12894 12899 D dalvikvm: GC_CONCURRENT freed 406K, 80% free 1146K/5484K, paused 0ms+0ms, total 2ms
2018-09-17 13:45:03.225000	ALL	09-17 07:45:03.157 12894 12899 D dalvikvm: GC_CONCURRENT freed 407K, 80% free 1146K/5484K, paused 0ms+0ms, total 2ms
2018-09-17 13:45:03.330000	ALL	09-17 07:45:03.261 12894 12899 D dalvikvm: GC_CONCURRENT freed 406K, 80% free 1146K/5484K, paused 0ms+0ms, total 3ms
2018-09-17 13:45:03.428000	ALL	09-17 07:45:03.361 12894 12899 D dalvikvm: GC_CONCURRENT freed 405K, 80% free 1147K/5484K, paused 0ms+1ms, total 4ms
2018-09-17 13:45:03.523000	ALL	09-17 07:45:03.453 12894 12899 D dalvikvm: GC_CONCURRENT freed 407K, 80% free 1146K/5484K, paused 1ms+0ms, total 4ms
2018-09-17 13:45:03.612000	ALL	09-17 07:45:03.541 12894 12899 D dalvikvm: GC_CONCURRENT freed 406K, 80% free 1146K/5484K, paused 0ms+0ms, total 3ms
2018-09-17 13:45:03.711000	ALL	09-17 07:45:03.641 12894 12899 D dalvikvm: GC_CONCURRENT freed 407K, 80% free 1146K/5484K, paused 0ms+1ms, total 2ms
2018-09-17 13:45:03.751000	ALL	09-17 07:45:03.681 12894 12899 D dalvikvm: GC_CONCURRENT freed 405K, 80% free 1146K/5484K, paused 0ms+0ms, total 3ms
2018-09-17 13:45:03.846000	ALL	09-17 07:45:03.777 12894 12899 D dalvikvm: GC_CONCURRENT freed 407K, 80% free 1146K/5484K, paused 0ms+0ms, total 2ms
2018-09-17 13:45:03.943000	ALL	09-17 07:45:03.873 12894 12899 D dalvikvm: GC_CONCURRENT freed 406K, 80% free 1147K/5484K, paused 0ms+0ms, total 3ms
2018-09-17 13:45:04.047000	ALL	09-17 07:45:03.981 12894 12899 D dalvikvm: GC_CONCURRENT freed 381K, 79% free 1167K/5484K, paused 2ms+2ms, total 6ms
2018-09-17 13:45:04.125000	ALL	09-17 07:45:04.057 12894 12899 D dalvikvm: GC_CONCURRENT freed 433K, 80% free 1146K/5484K, paused 0ms+0ms, total 3ms
2018-09-17 13:45:04.224000	ALL	09-17 07:45:04.153 12894 12899 D dalvikvm: GC_CONCURRENT freed 406K, 80% free 1146K/5484K, paused 2ms+1ms, total 4ms
2018-09-17 13:45:04.317000	ALL	09-17 07:45:04.249 12894 12899 D dalvikvm: GC_CONCURRENT freed 419K, 80% free 1134K/5484K, paused 0ms+0ms, total 2ms
2018-09-17 13:45:04.411000	ALL	09-17 07:45:04.341 12894 12899 D dalvikvm: GC_CONCURRENT freed 394K, 80% free 1146K/5484K, paused 1ms+1ms, total 2ms
2018-09-17 13:45:04.509000	ALL	09-17 07:45:04.441 12894 12899 D dalvikvm: GC_CONCURRENT freed 407K, 80% free 1146K/5484K, paused 0ms+1ms, total 2ms
2018-09-17 13:45:04.531000	ALL	09-17 07:45:04.461 12927 12931 D dalvikvm: GC_CONCURRENT freed 1278K, 17% free 7331K/8800K, paused 3ms+1ms, total 10ms
2018-09-17 13:45:04.555000	ALL	09-17 07:45:04.481 12894 12899 D dalvikvm: GC_CONCURRENT freed 405K, 80% free 1147K/5484K, paused 1ms+0ms, total 3ms
2018-09-17 13:45:04.641000	ALL	09-17 07:45:04.573 12894 12899 D dalvikvm: GC_CONCURRENT freed 408K, 80% free 1147K/5484K, paused 0ms+0ms, total 2ms
2018-09-17 13:45:04.738000	ALL	09-17 07:45:04.669 12894 12899 D dalvikvm: GC_CONCURRENT freed 406K, 80% free 1147K/5484K, paused 0ms+0ms, total 2ms
2018-09-17 13:45:04.843000	ALL	09-17 07:45:04.773 12894 12899 D dalvikvm: GC_CONCURRENT freed 378K, 79% free 1167K/5484K, paused 2ms+0ms, total 6ms
2018-09-17 13:45:04.933000	ALL	09-17 07:45:04.865 12894 12899 D dalvikvm: GC_CONCURRENT freed 418K, 79% free 1164K/5484K, paused 1ms+0ms, total 3ms
2018-09-17 13:45:05.032000	ALL	09-17 07:45:04.965 12894 12899 D dalvikvm: GC_CONCURRENT freed 394K, 79% free 1153K/5484K, paused 4ms+0ms, total 6ms
2018-09-17 13:45:05.118000	ALL	09-17 07:45:05.049 12894 12899 D dalvikvm: GC_CONCURRENT freed 404K, 80% free 1134K/5484K, paused 1ms+0ms, total 2ms
2018-09-17 13:45:05.215000	ALL	09-17 07:45:05.145 12894 12899 D dalvikvm: GC_CONCURRENT freed 394K, 80% free 1147K/5484K, paused 0ms+0ms, total 2ms
2018-09-17 13:45:05.308000	ALL	09-17 07:45:05.237 12894 12899 D dalvikvm: GC_CONCURRENT freed 407K, 80% free 1146K/5484K, paused 0ms+0ms, total 3ms
2018-09-17 13:45:05.357000	ALL	09-17 07:45:05.285 12894 12899 D dalvikvm: GC_CONCURRENT freed 419K, 80% free 1133K/5484K, paused 0ms+0ms, total 1ms
2018-09-17 13:45:05.456000	ALL	09-17 07:45:05.389 12894 12899 D dalvikvm: GC_CONCURRENT freed 363K, 79% free 1154K/5484K, paused 4ms+0ms, total 6ms
2018-09-17 13:45:05.539000	ALL	09-17 07:45:05.469 12894 12899 D dalvikvm: GC_CONCURRENT freed 402K, 80% free 1138K/5484K, paused 2ms+0ms, total 5ms
2018-09-17 13:45:05.557000	ALL	09-17 07:45:05.493 12894 12894 I QueryController: Matched selector: UiSelector[CLASS=android.widget.TextView, INSTANCE=2, COUNT=2] <<==>> [android.view.accessibility.AccessibilityNodeInfo@1303f; boundsInParent: Rect(0, 0 - 278, 57); boundsInScreen: Rect(36, 589 - 314, 646); packageName: io.appium.android.apis; className: android.widget.TextView; text: Recipient #; contentDescription: Recipient #; viewIdResName: null; checkable: false; checked: false; focusable: false; focused: false; selected: false; clickable: false; longClickable: false; enabled: true; password: false; scrollable: false; [ACTION_SELECT, ACTION_CLEAR_SELECTION, ACTION_ACCESSIBILITY_FOCUS, ACTION_NEXT_AT_MOVEMENT_GRANULARITY, ACTION_PREVIOUS_AT_MOVEMENT_GRANULARITY, ACTION_SET_SELECTION]]
2018-09-17 13:45:05.600000	ALL	09-17 07:45:05.493 12894 12894 D UiObject: getText() = Recipient #
2018-09-17 13:45:05.600000	ALL	09-17 07:45:05.497 12894 12894 I QueryController: Matched selector: UiSelector[CLASS=android.widget.TextView, INSTANCE=2, COUNT=2] <<==>> [android.view.accessibility.AccessibilityNodeInfo@1303f; boundsInParent: Rect(0, 0 - 278, 57); boundsInScreen: Rect(36, 589 - 314, 646); packageName: io.appium.android.apis; className: android.widget.TextView; text: Recipient #; contentDescription: Recipient #; viewIdResName: null; checkable: false; checked: false; focusable: false; focused: false; selected: false; clickable: false; longClickable: false; enabled: true; password: false; scrollable: false; [ACTION_SELECT, ACTION_CLEAR_SELECTION, ACTION_ACCESSIBILITY_FOCUS, ACTION_NEXT_AT_MOVEMENT_GRANULARITY, ACTION_PREVIOUS_AT_MOVEMENT_GRANULARITY, ACTION_SET_SELECTION]]
2018-09-17 13:45:05.600000	ALL	09-17 07:45:05.497 12894 12894 D UiObject: getText() = Recipient #
2018-09-17 13:45:05.600000	ALL	09-17 07:45:05.513 12894 12894 I QueryController: Matched selector: UiSelector[CLASS=android.widget.TextView, INSTANCE=2, COUNT=2] <<==>> [android.view.accessibility.AccessibilityNodeInfo@1303f; boundsInParent: Rect(0, 0 - 278, 57); boundsInScreen: Rect(36, 589 - 314, 646); packageName: io.appium.android.apis; className: android.widget.TextView; text: Recipient #; contentDescription: Recipient #; viewIdResName: null; checkable: false; checked: false; focusable: false; focused: false; selected: false; clickable: false; longClickable: false; enabled: true; password: false; scrollable: false; [ACTION_SELECT, ACTION_CLEAR_SELECTION, ACTION_ACCESSIBILITY_FOCUS, ACTION_NEXT_AT_MOVEMENT_GRANULARITY, ACTION_PREVIOUS_AT_MOVEMENT_GRANULARITY, ACTION_SET_SELECTION]]
2018-09-17 13:45:05.600000	ALL	09-17 07:45:05.513 12894 12894 I QueryController: Matched selector: UiSelector[CLASS=android.widget.TextView, INSTANCE=2, COUNT=2] <<==>> [android.view.accessibility.AccessibilityNodeInfo@1303f; boundsInParent: Rect(0, 0 - 278, 57); boundsInScreen: Rect(36, 589 - 314, 646); packageName: io.appium.android.apis; className: android.widget.TextView; text: Recipient #; contentDescription: Recipient #; viewIdResName: null; checkable: false; checked: false; focusable: false; focused: false; selected: false; clickable: false; longClickable: false; enabled: true; password: false; scrollable: false; [ACTION_SELECT, ACTION_CLEAR_SELECTION, ACTION_ACCESSIBILITY_FOCUS, ACTION_NEXT_AT_MOVEMENT_GRANULARITY, ACTION_PREVIOUS_AT_MOVEMENT_GRANULARITY, ACTION_SET_SELECTION]]
2018-09-17 13:45:05.600000	ALL	09-17 07:45:05.513 12894 12894 D UiObject: getText() = Recipient #
2018-09-17 13:45:05.600000	ALL	09-17 07:45:05.521 12894 12894 I QueryController: Matched selector: UiSelector[CLASS=android.widget.TextView, INSTANCE=2, COUNT=2] <<==>> [android.view.accessibility.AccessibilityNodeInfo@1303f; boundsInParent: Rect(0, 0 - 278, 57); boundsInScreen: Rect(36, 589 - 314, 646); packageName: io.appium.android.apis; className: android.widget.TextView; text: Recipient #; contentDescription: Recipient #; viewIdResName: null; checkable: false; checked: false; focusable: false; focused: false; selected: false; clickable: false; longClickable: false; enabled: true; password: false; scrollable: false; [ACTION_SELECT, ACTION_CLEAR_SELECTION, ACTION_ACCESSIBILITY_FOCUS, ACTION_NEXT_AT_MOVEMENT_GRANULARITY, ACTION_PREVIOUS_AT_MOVEMENT_GRANULARITY, ACTION_SET_SELECTION]]
2018-09-17 13:45:05.600000	ALL	09-17 07:45:05.521 12894 12894 D UiObject: getText() = Recipient #
2018-09-17 13:45:05.600000	ALL	09-17 07:45:05.525 12894 12899 D dalvikvm: GC_CONCURRENT freed 401K, 80% free 1138K/5484K, paused 2ms+3ms, total 6ms
2018-09-17 13:45:05.600000	ALL	09-17 07:45:05.529 12894 12894 I QueryController: Matched selector: UiSelector[CLASS=android.widget.TextView, INSTANCE=2, COUNT=2] <<==>> [android.view.accessibility.AccessibilityNodeInfo@1303f; boundsInParent: Rect(0, 0 - 278, 57); boundsInScreen: Rect(36, 589 - 314, 646); packageName: io.appium.android.apis; className: android.widget.TextView; text: Recipient #; contentDescription: Recipient #; viewIdResName: null; checkable: false; checked: false; focusable: false; focused: false; selected: false; clickable: false; longClickable: false; enabled: true; password: false; scrollable: false; [ACTION_SELECT, ACTION_CLEAR_SELECTION, ACTION_ACCESSIBILITY_FOCUS, ACTION_NEXT_AT_MOVEMENT_GRANULARITY, ACTION_PREVIOUS_AT_MOVEMENT_GRANULARITY, ACTION_SET_SELECTION]]
2018-09-17 13:45:05.644000	ALL	09-17 07:45:05.537 12894 12894 D InteractionController: clickAndSync(175, 617)
2018-09-17 13:45:05.644000	ALL	09-17 07:45:05.565 12894 12899 D dalvikvm: GC_CONCURRENT freed 403K, 79% free 1154K/5484K, paused 1ms+0ms, total 6ms
2018-09-17 13:45:05.741000	ALL	09-17 07:45:05.673 12894 12899 D dalvikvm: GC_CONCURRENT freed 414K, 80% free 1147K/5484K, paused 0ms+0ms, total 2ms
2018-09-17 13:45:05.842000	ALL	09-17 07:45:05.773 12894 12899 D dalvikvm: GC_CONCURRENT freed 407K, 80% free 1147K/5484K, paused 0ms+0ms, total 3ms
2018-09-17 13:45:05.930000	ALL	09-17 07:45:05.861 12894 12899 D dalvikvm: GC_CONCURRENT freed 407K, 80% free 1147K/5484K, paused 0ms+0ms, total 2ms
2018-09-17 13:45:06.019000	ALL	09-17 07:45:05.949 12894 12899 D dalvikvm: GC_CONCURRENT freed 406K, 80% free 1147K/5484K, paused 0ms+0ms, total 2ms
2018-09-17 13:45:06.117000	ALL	09-17 07:45:06.045 12894 12899 D dalvikvm: GC_CONCURRENT freed 406K, 80% free 1148K/5484K, paused 0ms+0ms, total 2ms
2018-09-17 13:45:06.214000	ALL	09-17 07:45:06.145 12894 12899 D dalvikvm: GC_CONCURRENT freed 406K, 80% free 1148K/5484K, paused 0ms+0ms, total 2ms
2018-09-17 13:45:06.302000	ALL	09-17 07:45:06.233 12894 12899 D dalvikvm: GC_CONCURRENT freed 408K, 80% free 1147K/5484K, paused 0ms+0ms, total 2ms
2018-09-17 13:45:06.335000	ALL	09-17 07:45:06.265 12894 12899 D dalvikvm: GC_CONCURRENT freed 406K, 80% free 1147K/5484K, paused 1ms+1ms, total 3ms
2018-09-17 13:45:06.452000	ALL	09-17 07:45:06.381 12894 12899 D dalvikvm: GC_CONCURRENT freed 407K, 80% free 1147K/5484K, paused 0ms+0ms, total 2ms
2018-09-17 13:45:06.543000	ALL	09-17 07:45:06.473 12927 12931 D dalvikvm: GC_CONCURRENT freed 1278K, 17% free 7331K/8800K, paused 2ms+2ms, total 8ms
2018-09-17 13:45:06.553000	ALL	09-17 07:45:06.485 12894 12899 D dalvikvm: GC_CONCURRENT freed 406K, 80% free 1147K/5484K, paused 1ms+0ms, total 2ms
2018-09-17 13:45:06.632000	ALL	09-17 07:45:06.561 12894 12899 D dalvikvm: GC_CONCURRENT freed 406K, 80% free 1148K/5484K, paused 0ms+0ms, total 1ms
2018-09-17 13:45:06.743000	ALL	09-17 07:45:06.673 12894 12899 D dalvikvm: GC_CONCURRENT freed 377K, 79% free 1154K/5484K, paused 2ms+0ms, total 4ms
2018-09-17 13:45:06.823000	ALL	09-17 07:45:06.753 12894 12899 D dalvikvm: GC_CONCURRENT freed 404K, 80% free 1135K/5484K, paused 1ms+1ms, total 2ms
2018-09-17 13:45:06.922000	ALL	09-17 07:45:06.853 12894 12899 D dalvikvm: GC_CONCURRENT freed 394K, 80% free 1148K/5484K, paused 0ms+0ms, total 2ms
2018-09-17 13:45:07.018000	ALL	09-17 07:45:06.949 12894 12899 D dalvikvm: GC_CONCURRENT freed 377K, 79% free 1155K/5484K, paused 4ms+1ms, total 8ms
2018-09-17 13:45:07.102000	ALL	09-17 07:45:07.033 12894 12899 D dalvikvm: GC_CONCURRENT freed 405K, 80% free 1135K/5484K, paused 4ms+0ms, total 7ms
2018-09-17 13:45:07.145000	ALL	09-17 07:45:07.077 12894 12899 D dalvikvm: GC_CONCURRENT freed 394K, 80% free 1147K/5484K, paused 0ms+0ms, total 3ms
2018-09-17 13:45:07.247000	ALL	09-17 07:45:07.177 12894 12899 D dalvikvm: GC_CONCURRENT freed 407K, 80% free 1147K/5484K, paused 0ms+0ms, total 2ms
2018-09-17 13:45:07.330000	ALL	09-17 07:45:07.261 12894 12899 D dalvikvm: GC_CONCURRENT freed 406K, 80% free 1147K/5484K, paused 0ms+0ms, total 2ms
2018-09-17 13:45:07.434000	ALL	09-17 07:45:07.365 12894 12899 D dalvikvm: GC_CONCURRENT freed 407K, 80% free 1147K/5484K, paused 0ms+1ms, total 2ms
2018-09-17 13:45:07.527000	ALL	09-17 07:45:07.457 12894 12899 D dalvikvm: GC_CONCURRENT freed 407K, 80% free 1147K/5484K, paused 1ms+0ms, total 3ms
2018-09-17 13:45:07.621000	ALL	09-17 07:45:07.553 12894 12899 D dalvikvm: GC_CONCURRENT freed 406K, 80% free 1147K/5484K, paused 0ms+0ms, total 2ms
2018-09-17 13:45:07.720000	ALL	09-17 07:45:07.649 12894 12899 D dalvikvm: GC_CONCURRENT freed 407K, 80% free 1147K/5484K, paused 0ms+0ms, total 2ms
2018-09-17 13:45:07.820000	ALL	09-17 07:45:07.749 12894 12899 D dalvikvm: GC_CONCURRENT freed 418K, 80% free 1135K/5484K, paused 0ms+0ms, total 1ms
2018-09-17 13:45:07.913000	ALL	09-17 07:45:07.845 12894 12899 D dalvikvm: GC_CONCURRENT freed 365K, 79% free 1155K/5484K, paused 4ms+0ms, total 7ms
2018-09-17 13:45:07.959000	ALL	09-17 07:45:07.893   613   615 D dalvikvm: GC_CONCURRENT freed 2254K, 21% free 12892K/16280K, paused 2ms+2ms, total 16ms
2018-09-17 13:45:07.964000	ALL	09-17 07:45:07.893 12894 12899 D dalvikvm: GC_CONCURRENT freed 404K, 80% free 1135K/5484K, paused 1ms+0ms, total 3ms
2018-09-17 13:45:08.036000	ALL	09-17 07:45:07.965 12894 12899 D dalvikvm: GC_CONCURRENT freed 395K, 80% free 1147K/5484K, paused 1ms+0ms, total 3ms
2018-09-17 13:45:08.134000	ALL	09-17 07:45:08.065 12894 12899 D dalvikvm: GC_CONCURRENT freed 406K, 80% free 1147K/5484K, paused 0ms+0ms, total 2ms
2018-09-17 13:45:08.234000	ALL	09-17 07:45:08.161 12894 12899 D dalvikvm: GC_CONCURRENT freed 407K, 80% free 1147K/5484K, paused 0ms+1ms, total 2ms
2018-09-17 13:45:08.337000	ALL	09-17 07:45:08.269 12894 12899 D dalvikvm: GC_CONCURRENT freed 406K, 80% free 1148K/5484K, paused 0ms+0ms, total 2ms
2018-09-17 13:45:08.423000	ALL	09-17 07:45:08.353 12894 12899 D dalvikvm: GC_CONCURRENT freed 407K, 80% free 1147K/5484K, paused 1ms+0ms, total 3ms
2018-09-17 13:45:08.521000	ALL	09-17 07:45:08.453 12894 12899 D dalvikvm: GC_CONCURRENT freed 406K, 80% free 1148K/5484K, paused 0ms+0ms, total 2ms
2018-09-17 13:45:08.614000	ALL	09-17 07:45:08.545 12894 12899 D dalvikvm: GC_CONCURRENT freed 406K, 80% free 1148K/5484K, paused 1ms+1ms, total 4ms
2018-09-17 13:45:08.625000	ALL	09-17 07:45:08.557 12927 12931 D dalvikvm: GC_CONCURRENT freed 1279K, 17% free 7329K/8800K, paused 1ms+2ms, total 10ms
2018-09-17 13:45:08.705000	ALL	09-17 07:45:08.637 12894 12899 D dalvikvm: GC_CONCURRENT freed 408K, 80% free 1146K/5484K, paused 0ms+0ms, total 2ms
2018-09-17 13:45:08.710000	ALL	09-17 07:45:08.641 12894 12894 W InteractionController: runAndwaitForEvent timedout waiting for events
2018-09-17 13:45:08.711000	ALL	09-17 07:45:08.649 12894 12894 I QueryController: Matched selector: UiSelector[CLASS=android.widget.TextView, INSTANCE=2, COUNT=2] <<==>> [android.view.accessibility.AccessibilityNodeInfo@1303f; boundsInParent: Rect(0, 0 - 278, 57); boundsInScreen: Rect(36, 589 - 314, 646); packageName: io.appium.android.apis; className: android.widget.TextView; text: Recipient #; contentDescription: Recipient #; viewIdResName: null; checkable: false; checked: false; focusable: false; focused: false; selected: false; clickable: false; longClickable: false; enabled: true; password: false; scrollable: false; [ACTION_SELECT, ACTION_CLEAR_SELECTION, ACTION_ACCESSIBILITY_FOCUS, ACTION_NEXT_AT_MOVEMENT_GRANULARITY, ACTION_PREVIOUS_AT_MOVEMENT_GRANULARITY, ACTION_SET_SELECTION]]
2018-09-17 13:45:08.716000	ALL	09-17 07:45:08.649 12894 12894 D UiObject: getText() = Recipient #
2018-09-17 13:45:08.725000	ALL	09-17 07:45:08.661 12894 12894 I QueryController: Matched selector: UiSelector[CLASS=android.widget.TextView, INSTANCE=2, COUNT=2] <<==>> [android.view.accessibility.AccessibilityNodeInfo@1303f; boundsInParent: Rect(0, 0 - 278, 57); boundsInScreen: Rect(36, 589 - 314, 646); packageName: io.appium.android.apis; className: android.widget.TextView; text: Recipient #; contentDescription: Recipient #; viewIdResName: null; checkable: false; checked: false; focusable: false; focused: false; selected: false; clickable: false; longClickable: false; enabled: true; password: false; scrollable: false; [ACTION_SELECT, ACTION_CLEAR_SELECTION, ACTION_ACCESSIBILITY_FOCUS, ACTION_NEXT_AT_MOVEMENT_GRANULARITY, ACTION_PREVIOUS_AT_MOVEMENT_GRANULARITY, ACTION_SET_SELECTION]]
2018-09-17 13:45:08.730000	ALL	09-17 07:45:08.661 12894 12894 D UiObject: getText() = Recipient #
2018-09-17 13:45:08.738000	ALL	09-17 07:45:08.673 12894 12894 I QueryController: Matched selector: UiSelector[CLASS=android.widget.TextView, INSTANCE=2, COUNT=2] <<==>> [android.view.accessibility.AccessibilityNodeInfo@1303f; boundsInParent: Rect(0, 0 - 278, 57); boundsInScreen: Rect(36, 589 - 314, 646); packageName: io.appium.android.apis; className: android.widget.TextView; text: Recipient #; contentDescription: Recipient #; viewIdResName: null; checkable: false; checked: false; focusable: false; focused: false; selected: false; clickable: false; longClickable: false; enabled: true; password: false; scrollable: false; [ACTION_SELECT, ACTION_CLEAR_SELECTION, ACTION_ACCESSIBILITY_FOCUS, ACTION_NEXT_AT_MOVEMENT_GRANULARITY, ACTION_PREVIOUS_AT_MOVEMENT_GRANULARITY, ACTION_SET_SELECTION]]
2018-09-17 13:45:08.740000	ALL	09-17 07:45:08.673 12894 12894 D UiObject: getText() = Recipient #
2018-09-17 13:45:08.742000	ALL	09-17 07:45:08.677 12894 12899 D dalvikvm: GC_CONCURRENT freed 401K, 80% free 1137K/5484K, paused 2ms+0ms, total 3ms
2018-09-17 13:45:08.742000	ALL	09-17 07:45:08.677 12894 12894 I QueryController: Matched selector: UiSelector[CLASS=android.widget.TextView, INSTANCE=2, COUNT=2] <<==>> [android.view.accessibility.AccessibilityNodeInfo@1303f; boundsInParent: Rect(0, 0 - 278, 57); boundsInScreen: Rect(36, 589 - 314, 646); packageName: io.appium.android.apis; className: android.widget.TextView; text: Recipient #; contentDescription: Recipient #; viewIdResName: null; checkable: false; checked: false; focusable: false; focused: false; selected: false; clickable: false; longClickable: false; enabled: true; password: false; scrollable: false; [ACTION_SELECT, ACTION_CLEAR_SELECTION, ACTION_ACCESSIBILITY_FOCUS, ACTION_NEXT_AT_MOVEMENT_GRANULARITY, ACTION_PREVIOUS_AT_MOVEMENT_GRANULARITY, ACTION_SET_SELECTION]]
2018-09-17 13:45:08.746000	ALL	09-17 07:45:08.677 12894 12894 D UiObject: getText() = Recipient #
2018-09-17 13:45:08.746000	ALL	09-17 07:45:08.681 12894 12894 I QueryController: Matched selector: UiSelector[CLASS=android.widget.TextView, INSTANCE=2, COUNT=2] <<==>> [android.view.accessibility.AccessibilityNodeInfo@1303f; boundsInParent: Rect(0, 0 - 278, 57); boundsInScreen: Rect(36, 589 - 314, 646); packageName: io.appium.android.apis; className: android.widget.TextView; text: Recipient #; contentDescription: Recipient #; viewIdResName: null; checkable: false; checked: false; focusable: false; focused: false; selected: false; clickable: false; longClickable: false; enabled: true; password: false; scrollable: false; [ACTION_SELECT, ACTION_CLEAR_SELECTION, ACTION_ACCESSIBILITY_FOCUS, ACTION_NEXT_AT_MOVEMENT_GRANULARITY, ACTION_PREVIOUS_AT_MOVEMENT_GRANULARITY, ACTION_SET_SELECTION]]
2018-09-17 13:45:08.752000	ALL	09-17 07:45:08.681 12894 12894 D UiObject: getText() = Recipient #
2018-09-17 13:45:08.764000	ALL	09-17 07:45:08.701 12894 12894 I QueryController: Matched selector: UiSelector[CLASS=android.widget.TextView, INSTANCE=2, COUNT=2] <<==>> [android.view.accessibility.AccessibilityNodeInfo@1303f; boundsInParent: Rect(0, 0 - 278, 57); boundsInScreen: Rect(36, 589 - 314, 646); packageName: io.appium.android.apis; className: android.widget.TextView; text: Recipient #; contentDescription: Recipient #; viewIdResName: null; checkable: false; checked: false; focusable: false; focused: false; selected: false; clickable: false; longClickable: false; enabled: true; password: false; scrollable: false; [ACTION_SELECT, ACTION_CLEAR_SELECTION, ACTION_ACCESSIBILITY_FOCUS, ACTION_NEXT_AT_MOVEMENT_GRANULARITY, ACTION_PREVIOUS_AT_MOVEMENT_GRANULARITY, ACTION_SET_SELECTION]]
2018-09-17 13:45:08.769000	ALL	09-17 07:45:08.701 12894 12894 D UiObject: getText() = Recipient #
2018-09-17 13:45:08.770000	ALL	09-17 07:45:08.705 12894 12894 I QueryController: Matched selector: UiSelector[CLASS=android.widget.TextView, INSTANCE=2, COUNT=2] <<==>> [android.view.accessibility.AccessibilityNodeInfo@1303f; boundsInParent: Rect(0, 0 - 278, 57); boundsInScreen: Rect(36, 589 - 314, 646); packageName: io.appium.android.apis; className: android.widget.TextView; text: Recipient #; contentDescription: Recipient #; viewIdResName: null; checkable: false; checked: false; focusable: false; focused: false; selected: false; clickable: false; longClickable: false; enabled: true; password: false; scrollable: false; [ACTION_SELECT, ACTION_CLEAR_SELECTION, ACTION_ACCESSIBILITY_FOCUS, ACTION_NEXT_AT_MOVEMENT_GRANULARITY, ACTION_PREVIOUS_AT_MOVEMENT_GRANULARITY, ACTION_SET_SELECTION]]
2018-09-17 13:45:08.772000	ALL	09-17 07:45:08.705 12894 12894 D UiObject: getText() = Recipient #
2018-09-17 13:45:08.777000	ALL	09-17 07:45:08.709 12894 12899 D dalvikvm: GC_CONCURRENT freed 392K, 80% free 1136K/5484K, paused 0ms+0ms, total 3ms
2018-09-17 13:45:08.780000	ALL	09-17 07:45:08.709 12894 12894 I QueryController: Matched selector: UiSelector[CLASS=android.widget.TextView, INSTANCE=2, COUNT=2] <<==>> [android.view.accessibility.AccessibilityNodeInfo@1303f; boundsInParent: Rect(0, 0 - 278, 57); boundsInScreen: Rect(36, 589 - 314, 646); packageName: io.appium.android.apis; className: android.widget.TextView; text: Recipient #; contentDescription: Recipient #; viewIdResName: null; checkable: false; checked: false; focusable: false; focused: false; selected: false; clickable: false; longClickable: false; enabled: true; password: false; scrollable: false; [ACTION_SELECT, ACTION_CLEAR_SELECTION, ACTION_ACCESSIBILITY_FOCUS, ACTION_NEXT_AT_MOVEMENT_GRANULARITY, ACTION_PREVIOUS_AT_MOVEMENT_GRANULARITY, ACTION_SET_SELECTION]]
2018-09-17 13:45:08.782000	ALL	09-17 07:45:08.717 12894 12894 I QueryController: Matched selector: UiSelector[CLASS=android.widget.TextView, INSTANCE=2, COUNT=2] <<==>> [android.view.accessibility.AccessibilityNodeInfo@1303f; boundsInParent: Rect(0, 0 - 278, 57); boundsInScreen: Rect(36, 589 - 314, 646); packageName: io.appium.android.apis; className: android.widget.TextView; text: Recipient #; contentDescription: Recipient #; viewIdResName: null; checkable: false; checked: false; focusable: false; focused: false; selected: false; clickable: false; longClickable: false; enabled: true; password: false; scrollable: false; [ACTION_SELECT, ACTION_CLEAR_SELECTION, ACTION_ACCESSIBILITY_FOCUS, ACTION_NEXT_AT_MOVEMENT_GRANULARITY, ACTION_PREVIOUS_AT_MOVEMENT_GRANULARITY, ACTION_SET_SELECTION]]
2018-09-17 13:45:08.824000	ALL	09-17 07:45:08.717 12894 12894 D UiObject: getText() = Recipient #
2018-09-17 13:45:08.824000	ALL	09-17 07:45:08.721 12894 12894 I QueryController: Matched selector: UiSelector[CLASS=android.widget.TextView, INSTANCE=2, COUNT=2] <<==>> [android.view.accessibility.AccessibilityNodeInfo@1303f; boundsInParent: Rect(0, 0 - 278, 57); boundsInScreen: Rect(36, 589 - 314, 646); packageName: io.appium.android.apis; className: android.widget.TextView; text: Recipient #; contentDescription: Recipient #; viewIdResName: null; checkable: false; checked: false; focusable: false; focused: false; selected: false; clickable: false; longClickable: false; enabled: true; password: false; scrollable: false; [ACTION_SELECT, ACTION_CLEAR_SELECTION, ACTION_ACCESSIBILITY_FOCUS, ACTION_NEXT_AT_MOVEMENT_GRANULARITY, ACTION_PREVIOUS_AT_MOVEMENT_GRANULARITY, ACTION_SET_SELECTION]]
2018-09-17 13:45:08.824000	ALL	09-17 07:45:08.721 12894 12894 D UiObject: getText() = Recipient #
2018-09-17 13:45:08.824000	ALL	09-17 07:45:08.725 12894 12894 I QueryController: Matched selector: UiSelector[CLASS=android.widget.TextView, INSTANCE=2, COUNT=2] <<==>> [android.view.accessibility.AccessibilityNodeInfo@1303f; boundsInParent: Rect(0, 0 - 278, 57); boundsInScreen: Rect(36, 589 - 314, 646); packageName: io.appium.android.apis; className: android.widget.TextView; text: Recipient #; contentDescription: Recipient #; viewIdResName: null; checkable: false; checked: false; focusable: false; focused: false; selected: false; clickable: false; longClickable: false; enabled: true; password: false; scrollable: false; [ACTION_SELECT, ACTION_CLEAR_SELECTION, ACTION_ACCESSIBILITY_FOCUS, ACTION_NEXT_AT_MOVEMENT_GRANULARITY, ACTION_PREVIOUS_AT_MOVEMENT_GRANULARITY, ACTION_SET_SELECTION]]
2018-09-17 13:45:08.824000	ALL	09-17 07:45:08.729 12894 12894 D UiObject: getText() = Recipient #
2018-09-17 13:45:08.824000	ALL	09-17 07:45:08.733 12894 12894 I QueryController: Matched selector: UiSelector[CLASS=android.widget.TextView, INSTANCE=2, COUNT=2] <<==>> [android.view.accessibility.AccessibilityNodeInfo@1303f; boundsInParent: Rect(0, 0 - 278, 57); boundsInScreen: Rect(36, 589 - 314, 646); packageName: io.appium.android.apis; className: android.widget.TextView; text: Recipient #; contentDescription: Recipient #; viewIdResName: null; checkable: false; checked: false; focusable: false; focused: false; selected: false; clickable: false; longClickable: false; enabled: true; password: false; scrollable: false; [ACTION_SELECT, ACTION_CLEAR_SELECTION, ACTION_ACCESSIBILITY_FOCUS, ACTION_NEXT_AT_MOVEMENT_GRANULARITY, ACTION_PREVIOUS_AT_MOVEMENT_GRANULARITY, ACTION_SET_SELECTION]]
2018-09-17 13:45:08.824000	ALL	09-17 07:45:08.749 12894 12899 D dalvikvm: GC_CONCURRENT freed 367K, 79% free 1159K/5484K, paused 2ms+0ms, total 4ms
2018-09-17 13:45:08.909000	ALL	09-17 07:45:08.841 12894 12899 D dalvikvm: GC_CONCURRENT freed 407K, 80% free 1136K/5484K, paused 0ms+0ms, total 2ms
2018-09-17 13:45:08.951000	ALL	09-17 07:45:08.881 12894 12899 D dalvikvm: GC_CONCURRENT freed 376K, 79% free 1166K/5484K, paused 2ms+1ms, total 4ms
2018-09-17 13:45:09.045000	ALL	09-17 07:45:08.977 12894 12899 D dalvikvm: GC_CONCURRENT freed 425K, 80% free 1148K/5484K, paused 0ms+0ms, total 2ms
2018-09-17 13:45:09.141000	ALL	09-17 07:45:09.069 12894 12899 D dalvikvm: GC_CONCURRENT freed 406K, 80% free 1149K/5484K, paused 0ms+0ms, total 2ms
2018-09-17 13:45:09.239000	ALL	09-17 07:45:09.169 12894 12899 D dalvikvm: GC_CONCURRENT freed 407K, 80% free 1148K/5484K, paused 2ms+1ms, total 4ms
2018-09-17 13:45:09.338000	ALL	09-17 07:45:09.269 12894 12899 D dalvikvm: GC_CONCURRENT freed 376K, 79% free 1167K/5484K, paused 1ms+0ms, total 5ms
2018-09-17 13:45:09.422000	ALL	09-17 07:45:09.353 12894 12899 D dalvikvm: GC_CONCURRENT freed 421K, 79% free 1164K/5484K, paused 1ms+0ms, total 4ms
2018-09-17 13:45:09.523000	ALL	09-17 07:45:09.457 12894 12899 D dalvikvm: GC_CONCURRENT freed 392K, 79% free 1159K/5484K, paused 1ms+1ms, total 5ms
2018-09-17 13:45:09.613000	ALL	09-17 07:45:09.541 12894 12899 D dalvikvm: GC_CONCURRENT freed 418K, 79% free 1166K/5484K, paused 0ms+1ms, total 4ms
2018-09-17 13:45:09.711000	ALL	09-17 07:45:09.645 12894 12899 D dalvikvm: GC_CONCURRENT freed 425K, 80% free 1148K/5484K, paused 1ms+0ms, total 4ms
2018-09-17 13:45:09.748000	ALL	09-17 07:45:09.677 12894 12899 D dalvikvm: GC_CONCURRENT freed 405K, 80% free 1148K/5484K, paused 1ms+0ms, total 3ms
2018-09-17 13:45:09.843000	ALL	09-17 07:45:09.773 12894 12899 D dalvikvm: GC_CONCURRENT freed 408K, 80% free 1148K/5484K, paused 0ms+0ms, total 3ms
2018-09-17 13:45:09.946000	ALL	09-17 07:45:09.877 12894 12899 D dalvikvm: GC_CONCURRENT freed 406K, 80% free 1148K/5484K, paused 1ms+0ms, total 3ms
2018-09-17 13:45:10.032000	ALL	09-17 07:45:09.961 12894 12899 D dalvikvm: GC_CONCURRENT freed 406K, 80% free 1149K/5484K, paused 0ms+0ms, total 2ms
2018-09-17 13:45:10.134000	ALL	09-17 07:45:10.061 12894 12899 D dalvikvm: GC_CONCURRENT freed 408K, 80% free 1148K/5484K, paused 1ms+0ms, total 2ms
2018-09-17 13:45:10.229000	ALL	09-17 07:45:10.161 12894 12899 D dalvikvm: GC_CONCURRENT freed 407K, 80% free 1148K/5484K, paused 0ms+1ms, total 2ms
2018-09-17 13:45:10.323000	ALL	09-17 07:45:10.253 12894 12899 D dalvikvm: GC_CONCURRENT freed 406K, 80% free 1148K/5484K, paused 0ms+0ms, total 2ms
2018-09-17 13:45:10.358000	ALL	09-17 07:45:10.289 12894 12899 D dalvikvm: GC_CONCURRENT freed 407K, 80% free 1148K/5484K, paused 0ms+0ms, total 0ms
2018-09-17 13:45:10.423000	ALL	09-17 07:45:10.353 12894 12899 D dalvikvm: GC_CONCURRENT freed 406K, 80% free 1148K/5484K, paused 0ms+0ms, total 1ms
2018-09-17 13:45:10.515000	ALL	09-17 07:45:10.445 12927 12931 D dalvikvm: GC_CONCURRENT freed 1276K, 17% free 7331K/8800K, paused 2ms+0ms, total 7ms
2018-09-17 13:45:10.539000	ALL	09-17 07:45:10.469 12894 12899 D dalvikvm: GC_CONCURRENT freed 407K, 80% free 1148K/5484K, paused 0ms+0ms, total 2ms
2018-09-17 13:45:10.624000	ALL	09-17 07:45:10.553 12894 12899 D dalvikvm: GC_CONCURRENT freed 406K, 80% free 1148K/5484K, paused 0ms+1ms, total 2ms
2018-09-17 13:45:10.732000	ALL	09-17 07:45:10.661 12894 12899 D dalvikvm: GC_CONCURRENT freed 406K, 80% free 1148K/5484K, paused 2ms+1ms, total 4ms
2018-09-17 13:45:10.819000	ALL	09-17 07:45:10.745 12894 12899 D dalvikvm: GC_CONCURRENT freed 407K, 80% free 1148K/5484K, paused 1ms+0ms, total 2ms
2018-09-17 13:45:10.916000	ALL	09-17 07:45:10.845 12894 12899 D dalvikvm: GC_CONCURRENT freed 406K, 80% free 1148K/5484K, paused 0ms+0ms, total 4ms
2018-09-17 13:45:11.010000	ALL	09-17 07:45:10.937 12894 12899 D dalvikvm: GC_CONCURRENT freed 418K, 80% free 1136K/5484K, paused 0ms+0ms, total 1ms
2018-09-17 13:45:11.053000	ALL	09-17 07:45:10.981 12894 12899 D dalvikvm: GC_CONCURRENT freed 394K, 80% free 1148K/5484K, paused 2ms+0ms, total 4ms
2018-09-17 13:45:11.143000	ALL	09-17 07:45:11.073 12894 12899 D dalvikvm: GC_CONCURRENT freed 407K, 80% free 1148K/5484K, paused 1ms+1ms, total 3ms
2018-09-17 13:45:11.244000	ALL	09-17 07:45:11.173 12894 12899 D dalvikvm: GC_CONCURRENT freed 407K, 80% free 1148K/5484K, paused 0ms+0ms, total 2ms
2018-09-17 13:45:11.342000	ALL	09-17 07:45:11.273 12894 12899 D dalvikvm: GC_CONCURRENT freed 406K, 80% free 1149K/5484K, paused 1ms+0ms, total 3ms
2018-09-17 13:45:11.436000	ALL	09-17 07:45:11.365 12894 12899 D dalvikvm: GC_CONCURRENT freed 408K, 80% free 1148K/5484K, paused 0ms+0ms, total 4ms
2018-09-17 13:45:11.526000	ALL	09-17 07:45:11.457 12894 12899 D dalvikvm: GC_CONCURRENT freed 406K, 80% free 1148K/5484K, paused 0ms+0ms, total 2ms
2018-09-17 13:45:11.628000	ALL	09-17 07:45:11.557 12894 12899 D dalvikvm: GC_CONCURRENT freed 406K, 80% free 1150K/5484K, paused 0ms+1ms, total 2ms
2018-09-17 13:45:11.782000	ALL	09-17 07:45:11.713 12894 12894 I AccessibilityNodeInfoDumper: Skipping invisible child: android.view.accessibility.AccessibilityNodeInfo@164cd; boundsInParent: Rect(0, 0 - 0, 144); boundsInScreen: Rect(1080, 75 - 1080, 219); packageName: io.appium.android.apis; className: android.widget.LinearLayout; text: null; contentDescription: null; viewIdResName: null; checkable: false; checked: false; focusable: false; focused: false; selected: false; clickable: false; longClickable: false; enabled: true; password: false; scrollable: false; [ACTION_SELECT, ACTION_CLEAR_SELECTION, ACTION_ACCESSIBILITY_FOCUS]
2018-09-17 13:45:11.785000	ALL	09-17 07:45:11.717 12894 12894 W AccessibilityNodeInfoDumper: Fetch time: 13ms
2018-09-17 13:45:11.790000	ALL	09-17 07:45:11.721 12894 12899 D dalvikvm: GC_CONCURRENT freed 332K, 78% free 1249K/5484K, paused 0ms+1ms, total 5ms
2018-09-17 13:45:11.813000	ALL	09-17 07:45:11.745 12894 12894 I AccessibilityNodeInfoDumper: Skipping invisible child: android.view.accessibility.AccessibilityNodeInfo@164cd; boundsInParent: Rect(0, 0 - 0, 144); boundsInScreen: Rect(1080, 75 - 1080, 219); packageName: io.appium.android.apis; className: android.widget.LinearLayout; text: null; contentDescription: null; viewIdResName: null; checkable: false; checked: false; focusable: false; focused: false; selected: false; clickable: false; longClickable: false; enabled: true; password: false; scrollable: false; [ACTION_SELECT, ACTION_CLEAR_SELECTION, ACTION_ACCESSIBILITY_FOCUS]
2018-09-17 13:45:11.817000	ALL	09-17 07:45:11.753 12894 12899 D dalvikvm: GC_CONCURRENT freed 453K, 78% free 1226K/5484K, paused 2ms+2ms, total 6ms
2018-09-17 13:45:11.822000	ALL	09-17 07:45:11.753 12894 12894 W AccessibilityNodeInfoDumper: Fetch time: 11ms
2018-09-17 13:45:12.245000	ALL	09-17 07:45:12.177 12894 12899 D dalvikvm: GC_CONCURRENT freed 466K, 79% free 1157K/5484K, paused 1ms+0ms, total 3ms
2018-09-17 13:45:12.287000	ALL	09-17 07:45:12.217 12894 12899 D dalvikvm: GC_CONCURRENT freed 415K, 80% free 1150K/5484K, paused 0ms+0ms, total 2ms
2018-09-17 13:45:12.323000	ALL	09-17 07:45:12.253 12894 12899 D dalvikvm: GC_CONCURRENT freed 408K, 80% free 1151K/5484K, paused 1ms+0ms, total 3ms
2018-09-17 13:45:12.356000	ALL	09-17 07:45:12.281 12894 12894 I AccessibilityNodeInfoDumper: Skipping invisible child: android.view.accessibility.AccessibilityNodeInfo@164cd; boundsInParent: Rect(0, 0 - 0, 144); boundsInScreen: Rect(1080, 75 - 1080, 219); packageName: io.appium.android.apis; className: android.widget.LinearLayout; text: null; contentDescription: null; viewIdResName: null; checkable: false; checked: false; focusable: false; focused: false; selected: false; clickable: false; longClickable: false; enabled: true; password: false; scrollable: false; [ACTION_SELECT, ACTION_CLEAR_SELECTION, ACTION_ACCESSIBILITY_FOCUS]
2018-09-17 13:45:12.357000	ALL	09-17 07:45:12.297 12894 12894 W AccessibilityNodeInfoDumper: Fetch time: 12ms
2018-09-17 13:45:12.362000	ALL	09-17 07:45:12.297 12894 12899 D dalvikvm: GC_CONCURRENT freed 378K, 76% free 1338K/5484K, paused 0ms+1ms, total 10ms
2018-09-17 13:45:12.380000	ALL	09-17 07:45:12.313 12894 12899 D dalvikvm: GC_CONCURRENT freed 442K, 77% free 1304K/5484K, paused 0ms+1ms, total 4ms
2018-09-17 13:45:12.403000	ALL	09-17 07:45:12.333 12894 12894 I AccessibilityNodeInfoDumper: Skipping invisible child: android.view.accessibility.AccessibilityNodeInfo@164cd; boundsInParent: Rect(0, 0 - 0, 144); boundsInScreen: Rect(1080, 75 - 1080, 219); packageName: io.appium.android.apis; className: android.widget.LinearLayout; text: null; contentDescription: null; viewIdResName: null; checkable: false; checked: false; focusable: false; focused: false; selected: false; clickable: false; longClickable: false; enabled: true; password: false; scrollable: false; [ACTION_SELECT, ACTION_CLEAR_SELECTION, ACTION_ACCESSIBILITY_FOCUS]
2018-09-17 13:45:12.408000	ALL	09-17 07:45:12.337 12894 12894 W AccessibilityNodeInfoDumper: Fetch time: 7ms
2018-09-17 13:45:12.409000	ALL	09-17 07:45:12.345 12894 12899 D dalvikvm: GC_CONCURRENT freed 574K, 78% free 1241K/5484K, paused 2ms+0ms, total 5ms
2018-09-17 13:45:12.409000	ALL	09-17 07:45:12.345 12894 12907 D dalvikvm: WAIT_FOR_CONCURRENT_GC blocked 1ms
2018-09-17 13:45:12.414000	ALL	09-17 07:45:12.345 12894 12894 D dalvikvm: WAIT_FOR_CONCURRENT_GC blocked 1ms
2018-09-17 13:45:12.433000	ALL	09-17 07:45:12.365 12894 12899 D dalvikvm: GC_CONCURRENT freed 336K, 76% free 1357K/5484K, paused 1ms+2ms, total 6ms
2018-09-17 13:45:12.479000	ALL	09-17 07:45:12.409 12894 12899 D dalvikvm: GC_CONCURRENT freed 615K, 79% free 1151K/5484K, paused 1ms+1ms, total 3ms
2018-09-17 13:45:12.512000	ALL	09-17 07:45:12.441 12894 12899 D dalvikvm: GC_CONCURRENT freed 409K, 80% free 1151K/5484K, paused 1ms+0ms, total 3ms
2018-09-17 13:45:12.555000	ALL	09-17 07:45:12.485 12894 12899 D dalvikvm: GC_CONCURRENT freed 408K, 80% free 1151K/5484K, paused 0ms+1ms, total 2ms
2018-09-17 13:45:12.597000	ALL	09-17 07:45:12.525 12894 12899 D dalvikvm: GC_CONCURRENT freed 409K, 80% free 1150K/5484K, paused 0ms+0ms, total 2ms
2018-09-17 13:45:12.630000	ALL	09-17 07:45:12.557 12927 12931 D dalvikvm: GC_CONCURRENT freed 1274K, 17% free 7336K/8800K, paused 3ms+1ms, total 10ms
2018-09-17 13:45:12.646000	ALL	09-17 07:45:12.581 12894 12899 D dalvikvm: GC_CONCURRENT freed 409K, 80% free 1151K/5484K, paused 0ms+0ms, total 4ms
2018-09-17 13:45:12.687000	ALL	09-17 07:45:12.617 12894 12899 D dalvikvm: GC_CONCURRENT freed 408K, 80% free 1151K/5484K, paused 1ms+0ms, total 3ms
2018-09-17 13:45:12.727000	ALL	09-17 07:45:12.657 12894 12899 D dalvikvm: GC_CONCURRENT freed 409K, 80% free 1151K/5484K, paused 0ms+0ms, total 2ms
2018-09-17 13:45:12.795000	ALL	09-17 07:45:12.725 12894 12899 D dalvikvm: GC_CONCURRENT freed 409K, 80% free 1151K/5484K, paused 2ms+0ms, total 4ms
2018-09-17 13:45:12.833000	ALL	09-17 07:45:12.765 12894 12899 D dalvikvm: GC_CONCURRENT freed 409K, 80% free 1150K/5484K, paused 1ms+0ms, total 3ms
2018-09-17 13:45:12.927000	ALL	09-17 07:45:12.857 12894 12899 D dalvikvm: GC_CONCURRENT freed 376K, 79% free 1157K/5484K, paused 3ms+1ms, total 6ms
2018-09-17 13:45:12.955000	ALL	09-17 07:45:12.885 12894 12894 I AccessibilityNodeInfoDumper: Skipping invisible child: android.view.accessibility.AccessibilityNodeInfo@164cd; boundsInParent: Rect(0, 0 - 0, 144); boundsInScreen: Rect(1080, 75 - 1080, 219); packageName: io.appium.android.apis; className: android.widget.LinearLayout; text: null; contentDescription: null; viewIdResName: null; checkable: false; checked: false; focusable: false; focused: false; selected: false; clickable: false; longClickable: false; enabled: true; password: false; scrollable: false; [ACTION_SELECT, ACTION_CLEAR_SELECTION, ACTION_ACCESSIBILITY_FOCUS]
2018-09-17 13:45:12.959000	ALL	09-17 07:45:12.893 12894 12899 D dalvikvm: GC_CONCURRENT freed 344K, 79% free 1200K/5484K, paused 2ms+2ms, total 5ms
2018-09-17 13:45:12.964000	ALL	09-17 07:45:12.897 12894 12894 W AccessibilityNodeInfoDumper: Fetch time: 13ms
2018-09-17 13:45:12.984000	ALL	09-17 07:45:12.913 12894 12899 D dalvikvm: GC_CONCURRENT freed 288K, 77% free 1300K/5484K, paused 1ms+1ms, total 4ms
2018-09-17 13:45:12.992000	ALL	09-17 07:45:12.925 12894 12894 I AccessibilityNodeInfoDumper: Skipping invisible child: android.view.accessibility.AccessibilityNodeInfo@164cd; boundsInParent: Rect(0, 0 - 0, 144); boundsInScreen: Rect(1080, 75 - 1080, 219); packageName: io.appium.android.apis; className: android.widget.LinearLayout; text: null; contentDescription: null; viewIdResName: null; checkable: false; checked: false; focusable: false; focused: false; selected: false; clickable: false; longClickable: false; enabled: true; password: false; scrollable: false; [ACTION_SELECT, ACTION_CLEAR_SELECTION, ACTION_ACCESSIBILITY_FOCUS]
2018-09-17 13:45:12.997000	ALL	09-17 07:45:12.929 12894 12894 W AccessibilityNodeInfoDumper: Fetch time: 8ms
2018-09-17 13:45:13.011000	ALL	09-17 07:45:12.941 12894 12899 D dalvikvm: GC_CONCURRENT freed 515K, 75% free 1373K/5484K, paused 0ms+2ms, total 6ms
2018-09-17 13:45:13.111000	ALL	09-17 07:45:13.041 12894 12899 D dalvikvm: GC_CONCURRENT freed 620K, 79% free 1173K/5484K, paused 2ms+1ms, total 5ms
2018-09-17 13:45:13.156000	ALL	09-17 07:45:13.089 12894 12899 D dalvikvm: GC_CONCURRENT freed 431K, 80% free 1150K/5484K, paused 1ms+0ms, total 4ms
2018-09-17 13:45:13.275000	ALL	09-17 07:45:13.205 12894 12899 D dalvikvm: GC_CONCURRENT freed 409K, 80% free 1151K/5484K, paused 0ms+0ms, total 3ms
2018-09-17 13:45:13.334000	ALL	09-17 07:45:13.265 12894 12899 D dalvikvm: GC_CONCURRENT freed 409K, 80% free 1151K/5484K, paused 1ms+0ms, total 3ms
2018-09-17 13:45:13.442000	ALL	09-17 07:45:13.373 12894 12899 D dalvikvm: GC_CONCURRENT freed 408K, 80% free 1151K/5484K, paused 1ms+0ms, total 4ms
2018-09-17 13:45:13.527000	ALL	09-17 07:45:13.457 12894 12899 D dalvikvm: GC_CONCURRENT freed 413K, 79% free 1197K/5484K, paused 0ms+1ms, total 4ms
2018-09-17 13:45:13.528000	ALL	09-17 07:45:13.457 12894 12894 I AccessibilityNodeInfoDumper: Skipping invisible child: android.view.accessibility.AccessibilityNodeInfo@164cd; boundsInParent: Rect(0, 0 - 0, 144); boundsInScreen: Rect(1080, 75 - 1080, 219); packageName: io.appium.android.apis; className: android.widget.LinearLayout; text: null; contentDescription: null; viewIdResName: null; checkable: false; checked: false; focusable: false; focused: false; selected: false; clickable: false; longClickable: false; enabled: true; password: false; scrollable: false; [ACTION_SELECT, ACTION_CLEAR_SELECTION, ACTION_ACCESSIBILITY_FOCUS]
2018-09-17 13:45:13.535000	ALL	09-17 07:45:13.465 12894 12894 W AccessibilityNodeInfoDumper: Fetch time: 14ms
2018-09-17 13:45:13.549000	ALL	09-17 07:45:13.481 12894 12899 D dalvikvm: GC_CONCURRENT freed 376K, 77% free 1305K/5484K, paused 0ms+1ms, total 3ms
2018-09-17 13:45:13.561000	ALL	09-17 07:45:13.493 12894 12894 I AccessibilityNodeInfoDumper: Skipping invisible child: android.view.accessibility.AccessibilityNodeInfo@164cd; boundsInParent: Rect(0, 0 - 0, 144); boundsInScreen: Rect(1080, 75 - 1080, 219); packageName: io.appium.android.apis; className: android.widget.LinearLayout; text: null; contentDescription: null; viewIdResName: null; checkable: false; checked: false; focusable: false; focused: false; selected: false; clickable: false; longClickable: false; enabled: true; password: false; scrollable: false; [ACTION_SELECT, ACTION_CLEAR_SELECTION, ACTION_ACCESSIBILITY_FOCUS]
2018-09-17 13:45:13.563000	ALL	09-17 07:45:13.497 12894 12894 W AccessibilityNodeInfoDumper: Fetch time: 4ms
2018-09-17 13:45:13.571000	ALL	09-17 07:45:13.497 12894 12899 D dalvikvm: GC_CONCURRENT freed 503K, 79% free 1201K/5484K, paused 2ms+1ms, total 3ms
2018-09-17 13:45:13.615000	ALL	09-17 07:45:13.545 12894 12899 D dalvikvm: GC_CONCURRENT freed 445K, 79% free 1175K/5484K, paused 0ms+0ms, total 3ms
2018-09-17 13:45:13.718000	ALL	09-17 07:45:13.645 12894 12899 D dalvikvm: GC_CONCURRENT freed 433K, 80% free 1150K/5484K, paused 1ms+0ms, total 3ms
2018-09-17 13:45:13.805000	ALL	09-17 07:45:13.733 12894 12899 D dalvikvm: GC_CONCURRENT freed 409K, 80% free 1150K/5484K, paused 0ms+0ms, total 2ms
2018-09-17 13:45:13.848000	ALL	09-17 07:45:13.777 12894 12899 D dalvikvm: GC_CONCURRENT freed 407K, 80% free 1150K/5484K, paused 0ms+0ms, total 1ms
2018-09-17 13:45:13.952000	ALL	09-17 07:45:13.885 12894 12899 D dalvikvm: GC_CONCURRENT freed 411K, 80% free 1149K/5484K, paused 2ms+0ms, total 4ms
2018-09-17 13:45:14.047000	ALL	09-17 07:45:13.977 12894 12899 D dalvikvm: GC_CONCURRENT freed 407K, 80% free 1151K/5484K, paused 0ms+0ms, total 2ms
2018-09-17 13:45:14.104000	ALL	09-17 07:45:14.037 12894 12894 I AccessibilityNodeInfoDumper: Skipping invisible child: android.view.accessibility.AccessibilityNodeInfo@164cd; boundsInParent: Rect(0, 0 - 0, 144); boundsInScreen: Rect(1080, 75 - 1080, 219); packageName: io.appium.android.apis; className: android.widget.LinearLayout; text: null; contentDescription: null; viewIdResName: null; checkable: false; checked: false; focusable: false; focused: false; selected: false; clickable: false; longClickable: false; enabled: true; password: false; scrollable: false; [ACTION_SELECT, ACTION_CLEAR_SELECTION, ACTION_ACCESSIBILITY_FOCUS]
2018-09-17 13:45:14.109000	ALL	09-17 07:45:14.041 12894 12894 W AccessibilityNodeInfoDumper: Fetch time: 10ms
2018-09-17 13:45:14.115000	ALL	09-17 07:45:14.045 12894 12899 D dalvikvm: GC_CONCURRENT freed 359K, 78% free 1217K/5484K, paused 1ms+2ms, total 5ms
2018-09-17 13:45:14.136000	ALL	09-17 07:45:14.065 12894 12899 D dalvikvm: GC_CONCURRENT freed 332K, 76% free 1318K/5484K, paused 0ms+1ms, total 3ms
2018-09-17 13:45:14.147000	ALL	09-17 07:45:14.073 12894 12894 I AccessibilityNodeInfoDumper: Skipping invisible child: android.view.accessibility.AccessibilityNodeInfo@164cd; boundsInParent: Rect(0, 0 - 0, 144); boundsInScreen: Rect(1080, 75 - 1080, 219); packageName: io.appium.android.apis; className: android.widget.LinearLayout; text: null; contentDescription: null; viewIdResName: null; checkable: false; checked: false; focusable: false; focused: false; selected: false; clickable: false; longClickable: false; enabled: true; password: false; scrollable: false; [ACTION_SELECT, ACTION_CLEAR_SELECTION, ACTION_ACCESSIBILITY_FOCUS]
2018-09-17 13:45:14.149000	ALL	09-17 07:45:14.077 12894 12894 W AccessibilityNodeInfoDumper: Fetch time: 5ms
2018-09-17 13:45:14.158000	ALL	09-17 07:45:14.089 12894 12899 D dalvikvm: GC_CONCURRENT freed 507K, 78% free 1257K/5484K, paused 2ms+4ms, total 9ms
2018-09-17 13:45:14.219000	ALL	09-17 07:45:14.149 12894 12899 D dalvikvm: GC_CONCURRENT freed 515K, 79% free 1152K/5484K, paused 1ms+0ms, total 4ms
2018-09-17 13:45:14.311000	ALL	09-17 07:45:14.241 12894 12899 D dalvikvm: GC_CONCURRENT freed 410K, 80% free 1151K/5484K, paused 0ms+0ms, total 3ms
2018-09-17 13:45:14.415000	ALL	09-17 07:45:14.341 12894 12899 D dalvikvm: GC_CONCURRENT freed 409K, 80% free 1150K/5484K, paused 2ms+0ms, total 5ms
2018-09-17 13:45:14.434000	ALL	09-17 07:45:14.365 12927 12931 D dalvikvm: GC_CONCURRENT freed 1282K, 17% free 7337K/8800K, paused 3ms+1ms, total 9ms
2018-09-17 13:45:14.467000	ALL	09-17 07:45:14.393 12894 12899 D dalvikvm: GC_CONCURRENT freed 385K, 79% free 1173K/5484K, paused 2ms+0ms, total 6ms
2018-09-17 13:45:14.547000	ALL	09-17 07:45:14.477 12894 12899 D dalvikvm: GC_CONCURRENT freed 400K, 79% free 1157K/5484K, paused 1ms+0ms, total 2ms
2018-09-17 13:45:14.635000	ALL	09-17 07:45:14.565 12894 12899 D dalvikvm: GC_CONCURRENT freed 405K, 80% free 1142K/5484K, paused 1ms+0ms, total 2ms
2018-09-17 13:45:14.687000	ALL	09-17 07:45:14.621 12894 12894 I AccessibilityNodeInfoDumper: Skipping invisible child: android.view.accessibility.AccessibilityNodeInfo@164cd; boundsInParent: Rect(0, 0 - 0, 144); boundsInScreen: Rect(1080, 75 - 1080, 219); packageName: io.appium.android.apis; className: android.widget.LinearLayout; text: null; contentDescription: null; viewIdResName: null; checkable: false; checked: false; focusable: false; focused: false; selected: false; clickable: false; longClickable: false; enabled: true; password: false; scrollable: false; [ACTION_SELECT, ACTION_CLEAR_SELECTION, ACTION_ACCESSIBILITY_FOCUS]
2018-09-17 13:45:14.691000	ALL	09-17 07:45:14.621 12894 12894 W AccessibilityNodeInfoDumper: Fetch time: 9ms
2018-09-17 13:45:14.699000	ALL	09-17 07:45:14.629 12894 12899 D dalvikvm: GC_CONCURRENT freed 331K, 78% free 1207K/5484K, paused 0ms+2ms, total 7ms
2018-09-17 13:45:14.716000	ALL	09-17 07:45:14.645 12894 12899 D dalvikvm: GC_CONCURRENT freed 302K, 77% free 1296K/5484K, paused 2ms+0ms, total 3ms
2018-09-17 13:45:14.723000	ALL	09-17 07:45:14.657 12894 12894 I AccessibilityNodeInfoDumper: Skipping invisible child: android.view.accessibility.AccessibilityNodeInfo@164cd; boundsInParent: Rect(0, 0 - 0, 144); boundsInScreen: Rect(1080, 75 - 1080, 219); packageName: io.appium.android.apis; className: android.widget.LinearLayout; text: null; contentDescription: null; viewIdResName: null; checkable: false; checked: false; focusable: false; focused: false; selected: false; clickable: false; longClickable: false; enabled: true; password: false; scrollable: false; [ACTION_SELECT, ACTION_CLEAR_SELECTION, ACTION_ACCESSIBILITY_FOCUS]
2018-09-17 13:45:14.730000	ALL	09-17 07:45:14.657 12894 12894 W AccessibilityNodeInfoDumper: Fetch time: 6ms
2018-09-17 13:45:14.738000	ALL	09-17 07:45:14.669 12894 12899 D dalvikvm: GC_CONCURRENT freed 478K, 78% free 1221K/5484K, paused 2ms+2ms, total 5ms
2018-09-17 13:45:14.764000	ALL	09-17 07:45:14.693 12894 12899 D dalvikvm: GC_CONCURRENT freed 458K, 79% free 1152K/5484K, paused 0ms+0ms, total 2ms
2018-09-17 13:45:14.836000	ALL	09-17 07:45:14.765 12894 12899 D dalvikvm: GC_CONCURRENT freed 409K, 80% free 1150K/5484K, paused 0ms+0ms, total 1ms
2018-09-17 13:45:14.938000	ALL	09-17 07:45:14.869 12894 12899 D dalvikvm: GC_CONCURRENT freed 408K, 80% free 1151K/5484K, paused 1ms+0ms, total 3ms
2018-09-17 13:45:15.031000	ALL	09-17 07:45:14.961 12894 12899 D dalvikvm: GC_CONCURRENT freed 409K, 80% free 1150K/5484K, paused 1ms+0ms, total 3ms
2018-09-17 13:45:15.125000	ALL	09-17 07:45:15.053 12894 12899 D dalvikvm: GC_CONCURRENT freed 408K, 80% free 1151K/5484K, paused 0ms+0ms, total 3ms
2018-09-17 13:45:15.223000	ALL	09-17 07:45:15.153 12894 12899 D dalvikvm: GC_CONCURRENT freed 409K, 80% free 1150K/5484K, paused 1ms+1ms, total 3ms
2018-09-17 13:45:15.270000	ALL	09-17 07:45:15.205 12894 12894 I AccessibilityNodeInfoDumper: Skipping invisible child: android.view.accessibility.AccessibilityNodeInfo@164cd; boundsInParent: Rect(0, 0 - 0, 144); boundsInScreen: Rect(1080, 75 - 1080, 219); packageName: io.appium.android.apis; className: android.widget.LinearLayout; text: null; contentDescription: null; viewIdResName: null; checkable: false; checked: false; focusable: false; focused: false; selected: false; clickable: false; longClickable: false; enabled: true; password: false; scrollable: false; [ACTION_SELECT, ACTION_CLEAR_SELECTION, ACTION_ACCESSIBILITY_FOCUS]
2018-09-17 13:45:15.272000	ALL	09-17 07:45:15.205 12894 12899 D dalvikvm: GC_CONCURRENT freed 347K, 78% free 1247K/5484K, paused 1ms+0ms, total 3ms
2018-09-17 13:45:15.277000	ALL	09-17 07:45:15.205 12894 12894 W AccessibilityNodeInfoDumper: Fetch time: 9ms
2018-09-17 13:45:15.297000	ALL	09-17 07:45:15.229 12894 12899 D dalvikvm: GC_CONCURRENT freed 474K, 79% free 1165K/5484K, paused 1ms+0ms, total 3ms
2018-09-17 13:45:15.301000	ALL	09-17 07:45:15.237 12894 12894 I AccessibilityNodeInfoDumper: Skipping invisible child: android.view.accessibility.AccessibilityNodeInfo@164cd; boundsInParent: Rect(0, 0 - 0, 144); boundsInScreen: Rect(1080, 75 - 1080, 219); packageName: io.appium.android.apis; className: android.widget.LinearLayout; text: null; contentDescription: null; viewIdResName: null; checkable: false; checked: false; focusable: false; focused: false; selected: false; clickable: false; longClickable: false; enabled: true; password: false; scrollable: false; [ACTION_SELECT, ACTION_CLEAR_SELECTION, ACTION_ACCESSIBILITY_FOCUS]
2018-09-17 13:45:15.307000	ALL	09-17 07:45:15.237 12894 12894 W AccessibilityNodeInfoDumper: Fetch time: 11ms
2018-09-17 13:45:15.322000	ALL	09-17 07:45:15.253 12894 12899 D dalvikvm: GC_CONCURRENT freed 340K, 78% free 1224K/5484K, paused 1ms+2ms, total 4ms
2018-09-17 13:45:15.337000	ALL	09-17 07:45:15.265 12894 12899 D dalvikvm: GC_CONCURRENT freed 310K, 76% free 1316K/5484K, paused 2ms+2ms, total 5ms
2018-09-17 13:45:15.435000	ALL	09-17 07:45:15.365 12894 12899 D dalvikvm: GC_CONCURRENT freed 571K, 80% free 1140K/5484K, paused 0ms+0ms, total 3ms
2018-09-17 13:45:15.528000	ALL	09-17 07:45:15.461 12894 12899 D dalvikvm: GC_CONCURRENT freed 398K, 80% free 1151K/5484K, paused 0ms+0ms, total 2ms
2018-09-17 13:45:15.627000	ALL	09-17 07:45:15.557 12894 12899 D dalvikvm: GC_CONCURRENT freed 376K, 79% free 1160K/5484K, paused 1ms+0ms, total 4ms
2018-09-17 13:45:15.718000	ALL	09-17 07:45:15.649 12894 12899 D dalvikvm: GC_CONCURRENT freed 402K, 80% free 1143K/5484K, paused 2ms+0ms, total 5ms
2018-09-17 13:45:15.805000	ALL	09-17 07:45:15.737 12894 12899 D dalvikvm: GC_CONCURRENT freed 402K, 80% free 1150K/5484K, paused 1ms+1ms, total 3ms
2018-09-17 13:45:15.853000	ALL	09-17 07:45:15.785 12894 12899 D dalvikvm: GC_CONCURRENT freed 393K, 79% free 1181K/5484K, paused 1ms+0ms, total 4ms
2018-09-17 13:45:15.855000	ALL	09-17 07:45:15.785 12894 12894 I AccessibilityNodeInfoDumper: Skipping invisible child: android.view.accessibility.AccessibilityNodeInfo@164cd; boundsInParent: Rect(0, 0 - 0, 144); boundsInScreen: Rect(1080, 75 - 1080, 219); packageName: io.appium.android.apis; className: android.widget.LinearLayout; text: null; contentDescription: null; viewIdResName: null; checkable: false; checked: false; focusable: false; focused: false; selected: false; clickable: false; longClickable: false; enabled: true; password: false; scrollable: false; [ACTION_SELECT, ACTION_CLEAR_SELECTION, ACTION_ACCESSIBILITY_FOCUS]
2018-09-17 13:45:15.860000	ALL	09-17 07:45:15.789 12894 12894 W AccessibilityNodeInfoDumper: Fetch time: 9ms
2018-09-17 13:45:15.871000	ALL	09-17 07:45:15.801 12894 12899 D dalvikvm: GC_CONCURRENT freed 351K, 78% free 1229K/5484K, paused 0ms+1ms, total 4ms
2018-09-17 13:45:15.879000	ALL	09-17 07:45:15.809 12894 12894 I AccessibilityNodeInfoDumper: Skipping invisible child: android.view.accessibility.AccessibilityNodeInfo@164cd; boundsInParent: Rect(0, 0 - 0, 144); boundsInScreen: Rect(1080, 75 - 1080, 219); packageName: io.appium.android.apis; className: android.widget.LinearLayout; text: null; contentDescription: null; viewIdResName: null; checkable: false; checked: false; focusable: false; focused: false; selected: false; clickable: false; longClickable: false; enabled: true; password: false; scrollable: false; [ACTION_SELECT, ACTION_CLEAR_SELECTION, ACTION_ACCESSIBILITY_FOCUS]
2018-09-17 13:45:15.884000	ALL	09-17 07:45:15.813 12894 12894 W AccessibilityNodeInfoDumper: Fetch time: 7ms
2018-09-17 13:45:15.896000	ALL	09-17 07:45:15.825 12894 12899 D dalvikvm: GC_CONCURRENT freed 420K, 77% free 1307K/5484K, paused 0ms+0ms, total 2ms
2018-09-17 13:45:15.925000	ALL	09-17 07:45:15.857 12894 12899 D dalvikvm: GC_CONCURRENT freed 550K, 80% free 1149K/5484K, paused 1ms+0ms, total 3ms
2018-09-17 13:45:16.027000	ALL	09-17 07:45:15.957 12894 12899 D dalvikvm: GC_CONCURRENT freed 407K, 80% free 1151K/5484K, paused 0ms+0ms, total 1ms
2018-09-17 13:45:16.126000	ALL	09-17 07:45:16.057 12894 12899 D dalvikvm: GC_CONCURRENT freed 409K, 80% free 1151K/5484K, paused 0ms+0ms, total 3ms
2018-09-17 13:45:16.221000	ALL	09-17 07:45:16.149 12894 12899 D dalvikvm: GC_CONCURRENT freed 409K, 80% free 1151K/5484K, paused 0ms+0ms, total 3ms
2018-09-17 13:45:16.311000	ALL	09-17 07:45:16.245 12894 12899 D dalvikvm: GC_CONCURRENT freed 377K, 79% free 1158K/5484K, paused 3ms+0ms, total 5ms
2018-09-17 13:45:16.348000	ALL	09-17 07:45:16.285 12927 12931 D dalvikvm: GC_CONCURRENT freed 1284K, 17% free 7335K/8800K, paused 2ms+0ms, total 8ms
2018-09-17 13:45:16.353000	ALL	09-17 07:45:16.285 12894 12899 D dalvikvm: GC_CONCURRENT freed 404K, 80% free 1141K/5484K, paused 5ms+1ms, total 7ms
2018-09-17 13:45:16.413000	ALL	09-17 07:45:16.345 12894 12894 I AccessibilityNodeInfoDumper: Skipping invisible child: android.view.accessibility.AccessibilityNodeInfo@164cd; boundsInParent: Rect(0, 0 - 0, 144); boundsInScreen: Rect(1080, 75 - 1080, 219); packageName: io.appium.android.apis; className: android.widget.LinearLayout; text: null; contentDescription: null; viewIdResName: null; checkable: false; checked: false; focusable: false; focused: false; selected: false; clickable: false; longClickable: false; enabled: true; password: false; scrollable: false; [ACTION_SELECT, ACTION_CLEAR_SELECTION, ACTION_ACCESSIBILITY_FOCUS]
2018-09-17 13:45:16.417000	ALL	09-17 07:45:16.349 12894 12894 W AccessibilityNodeInfoDumper: Fetch time: 6ms
2018-09-17 13:45:16.425000	ALL	09-17 07:45:16.357 12894 12899 D dalvikvm: GC_CONCURRENT freed 333K, 78% free 1214K/5484K, paused 1ms+1ms, total 5ms
2018-09-17 13:45:16.439000	ALL	09-17 07:45:16.369 12894 12899 D dalvikvm: GC_CONCURRENT freed 453K, 79% free 1154K/5484K, paused 0ms+0ms, total 2ms
2018-09-17 13:45:16.441000	ALL	09-17 07:45:16.373 12894 12894 I AccessibilityNodeInfoDumper: Skipping invisible child: android.view.accessibility.AccessibilityNodeInfo@164cd; boundsInParent: Rect(0, 0 - 0, 144); boundsInScreen: Rect(1080, 75 - 1080, 219); packageName: io.appium.android.apis; className: android.widget.LinearLayout; text: null; contentDescription: null; viewIdResName: null; checkable: false; checked: false; focusable: false; focused: false; selected: false; clickable: false; longClickable: false; enabled: true; password: false; scrollable: false; [ACTION_SELECT, ACTION_CLEAR_SELECTION, ACTION_ACCESSIBILITY_FOCUS]
2018-09-17 13:45:16.447000	ALL	09-17 07:45:16.377 12894 12894 W AccessibilityNodeInfoDumper: Fetch time: 6ms
2018-09-17 13:45:16.460000	ALL	09-17 07:45:16.389 12894 12899 D dalvikvm: GC_CONCURRENT freed 328K, 76% free 1319K/5484K, paused 1ms+3ms, total 6ms
2018-09-17 13:45:16.523000	ALL	09-17 07:45:16.453 12894 12899 D dalvikvm: GC_CONCURRENT freed 570K, 79% free 1175K/5484K, paused 0ms+0ms, total 3ms
2018-09-17 13:45:16.614000	ALL	09-17 07:45:16.545 12894 12899 D dalvikvm: GC_CONCURRENT freed 432K, 80% free 1151K/5484K, paused 0ms+0ms, total 2ms
2018-09-17 13:45:16.717000	ALL	09-17 07:45:16.649 12894 12899 D dalvikvm: GC_CONCURRENT freed 409K, 80% free 1151K/5484K, paused 0ms+1ms, total 2ms
2018-09-17 13:45:16.812000	ALL	09-17 07:45:16.741 12894 12899 D dalvikvm: GC_CONCURRENT freed 409K, 80% free 1150K/5484K, paused 0ms+0ms, total 2ms
2018-09-17 13:45:16.909000	ALL	09-17 07:45:16.837 12894 12899 D dalvikvm: GC_CONCURRENT freed 421K, 80% free 1138K/5484K, paused 1ms+2ms, total 6ms
2018-09-17 13:45:16.951000	ALL	09-17 07:45:16.881 12894 12899 D dalvikvm: GC_CONCURRENT freed 395K, 80% free 1150K/5484K, paused 0ms+0ms, total 3ms
2018-09-17 13:45:16.987000	ALL	09-17 07:45:16.917 12894 12894 I AccessibilityNodeInfoDumper: Skipping invisible child: android.view.accessibility.AccessibilityNodeInfo@164cd; boundsInParent: Rect(0, 0 - 0, 144); boundsInScreen: Rect(1080, 75 - 1080, 219); packageName: io.appium.android.apis; className: android.widget.LinearLayout; text: null; contentDescription: null; viewIdResName: null; checkable: false; checked: false; focusable: false; focused: false; selected: false; clickable: false; longClickable: false; enabled: true; password: false; scrollable: false; [ACTION_SELECT, ACTION_CLEAR_SELECTION, ACTION_ACCESSIBILITY_FOCUS]
2018-09-17 13:45:16.993000	ALL	09-17 07:45:16.925 12894 12894 W AccessibilityNodeInfoDumper: Fetch time: 10ms
2018-09-17 13:45:17.001000	ALL	09-17 07:45:16.933 12894 12899 D dalvikvm: GC_CONCURRENT freed 249K, 77% free 1301K/5484K, paused 2ms+0ms, total 4ms
2018-09-17 13:45:17.015000	ALL	09-17 07:45:16.945 12894 12894 I AccessibilityNodeInfoDumper: Skipping invisible child: android.view.accessibility.AccessibilityNodeInfo@164cd; boundsInParent: Rect(0, 0 - 0, 144); boundsInScreen: Rect(1080, 75 - 1080, 219); packageName: io.appium.android.apis; className: android.widget.LinearLayout; text: null; contentDescription: null; viewIdResName: null; checkable: false; checked: false; focusable: false; focused: false; selected: false; clickable: false; longClickable: false; enabled: true; password: false; scrollable: false; [ACTION_SELECT, ACTION_CLEAR_SELECTION, ACTION_ACCESSIBILITY_FOCUS]
2018-09-17 13:45:17.020000	ALL	09-17 07:45:16.953 12894 12899 D dalvikvm: GC_CONCURRENT freed 515K, 78% free 1216K/5484K, paused 1ms+2ms, total 5ms
2018-09-17 13:45:17.024000	ALL	09-17 07:45:16.953 12894 12894 W AccessibilityNodeInfoDumper: Fetch time: 11ms
2018-09-17 13:45:17.038000	ALL	09-17 07:45:16.969 12894 12899 D dalvikvm: GC_CONCURRENT freed 323K, 77% free 1295K/5484K, paused 4ms+0ms, total 6ms
2018-09-17 13:45:17.090000	ALL	09-17 07:45:17.021 13134 13134 D         : HostConnection::get() New Host Connection established 0xb886bea8, tid 13134
2018-09-17 13:45:17.095000	ALL	09-17 07:45:17.029 13134 13134 W         : Unrecognized GLES max version string in extensions:
2018-09-17 13:45:17.104000	ALL	09-17 07:45:17.033 13134 13134 W         : Process pipe failed
2018-09-17 13:45:17.117000	ALL	09-17 07:45:17.049 12894 12899 D dalvikvm: GC_CONCURRENT freed 540K, 80% free 1147K/5484K, paused 0ms+0ms, total 2ms
2018-09-17 13:45:17.263000	ALL	09-17 07:45:17.193 12894 12899 D dalvikvm: GC_CONCURRENT freed 386K, 79% free 1170K/5484K, paused 0ms+0ms, total 4ms
2018-09-17 13:45:17.326000	ALL	09-17 07:45:17.257 12894 12899 D dalvikvm: GC_CONCURRENT freed 397K, 79% free 1157K/5484K, paused 1ms+0ms, total 2ms
2018-09-17 13:45:17.448000	ALL	09-17 07:45:17.381 12894 12899 D dalvikvm: GC_CONCURRENT freed 404K, 80% free 1142K/5484K, paused 0ms+0ms, total 2ms
2018-09-17 13:45:17.497000	ALL	09-17 07:45:17.429 12894 12899 D dalvikvm: GC_CONCURRENT freed 368K, 79% free 1158K/5484K, paused 1ms+0ms, total 3ms
2018-09-17 13:45:17.525000	ALL	09-17 07:45:17.457 12894 12899 D dalvikvm: GC_CONCURRENT freed 408K, 80% free 1138K/5484K, paused 0ms+0ms, total 1ms
2018-09-17 13:45:17.618000	ALL	09-17 07:45:17.549 12894 12899 D dalvikvm: GC_CONCURRENT freed 409K, 80% free 1137K/5484K, paused 0ms+1ms, total 2ms
2018-09-17 13:45:17.713000	ALL	09-17 07:45:17.641 12894 12899 D dalvikvm: GC_CONCURRENT freed 408K, 80% free 1138K/5484K, paused 0ms+0ms, total 1ms
2018-09-17 13:45:17.827000	ALL	09-17 07:45:17.745 12894 12899 D dalvikvm: GC_CONCURRENT freed 396K, 80% free 1150K/5484K, paused 0ms+1ms, total 5ms
2018-09-17 13:45:18.045000	ALL	09-17 07:45:17.837 12894 12899 D dalvikvm: GC_CONCURRENT freed 376K, 79% free 1158K/5484K, paused 2ms+0ms, total 3ms
2018-09-17 13:45:18.045000	ALL	09-17 07:45:17.885 12894 12899 D dalvikvm: GC_CONCURRENT freed 400K, 80% free 1141K/5484K, paused 5ms+1ms, total 6ms
2018-09-17 13:45:18.045000	ALL	09-17 07:45:17.953 12894 12899 D dalvikvm: GC_CONCURRENT freed 386K, 79% free 1168K/5484K, paused 0ms+0ms, total 2ms
2018-09-17 13:45:18.343000	ALL	09-17 07:45:18.057 12894 12899 D dalvikvm: GC_CONCURRENT freed 426K, 80% free 1151K/5484K, paused 0ms+0ms, total 2ms
2018-09-17 13:45:18.343000	ALL	09-17 07:45:18.149 12894 12899 D dalvikvm: GC_CONCURRENT freed 409K, 80% free 1150K/5484K, paused 0ms+0ms, total 2ms
2018-09-17 13:45:18.343000	ALL	09-17 07:45:18.245 12894 12899 D dalvikvm: GC_CONCURRENT freed 408K, 80% free 1150K/5484K, paused 0ms+1ms, total 2ms
2018-09-17 13:45:18.343000	ALL	09-17 07:45:18.261 12927 12931 D dalvikvm: GC_CONCURRENT freed 1281K, 17% free 7335K/8800K, paused 2ms+0ms, total 11ms
2018-09-17 13:45:18.423000	ALL	09-17 07:45:18.357 12894 12899 D dalvikvm: GC_CONCURRENT freed 409K, 80% free 1141K/5484K, paused 4ms+0ms, total 5ms
2018-09-17 13:45:18.524000	ALL	09-17 07:45:18.457 12894 12899 D dalvikvm: GC_CONCURRENT freed 409K, 80% free 1149K/5484K, paused 0ms+0ms, total 7ms

2018-09-17 14:47:26.657271 'Run animation' test logs with driver = android

2018-09-17 14:47:14.718000	ALL	09-17 08:47:14.629  4108  4108 I AccessibilityNodeInfoDumper: Skipping invisible child: android.view.accessibility.AccessibilityNodeInfo@c375; boundsInParent: Rect(0, 0 - 0, 144); boundsInScreen: Rect(1080, 75 - 1080, 219); packageName: io.appium.android.apis; className: android.widget.LinearLayout; text: null; contentDescription: null; viewIdResName: null; checkable: false; checked: false; focusable: false; focused: false; selected: false; clickable: false; longClickable: false; enabled: true; password: false; scrollable: false; [ACTION_SELECT, ACTION_CLEAR_SELECTION, ACTION_ACCESSIBILITY_FOCUS]
2018-09-17 14:47:14.744000	ALL	09-17 08:47:14.649  4108  4108 W AccessibilityNodeInfoDumper: Fetch time: 31ms
2018-09-17 14:47:14.815000	ALL	09-17 08:47:14.717  4108  4108 I QueryController: Matched selector: UiSelector[CLASS=android.widget.TextView, INSTANCE=9, COUNT=9] <<==>> [android.view.accessibility.AccessibilityNodeInfo@a92e; boundsInParent: Rect(0, 0 - 1080, 144); boundsInScreen: Rect(0, 1387 - 1080, 1531); packageName: io.appium.android.apis; className: android.widget.TextView; text: OS; contentDescription: OS; viewIdResName: android:id/text1; checkable: false; checked: false; focusable: false; focused: false; selected: false; clickable: true; longClickable: false; enabled: true; password: false; scrollable: false; [ACTION_SELECT, ACTION_CLEAR_SELECTION, ACTION_CLICK, ACTION_ACCESSIBILITY_FOCUS, ACTION_NEXT_AT_MOVEMENT_GRANULARITY, ACTION_PREVIOUS_AT_MOVEMENT_GRANULARITY, ACTION_SET_SELECTION]]
2018-09-17 14:47:14.835000	ALL	09-17 08:47:14.749  4108  4108 I QueryController: Matched selector: UiSelector[CLASS=android.widget.TextView, INSTANCE=9, COUNT=9] <<==>> [android.view.accessibility.AccessibilityNodeInfo@a92e; boundsInParent: Rect(0, 0 - 1080, 144); boundsInScreen: Rect(0, 1387 - 1080, 1531); packageName: io.appium.android.apis; className: android.widget.TextView; text: OS; contentDescription: OS; viewIdResName: android:id/text1; checkable: false; checked: false; focusable: false; focused: false; selected: false; clickable: true; longClickable: false; enabled: true; password: false; scrollable: false; [ACTION_SELECT, ACTION_CLEAR_SELECTION, ACTION_CLICK, ACTION_ACCESSIBILITY_FOCUS, ACTION_NEXT_AT_MOVEMENT_GRANULARITY, ACTION_PREVIOUS_AT_MOVEMENT_GRANULARITY, ACTION_SET_SELECTION]]
2018-09-17 14:47:14.841000	ALL	09-17 08:47:14.749  4108  4108 D InteractionController: clickAndSync(540, 1459)
2018-09-17 14:47:15.013000	ALL	09-17 08:47:14.917   613 25760 I ActivityManager: START u0 {cmp=io.appium.android.apis/.ApiDemos (has extras)} from pid 4141
2018-09-17 14:47:15.070000	ALL	09-17 08:47:14.977  4141  4145 D dalvikvm: GC_CONCURRENT freed 491K, 9% free 6604K/7248K, paused 3ms+0ms, total 7ms
2018-09-17 14:47:15.138000	ALL	09-17 08:47:15.053  4141  4141 E EGL_emulation: tid 4141: eglSurfaceAttrib(1210): error 0x3009 (EGL_BAD_MATCH)
2018-09-17 14:47:15.145000	ALL	09-17 08:47:15.053  4141  4141 W HardwareRenderer: Backbuffer cannot be preserved
2018-09-17 14:47:15.184000	ALL	09-17 08:47:15.093   613   628 I ActivityManager: Displayed io.appium.android.apis/.ApiDemos: +154ms
2018-09-17 14:47:15.381000	ALL	09-17 08:47:15.289   613   664 D MobileDataStateTracker: default: setPolicyDataEnable(enabled=true)
2018-09-17 14:47:16.726000	ALL	09-17 08:47:16.633  4108  4127 D dalvikvm: GC_FOR_ALLOC freed 7079K, 87% free 1112K/8192K, paused 4ms, total 4ms
2018-09-17 14:47:16.765000	ALL	09-17 08:47:16.673  4108  4113 D dalvikvm: GC_CONCURRENT freed 443K, 83% free 1078K/6044K, paused 0ms+0ms, total 2ms
2018-09-17 14:47:16.805000	ALL	09-17 08:47:16.713  4108  4113 D dalvikvm: GC_CONCURRENT freed 404K, 83% free 1080K/6044K, paused 1ms+0ms, total 2ms
2018-09-17 14:47:16.853000	ALL	09-17 08:47:16.761  4108  4113 D dalvikvm: GC_CONCURRENT freed 408K, 83% free 1078K/6044K, paused 0ms+0ms, total 3ms
2018-09-17 14:47:16.895000	ALL	09-17 08:47:16.805  4108  4113 D dalvikvm: GC_CONCURRENT freed 406K, 82% free 1088K/6044K, paused 0ms+2ms, total 5ms
2018-09-17 14:47:16.935000	ALL	09-17 08:47:16.841  4141  4145 D dalvikvm: GC_CONCURRENT freed 1234K, 18% free 6410K/7796K, paused 3ms+1ms, total 9ms
2018-09-17 14:47:16.941000	ALL	09-17 08:47:16.849  4108  4113 D dalvikvm: GC_CONCURRENT freed 405K, 83% free 1079K/6044K, paused 0ms+0ms, total 2ms
2018-09-17 14:47:16.976000	ALL	09-17 08:47:16.885  4108  4113 D dalvikvm: GC_CONCURRENT freed 402K, 83% free 1082K/6044K, paused 0ms+1ms, total 2ms
2018-09-17 14:47:17.011000	ALL	09-17 08:47:16.921  4108  4113 D dalvikvm: GC_CONCURRENT freed 411K, 83% free 1078K/6044K, paused 1ms+0ms, total 4ms
2018-09-17 14:47:17.045000	ALL	09-17 08:47:16.957  4108  4113 D dalvikvm: GC_CONCURRENT freed 406K, 83% free 1078K/6044K, paused 0ms+0ms, total 1ms
2018-09-17 14:47:17.090000	ALL	09-17 08:47:17.001  4108  4113 D dalvikvm: GC_CONCURRENT freed 398K, 83% free 1086K/6044K, paused 0ms+0ms, total 3ms
2018-09-17 14:47:17.137000	ALL	09-17 08:47:17.045  4108  4113 D dalvikvm: GC_CONCURRENT freed 415K, 83% free 1078K/6044K, paused 1ms+0ms, total 3ms
2018-09-17 14:47:17.181000	ALL	09-17 08:47:17.089  4108  4113 D dalvikvm: GC_CONCURRENT freed 406K, 83% free 1078K/6044K, paused 0ms+0ms, total 2ms
2018-09-17 14:47:17.232000	ALL	09-17 08:47:17.141  4108  4113 D dalvikvm: GC_CONCURRENT freed 394K, 82% free 1115K/6044K, paused 1ms+1ms, total 8ms
2018-09-17 14:47:17.238000	ALL	09-17 08:47:17.149  4108  4108 I AccessibilityNodeInfoDumper: Skipping invisible child: android.view.accessibility.AccessibilityNodeInfo@10347; boundsInParent: Rect(0, 0 - 0, 144); boundsInScreen: Rect(1080, 75 - 1080, 219); packageName: io.appium.android.apis; className: android.widget.LinearLayout; text: null; contentDescription: null; viewIdResName: null; checkable: false; checked: false; focusable: false; focused: false; selected: false; clickable: false; longClickable: false; enabled: true; password: false; scrollable: false; [ACTION_SELECT, ACTION_CLEAR_SELECTION, ACTION_ACCESSIBILITY_FOCUS]
2018-09-17 14:47:17.250000	ALL	09-17 08:47:17.153  4108  4108 W AccessibilityNodeInfoDumper: Fetch time: 4ms
2018-09-17 14:47:17.264000	ALL	09-17 08:47:17.173  4108  4113 D dalvikvm: GC_CONCURRENT freed 428K, 80% free 1245K/6044K, paused 2ms+0ms, total 10ms
2018-09-17 14:47:17.275000	ALL	09-17 08:47:17.181  4108  4108 I QueryController: Matched selector: UiSelector[CLASS=android.widget.TextView, INSTANCE=4, COUNT=4] <<==>> [android.view.accessibility.AccessibilityNodeInfo@f443; boundsInParent: Rect(0, 0 - 1080, 144); boundsInScreen: Rect(0, 657 - 1080, 801); packageName: io.appium.android.apis; className: android.widget.TextView; text: SMS Messaging; contentDescription: SMS Messaging; viewIdResName: android:id/text1; checkable: false; checked: false; focusable: false; focused: false; selected: false; clickable: true; longClickable: false; enabled: true; password: false; scrollable: false; [ACTION_SELECT, ACTION_CLEAR_SELECTION, ACTION_CLICK, ACTION_ACCESSIBILITY_FOCUS, ACTION_NEXT_AT_MOVEMENT_GRANULARITY, ACTION_PREVIOUS_AT_MOVEMENT_GRANULARITY, ACTION_SET_SELECTION]]
2018-09-17 14:47:17.316000	ALL	09-17 08:47:17.205  4108  4108 I QueryController: Matched selector: UiSelector[CLASS=android.widget.TextView, INSTANCE=4, COUNT=4] <<==>> [android.view.accessibility.AccessibilityNodeInfo@f443; boundsInParent: Rect(0, 0 - 1080, 144); boundsInScreen: Rect(0, 657 - 1080, 801); packageName: io.appium.android.apis; className: android.widget.TextView; text: SMS Messaging; contentDescription: SMS Messaging; viewIdResName: android:id/text1; checkable: false; checked: false; focusable: false; focused: false; selected: false; clickable: true; longClickable: false; enabled: true; password: false; scrollable: false; [ACTION_SELECT, ACTION_CLEAR_SELECTION, ACTION_CLICK, ACTION_ACCESSIBILITY_FOCUS, ACTION_NEXT_AT_MOVEMENT_GRANULARITY, ACTION_PREVIOUS_AT_MOVEMENT_GRANULARITY, ACTION_SET_SELECTION]]
2018-09-17 14:47:17.316000	ALL	09-17 08:47:17.205  4108  4108 D InteractionController: clickAndSync(540, 729)
2018-09-17 14:47:17.316000	ALL	09-17 08:47:17.217  4108  4113 D dalvikvm: GC_CONCURRENT freed 545K, 83% free 1085K/6044K, paused 0ms+1ms, total 2ms
2018-09-17 14:47:17.360000	ALL	09-17 08:47:17.257  4108  4113 D dalvikvm: GC_CONCURRENT freed 398K, 83% free 1080K/6044K, paused 1ms+0ms, total 3ms
2018-09-17 14:47:17.391000	ALL	09-17 08:47:17.301  4108  4113 D dalvikvm: GC_CONCURRENT freed 400K, 83% free 1086K/6044K, paused 0ms+0ms, total 2ms
2018-09-17 14:47:17.446000	ALL	09-17 08:47:17.353  4108  4113 D dalvikvm: GC_CONCURRENT freed 413K, 83% free 1079K/6044K, paused 0ms+0ms, total 2ms
2018-09-17 14:47:17.464000	ALL	09-17 08:47:17.373   613   782 I ActivityManager: START u0 {cmp=io.appium.android.apis/.os.SmsMessagingDemo} from pid 4141
2018-09-17 14:47:17.486000	ALL	09-17 08:47:17.401  4141  4145 D dalvikvm: GC_CONCURRENT freed 698K, 14% free 6779K/7796K, paused 1ms+1ms, total 5ms
2018-09-17 14:47:17.492000	ALL	09-17 08:47:17.401  4141  4141 D dalvikvm: WAIT_FOR_CONCURRENT_GC blocked 3ms
2018-09-17 14:47:17.565000	ALL	09-17 08:47:17.481  4141  4141 E EGL_emulation: tid 4141: eglSurfaceAttrib(1210): error 0x3009 (EGL_BAD_MATCH)
2018-09-17 14:47:17.573000	ALL	09-17 08:47:17.481  4141  4141 W HardwareRenderer: Backbuffer cannot be preserved
2018-09-17 14:47:17.677000	ALL	09-17 08:47:17.581   613   628 I ActivityManager: Displayed io.appium.android.apis/.os.SmsMessagingDemo: +193ms
2018-09-17 14:47:17.699000	ALL	09-17 08:47:17.605   677   681 D dalvikvm: GC_CONCURRENT freed 3719K, 21% free 14881K/18748K, paused 2ms+1ms, total 13ms
2018-09-17 14:47:17.717000	ALL	09-17 08:47:17.625   613   615 D dalvikvm: GC_CONCURRENT freed 1287K, 28% free 13001K/17948K, paused 2ms+2ms, total 27ms
2018-09-17 14:47:18.873000	ALL	09-17 08:47:18.777  4108  4113 D dalvikvm: GC_CONCURRENT freed 395K, 82% free 1091K/6044K, paused 0ms+0ms, total 2ms
2018-09-17 14:47:19.023000	ALL	09-17 08:47:18.933  4108  4113 D dalvikvm: GC_CONCURRENT freed 389K, 82% free 1108K/6044K, paused 1ms+3ms, total 7ms
2018-09-17 14:47:19.061000	ALL	09-17 08:47:18.969  4108  4113 D dalvikvm: GC_CONCURRENT freed 434K, 83% free 1081K/6044K, paused 1ms+0ms, total 3ms
2018-09-17 14:47:19.096000	ALL	09-17 08:47:19.005  4108  4113 D dalvikvm: GC_CONCURRENT freed 396K, 82% free 1091K/6044K, paused 0ms+1ms, total 2ms
2018-09-17 14:47:19.144000	ALL	09-17 08:47:19.053  4108  4113 D dalvikvm: GC_CONCURRENT freed 379K, 82% free 1107K/6044K, paused 0ms+0ms, total 3ms
2018-09-17 14:47:19.208000	ALL	09-17 08:47:19.117  4108  4113 D dalvikvm: GC_CONCURRENT freed 436K, 82% free 1089K/6044K, paused 0ms+0ms, total 3ms
2018-09-17 14:47:19.246000	ALL	09-17 08:47:19.153  4108  4113 D dalvikvm: GC_CONCURRENT freed 406K, 82% free 1090K/6044K, paused 0ms+0ms, total 3ms
2018-09-17 14:47:19.280000	ALL	09-17 08:47:19.189  4108  4113 D dalvikvm: GC_CONCURRENT freed 405K, 82% free 1091K/6044K, paused 0ms+1ms, total 2ms
2018-09-17 14:47:19.304000	ALL	09-17 08:47:19.213  4141  4145 D dalvikvm: GC_CONCURRENT freed 552K, 9% free 7322K/8028K, paused 2ms+1ms, total 8ms
2018-09-17 14:47:19.329000	ALL	09-17 08:47:19.237  4108  4113 D dalvikvm: GC_CONCURRENT freed 407K, 82% free 1090K/6044K, paused 1ms+0ms, total 3ms
2018-09-17 14:47:19.376000	ALL	09-17 08:47:19.285  4108  4113 D dalvikvm: GC_CONCURRENT freed 406K, 82% free 1090K/6044K, paused 0ms+0ms, total 2ms
2018-09-17 14:47:19.422000	ALL	09-17 08:47:19.329  4108  4113 D dalvikvm: GC_CONCURRENT freed 377K, 82% free 1097K/6044K, paused 4ms+0ms, total 6ms
2018-09-17 14:47:19.473000	ALL	09-17 08:47:19.385  4108  4113 D dalvikvm: GC_CONCURRENT freed 402K, 83% free 1080K/6044K, paused 3ms+0ms, total 5ms
2018-09-17 14:47:19.522000	ALL	09-17 08:47:19.429  4108  4113 D dalvikvm: GC_CONCURRENT freed 396K, 82% free 1090K/6044K, paused 1ms+0ms, total 3ms
2018-09-17 14:47:19.560000	ALL	09-17 08:47:19.469  4108  4113 D dalvikvm: GC_CONCURRENT freed 406K, 82% free 1090K/6044K, paused 0ms+0ms, total 2ms
2018-09-17 14:47:19.592000	ALL	09-17 08:47:19.505  4108  4113 D dalvikvm: GC_CONCURRENT freed 407K, 82% free 1090K/6044K, paused 0ms+1ms, total 3ms
2018-09-17 14:47:19.635000	ALL	09-17 08:47:19.545  4108  4113 D dalvikvm: GC_CONCURRENT freed 407K, 82% free 1090K/6044K, paused 0ms+0ms, total 3ms
2018-09-17 14:47:19.701000	ALL	09-17 08:47:19.613  4108  4113 D dalvikvm: GC_CONCURRENT freed 406K, 82% free 1091K/6044K, paused 0ms+0ms, total 3ms
2018-09-17 14:47:19.715000	ALL	09-17 08:47:19.625  4108  4108 I AccessibilityNodeInfoDumper: Skipping invisible child: android.view.accessibility.AccessibilityNodeInfo@164e2; boundsInParent: Rect(0, 0 - 0, 144); boundsInScreen: Rect(1080, 75 - 1080, 219); packageName: io.appium.android.apis; className: android.widget.LinearLayout; text: null; contentDescription: null; viewIdResName: null; checkable: false; checked: false; focusable: false; focused: false; selected: false; clickable: false; longClickable: false; enabled: true; password: false; scrollable: false; [ACTION_SELECT, ACTION_CLEAR_SELECTION, ACTION_ACCESSIBILITY_FOCUS]
2018-09-17 14:47:19.721000	ALL	09-17 08:47:19.629  4108  4108 W AccessibilityNodeInfoDumper: Fetch time: 9ms
2018-09-17 14:47:19.726000	ALL	09-17 08:47:19.633  4108  4113 D dalvikvm: GC_CONCURRENT freed 338K, 81% free 1158K/6044K, paused 0ms+2ms, total 4ms
2018-09-17 14:47:19.751000	ALL	09-17 08:47:19.665  4108  4113 D dalvikvm: GC_CONCURRENT freed 415K, 80% free 1254K/6044K, paused 2ms+1ms, total 6ms
2018-09-17 14:47:19.757000	ALL	09-17 08:47:19.665  4108  4127 D dalvikvm: WAIT_FOR_CONCURRENT_GC blocked 4ms
2018-09-17 14:47:19.777000	ALL	09-17 08:47:19.685  4108  4108 I AccessibilityNodeInfoDumper: Skipping invisible child: android.view.accessibility.AccessibilityNodeInfo@164e2; boundsInParent: Rect(0, 0 - 0, 144); boundsInScreen: Rect(1080, 75 - 1080, 219); packageName: io.appium.android.apis; className: android.widget.LinearLayout; text: null; contentDescription: null; viewIdResName: null; checkable: false; checked: false; focusable: false; focused: false; selected: false; clickable: false; longClickable: false; enabled: true; password: false; scrollable: false; [ACTION_SELECT, ACTION_CLEAR_SELECTION, ACTION_ACCESSIBILITY_FOCUS]
2018-09-17 14:47:19.780000	ALL	09-17 08:47:19.689  4108  4108 W AccessibilityNodeInfoDumper: Fetch time: 8ms
2018-09-17 14:47:19.790000	ALL	09-17 08:47:19.693  4108  4113 D dalvikvm: GC_CONCURRENT freed 531K, 81% free 1179K/6044K, paused 1ms+2ms, total 5ms
2018-09-17 14:47:19.811000	ALL	09-17 08:47:19.721  4108  4113 D dalvikvm: GC_CONCURRENT freed 361K, 80% free 1238K/6044K, paused 0ms+1ms, total 3ms
2018-09-17 14:47:19.849000	ALL	09-17 08:47:19.757  4108  4113 D dalvikvm: GC_CONCURRENT freed 543K, 82% free 1110K/6044K, paused 0ms+0ms, total 2ms
2018-09-17 14:47:19.895000	ALL	09-17 08:47:19.805  4108  4113 D dalvikvm: GC_CONCURRENT freed 425K, 82% free 1092K/6044K, paused 1ms+1ms, total 3ms
2018-09-17 14:47:19.933000	ALL	09-17 08:47:19.841  4108  4113 D dalvikvm: GC_CONCURRENT freed 407K, 82% free 1091K/6044K, paused 1ms+0ms, total 3ms
2018-09-17 14:47:19.971000	ALL	09-17 08:47:19.881  4108  4113 D dalvikvm: GC_CONCURRENT freed 406K, 82% free 1092K/6044K, paused 0ms+1ms, total 2ms
2018-09-17 14:47:20.009000	ALL	09-17 08:47:19.917  4108  4113 D dalvikvm: GC_CONCURRENT freed 407K, 82% free 1091K/6044K, paused 0ms+0ms, total 3ms
2018-09-17 14:47:20.045000	ALL	09-17 08:47:19.953  4108  4113 D dalvikvm: GC_CONCURRENT freed 406K, 82% free 1091K/6044K, paused 0ms+0ms, total 3ms
2018-09-17 14:47:20.091000	ALL	09-17 08:47:19.997  4108  4113 D dalvikvm: GC_CONCURRENT freed 405K, 82% free 1092K/6044K, paused 0ms+1ms, total 2ms
2018-09-17 14:47:20.126000	ALL	09-17 08:47:20.033  4108  4113 D dalvikvm: GC_CONCURRENT freed 407K, 82% free 1091K/6044K, paused 0ms+0ms, total 1ms
2018-09-17 14:47:20.182000	ALL	09-17 08:47:20.089  4108  4113 D dalvikvm: GC_CONCURRENT freed 415K, 83% free 1083K/6044K, paused 0ms+0ms, total 3ms
2018-09-17 14:47:20.223000	ALL	09-17 08:47:20.129  4108  4113 D dalvikvm: GC_CONCURRENT freed 398K, 82% free 1091K/6044K, paused 0ms+0ms, total 1ms
2018-09-17 14:47:20.255000	ALL	09-17 08:47:20.161  4108  4113 D dalvikvm: GC_CONCURRENT freed 407K, 82% free 1091K/6044K, paused 0ms+0ms, total 1ms
2018-09-17 14:47:20.297000	ALL	09-17 08:47:20.205  4108  4113 D dalvikvm: GC_CONCURRENT freed 406K, 82% free 1092K/6044K, paused 0ms+0ms, total 2ms
2018-09-17 14:47:20.319000	ALL	09-17 08:47:20.229  4141  4145 D dalvikvm: GC_CONCURRENT freed 1283K, 17% free 7317K/8752K, paused 4ms+1ms, total 9ms
2018-09-17 14:47:20.333000	ALL	09-17 08:47:20.241  4108  4108 I AccessibilityNodeInfoDumper: Skipping invisible child: android.view.accessibility.AccessibilityNodeInfo@164e2; boundsInParent: Rect(0, 0 - 0, 144); boundsInScreen: Rect(1080, 75 - 1080, 219); packageName: io.appium.android.apis; className: android.widget.LinearLayout; text: null; contentDescription: null; viewIdResName: null; checkable: false; checked: false; focusable: false; focused: false; selected: false; clickable: false; longClickable: false; enabled: true; password: false; scrollable: false; [ACTION_SELECT, ACTION_CLEAR_SELECTION, ACTION_ACCESSIBILITY_FOCUS]
2018-09-17 14:47:20.338000	ALL	09-17 08:47:20.245  4108  4113 D dalvikvm: GC_CONCURRENT freed 394K, 82% free 1129K/6044K, paused 0ms+2ms, total 4ms
2018-09-17 14:47:20.348000	ALL	09-17 08:47:20.257  4108  4108 W AccessibilityNodeInfoDumper: Fetch time: 16ms
2018-09-17 14:47:20.360000	ALL	09-17 08:47:20.269  4108  4113 D dalvikvm: GC_CONCURRENT freed 341K, 80% free 1251K/6044K, paused 3ms+0ms, total 5ms
2018-09-17 14:47:20.375000	ALL	09-17 08:47:20.285  4108  4108 I AccessibilityNodeInfoDumper: Skipping invisible child: android.view.accessibility.AccessibilityNodeInfo@164e2; boundsInParent: Rect(0, 0 - 0, 144); boundsInScreen: Rect(1080, 75 - 1080, 219); packageName: io.appium.android.apis; className: android.widget.LinearLayout; text: null; contentDescription: null; viewIdResName: null; checkable: false; checked: false; focusable: false; focused: false; selected: false; clickable: false; longClickable: false; enabled: true; password: false; scrollable: false; [ACTION_SELECT, ACTION_CLEAR_SELECTION, ACTION_ACCESSIBILITY_FOCUS]
2018-09-17 14:47:20.381000	ALL	09-17 08:47:20.289  4108  4113 D dalvikvm: GC_CONCURRENT freed 530K, 82% free 1132K/6044K, paused 2ms+2ms, total 4ms
2018-09-17 14:47:20.387000	ALL	09-17 08:47:20.293  4108  4108 W AccessibilityNodeInfoDumper: Fetch time: 11ms
2018-09-17 14:47:20.404000	ALL	09-17 08:47:20.313  4108  4113 D dalvikvm: GC_CONCURRENT freed 311K, 80% free 1243K/6044K, paused 3ms+3ms, total 7ms
2018-09-17 14:47:20.432000	ALL	09-17 08:47:20.341  4108  4113 D dalvikvm: GC_CONCURRENT freed 536K, 82% free 1097K/6044K, paused 0ms+0ms, total 1ms
2018-09-17 14:47:20.471000	ALL	09-17 08:47:20.381  4108  4113 D dalvikvm: GC_CONCURRENT freed 412K, 82% free 1092K/6044K, paused 0ms+0ms, total 2ms
2018-09-17 14:47:20.510000	ALL	09-17 08:47:20.417  4108  4113 D dalvikvm: GC_CONCURRENT freed 407K, 82% free 1091K/6044K, paused 0ms+0ms, total 2ms
2018-09-17 14:47:20.555000	ALL	09-17 08:47:20.461  4108  4113 D dalvikvm: GC_CONCURRENT freed 406K, 82% free 1092K/6044K, paused 0ms+0ms, total 3ms
2018-09-17 14:47:20.600000	ALL	09-17 08:47:20.509  4108  4113 D dalvikvm: GC_CONCURRENT freed 406K, 82% free 1092K/6044K, paused 0ms+0ms, total 2ms
2018-09-17 14:47:20.648000	ALL	09-17 08:47:20.553  4108  4113 D dalvikvm: GC_CONCURRENT freed 406K, 82% free 1092K/6044K, paused 0ms+0ms, total 2ms
2018-09-17 14:47:20.708000	ALL	09-17 08:47:20.617  4108  4113 D dalvikvm: GC_CONCURRENT freed 405K, 82% free 1092K/6044K, paused 0ms+0ms, total 1ms
2018-09-17 14:47:20.747000	ALL	09-17 08:47:20.657  4108  4113 D dalvikvm: GC_CONCURRENT freed 407K, 82% free 1092K/6044K, paused 0ms+0ms, total 3ms
2018-09-17 14:47:20.793000	ALL	09-17 08:47:20.701  4108  4113 D dalvikvm: GC_CONCURRENT freed 407K, 82% free 1092K/6044K, paused 0ms+1ms, total 3ms
2018-09-17 14:47:20.835000	ALL	09-17 08:47:20.741  4108  4113 D dalvikvm: GC_CONCURRENT freed 406K, 82% free 1092K/6044K, paused 0ms+0ms, total 1ms
2018-09-17 14:47:20.878000	ALL	09-17 08:47:20.785  4108  4113 D dalvikvm: GC_CONCURRENT freed 406K, 82% free 1092K/6044K, paused 0ms+0ms, total 1ms
2018-09-17 14:47:20.911000	ALL	09-17 08:47:20.821  4108  4113 D dalvikvm: GC_CONCURRENT freed 407K, 82% free 1092K/6044K, paused 0ms+0ms, total 2ms
2018-09-17 14:47:20.934000	ALL	09-17 08:47:20.841  4108  4108 I AccessibilityNodeInfoDumper: Skipping invisible child: android.view.accessibility.AccessibilityNodeInfo@164e2; boundsInParent: Rect(0, 0 - 0, 144); boundsInScreen: Rect(1080, 75 - 1080, 219); packageName: io.appium.android.apis; className: android.widget.LinearLayout; text: null; contentDescription: null; viewIdResName: null; checkable: false; checked: false; focusable: false; focused: false; selected: false; clickable: false; longClickable: false; enabled: true; password: false; scrollable: false; [ACTION_SELECT, ACTION_CLEAR_SELECTION, ACTION_ACCESSIBILITY_FOCUS]
2018-09-17 14:47:20.938000	ALL	09-17 08:47:20.849  4108  4108 W AccessibilityNodeInfoDumper: Fetch time: 9ms
2018-09-17 14:47:20.943000	ALL	09-17 08:47:20.853  4108  4113 D dalvikvm: GC_CONCURRENT freed 394K, 81% free 1189K/6044K, paused 0ms+1ms, total 6ms
2018-09-17 14:47:20.960000	ALL	09-17 08:47:20.869  4108  4113 D dalvikvm: GC_CONCURRENT freed 383K, 80% free 1238K/6044K, paused 0ms+0ms, total 2ms
2018-09-17 14:47:20.969000	ALL	09-17 08:47:20.881  4108  4108 I AccessibilityNodeInfoDumper: Skipping invisible child: android.view.accessibility.AccessibilityNodeInfo@164e2; boundsInParent: Rect(0, 0 - 0, 144); boundsInScreen: Rect(1080, 75 - 1080, 219); packageName: io.appium.android.apis; className: android.widget.LinearLayout; text: null; contentDescription: null; viewIdResName: null; checkable: false; checked: false; focusable: false; focused: false; selected: false; clickable: false; longClickable: false; enabled: true; password: false; scrollable: false; [ACTION_SELECT, ACTION_CLEAR_SELECTION, ACTION_ACCESSIBILITY_FOCUS]
2018-09-17 14:47:20.973000	ALL	09-17 08:47:20.881  4108  4108 W AccessibilityNodeInfoDumper: Fetch time: 6ms
2018-09-17 14:47:20.980000	ALL	09-17 08:47:20.889  4108  4113 D dalvikvm: GC_CONCURRENT freed 496K, 81% free 1160K/6044K, paused 0ms+2ms, total 5ms
2018-09-17 14:47:21.000000	ALL	09-17 08:47:20.909  4108  4113 D dalvikvm: GC_CONCURRENT freed 369K, 80% free 1249K/6044K, paused 0ms+1ms, total 3ms
2018-09-17 14:47:21.029000	ALL	09-17 08:47:20.937  4108  4113 D dalvikvm: GC_CONCURRENT freed 553K, 83% free 1080K/6044K, paused 0ms+0ms, total 1ms
2018-09-17 14:47:21.059000	ALL	09-17 08:47:20.969  4108  4113 D dalvikvm: GC_CONCURRENT freed 395K, 82% free 1091K/6044K, paused 0ms+0ms, total 2ms
2018-09-17 14:47:21.093000	ALL	09-17 08:47:21.001  4108  4113 D dalvikvm: GC_CONCURRENT freed 406K, 82% free 1092K/6044K, paused 1ms+0ms, total 2ms
2018-09-17 14:47:21.126000	ALL	09-17 08:47:21.033  4108  4113 D dalvikvm: GC_CONCURRENT freed 407K, 82% free 1092K/6044K, paused 0ms+0ms, total 2ms
2018-09-17 14:47:21.178000	ALL	09-17 08:47:21.085  4108  4113 D dalvikvm: GC_CONCURRENT freed 406K, 82% free 1092K/6044K, paused 1ms+0ms, total 4ms
2018-09-17 14:47:21.223000	ALL	09-17 08:47:21.133  4108  4113 D dalvikvm: GC_CONCURRENT freed 406K, 82% free 1092K/6044K, paused 1ms+0ms, total 3ms
2018-09-17 14:47:21.326000	ALL	09-17 08:47:21.237  4108  4113 D dalvikvm: GC_CONCURRENT freed 407K, 82% free 1091K/6044K, paused 2ms+0ms, total 4ms
2018-09-17 14:47:21.348000	ALL	09-17 08:47:21.257  4141  4145 D dalvikvm: GC_CONCURRENT freed 1276K, 17% free 7316K/8752K, paused 1ms+1ms, total 7ms
2018-09-17 14:47:21.372000	ALL	09-17 08:47:21.281  4108  4113 D dalvikvm: GC_CONCURRENT freed 406K, 82% free 1091K/6044K, paused 1ms+0ms, total 3ms
2018-09-17 14:47:21.462000	ALL	09-17 08:47:21.369  4108  4113 D dalvikvm: GC_CONCURRENT freed 406K, 82% free 1092K/6044K, paused 1ms+0ms, total 2ms
2018-09-17 14:47:21.524000	ALL	09-17 08:47:21.433  4108  4108 I AccessibilityNodeInfoDumper: Skipping invisible child: android.view.accessibility.AccessibilityNodeInfo@164e2; boundsInParent: Rect(0, 0 - 0, 144); boundsInScreen: Rect(1080, 75 - 1080, 219); packageName: io.appium.android.apis; className: android.widget.LinearLayout; text: null; contentDescription: null; viewIdResName: null; checkable: false; checked: false; focusable: false; focused: false; selected: false; clickable: false; longClickable: false; enabled: true; password: false; scrollable: false; [ACTION_SELECT, ACTION_CLEAR_SELECTION, ACTION_ACCESSIBILITY_FOCUS]
2018-09-17 14:47:21.529000	ALL	09-17 08:47:21.437  4108  4108 W AccessibilityNodeInfoDumper: Fetch time: 12ms
2018-09-17 14:47:21.534000	ALL	09-17 08:47:21.441  4108  4113 D dalvikvm: GC_CONCURRENT freed 338K, 81% free 1160K/6044K, paused 2ms+1ms, total 5ms
2018-09-17 14:47:21.555000	ALL	09-17 08:47:21.461  4108  4113 D dalvikvm: GC_CONCURRENT freed 308K, 80% free 1245K/6044K, paused 1ms+2ms, total 4ms
2018-09-17 14:47:21.567000	ALL	09-17 08:47:21.473  4108  4108 I AccessibilityNodeInfoDumper: Skipping invisible child: android.view.accessibility.AccessibilityNodeInfo@164e2; boundsInParent: Rect(0, 0 - 0, 144); boundsInScreen: Rect(1080, 75 - 1080, 219); packageName: io.appium.android.apis; className: android.widget.LinearLayout; text: null; contentDescription: null; viewIdResName: null; checkable: false; checked: false; focusable: false; focused: false; selected: false; clickable: false; longClickable: false; enabled: true; password: false; scrollable: false; [ACTION_SELECT, ACTION_CLEAR_SELECTION, ACTION_ACCESSIBILITY_FOCUS]
2018-09-17 14:47:21.568000	ALL	09-17 08:47:21.477  4108  4108 W AccessibilityNodeInfoDumper: Fetch time: 6ms
2018-09-17 14:47:21.576000	ALL	09-17 08:47:21.485  4108  4113 D dalvikvm: GC_CONCURRENT freed 517K, 81% free 1161K/6044K, paused 2ms+1ms, total 6ms
2018-09-17 14:47:21.632000	ALL	09-17 08:47:21.537  4108  4113 D dalvikvm: GC_CONCURRENT freed 454K, 82% free 1097K/6044K, paused 0ms+0ms, total 2ms
2018-09-17 14:47:21.723000	ALL	09-17 08:47:21.629  4108  4113 D dalvikvm: GC_CONCURRENT freed 411K, 82% free 1092K/6044K, paused 1ms+0ms, total 3ms
2018-09-17 14:47:21.759000	ALL	09-17 08:47:21.665  4108  4113 D dalvikvm: GC_CONCURRENT freed 407K, 82% free 1091K/6044K, paused 1ms+0ms, total 3ms
2018-09-17 14:47:21.864000	ALL	09-17 08:47:21.769  4108  4113 D dalvikvm: GC_CONCURRENT freed 407K, 82% free 1092K/6044K, paused 1ms+0ms, total 3ms
2018-09-17 14:47:21.948000	ALL	09-17 08:47:21.857  4108  4113 D dalvikvm: GC_CONCURRENT freed 407K, 82% free 1092K/6044K, paused 0ms+0ms, total 1ms
2018-09-17 14:47:22.063000	ALL	09-17 08:47:21.973  4108  4113 D dalvikvm: GC_CONCURRENT freed 376K, 82% free 1099K/6044K, paused 4ms+0ms, total 7ms
2018-09-17 14:47:22.096000	ALL	09-17 08:47:22.005  4108  4108 I AccessibilityNodeInfoDumper: Skipping invisible child: android.view.accessibility.AccessibilityNodeInfo@164e2; boundsInParent: Rect(0, 0 - 0, 144); boundsInScreen: Rect(1080, 75 - 1080, 219); packageName: io.appium.android.apis; className: android.widget.LinearLayout; text: null; contentDescription: null; viewIdResName: null; checkable: false; checked: false; focusable: false; focused: false; selected: false; clickable: false; longClickable: false; enabled: true; password: false; scrollable: false; [ACTION_SELECT, ACTION_CLEAR_SELECTION, ACTION_ACCESSIBILITY_FOCUS]
2018-09-17 14:47:22.101000	ALL	09-17 08:47:22.009  4108  4108 W AccessibilityNodeInfoDumper: Fetch time: 5ms
2018-09-17 14:47:22.110000	ALL	09-17 08:47:22.017  4108  4113 D dalvikvm: GC_CONCURRENT freed 368K, 82% free 1141K/6044K, paused 0ms+3ms, total 6ms
2018-09-17 14:47:22.131000	ALL	09-17 08:47:22.041  4108  4113 D dalvikvm: GC_CONCURRENT freed 306K, 80% free 1247K/6044K, paused 1ms+0ms, total 3ms
2018-09-17 14:47:22.143000	ALL	09-17 08:47:22.053  4108  4108 I AccessibilityNodeInfoDumper: Skipping invisible child: android.view.accessibility.AccessibilityNodeInfo@164e2; boundsInParent: Rect(0, 0 - 0, 144); boundsInScreen: Rect(1080, 75 - 1080, 219); packageName: io.appium.android.apis; className: android.widget.LinearLayout; text: null; contentDescription: null; viewIdResName: null; checkable: false; checked: false; focusable: false; focused: false; selected: false; clickable: false; longClickable: false; enabled: true; password: false; scrollable: false; [ACTION_SELECT, ACTION_CLEAR_SELECTION, ACTION_ACCESSIBILITY_FOCUS]
2018-09-17 14:47:22.148000	ALL	09-17 08:47:22.057  4108  4108 W AccessibilityNodeInfoDumper: Fetch time: 7ms
2018-09-17 14:47:22.155000	ALL	09-17 08:47:22.065  4108  4113 D dalvikvm: GC_CONCURRENT freed 518K, 82% free 1145K/6044K, paused 0ms+3ms, total 5ms
2018-09-17 14:47:22.173000	ALL	09-17 08:47:22.081  4108  4113 D dalvikvm: GC_CONCURRENT freed 453K, 82% free 1097K/6044K, paused 0ms+0ms, total 1ms
2018-09-17 14:47:22.269000	ALL	09-17 08:47:22.177  4108  4113 D dalvikvm: GC_CONCURRENT freed 412K, 82% free 1092K/6044K, paused 1ms+1ms, total 4ms
2018-09-17 14:47:22.362000	ALL	09-17 08:47:22.269  4108  4113 D dalvikvm: GC_CONCURRENT freed 389K, 82% free 1109K/6044K, paused 1ms+2ms, total 4ms
2018-09-17 14:47:22.452000	ALL	09-17 08:47:22.357  4108  4113 D dalvikvm: GC_CONCURRENT freed 424K, 82% free 1092K/6044K, paused 0ms+0ms, total 3ms
2018-09-17 14:47:22.553000	ALL	09-17 08:47:22.457  4108  4113 D dalvikvm: GC_CONCURRENT freed 407K, 82% free 1091K/6044K, paused 0ms+1ms, total 2ms
2018-09-17 14:47:22.649000	ALL	09-17 08:47:22.557  4108  4113 D dalvikvm: GC_CONCURRENT freed 406K, 82% free 1092K/6044K, paused 0ms+1ms, total 2ms
2018-09-17 14:47:22.684000	ALL	09-17 08:47:22.593  4108  4108 I AccessibilityNodeInfoDumper: Skipping invisible child: android.view.accessibility.AccessibilityNodeInfo@164e2; boundsInParent: Rect(0, 0 - 0, 144); boundsInScreen: Rect(1080, 75 - 1080, 219); packageName: io.appium.android.apis; className: android.widget.LinearLayout; text: null; contentDescription: null; viewIdResName: null; checkable: false; checked: false; focusable: false; focused: false; selected: false; clickable: false; longClickable: false; enabled: true; password: false; scrollable: false; [ACTION_SELECT, ACTION_CLEAR_SELECTION, ACTION_ACCESSIBILITY_FOCUS]
2018-09-17 14:47:22.688000	ALL	09-17 08:47:22.597  4108  4108 W AccessibilityNodeInfoDumper: Fetch time: 7ms
2018-09-17 14:47:22.696000	ALL	09-17 08:47:22.601  4108  4113 D dalvikvm: GC_CONCURRENT freed 333K, 81% free 1205K/6044K, paused 1ms+1ms, total 6ms
2018-09-17 14:47:22.719000	ALL	09-17 08:47:22.625  4108  4108 I AccessibilityNodeInfoDumper: Skipping invisible child: android.view.accessibility.AccessibilityNodeInfo@164e2; boundsInParent: Rect(0, 0 - 0, 144); boundsInScreen: Rect(1080, 75 - 1080, 219); packageName: io.appium.android.apis; className: android.widget.LinearLayout; text: null; contentDescription: null; viewIdResName: null; checkable: false; checked: false; focusable: false; focused: false; selected: false; clickable: false; longClickable: false; enabled: true; password: false; scrollable: false; [ACTION_SELECT, ACTION_CLEAR_SELECTION, ACTION_ACCESSIBILITY_FOCUS]
2018-09-17 14:47:22.723000	ALL	09-17 08:47:22.633  4108  4113 D dalvikvm: GC_CONCURRENT freed 514K, 82% free 1143K/6044K, paused 1ms+1ms, total 8ms
2018-09-17 14:47:22.728000	ALL	09-17 08:47:22.641  4108  4108 W AccessibilityNodeInfoDumper: Fetch time: 14ms
2018-09-17 14:47:22.743000	ALL	09-17 08:47:22.653  4108  4113 D dalvikvm: GC_CONCURRENT freed 325K, 80% free 1220K/6044K, paused 0ms+0ms, total 2ms
2018-09-17 14:47:22.764000	ALL	09-17 08:47:22.669  4108  4113 D dalvikvm: GC_CONCURRENT freed 537K, 82% free 1093K/6044K, paused 1ms+0ms, total 2ms
2018-09-17 14:47:22.867000	ALL	09-17 08:47:22.777  4108  4113 D dalvikvm: GC_CONCURRENT freed 409K, 82% free 1092K/6044K, paused 0ms+0ms, total 3ms
2018-09-17 14:47:22.957000	ALL	09-17 08:47:22.865  4108  4113 D dalvikvm: GC_CONCURRENT freed 407K, 82% free 1092K/6044K, paused 0ms+1ms, total 2ms
2018-09-17 14:47:23.049000	ALL	09-17 08:47:22.957  4108  4113 D dalvikvm: GC_CONCURRENT freed 406K, 82% free 1092K/6044K, paused 0ms+0ms, total 2ms
2018-09-17 14:47:23.151000	ALL	09-17 08:47:23.061  4108  4113 D dalvikvm: GC_CONCURRENT freed 407K, 82% free 1091K/6044K, paused 0ms+0ms, total 4ms
2018-09-17 14:47:23.242000	ALL	09-17 08:47:23.153  4108  4113 D dalvikvm: GC_CONCURRENT freed 407K, 82% free 1092K/6044K, paused 1ms+0ms, total 2ms
2018-09-17 14:47:23.268000	ALL	09-17 08:47:23.177  4108  4108 I AccessibilityNodeInfoDumper: Skipping invisible child: android.view.accessibility.AccessibilityNodeInfo@164e2; boundsInParent: Rect(0, 0 - 0, 144); boundsInScreen: Rect(1080, 75 - 1080, 219); packageName: io.appium.android.apis; className: android.widget.LinearLayout; text: null; contentDescription: null; viewIdResName: null; checkable: false; checked: false; focusable: false; focused: false; selected: false; clickable: false; longClickable: false; enabled: true; password: false; scrollable: false; [ACTION_SELECT, ACTION_CLEAR_SELECTION, ACTION_ACCESSIBILITY_FOCUS]
2018-09-17 14:47:23.271000	ALL	09-17 08:47:23.181  4108  4113 D dalvikvm: GC_CONCURRENT freed 336K, 81% free 1151K/6044K, paused 2ms+0ms, total 3ms
2018-09-17 14:47:23.275000	ALL	09-17 08:47:23.185  4108  4108 W AccessibilityNodeInfoDumper: Fetch time: 10ms
2018-09-17 14:47:23.296000	ALL	09-17 08:47:23.209  4108  4113 D dalvikvm: GC_CONCURRENT freed 438K, 82% free 1109K/6044K, paused 2ms+0ms, total 3ms
2018-09-17 14:47:23.300000	ALL	09-17 08:47:23.209  4108  4108 I AccessibilityNodeInfoDumper: Skipping invisible child: android.view.accessibility.AccessibilityNodeInfo@164e2; boundsInParent: Rect(0, 0 - 0, 144); boundsInScreen: Rect(1080, 75 - 1080, 219); packageName: io.appium.android.apis; className: android.widget.LinearLayout; text: null; contentDescription: null; viewIdResName: null; checkable: false; checked: false; focusable: false; focused: false; selected: false; clickable: false; longClickable: false; enabled: true; password: false; scrollable: false; [ACTION_SELECT, ACTION_CLEAR_SELECTION, ACTION_ACCESSIBILITY_FOCUS]
2018-09-17 14:47:23.305000	ALL	09-17 08:47:23.213  4108  4108 W AccessibilityNodeInfoDumper: Fetch time: 6ms
2018-09-17 14:47:23.319000	ALL	09-17 08:47:23.229  4108  4113 D dalvikvm: GC_CONCURRENT freed 308K, 79% free 1271K/6044K, paused 1ms+2ms, total 4ms
2018-09-17 14:47:23.338000	ALL	09-17 08:47:23.245  4141  4145 D dalvikvm: GC_CONCURRENT freed 1272K, 17% free 7317K/8752K, paused 1ms+0ms, total 6ms
2018-09-17 14:47:23.364000	ALL	09-17 08:47:23.273  4108  4113 D dalvikvm: GC_CONCURRENT freed 582K, 82% free 1091K/6044K, paused 0ms+0ms, total 2ms
2018-09-17 14:47:23.452000	ALL	09-17 08:47:23.361  4108  4113 D dalvikvm: GC_CONCURRENT freed 406K, 82% free 1092K/6044K, paused 0ms+1ms, total 2ms
2018-09-17 14:47:23.559000	ALL	09-17 08:47:23.465  4108  4113 D dalvikvm: GC_CONCURRENT freed 406K, 82% free 1092K/6044K, paused 1ms+0ms, total 2ms
2018-09-17 14:47:23.647000	ALL	09-17 08:47:23.553  4108  4113 D dalvikvm: GC_CONCURRENT freed 407K, 82% free 1091K/6044K, paused 1ms+0ms, total 3ms
2018-09-17 14:47:23.736000	ALL	09-17 08:47:23.645  4108  4113 D dalvikvm: GC_CONCURRENT freed 406K, 82% free 1092K/6044K, paused 1ms+0ms, total 2ms
2018-09-17 14:47:23.840000	ALL	09-17 08:47:23.749  4108  4113 D dalvikvm: GC_CONCURRENT freed 394K, 82% free 1119K/6044K, paused 0ms+0ms, total 2ms
2018-09-17 14:47:23.844000	ALL	09-17 08:47:23.753  4108  4108 I AccessibilityNodeInfoDumper: Skipping invisible child: android.view.accessibility.AccessibilityNodeInfo@164e2; boundsInParent: Rect(0, 0 - 0, 144); boundsInScreen: Rect(1080, 75 - 1080, 219); packageName: io.appium.android.apis; className: android.widget.LinearLayout; text: null; contentDescription: null; viewIdResName: null; checkable: false; checked: false; focusable: false; focused: false; selected: false; clickable: false; longClickable: false; enabled: true; password: false; scrollable: false; [ACTION_SELECT, ACTION_CLEAR_SELECTION, ACTION_ACCESSIBILITY_FOCUS]
2018-09-17 14:47:23.849000	ALL	09-17 08:47:23.757  4108  4108 W AccessibilityNodeInfoDumper: Fetch time: 7ms
2018-09-17 14:47:23.858000	ALL	09-17 08:47:23.765  4108  4113 D dalvikvm: GC_CONCURRENT freed 392K, 81% free 1180K/6044K, paused 0ms+2ms, total 3ms
2018-09-17 14:47:23.879000	ALL	09-17 08:47:23.789  4108  4108 I AccessibilityNodeInfoDumper: Skipping invisible child: android.view.accessibility.AccessibilityNodeInfo@164e2; boundsInParent: Rect(0, 0 - 0, 144); boundsInScreen: Rect(1080, 75 - 1080, 219); packageName: io.appium.android.apis; className: android.widget.LinearLayout; text: null; contentDescription: null; viewIdResName: null; checkable: false; checked: false; focusable: false; focused: false; selected: false; clickable: false; longClickable: false; enabled: true; password: false; scrollable: false; [ACTION_SELECT, ACTION_CLEAR_SELECTION, ACTION_ACCESSIBILITY_FOCUS]
2018-09-17 14:47:23.881000	ALL	09-17 08:47:23.793  4108  4113 D dalvikvm: GC_CONCURRENT freed 455K, 82% free 1135K/6044K, paused 0ms+1ms, total 3ms
2018-09-17 14:47:23.887000	ALL	09-17 08:47:23.793  4108  4108 W AccessibilityNodeInfoDumper: Fetch time: 9ms
2018-09-17 14:47:23.899000	ALL	09-17 08:47:23.809  4108  4113 D dalvikvm: GC_CONCURRENT freed 307K, 80% free 1240K/6044K, paused 0ms+3ms, total 4ms
2018-09-17 14:47:23.955000	ALL	09-17 08:47:23.865  4108  4113 D dalvikvm: GC_CONCURRENT freed 557K, 82% free 1103K/6044K, paused 1ms+0ms, total 2ms
2018-09-17 14:47:24.054000	ALL	09-17 08:47:23.961  4108  4113 D dalvikvm: GC_CONCURRENT freed 418K, 82% free 1092K/6044K, paused 1ms+1ms, total 3ms
2018-09-17 14:47:24.152000	ALL	09-17 08:47:24.061  4108  4113 D dalvikvm: GC_CONCURRENT freed 406K, 82% free 1092K/6044K, paused 1ms+1ms, total 3ms
2018-09-17 14:47:24.250000	ALL	09-17 08:47:24.161  4108  4113 D dalvikvm: GC_CONCURRENT freed 407K, 82% free 1091K/6044K, paused 0ms+0ms, total 2ms
2018-09-17 14:47:24.345000	ALL	09-17 08:47:24.253  4108  4113 D dalvikvm: GC_CONCURRENT freed 407K, 82% free 1092K/6044K, paused 0ms+0ms, total 2ms
2018-09-17 14:47:24.430000	ALL	09-17 08:47:24.341  4108  4108 I AccessibilityNodeInfoDumper: Skipping invisible child: android.view.accessibility.AccessibilityNodeInfo@164e2; boundsInParent: Rect(0, 0 - 0, 144); boundsInScreen: Rect(1080, 75 - 1080, 219); packageName: io.appium.android.apis; className: android.widget.LinearLayout; text: null; contentDescription: null; viewIdResName: null; checkable: false; checked: false; focusable: false; focused: false; selected: false; clickable: false; longClickable: false; enabled: true; password: false; scrollable: false; [ACTION_SELECT, ACTION_CLEAR_SELECTION, ACTION_ACCESSIBILITY_FOCUS]
2018-09-17 14:47:24.433000	ALL	09-17 08:47:24.345  4108  4113 D dalvikvm: GC_CONCURRENT freed 378K, 82% free 1128K/6044K, paused 0ms+2ms, total 4ms
2018-09-17 14:47:24.441000	ALL	09-17 08:47:24.345  4108  4108 W AccessibilityNodeInfoDumper: Fetch time: 10ms
2018-09-17 14:47:24.453000	ALL	09-17 08:47:24.361  4108  4113 D dalvikvm: GC_CONCURRENT freed 357K, 79% free 1274K/6044K, paused 0ms+2ms, total 3ms
2018-09-17 14:47:24.470000	ALL	09-17 08:47:24.377  4108  4108 I AccessibilityNodeInfoDumper: Skipping invisible child: android.view.accessibility.AccessibilityNodeInfo@164e2; boundsInParent: Rect(0, 0 - 0, 144); boundsInScreen: Rect(1080, 75 - 1080, 219); packageName: io.appium.android.apis; className: android.widget.LinearLayout; text: null; contentDescription: null; viewIdResName: null; checkable: false; checked: false; focusable: false; focused: false; selected: false; clickable: false; longClickable: false; enabled: true; password: false; scrollable: false; [ACTION_SELECT, ACTION_CLEAR_SELECTION, ACTION_ACCESSIBILITY_FOCUS]
2018-09-17 14:47:24.473000	ALL	09-17 08:47:24.381  4108  4108 W AccessibilityNodeInfoDumper: Fetch time: 6ms
2018-09-17 14:47:24.475000	ALL	09-17 08:47:24.389  4108  4113 D dalvikvm: GC_CONCURRENT freed 607K, 81% free 1174K/6044K, paused 5ms+0ms, total 7ms
2018-09-17 14:47:24.480000	ALL	09-17 08:47:24.389  4108  4108 D dalvikvm: WAIT_FOR_CONCURRENT_GC blocked 1ms
2018-09-17 14:47:24.534000	ALL	09-17 08:47:24.441  4108  4113 D dalvikvm: GC_CONCURRENT freed 489K, 82% free 1105K/6044K, paused 1ms+0ms, total 4ms
2018-09-17 14:47:24.631000	ALL	09-17 08:47:24.537  4108  4113 D dalvikvm: GC_CONCURRENT freed 419K, 82% free 1092K/6044K, paused 0ms+0ms, total 2ms
2018-09-17 14:47:24.725000	ALL	09-17 08:47:24.633  4108  4113 D dalvikvm: GC_CONCURRENT freed 408K, 82% free 1091K/6044K, paused 1ms+0ms, total 3ms
2018-09-17 14:47:24.765000	ALL	09-17 08:47:24.673  4108  4113 D dalvikvm: GC_CONCURRENT freed 405K, 82% free 1092K/6044K, paused 0ms+0ms, total 1ms
2018-09-17 14:47:24.864000	ALL	09-17 08:47:24.769  4108  4113 D dalvikvm: GC_CONCURRENT freed 408K, 82% free 1092K/6044K, paused 0ms+0ms, total 1ms
2018-09-17 14:47:24.960000	ALL	09-17 08:47:24.865  4108  4113 D dalvikvm: GC_CONCURRENT freed 406K, 82% free 1092K/6044K, paused 1ms+1ms, total 5ms
2018-09-17 14:47:25.012000	ALL	09-17 08:47:24.925  4108  4108 I AccessibilityNodeInfoDumper: Skipping invisible child: android.view.accessibility.AccessibilityNodeInfo@164e2; boundsInParent: Rect(0, 0 - 0, 144); boundsInScreen: Rect(1080, 75 - 1080, 219); packageName: io.appium.android.apis; className: android.widget.LinearLayout; text: null; contentDescription: null; viewIdResName: null; checkable: false; checked: false; focusable: false; focused: false; selected: false; clickable: false; longClickable: false; enabled: true; password: false; scrollable: false; [ACTION_SELECT, ACTION_CLEAR_SELECTION, ACTION_ACCESSIBILITY_FOCUS]
2018-09-17 14:47:25.017000	ALL	09-17 08:47:24.929  4108  4108 W AccessibilityNodeInfoDumper: Fetch time: 10ms
2018-09-17 14:47:25.024000	ALL	09-17 08:47:24.933  4108  4113 D dalvikvm: GC_CONCURRENT freed 327K, 81% free 1178K/6044K, paused 0ms+2ms, total 3ms
2018-09-17 14:47:25.043000	ALL	09-17 08:47:24.949  4108  4113 D dalvikvm: GC_CONCURRENT freed 352K, 80% free 1252K/6044K, paused 1ms+0ms, total 2ms
2018-09-17 14:47:25.054000	ALL	09-17 08:47:24.961  4108  4108 I AccessibilityNodeInfoDumper: Skipping invisible child: android.view.accessibility.AccessibilityNodeInfo@164e2; boundsInParent: Rect(0, 0 - 0, 144); boundsInScreen: Rect(1080, 75 - 1080, 219); packageName: io.appium.android.apis; className: android.widget.LinearLayout; text: null; contentDescription: null; viewIdResName: null; checkable: false; checked: false; focusable: false; focused: false; selected: false; clickable: false; longClickable: false; enabled: true; password: false; scrollable: false; [ACTION_SELECT, ACTION_CLEAR_SELECTION, ACTION_ACCESSIBILITY_FOCUS]
2018-09-17 14:47:25.060000	ALL	09-17 08:47:24.965  4108  4108 W AccessibilityNodeInfoDumper: Fetch time: 8ms
2018-09-17 14:47:25.068000	ALL	09-17 08:47:24.977  4108  4113 D dalvikvm: GC_CONCURRENT freed 484K, 81% free 1161K/6044K, paused 0ms+3ms, total 7ms
2018-09-17 14:47:25.130000	ALL	09-17 08:47:25.025  4108  4113 D dalvikvm: GC_CONCURRENT freed 455K, 82% free 1096K/6044K, paused 0ms+0ms, total 2ms
2018-09-17 14:47:25.138000	ALL	09-17 08:47:25.045  4259  4259 D         : HostConnection::get() New Host Connection established 0xb8a98eb0, tid 4259
2018-09-17 14:47:25.141000	ALL	09-17 08:47:25.053  4259  4259 W         : Unrecognized GLES max version string in extensions:
2018-09-17 14:47:25.145000	ALL	09-17 08:47:25.053  4259  4259 W         : Process pipe failed
2018-09-17 14:47:25.173000	ALL	09-17 08:47:25.081   613   664 D MobileDataStateTracker: default: setPolicyDataEnable(enabled=true)
2018-09-17 14:47:25.211000	ALL	09-17 08:47:25.117  4108  4113 D dalvikvm: GC_CONCURRENT freed 410K, 82% free 1092K/6044K, paused 0ms+0ms, total 2ms
2018-09-17 14:47:25.222000	ALL	09-17 08:47:25.129   613   664 D MobileDataStateTracker: default: setPolicyDataEnable(enabled=true)
2018-09-17 14:47:25.271000	ALL	09-17 08:47:25.177   613   664 D MobileDataStateTracker: default: setPolicyDataEnable(enabled=true)
2018-09-17 14:47:25.285000	ALL	09-17 08:47:25.189  4108  4113 D dalvikvm: GC_CONCURRENT freed 385K, 82% free 1095K/6044K, paused 3ms+0ms, total 4ms
2018-09-17 14:47:25.320000	ALL	09-17 08:47:25.229   613   664 D MobileDataStateTracker: default: setPolicyDataEnable(enabled=true)
2018-09-17 14:47:25.331000	ALL	09-17 08:47:25.237  4141  4145 D dalvikvm: GC_CONCURRENT freed 1272K, 17% free 7315K/8752K, paused 1ms+0ms, total 6ms
2018-09-17 14:47:25.346000	ALL	09-17 08:47:25.253   613   664 D MobileDataStateTracker: default: setPolicyDataEnable(enabled=true)
2018-09-17 14:47:25.363000	ALL	09-17 08:47:25.269   613   664 D MobileDataStateTracker: default: setPolicyDataEnable(enabled=true)
2018-09-17 14:47:25.363000	ALL	09-17 08:47:25.273  4108  4113 D dalvikvm: GC_CONCURRENT freed 396K, 82% free 1100K/6044K, paused 0ms+2ms, total 4ms
2018-09-17 14:47:25.397000	ALL	09-17 08:47:25.301   613   664 D MobileDataStateTracker: default: setPolicyDataEnable(enabled=true)
2018-09-17 14:47:25.448000	ALL	09-17 08:47:25.357   613   664 D MobileDataStateTracker: default: setPolicyDataEnable(enabled=true)
2018-09-17 14:47:25.501000	ALL	09-17 08:47:25.409   613   664 D MobileDataStateTracker: default: setPolicyDataEnable(enabled=true)
2018-09-17 14:47:25.524000	ALL	09-17 08:47:25.433  4108  4113 D dalvikvm: GC_CONCURRENT freed 396K, 82% free 1093K/6044K, paused 3ms+0ms, total 10ms
2018-09-17 14:47:25.536000	ALL	09-17 08:47:25.445   613   664 D MobileDataStateTracker: default: setPolicyDataEnable(enabled=true)
2018-09-17 14:47:25.571000	ALL	09-17 08:47:25.481  4108  4113 D dalvikvm: GC_CONCURRENT freed 418K, 83% free 1079K/6044K, paused 1ms+0ms, total 2ms
2018-09-17 14:47:25.625000	ALL	09-17 08:47:25.533  4108  4113 D dalvikvm: GC_CONCURRENT freed 364K, 82% free 1098K/6044K, paused 1ms+0ms, total 2ms
2018-09-17 14:47:25.718000	ALL	09-17 08:47:25.629  4108  4113 D dalvikvm: GC_CONCURRENT freed 402K, 83% free 1080K/6044K, paused 1ms+0ms, total 2ms
2018-09-17 14:47:25.824000	ALL	09-17 08:47:25.729  4108  4113 D dalvikvm: GC_CONCURRENT freed 395K, 82% free 1091K/6044K, paused 1ms+0ms, total 3ms
2018-09-17 14:47:25.870000	ALL	09-17 08:47:25.765  4108  4113 D dalvikvm: GC_CONCURRENT freed 406K, 82% free 1091K/6044K, paused 0ms+0ms, total 1ms
2018-09-17 14:47:26.084000	ALL	09-17 08:47:25.861  4108  4113 D dalvikvm: GC_CONCURRENT freed 407K, 82% free 1092K/6044K, paused 0ms+0ms, total 3ms
2018-09-17 14:47:26.084000	ALL	09-17 08:47:25.945  4108  4113 D dalvikvm: GC_CONCURRENT freed 407K, 82% free 1092K/6044K, paused 0ms+0ms, total 2ms
2018-09-17 14:47:26.410000	ALL	09-17 08:47:26.081  4108  4113 D dalvikvm: GC_CONCURRENT freed 389K, 82% free 1108K/6044K, paused 1ms+0ms, total 3ms
2018-09-17 14:47:26.410000	ALL	09-17 08:47:26.141  4108  4113 D dalvikvm: GC_CONCURRENT freed 423K, 82% free 1092K/6044K, paused 0ms+0ms, total 2ms
2018-09-17 14:47:26.410000	ALL	09-17 08:47:26.249  4108  4113 D dalvikvm: GC_CONCURRENT freed 376K, 82% free 1099K/6044K, paused 3ms+0ms, total 4ms
2018-09-17 14:47:26.426000	ALL	09-17 08:47:26.333  4108  4113 D dalvikvm: GC_CONCURRENT freed 403K, 83% free 1080K/6044K, paused 2ms+0ms, total 3ms
2018-09-17 14:47:26.520000	ALL	09-17 08:47:26.429  4108  4113 D dalvikvm: GC_CONCURRENT freed 365K, 82% free 1099K/6044K, paused 3ms+0ms, total 5ms
2018-09-17 14:47:26.621000	ALL	09-17 08:47:26.529  4108  4113 D dalvikvm: GC_CONCURRENT freed 402K, 83% free 1080K/6044K, paused 11ms+0ms, total 13ms

2018-09-17 14:51:19.882323 'Run animation' test logs with driver = android

2018-09-17 14:50:53.159000	ALL	09-17 08:50:53.065  6789  6789 I AccessibilityNodeInfoDumper: Skipping invisible child: android.view.accessibility.AccessibilityNodeInfo@c37f; boundsInParent: Rect(0, 0 - 0, 144); boundsInScreen: Rect(1080, 75 - 1080, 219); packageName: io.appium.android.apis; className: android.widget.LinearLayout; text: null; contentDescription: null; viewIdResName: null; checkable: false; checked: false; focusable: false; focused: false; selected: false; clickable: false; longClickable: false; enabled: true; password: false; scrollable: false; [ACTION_SELECT, ACTION_CLEAR_SELECTION, ACTION_ACCESSIBILITY_FOCUS]
2018-09-17 14:50:53.176000	ALL	09-17 08:50:53.085  6789  6789 W AccessibilityNodeInfoDumper: Fetch time: 21ms
2018-09-17 14:50:53.277000	ALL	09-17 08:50:53.181  6789  6789 I QueryController: Matched selector: UiSelector[CLASS=android.widget.TextView, INSTANCE=9, COUNT=9] <<==>> [android.view.accessibility.AccessibilityNodeInfo@a938; boundsInParent: Rect(0, 0 - 1080, 144); boundsInScreen: Rect(0, 1387 - 1080, 1531); packageName: io.appium.android.apis; className: android.widget.TextView; text: OS; contentDescription: OS; viewIdResName: android:id/text1; checkable: false; checked: false; focusable: false; focused: false; selected: false; clickable: true; longClickable: false; enabled: true; password: false; scrollable: false; [ACTION_SELECT, ACTION_CLEAR_SELECTION, ACTION_CLICK, ACTION_ACCESSIBILITY_FOCUS, ACTION_NEXT_AT_MOVEMENT_GRANULARITY, ACTION_PREVIOUS_AT_MOVEMENT_GRANULARITY, ACTION_SET_SELECTION]]
2018-09-17 14:50:53.285000	ALL	09-17 08:50:53.197  6789  6789 I QueryController: Matched selector: UiSelector[CLASS=android.widget.TextView, INSTANCE=9, COUNT=9] <<==>> [android.view.accessibility.AccessibilityNodeInfo@a938; boundsInParent: Rect(0, 0 - 1080, 144); boundsInScreen: Rect(0, 1387 - 1080, 1531); packageName: io.appium.android.apis; className: android.widget.TextView; text: OS; contentDescription: OS; viewIdResName: android:id/text1; checkable: false; checked: false; focusable: false; focused: false; selected: false; clickable: true; longClickable: false; enabled: true; password: false; scrollable: false; [ACTION_SELECT, ACTION_CLEAR_SELECTION, ACTION_CLICK, ACTION_ACCESSIBILITY_FOCUS, ACTION_NEXT_AT_MOVEMENT_GRANULARITY, ACTION_PREVIOUS_AT_MOVEMENT_GRANULARITY, ACTION_SET_SELECTION]]
2018-09-17 14:50:53.291000	ALL	09-17 08:50:53.197  6789  6789 D InteractionController: clickAndSync(540, 1459)
2018-09-17 14:50:53.462000	ALL	09-17 08:50:53.369   613   844 I ActivityManager: START u0 {cmp=io.appium.android.apis/.ApiDemos (has extras)} from pid 6816
2018-09-17 14:50:53.491000	ALL	09-17 08:50:53.397   613   620 E dalvikvm: JIT code cache full
2018-09-17 14:50:53.506000	ALL	09-17 08:50:53.413  6816  6819 D dalvikvm: GC_CONCURRENT freed 651K, 11% free 6484K/7284K, paused 1ms+2ms, total 5ms
2018-09-17 14:50:53.569000	ALL	09-17 08:50:53.481  6816  6816 E EGL_emulation: tid 6816: eglSurfaceAttrib(1210): error 0x3009 (EGL_BAD_MATCH)
2018-09-17 14:50:53.574000	ALL	09-17 08:50:53.481  6816  6816 W HardwareRenderer: Backbuffer cannot be preserved
2018-09-17 14:50:53.617000	ALL	09-17 08:50:53.525   613   628 I ActivityManager: Displayed io.appium.android.apis/.ApiDemos: +135ms
2018-09-17 14:50:54.884000	ALL	09-17 08:50:54.789   613   664 D MobileDataStateTracker: default: setPolicyDataEnable(enabled=true)
2018-09-17 14:50:55.022000	ALL	09-17 08:50:54.929  6789  6798 D dalvikvm: GC_FOR_ALLOC freed 7080K, 87% free 1110K/8192K, paused 5ms, total 5ms
2018-09-17 14:50:55.072000	ALL	09-17 08:50:54.977  6789  6794 D dalvikvm: GC_CONCURRENT freed 438K, 87% free 1078K/8192K, paused 0ms+0ms, total 2ms
2018-09-17 14:50:55.106000	ALL	09-17 08:50:55.013  6789  6794 D dalvikvm: GC_CONCURRENT freed 406K, 87% free 1078K/8192K, paused 0ms+0ms, total 1ms
2018-09-17 14:50:55.138000	ALL	09-17 08:50:55.045  6789  6794 D dalvikvm: GC_CONCURRENT freed 395K, 87% free 1089K/8192K, paused 0ms+1ms, total 2ms
2018-09-17 14:50:55.176000	ALL	09-17 08:50:55.081  6789  6794 D dalvikvm: GC_CONCURRENT freed 416K, 87% free 1079K/8192K, paused 0ms+0ms, total 1ms
2018-09-17 14:50:55.212000	ALL	09-17 08:50:55.121  6789  6794 D dalvikvm: GC_CONCURRENT freed 395K, 87% free 1083K/8192K, paused 1ms+2ms, total 5ms
2018-09-17 14:50:55.228000	ALL	09-17 08:50:55.137  6816  6819 D dalvikvm: GC_CONCURRENT freed 1072K, 17% free 6409K/7636K, paused 0ms+2ms, total 5ms
2018-09-17 14:50:55.252000	ALL	09-17 08:50:55.161  6789  6794 D dalvikvm: GC_CONCURRENT freed 397K, 87% free 1070K/8192K, paused 0ms+0ms, total 1ms
2018-09-17 14:50:55.285000	ALL	09-17 08:50:55.193  6789  6794 D dalvikvm: GC_CONCURRENT freed 399K, 87% free 1078K/8192K, paused 1ms+0ms, total 3ms
2018-09-17 14:50:55.329000	ALL	09-17 08:50:55.237  6789  6794 D dalvikvm: GC_CONCURRENT freed 406K, 87% free 1078K/8192K, paused 0ms+1ms, total 2ms
2018-09-17 14:50:55.369000	ALL	09-17 08:50:55.277  6789  6794 D dalvikvm: GC_CONCURRENT freed 406K, 87% free 1078K/8192K, paused 0ms+1ms, total 2ms
2018-09-17 14:50:55.416000	ALL	09-17 08:50:55.321  6789  6794 D dalvikvm: GC_CONCURRENT freed 396K, 87% free 1088K/8192K, paused 0ms+0ms, total 3ms
2018-09-17 14:50:55.460000	ALL	09-17 08:50:55.365  6789  6794 D dalvikvm: GC_CONCURRENT freed 417K, 87% free 1077K/8192K, paused 0ms+0ms, total 2ms
2018-09-17 14:50:55.507000	ALL	09-17 08:50:55.413  6789  6794 D dalvikvm: GC_CONCURRENT freed 406K, 87% free 1078K/8192K, paused 0ms+0ms, total 2ms
2018-09-17 14:50:55.554000	ALL	09-17 08:50:55.461  6789  6794 D dalvikvm: GC_CONCURRENT freed 406K, 87% free 1078K/8192K, paused 0ms+0ms, total 3ms
2018-09-17 14:50:55.591000	ALL	09-17 08:50:55.497  6789  6794 D dalvikvm: GC_CONCURRENT freed 400K, 87% free 1084K/8192K, paused 1ms+0ms, total 2ms
2018-09-17 14:50:55.635000	ALL	09-17 08:50:55.541  6789  6794 D dalvikvm: GC_CONCURRENT freed 412K, 87% free 1078K/8192K, paused 1ms+0ms, total 2ms
2018-09-17 14:50:55.672000	ALL	09-17 08:50:55.581  6789  6789 I AccessibilityNodeInfoDumper: Skipping invisible child: android.view.accessibility.AccessibilityNodeInfo@10351; boundsInParent: Rect(0, 0 - 0, 144); boundsInScreen: Rect(1080, 75 - 1080, 219); packageName: io.appium.android.apis; className: android.widget.LinearLayout; text: null; contentDescription: null; viewIdResName: null; checkable: false; checked: false; focusable: false; focused: false; selected: false; clickable: false; longClickable: false; enabled: true; password: false; scrollable: false; [ACTION_SELECT, ACTION_CLEAR_SELECTION, ACTION_ACCESSIBILITY_FOCUS]
2018-09-17 14:50:55.672000	ALL	09-17 08:50:55.585  6789  6789 W AccessibilityNodeInfoDumper: Fetch time: 5ms
2018-09-17 14:50:55.684000	ALL	09-17 08:50:55.585  6789  6794 D dalvikvm: GC_CONCURRENT freed 369K, 86% free 1156K/8192K, paused 0ms+0ms, total 4ms
2018-09-17 14:50:55.697000	ALL	09-17 08:50:55.605  6789  6794 D dalvikvm: GC_CONCURRENT freed 464K, 87% free 1083K/8192K, paused 0ms+0ms, total 1ms
2018-09-17 14:50:55.702000	ALL	09-17 08:50:55.609  6789  6789 I QueryController: Matched selector: UiSelector[CLASS=android.widget.TextView, INSTANCE=4, COUNT=4] <<==>> [android.view.accessibility.AccessibilityNodeInfo@f44d; boundsInParent: Rect(0, 0 - 1080, 144); boundsInScreen: Rect(0, 657 - 1080, 801); packageName: io.appium.android.apis; className: android.widget.TextView; text: SMS Messaging; contentDescription: SMS Messaging; viewIdResName: android:id/text1; checkable: false; checked: false; focusable: false; focused: false; selected: false; clickable: true; longClickable: false; enabled: true; password: false; scrollable: false; [ACTION_SELECT, ACTION_CLEAR_SELECTION, ACTION_CLICK, ACTION_ACCESSIBILITY_FOCUS, ACTION_NEXT_AT_MOVEMENT_GRANULARITY, ACTION_PREVIOUS_AT_MOVEMENT_GRANULARITY, ACTION_SET_SELECTION]]
2018-09-17 14:50:55.744000	ALL	09-17 08:50:55.637  6789  6789 I QueryController: Matched selector: UiSelector[CLASS=android.widget.TextView, INSTANCE=4, COUNT=4] <<==>> [android.view.accessibility.AccessibilityNodeInfo@f44d; boundsInParent: Rect(0, 0 - 1080, 144); boundsInScreen: Rect(0, 657 - 1080, 801); packageName: io.appium.android.apis; className: android.widget.TextView; text: SMS Messaging; contentDescription: SMS Messaging; viewIdResName: android:id/text1; checkable: false; checked: false; focusable: false; focused: false; selected: false; clickable: true; longClickable: false; enabled: true; password: false; scrollable: false; [ACTION_SELECT, ACTION_CLEAR_SELECTION, ACTION_CLICK, ACTION_ACCESSIBILITY_FOCUS, ACTION_NEXT_AT_MOVEMENT_GRANULARITY, ACTION_PREVIOUS_AT_MOVEMENT_GRANULARITY, ACTION_SET_SELECTION]]
2018-09-17 14:50:55.744000	ALL	09-17 08:50:55.637  6789  6789 D InteractionController: clickAndSync(540, 729)
2018-09-17 14:50:55.744000	ALL	09-17 08:50:55.649  6789  6794 D dalvikvm: GC_CONCURRENT freed 404K, 87% free 1088K/8192K, paused 0ms+0ms, total 2ms
2018-09-17 14:50:55.788000	ALL	09-17 08:50:55.689  6789  6794 D dalvikvm: GC_CONCURRENT freed 414K, 87% free 1079K/8192K, paused 0ms+0ms, total 2ms
2018-09-17 14:50:55.826000	ALL	09-17 08:50:55.733  6789  6794 D dalvikvm: GC_CONCURRENT freed 406K, 87% free 1080K/8192K, paused 1ms+0ms, total 3ms
2018-09-17 14:50:55.888000	ALL	09-17 08:50:55.797  6789  6794 D dalvikvm: GC_CONCURRENT freed 406K, 87% free 1080K/8192K, paused 0ms+0ms, total 2ms
2018-09-17 14:50:55.901000	ALL	09-17 08:50:55.809   613 25760 I ActivityManager: START u0 {cmp=io.appium.android.apis/.os.SmsMessagingDemo} from pid 6816
2018-09-17 14:50:55.923000	ALL	09-17 08:50:55.833  6816  6819 D dalvikvm: GC_CONCURRENT freed 869K, 15% free 6522K/7636K, paused 1ms+4ms, total 7ms
2018-09-17 14:50:55.939000	ALL	09-17 08:50:55.845  6816  6816 D dalvikvm: GC_FOR_ALLOC freed 11K, 8% free 7203K/7796K, paused 3ms, total 3ms
2018-09-17 14:50:56.015000	ALL	09-17 08:50:55.929  6816  6816 E EGL_emulation: tid 6816: eglSurfaceAttrib(1210): error 0x3009 (EGL_BAD_MATCH)
2018-09-17 14:50:56.023000	ALL	09-17 08:50:55.929  6816  6816 W HardwareRenderer: Backbuffer cannot be preserved
2018-09-17 14:50:56.089000	ALL	09-17 08:50:55.997   613   628 I ActivityManager: Displayed io.appium.android.apis/.os.SmsMessagingDemo: +178ms
2018-09-17 14:50:57.286000	ALL	09-17 08:50:57.193  6789  6794 D dalvikvm: GC_CONCURRENT freed 388K, 87% free 1091K/8192K, paused 0ms+1ms, total 2ms
2018-09-17 14:50:57.464000	ALL	09-17 08:50:57.369  6789  6794 D dalvikvm: GC_CONCURRENT freed 407K, 87% free 1091K/8192K, paused 0ms+0ms, total 1ms
2018-09-17 14:50:57.504000	ALL	09-17 08:50:57.413  6789  6794 D dalvikvm: GC_CONCURRENT freed 406K, 87% free 1091K/8192K, paused 1ms+0ms, total 3ms
2018-09-17 14:50:57.538000	ALL	09-17 08:50:57.445  6789  6794 D dalvikvm: GC_CONCURRENT freed 408K, 87% free 1090K/8192K, paused 0ms+0ms, total 2ms
2018-09-17 14:50:57.576000	ALL	09-17 08:50:57.481  6789  6794 D dalvikvm: GC_CONCURRENT freed 406K, 87% free 1091K/8192K, paused 0ms+0ms, total 2ms
2018-09-17 14:50:57.648000	ALL	09-17 08:50:57.553  6789  6794 D dalvikvm: GC_CONCURRENT freed 406K, 87% free 1091K/8192K, paused 1ms+0ms, total 2ms
2018-09-17 14:50:57.690000	ALL	09-17 08:50:57.597  6789  6794 D dalvikvm: GC_CONCURRENT freed 406K, 87% free 1091K/8192K, paused 1ms+0ms, total 3ms
2018-09-17 14:50:57.733000	ALL	09-17 08:50:57.641  6789  6794 D dalvikvm: GC_CONCURRENT freed 406K, 87% free 1091K/8192K, paused 1ms+0ms, total 3ms
2018-09-17 14:50:57.777000	ALL	09-17 08:50:57.685  6789  6794 D dalvikvm: GC_CONCURRENT freed 408K, 87% free 1090K/8192K, paused 0ms+0ms, total 2ms
2018-09-17 14:50:57.819000	ALL	09-17 08:50:57.725  6789  6794 D dalvikvm: GC_CONCURRENT freed 406K, 87% free 1091K/8192K, paused 0ms+0ms, total 2ms
2018-09-17 14:50:57.871000	ALL	09-17 08:50:57.777  6789  6794 D dalvikvm: GC_CONCURRENT freed 406K, 87% free 1091K/8192K, paused 0ms+1ms, total 2ms
2018-09-17 14:50:57.918000	ALL	09-17 08:50:57.825  6789  6794 D dalvikvm: GC_CONCURRENT freed 406K, 87% free 1091K/8192K, paused 1ms+0ms, total 3ms
2018-09-17 14:50:57.960000	ALL	09-17 08:50:57.869  6789  6794 D dalvikvm: GC_CONCURRENT freed 406K, 87% free 1091K/8192K, paused 1ms+0ms, total 3ms
2018-09-17 14:50:58.002000	ALL	09-17 08:50:57.909  6789  6794 D dalvikvm: GC_CONCURRENT freed 419K, 87% free 1079K/8192K, paused 0ms+0ms, total 1ms
2018-09-17 14:50:58.047000	ALL	09-17 08:50:57.953  6789  6794 D dalvikvm: GC_CONCURRENT freed 364K, 87% free 1098K/8192K, paused 1ms+0ms, total 4ms
2018-09-17 14:50:58.094000	ALL	09-17 08:50:58.001  6789  6794 D dalvikvm: GC_CONCURRENT freed 405K, 87% free 1079K/8192K, paused 2ms+0ms, total 4ms
2018-09-17 14:50:58.149000	ALL	09-17 08:50:58.057  6789  6789 I AccessibilityNodeInfoDumper: Skipping invisible child: android.view.accessibility.AccessibilityNodeInfo@164ec; boundsInParent: Rect(0, 0 - 0, 144); boundsInScreen: Rect(1080, 75 - 1080, 219); packageName: io.appium.android.apis; className: android.widget.LinearLayout; text: null; contentDescription: null; viewIdResName: null; checkable: false; checked: false; focusable: false; focused: false; selected: false; clickable: false; longClickable: false; enabled: true; password: false; scrollable: false; [ACTION_SELECT, ACTION_CLEAR_SELECTION, ACTION_ACCESSIBILITY_FOCUS]
2018-09-17 14:50:58.159000	ALL	09-17 08:50:58.065  6789  6789 W AccessibilityNodeInfoDumper: Fetch time: 14ms
2018-09-17 14:50:58.168000	ALL	09-17 08:50:58.073  6789  6794 D dalvikvm: GC_CONCURRENT freed 380K, 86% free 1195K/8192K, paused 1ms+7ms, total 15ms
2018-09-17 14:50:58.185000	ALL	09-17 08:50:58.093  6789  6794 D dalvikvm: GC_CONCURRENT freed 358K, 85% free 1270K/8192K, paused 1ms+2ms, total 5ms
2018-09-17 14:50:58.205000	ALL	09-17 08:50:58.113  6789  6789 I QueryController: Matched selector: UiSelector[CLASS=android.widget.TextView, INSTANCE=2, COUNT=2] <<==>> [android.view.accessibility.AccessibilityNodeInfo@1305e; boundsInParent: Rect(0, 0 - 278, 57); boundsInScreen: Rect(36, 589 - 314, 646); packageName: io.appium.android.apis; className: android.widget.TextView; text: Recipient #; contentDescription: Recipient #; viewIdResName: null; checkable: false; checked: false; focusable: false; focused: false; selected: false; clickable: false; longClickable: false; enabled: true; password: false; scrollable: false; [ACTION_SELECT, ACTION_CLEAR_SELECTION, ACTION_ACCESSIBILITY_FOCUS, ACTION_NEXT_AT_MOVEMENT_GRANULARITY, ACTION_PREVIOUS_AT_MOVEMENT_GRANULARITY, ACTION_SET_SELECTION]]
2018-09-17 14:50:58.221000	ALL	09-17 08:50:58.133  6789  6789 I QueryController: Matched selector: UiSelector[CLASS=android.widget.TextView, INSTANCE=2, COUNT=2] <<==>> [android.view.accessibility.AccessibilityNodeInfo@1305e; boundsInParent: Rect(0, 0 - 278, 57); boundsInScreen: Rect(36, 589 - 314, 646); packageName: io.appium.android.apis; className: android.widget.TextView; text: Recipient #; contentDescription: Recipient #; viewIdResName: null; checkable: false; checked: false; focusable: false; focused: false; selected: false; clickable: false; longClickable: false; enabled: true; password: false; scrollable: false; [ACTION_SELECT, ACTION_CLEAR_SELECTION, ACTION_ACCESSIBILITY_FOCUS, ACTION_NEXT_AT_MOVEMENT_GRANULARITY, ACTION_PREVIOUS_AT_MOVEMENT_GRANULARITY, ACTION_SET_SELECTION]]
2018-09-17 14:50:58.264000	ALL	09-17 08:50:58.133  6789  6789 D UiObject: getText() = Recipient #
2018-09-17 14:50:58.264000	ALL	09-17 08:50:58.137  6789  6794 D dalvikvm: GC_CONCURRENT freed 575K, 87% free 1083K/8192K, paused 1ms+0ms, total 4ms
2018-09-17 14:50:58.264000	ALL	09-17 08:50:58.137  6789  6789 I QueryController: Matched selector: UiSelector[CLASS=android.widget.TextView, INSTANCE=2, COUNT=2] <<==>> [android.view.accessibility.AccessibilityNodeInfo@1305e; boundsInParent: Rect(0, 0 - 278, 57); boundsInScreen: Rect(36, 589 - 314, 646); packageName: io.appium.android.apis; className: android.widget.TextView; text: Recipient #; contentDescription: Recipient #; viewIdResName: null; checkable: false; checked: false; focusable: false; focused: false; selected: false; clickable: false; longClickable: false; enabled: true; password: false; scrollable: false; [ACTION_SELECT, ACTION_CLEAR_SELECTION, ACTION_ACCESSIBILITY_FOCUS, ACTION_NEXT_AT_MOVEMENT_GRANULARITY, ACTION_PREVIOUS_AT_MOVEMENT_GRANULARITY, ACTION_SET_SELECTION]]
2018-09-17 14:50:58.264000	ALL	09-17 08:50:58.165  6789  6794 D dalvikvm: GC_CONCURRENT freed 334K, 87% free 1135K/8192K, paused 0ms+0ms, total 1ms
2018-09-17 14:50:58.264000	ALL	09-17 08:50:58.165  6816  6819 D dalvikvm: GC_CONCURRENT freed 1118K, 15% free 7321K/8592K, paused 2ms+1ms, total 6ms
2018-09-17 14:50:58.308000	ALL	09-17 08:50:58.205  6789  6794 D dalvikvm: GC_CONCURRENT freed 394K, 87% free 1146K/8192K, paused 0ms+1ms, total 3ms
2018-09-17 14:50:58.338000	ALL	09-17 08:50:58.245  6789  6794 D dalvikvm: GC_CONCURRENT freed 405K, 87% free 1146K/8192K, paused 0ms+0ms, total 2ms
2018-09-17 14:50:58.382000	ALL	09-17 08:50:58.289  6789  6794 D dalvikvm: GC_CONCURRENT freed 406K, 87% free 1146K/8192K, paused 0ms+0ms, total 3ms
2018-09-17 14:50:58.425000	ALL	09-17 08:50:58.333  6789  6794 D dalvikvm: GC_CONCURRENT freed 405K, 87% free 1146K/8192K, paused 0ms+0ms, total 2ms
2018-09-17 14:50:58.476000	ALL	09-17 08:50:58.381  6789  6794 D dalvikvm: GC_CONCURRENT freed 378K, 86% free 1152K/8192K, paused 2ms+0ms, total 4ms
2018-09-17 14:50:58.529000	ALL	09-17 08:50:58.437  6789  6794 D dalvikvm: GC_CONCURRENT freed 400K, 86% free 1156K/8192K, paused 0ms+2ms, total 5ms
2018-09-17 14:50:58.578000	ALL	09-17 08:50:58.485  6789  6794 D dalvikvm: GC_CONCURRENT freed 437K, 86% free 1147K/8192K, paused 1ms+0ms, total 3ms
2018-09-17 14:50:58.646000	ALL	09-17 08:50:58.553  6789  6794 D dalvikvm: GC_CONCURRENT freed 406K, 87% free 1146K/8192K, paused 1ms+0ms, total 3ms
2018-09-17 14:50:58.685000	ALL	09-17 08:50:58.593  6789  6794 D dalvikvm: GC_CONCURRENT freed 390K, 86% free 1162K/8192K, paused 1ms+0ms, total 3ms
2018-09-17 14:50:58.728000	ALL	09-17 08:50:58.637  6789  6794 D dalvikvm: GC_CONCURRENT freed 421K, 87% free 1146K/8192K, paused 1ms+0ms, total 4ms
2018-09-17 14:50:58.772000	ALL	09-17 08:50:58.677  6789  6794 D dalvikvm: GC_CONCURRENT freed 405K, 86% free 1146K/8192K, paused 1ms+0ms, total 3ms
2018-09-17 14:50:58.818000	ALL	09-17 08:50:58.725  6789  6794 D dalvikvm: GC_CONCURRENT freed 406K, 87% free 1146K/8192K, paused 1ms+0ms, total 3ms
2018-09-17 14:50:58.862000	ALL	09-17 08:50:58.769  6789  6794 D dalvikvm: GC_CONCURRENT freed 405K, 87% free 1146K/8192K, paused 0ms+0ms, total 3ms
2018-09-17 14:50:58.906000	ALL	09-17 08:50:58.817  6789  6794 D dalvikvm: GC_CONCURRENT freed 405K, 87% free 1146K/8192K, paused 0ms+0ms, total 3ms
2018-09-17 14:50:58.946000	ALL	09-17 08:50:58.853  6789  6794 D dalvikvm: GC_CONCURRENT freed 405K, 86% free 1146K/8192K, paused 1ms+0ms, total 3ms
2018-09-17 14:50:58.986000	ALL	09-17 08:50:58.893  6789  6794 D dalvikvm: GC_CONCURRENT freed 405K, 87% free 1146K/8192K, paused 1ms+0ms, total 4ms
2018-09-17 14:50:59.030000	ALL	09-17 08:50:58.937  6789  6794 D dalvikvm: GC_CONCURRENT freed 405K, 86% free 1147K/8192K, paused 1ms+1ms, total 3ms
2018-09-17 14:50:59.073000	ALL	09-17 08:50:58.981  6789  6794 D dalvikvm: GC_CONCURRENT freed 406K, 87% free 1146K/8192K, paused 0ms+1ms, total 3ms
2018-09-17 14:50:59.132000	ALL	09-17 08:50:59.037  6789  6794 D dalvikvm: GC_CONCURRENT freed 417K, 87% free 1134K/8192K, paused 0ms+1ms, total 4ms
2018-09-17 14:50:59.165000	ALL	09-17 08:50:59.073  6789  6794 D dalvikvm: GC_CONCURRENT freed 393K, 87% free 1146K/8192K, paused 0ms+0ms, total 1ms
2018-09-17 14:50:59.204000	ALL	09-17 08:50:59.113  6789  6794 D dalvikvm: GC_CONCURRENT freed 405K, 87% free 1146K/8192K, paused 0ms+0ms, total 3ms
2018-09-17 14:50:59.245000	ALL	09-17 08:50:59.153  6789  6794 D dalvikvm: GC_CONCURRENT freed 406K, 87% free 1146K/8192K, paused 0ms+0ms, total 2ms
2018-09-17 14:50:59.283000	ALL	09-17 08:50:59.193  6816  6819 D dalvikvm: GC_CONCURRENT freed 1278K, 17% free 7319K/8752K, paused 0ms+1ms, total 8ms
2018-09-17 14:50:59.288000	ALL	09-17 08:50:59.193  6789  6794 D dalvikvm: GC_CONCURRENT freed 405K, 86% free 1147K/8192K, paused 0ms+0ms, total 1ms
2018-09-17 14:50:59.326000	ALL	09-17 08:50:59.233  6789  6794 D dalvikvm: GC_CONCURRENT freed 405K, 86% free 1147K/8192K, paused 0ms+1ms, total 2ms
2018-09-17 14:50:59.365000	ALL	09-17 08:50:59.273  6789  6794 D dalvikvm: GC_CONCURRENT freed 406K, 87% free 1146K/8192K, paused 1ms+0ms, total 2ms
2018-09-17 14:50:59.403000	ALL	09-17 08:50:59.309  6789  6794 D dalvikvm: GC_CONCURRENT freed 405K, 87% free 1146K/8192K, paused 0ms+1ms, total 2ms
2018-09-17 14:50:59.444000	ALL	09-17 08:50:59.353  6789  6794 D dalvikvm: GC_CONCURRENT freed 406K, 87% free 1146K/8192K, paused 0ms+0ms, total 2ms
2018-09-17 14:50:59.487000	ALL	09-17 08:50:59.393  6789  6794 D dalvikvm: GC_CONCURRENT freed 405K, 87% free 1146K/8192K, paused 0ms+1ms, total 2ms
2018-09-17 14:50:59.531000	ALL	09-17 08:50:59.437  6789  6794 D dalvikvm: GC_CONCURRENT freed 405K, 87% free 1146K/8192K, paused 0ms+0ms, total 1ms
2018-09-17 14:50:59.573000	ALL	09-17 08:50:59.481  6789  6794 D dalvikvm: GC_CONCURRENT freed 405K, 87% free 1146K/8192K, paused 0ms+0ms, total 2ms
2018-09-17 14:50:59.635000	ALL	09-17 08:50:59.541  6789  6794 D dalvikvm: GC_CONCURRENT freed 405K, 87% free 1146K/8192K, paused 0ms+1ms, total 3ms
2018-09-17 14:50:59.669000	ALL	09-17 08:50:59.577  6789  6794 D dalvikvm: GC_CONCURRENT freed 405K, 86% free 1147K/8192K, paused 0ms+0ms, total 2ms
2018-09-17 14:50:59.766000	ALL	09-17 08:50:59.673  6789  6794 D dalvikvm: GC_CONCURRENT freed 406K, 86% free 1147K/8192K, paused 0ms+0ms, total 1ms
2018-09-17 14:50:59.857000	ALL	09-17 08:50:59.765  6789  6794 D dalvikvm: GC_CONCURRENT freed 405K, 87% free 1146K/8192K, paused 0ms+0ms, total 2ms
2018-09-17 14:50:59.954000	ALL	09-17 08:50:59.861  6789  6794 D dalvikvm: GC_CONCURRENT freed 405K, 87% free 1146K/8192K, paused 0ms+0ms, total 3ms
2018-09-17 14:51:00.050000	ALL	09-17 08:50:59.957  6789  6794 D dalvikvm: GC_CONCURRENT freed 417K, 87% free 1134K/8192K, paused 1ms+0ms, total 2ms
2018-09-17 14:51:00.087000	ALL	09-17 08:50:59.993  6789  6794 D dalvikvm: GC_CONCURRENT freed 393K, 87% free 1146K/8192K, paused 0ms+1ms, total 2ms
2018-09-17 14:51:00.178000	ALL	09-17 08:51:00.081  6789  6794 D dalvikvm: GC_CONCURRENT freed 406K, 87% free 1146K/8192K, paused 0ms+0ms, total 2ms
2018-09-17 14:51:00.285000	ALL	09-17 08:51:00.189  6789  6794 D dalvikvm: GC_CONCURRENT freed 405K, 87% free 1146K/8192K, paused 2ms+0ms, total 4ms
2018-09-17 14:51:00.374000	ALL	09-17 08:51:00.277  6789  6794 D dalvikvm: GC_CONCURRENT freed 405K, 87% free 1146K/8192K, paused 1ms+0ms, total 2ms
2018-09-17 14:51:00.468000	ALL	09-17 08:51:00.377  6789  6794 D dalvikvm: GC_CONCURRENT freed 405K, 87% free 1146K/8192K, paused 0ms+1ms, total 2ms
2018-09-17 14:51:00.565000	ALL	09-17 08:51:00.473  6789  6794 D dalvikvm: GC_CONCURRENT freed 405K, 86% free 1147K/8192K, paused 0ms+1ms, total 3ms
2018-09-17 14:51:00.662000	ALL	09-17 08:51:00.569  6789  6794 D dalvikvm: GC_CONCURRENT freed 406K, 87% free 1146K/8192K, paused 0ms+0ms, total 3ms
2018-09-17 14:51:00.753000	ALL	09-17 08:51:00.661  6789  6794 D dalvikvm: GC_CONCURRENT freed 405K, 87% free 1146K/8192K, paused 1ms+0ms, total 2ms
2018-09-17 14:51:00.854000	ALL	09-17 08:51:00.757  6789  6794 D dalvikvm: GC_CONCURRENT freed 405K, 87% free 1146K/8192K, paused 1ms+0ms, total 2ms
2018-09-17 14:51:00.890000	ALL	09-17 08:51:00.797  6816  6819 D dalvikvm: GC_CONCURRENT freed 1274K, 17% free 7318K/8752K, paused 5ms+4ms, total 12ms
2018-09-17 14:51:00.945000	ALL	09-17 08:51:00.853  6789  6794 D dalvikvm: GC_CONCURRENT freed 405K, 87% free 1146K/8192K, paused 1ms+0ms, total 4ms
2018-09-17 14:51:00.994000	ALL	09-17 08:51:00.901  6789  6794 D dalvikvm: GC_CONCURRENT freed 405K, 87% free 1146K/8192K, paused 0ms+0ms, total 3ms
2018-09-17 14:51:01.049000	ALL	09-17 08:51:00.961  6789  6789 I QueryController: Matched selector: UiSelector[CLASS=android.widget.TextView, INSTANCE=2, COUNT=2] <<==>> [android.view.accessibility.AccessibilityNodeInfo@1305e; boundsInParent: Rect(0, 0 - 278, 57); boundsInScreen: Rect(36, 589 - 314, 646); packageName: io.appium.android.apis; className: android.widget.TextView; text: Recipient #; contentDescription: Recipient #; viewIdResName: null; checkable: false; checked: false; focusable: false; focused: false; selected: false; clickable: false; longClickable: false; enabled: true; password: false; scrollable: false; [ACTION_SELECT, ACTION_CLEAR_SELECTION, ACTION_ACCESSIBILITY_FOCUS, ACTION_NEXT_AT_MOVEMENT_GRANULARITY, ACTION_PREVIOUS_AT_MOVEMENT_GRANULARITY, ACTION_SET_SELECTION]]
2018-09-17 14:51:01.054000	ALL	09-17 08:51:00.961  6789  6789 D UiObject: getText() = Recipient #
2018-09-17 14:51:01.061000	ALL	09-17 08:51:00.973  6789  6789 I QueryController: Matched selector: UiSelector[CLASS=android.widget.TextView, INSTANCE=2, COUNT=2] <<==>> [android.view.accessibility.AccessibilityNodeInfo@1305e; boundsInParent: Rect(0, 0 - 278, 57); boundsInScreen: Rect(36, 589 - 314, 646); packageName: io.appium.android.apis; className: android.widget.TextView; text: Recipient #; contentDescription: Recipient #; viewIdResName: null; checkable: false; checked: false; focusable: false; focused: false; selected: false; clickable: false; longClickable: false; enabled: true; password: false; scrollable: false; [ACTION_SELECT, ACTION_CLEAR_SELECTION, ACTION_ACCESSIBILITY_FOCUS, ACTION_NEXT_AT_MOVEMENT_GRANULARITY, ACTION_PREVIOUS_AT_MOVEMENT_GRANULARITY, ACTION_SET_SELECTION]]
2018-09-17 14:51:01.067000	ALL	09-17 08:51:00.973  6789  6789 D UiObject: getText() = Recipient #
2018-09-17 14:51:01.096000	ALL	09-17 08:51:01.005  6789  6794 D dalvikvm: GC_CONCURRENT freed 408K, 86% free 1160K/8192K, paused 0ms+0ms, total 3ms
2018-09-17 14:51:01.100000	ALL	09-17 08:51:01.009  6789  6789 I QueryController: Matched selector: UiSelector[CLASS=android.widget.TextView, INSTANCE=2, COUNT=2] <<==>> [android.view.accessibility.AccessibilityNodeInfo@1305e; boundsInParent: Rect(0, 0 - 278, 57); boundsInScreen: Rect(36, 589 - 314, 646); packageName: io.appium.android.apis; className: android.widget.TextView; text: Recipient #; contentDescription: Recipient #; viewIdResName: null; checkable: false; checked: false; focusable: false; focused: false; selected: false; clickable: false; longClickable: false; enabled: true; password: false; scrollable: false; [ACTION_SELECT, ACTION_CLEAR_SELECTION, ACTION_ACCESSIBILITY_FOCUS, ACTION_NEXT_AT_MOVEMENT_GRANULARITY, ACTION_PREVIOUS_AT_MOVEMENT_GRANULARITY, ACTION_SET_SELECTION]]
2018-09-17 14:51:01.137000	ALL	09-17 08:51:01.041  6789  6789 I QueryController: Matched selector: UiSelector[CLASS=android.widget.TextView, INSTANCE=2, COUNT=2] <<==>> [android.view.accessibility.AccessibilityNodeInfo@1305e; boundsInParent: Rect(0, 0 - 278, 57); boundsInScreen: Rect(36, 589 - 314, 646); packageName: io.appium.android.apis; className: android.widget.TextView; text: Recipient #; contentDescription: Recipient #; viewIdResName: null; checkable: false; checked: false; focusable: false; focused: false; selected: false; clickable: false; longClickable: false; enabled: true; password: false; scrollable: false; [ACTION_SELECT, ACTION_CLEAR_SELECTION, ACTION_ACCESSIBILITY_FOCUS, ACTION_NEXT_AT_MOVEMENT_GRANULARITY, ACTION_PREVIOUS_AT_MOVEMENT_GRANULARITY, ACTION_SET_SELECTION]]
2018-09-17 14:51:01.184000	ALL	09-17 08:51:01.061  6789  6794 D dalvikvm: GC_CONCURRENT freed 408K, 86% free 1153K/8192K, paused 0ms+0ms, total 3ms
2018-09-17 14:51:01.262000	ALL	09-17 08:51:01.169  6789  6794 D dalvikvm: GC_CONCURRENT freed 405K, 87% free 1134K/8192K, paused 1ms+0ms, total 4ms
2018-09-17 14:51:01.346000	ALL	09-17 08:51:01.253  6789  6794 D dalvikvm: GC_CONCURRENT freed 394K, 87% free 1145K/8192K, paused 0ms+0ms, total 2ms
2018-09-17 14:51:01.388000	ALL	09-17 08:51:01.297  6789  6794 D dalvikvm: GC_CONCURRENT freed 404K, 87% free 1146K/8192K, paused 0ms+0ms, total 3ms
2018-09-17 14:51:01.488000	ALL	09-17 08:51:01.397  6789  6794 D dalvikvm: GC_CONCURRENT freed 406K, 87% free 1146K/8192K, paused 0ms+0ms, total 3ms
2018-09-17 14:51:01.583000	ALL	09-17 08:51:01.489  6789  6794 D dalvikvm: GC_CONCURRENT freed 405K, 87% free 1146K/8192K, paused 1ms+1ms, total 3ms
2018-09-17 14:51:01.672000	ALL	09-17 08:51:01.581  6789  6794 D dalvikvm: GC_CONCURRENT freed 405K, 87% free 1146K/8192K, paused 0ms+1ms, total 2ms
2018-09-17 14:51:01.774000	ALL	09-17 08:51:01.681  6789  6794 D dalvikvm: GC_CONCURRENT freed 406K, 87% free 1146K/8192K, paused 0ms+0ms, total 3ms
2018-09-17 14:51:01.870000	ALL	09-17 08:51:01.777  6789  6794 D dalvikvm: GC_CONCURRENT freed 405K, 87% free 1146K/8192K, paused 0ms+0ms, total 2ms
2018-09-17 14:51:01.974000	ALL	09-17 08:51:01.881  6789  6794 D dalvikvm: GC_CONCURRENT freed 405K, 87% free 1146K/8192K, paused 1ms+1ms, total 5ms
2018-09-17 14:51:02.059000	ALL	09-17 08:51:01.965  6789  6794 D dalvikvm: GC_CONCURRENT freed 406K, 87% free 1146K/8192K, paused 1ms+1ms, total 4ms
2018-09-17 14:51:02.145000	ALL	09-17 08:51:02.053  6789  6794 D dalvikvm: GC_CONCURRENT freed 404K, 86% free 1147K/8192K, paused 1ms+1ms, total 3ms
2018-09-17 14:51:02.246000	ALL	09-17 08:51:02.153  6789  6794 D dalvikvm: GC_CONCURRENT freed 406K, 87% free 1146K/8192K, paused 1ms+0ms, total 4ms
2018-09-17 14:51:02.294000	ALL	09-17 08:51:02.201  6789  6794 D dalvikvm: GC_CONCURRENT freed 405K, 87% free 1145K/8192K, paused 0ms+0ms, total 3ms
2018-09-17 14:51:02.385000	ALL	09-17 08:51:02.293  6789  6794 D dalvikvm: GC_CONCURRENT freed 406K, 87% free 1146K/8192K, paused 0ms+0ms, total 2ms
2018-09-17 14:51:02.489000	ALL	09-17 08:51:02.397  6789  6794 D dalvikvm: GC_CONCURRENT freed 405K, 87% free 1146K/8192K, paused 1ms+0ms, total 4ms
2018-09-17 14:51:02.577000	ALL	09-17 08:51:02.485  6789  6794 D dalvikvm: GC_CONCURRENT freed 405K, 87% free 1146K/8192K, paused 0ms+0ms, total 2ms
2018-09-17 14:51:02.666000	ALL	09-17 08:51:02.573  6789  6794 D dalvikvm: GC_CONCURRENT freed 406K, 87% free 1145K/8192K, paused 0ms+0ms, total 2ms
2018-09-17 14:51:02.761000	ALL	09-17 08:51:02.669  6789  6794 D dalvikvm: GC_CONCURRENT freed 405K, 87% free 1146K/8192K, paused 1ms+0ms, total 2ms
2018-09-17 14:51:02.868000	ALL	09-17 08:51:02.781  6789  6794 D dalvikvm: GC_CONCURRENT freed 405K, 87% free 1146K/8192K, paused 0ms+0ms, total 2ms
2018-09-17 14:51:02.954000	ALL	09-17 08:51:02.861  6816  6819 D dalvikvm: GC_CONCURRENT freed 1272K, 17% free 7324K/8752K, paused 4ms+1ms, total 13ms
2018-09-17 14:51:02.966000	ALL	09-17 08:51:02.873  6789  6794 D dalvikvm: GC_CONCURRENT freed 405K, 87% free 1146K/8192K, paused 0ms+0ms, total 1ms
2018-09-17 14:51:03.053000	ALL	09-17 08:51:02.961  6789  6794 D dalvikvm: GC_CONCURRENT freed 405K, 87% free 1146K/8192K, paused 1ms+0ms, total 3ms
2018-09-17 14:51:03.144000	ALL	09-17 08:51:03.049  6789  6794 D dalvikvm: GC_CONCURRENT freed 406K, 87% free 1146K/8192K, paused 0ms+0ms, total 2ms
2018-09-17 14:51:03.182000	ALL	09-17 08:51:03.093  6789  6794 D dalvikvm: GC_CONCURRENT freed 405K, 87% free 1146K/8192K, paused 1ms+1ms, total 3ms
2018-09-17 14:51:03.268000	ALL	09-17 08:51:03.177  6789  6794 D dalvikvm: GC_CONCURRENT freed 405K, 87% free 1146K/8192K, paused 1ms+0ms, total 3ms
2018-09-17 14:51:03.376000	ALL	09-17 08:51:03.281  6789  6794 D dalvikvm: GC_CONCURRENT freed 405K, 87% free 1146K/8192K, paused 0ms+0ms, total 2ms
2018-09-17 14:51:03.476000	ALL	09-17 08:51:03.381  6789  6794 D dalvikvm: GC_CONCURRENT freed 406K, 87% free 1146K/8192K, paused 1ms+0ms, total 3ms
2018-09-17 14:51:03.573000	ALL	09-17 08:51:03.481  6789  6794 D dalvikvm: GC_CONCURRENT freed 405K, 87% free 1146K/8192K, paused 1ms+0ms, total 2ms
2018-09-17 14:51:03.662000	ALL	09-17 08:51:03.569  6789  6794 D dalvikvm: GC_CONCURRENT freed 405K, 87% free 1146K/8192K, paused 1ms+0ms, total 3ms
2018-09-17 14:51:03.760000	ALL	09-17 08:51:03.665  6789  6794 D dalvikvm: GC_CONCURRENT freed 405K, 87% free 1146K/8192K, paused 1ms+1ms, total 3ms
2018-09-17 14:51:03.854000	ALL	09-17 08:51:03.761  6789  6794 D dalvikvm: GC_CONCURRENT freed 405K, 87% free 1146K/8192K, paused 0ms+0ms, total 3ms
2018-09-17 14:51:03.946000	ALL	09-17 08:51:03.853  6789  6794 D dalvikvm: GC_CONCURRENT freed 405K, 86% free 1146K/8192K, paused 0ms+0ms, total 3ms
2018-09-17 14:51:03.994000	ALL	09-17 08:51:03.897  6789  6794 D dalvikvm: GC_CONCURRENT freed 405K, 87% free 1146K/8192K, paused 0ms+1ms, total 3ms
2018-09-17 14:51:04.088000	ALL	09-17 08:51:03.993  6789  6794 D dalvikvm: GC_CONCURRENT freed 406K, 87% free 1146K/8192K, paused 1ms+0ms, total 3ms
2018-09-17 14:51:04.180000	ALL	09-17 08:51:04.085  6789  6794 D dalvikvm: GC_CONCURRENT freed 404K, 86% free 1147K/8192K, paused 1ms+0ms, total 3ms
2018-09-17 14:51:04.270000	ALL	09-17 08:51:04.177  6789  6794 D dalvikvm: GC_CONCURRENT freed 406K, 87% free 1146K/8192K, paused 0ms+0ms, total 2ms
2018-09-17 14:51:04.366000	ALL	09-17 08:51:04.273  6789  6794 D dalvikvm: GC_CONCURRENT freed 405K, 87% free 1146K/8192K, paused 2ms+0ms, total 4ms
2018-09-17 14:51:04.463000	ALL	09-17 08:51:04.369  6789  6794 D dalvikvm: GC_CONCURRENT freed 405K, 87% free 1146K/8192K, paused 0ms+0ms, total 3ms
2018-09-17 14:51:04.556000	ALL	09-17 08:51:04.465  6789  6794 D dalvikvm: GC_CONCURRENT freed 405K, 87% free 1146K/8192K, paused 0ms+1ms, total 2ms
2018-09-17 14:51:04.651000	ALL	09-17 08:51:04.561  6789  6794 D dalvikvm: GC_CONCURRENT freed 405K, 87% free 1146K/8192K, paused 0ms+0ms, total 6ms
2018-09-17 14:51:04.747000	ALL	09-17 08:51:04.657  6789  6794 D dalvikvm: GC_CONCURRENT freed 406K, 87% free 1146K/8192K, paused 2ms+0ms, total 4ms
2018-09-17 14:51:04.788000	ALL	09-17 08:51:04.697  6789  6794 D dalvikvm: GC_CONCURRENT freed 404K, 87% free 1146K/8192K, paused 0ms+0ms, total 3ms
2018-09-17 14:51:04.881000	ALL	09-17 08:51:04.789  6789  6794 D dalvikvm: GC_CONCURRENT freed 405K, 86% free 1147K/8192K, paused 1ms+0ms, total 3ms
2018-09-17 14:51:04.980000	ALL	09-17 08:51:04.885  6816  6819 D dalvikvm: GC_CONCURRENT freed 1282K, 17% free 7322K/8760K, paused 2ms+1ms, total 9ms
2018-09-17 14:51:04.986000	ALL	09-17 08:51:04.893  6789  6794 D dalvikvm: GC_CONCURRENT freed 406K, 87% free 1146K/8192K, paused 0ms+0ms, total 3ms
2018-09-17 14:51:05.079000	ALL	09-17 08:51:04.985  6789  6794 D dalvikvm: GC_CONCURRENT freed 377K, 86% free 1152K/8192K, paused 1ms+0ms, total 4ms
2018-09-17 14:51:05.167000	ALL	09-17 08:51:05.073  6789  6794 D dalvikvm: GC_CONCURRENT freed 416K, 86% free 1164K/8192K, paused 1ms+0ms, total 3ms
2018-09-17 14:51:05.219000	ALL	09-17 08:51:05.125  6789  6794 D dalvikvm: GC_CONCURRENT freed 423K, 87% free 1146K/8192K, paused 0ms+0ms, total 2ms
2018-09-17 14:51:05.282000	ALL	09-17 08:51:05.189  6789  6794 D dalvikvm: GC_CONCURRENT freed 406K, 87% free 1146K/8192K, paused 0ms+0ms, total 3ms
2018-09-17 14:51:05.371000	ALL	09-17 08:51:05.277  6789  6794 D dalvikvm: GC_CONCURRENT freed 405K, 87% free 1146K/8192K, paused 0ms+0ms, total 2ms
2018-09-17 14:51:05.479000	ALL	09-17 08:51:05.385  6789  6794 D dalvikvm: GC_CONCURRENT freed 377K, 86% free 1152K/8192K, paused 3ms+0ms, total 5ms
2018-09-17 14:51:05.577000	ALL	09-17 08:51:05.485  6789  6794 D dalvikvm: GC_CONCURRENT freed 402K, 86% free 1153K/8192K, paused 0ms+1ms, total 4ms
2018-09-17 14:51:05.662000	ALL	09-17 08:51:05.569  6789  6794 D dalvikvm: GC_CONCURRENT freed 399K, 87% free 1139K/8192K, paused 2ms+0ms, total 4ms
2018-09-17 14:51:05.756000	ALL	09-17 08:51:05.665  6789  6794 D dalvikvm: GC_CONCURRENT freed 399K, 86% free 1146K/8192K, paused 0ms+1ms, total 3ms
2018-09-17 14:51:05.856000	ALL	09-17 08:51:05.761  6789  6794 D dalvikvm: GC_CONCURRENT freed 396K, 86% free 1150K/8192K, paused 1ms+0ms, total 6ms
2018-09-17 14:51:05.948000	ALL	09-17 08:51:05.853  6789  6794 D dalvikvm: GC_CONCURRENT freed 416K, 87% free 1145K/8192K, paused 3ms+0ms, total 6ms
2018-09-17 14:51:05.983000	ALL	09-17 08:51:05.889  6789  6794 D dalvikvm: GC_CONCURRENT freed 404K, 87% free 1146K/8192K, paused 0ms+0ms, total 2ms
2018-09-17 14:51:06.087000	ALL	09-17 08:51:05.993  6789  6794 D dalvikvm: GC_CONCURRENT freed 406K, 87% free 1146K/8192K, paused 0ms+1ms, total 2ms
2018-09-17 14:51:06.176000	ALL	09-17 08:51:06.081  6789  6794 D dalvikvm: GC_CONCURRENT freed 405K, 87% free 1146K/8192K, paused 1ms+0ms, total 3ms
2018-09-17 14:51:06.269000	ALL	09-17 08:51:06.177  6789  6794 D dalvikvm: GC_CONCURRENT freed 405K, 87% free 1146K/8192K, paused 1ms+0ms, total 3ms
2018-09-17 14:51:06.322000	ALL	09-17 08:51:06.225   613   664 D MobileDataStateTracker: default: setPolicyDataEnable(enabled=true)
2018-09-17 14:51:06.363000	ALL	09-17 08:51:06.269  6789  6794 D dalvikvm: GC_CONCURRENT freed 405K, 86% free 1146K/8192K, paused 0ms+0ms, total 3ms
2018-09-17 14:51:06.467000	ALL	09-17 08:51:06.373  6789  6794 D dalvikvm: GC_CONCURRENT freed 378K, 86% free 1167K/8192K, paused 6ms+1ms, total 9ms
2018-09-17 14:51:06.566000	ALL	09-17 08:51:06.473  6789  6794 D dalvikvm: GC_CONCURRENT freed 434K, 87% free 1145K/8192K, paused 1ms+1ms, total 4ms
2018-09-17 14:51:06.653000	ALL	09-17 08:51:06.561  6789  6794 D dalvikvm: GC_CONCURRENT freed 405K, 87% free 1146K/8192K, paused 0ms+0ms, total 2ms
2018-09-17 14:51:06.732000	ALL	09-17 08:51:06.645  6789  6789 I QueryController: Matched selector: UiSelector[CLASS=android.widget.TextView, INSTANCE=2, COUNT=2] <<==>> [android.view.accessibility.AccessibilityNodeInfo@1305e; boundsInParent: Rect(0, 0 - 278, 57); boundsInScreen: Rect(36, 589 - 314, 646); packageName: io.appium.android.apis; className: android.widget.TextView; text: Recipient #; contentDescription: Recipient #; viewIdResName: null; checkable: false; checked: false; focusable: false; focused: false; selected: false; clickable: false; longClickable: false; enabled: true; password: false; scrollable: false; [ACTION_SELECT, ACTION_CLEAR_SELECTION, ACTION_ACCESSIBILITY_FOCUS, ACTION_NEXT_AT_MOVEMENT_GRANULARITY, ACTION_PREVIOUS_AT_MOVEMENT_GRANULARITY, ACTION_SET_SELECTION]]
2018-09-17 14:51:06.772000	ALL	09-17 08:51:06.645  6789  6789 D UiObject: getText() = Recipient #
2018-09-17 14:51:06.772000	ALL	09-17 08:51:06.649  6789  6789 I QueryController: Matched selector: UiSelector[CLASS=android.widget.TextView, INSTANCE=2, COUNT=2] <<==>> [android.view.accessibility.AccessibilityNodeInfo@1305e; boundsInParent: Rect(0, 0 - 278, 57); boundsInScreen: Rect(36, 589 - 314, 646); packageName: io.appium.android.apis; className: android.widget.TextView; text: Recipient #; contentDescription: Recipient #; viewIdResName: null; checkable: false; checked: false; focusable: false; focused: false; selected: false; clickable: false; longClickable: false; enabled: true; password: false; scrollable: false; [ACTION_SELECT, ACTION_CLEAR_SELECTION, ACTION_ACCESSIBILITY_FOCUS, ACTION_NEXT_AT_MOVEMENT_GRANULARITY, ACTION_PREVIOUS_AT_MOVEMENT_GRANULARITY, ACTION_SET_SELECTION]]
2018-09-17 14:51:06.772000	ALL	09-17 08:51:06.649  6789  6789 D UiObject: getText() = Recipient #
2018-09-17 14:51:06.772000	ALL	09-17 08:51:06.649  6789  6794 D dalvikvm: GC_CONCURRENT freed 422K, 87% free 1146K/8192K, paused 0ms+1ms, total 2ms
2018-09-17 14:51:06.772000	ALL	09-17 08:51:06.653  6789  6789 I QueryController: Matched selector: UiSelector[CLASS=android.widget.TextView, INSTANCE=2, COUNT=2] <<==>> [android.view.accessibility.AccessibilityNodeInfo@1305e; boundsInParent: Rect(0, 0 - 278, 57); boundsInScreen: Rect(36, 589 - 314, 646); packageName: io.appium.android.apis; className: android.widget.TextView; text: Recipient #; contentDescription: Recipient #; viewIdResName: null; checkable: false; checked: false; focusable: false; focused: false; selected: false; clickable: false; longClickable: false; enabled: true; password: false; scrollable: false; [ACTION_SELECT, ACTION_CLEAR_SELECTION, ACTION_ACCESSIBILITY_FOCUS, ACTION_NEXT_AT_MOVEMENT_GRANULARITY, ACTION_PREVIOUS_AT_MOVEMENT_GRANULARITY, ACTION_SET_SELECTION]]
2018-09-17 14:51:06.772000	ALL	09-17 08:51:06.657  6789  6789 I QueryController: Matched selector: UiSelector[CLASS=android.widget.TextView, INSTANCE=2, COUNT=2] <<==>> [android.view.accessibility.AccessibilityNodeInfo@1305e; boundsInParent: Rect(0, 0 - 278, 57); boundsInScreen: Rect(36, 589 - 314, 646); packageName: io.appium.android.apis; className: android.widget.TextView; text: Recipient #; contentDescription: Recipient #; viewIdResName: null; checkable: false; checked: false; focusable: false; focused: false; selected: false; clickable: false; longClickable: false; enabled: true; password: false; scrollable: false; [ACTION_SELECT, ACTION_CLEAR_SELECTION, ACTION_ACCESSIBILITY_FOCUS, ACTION_NEXT_AT_MOVEMENT_GRANULARITY, ACTION_PREVIOUS_AT_MOVEMENT_GRANULARITY, ACTION_SET_SELECTION]]
2018-09-17 14:51:06.772000	ALL	09-17 08:51:06.657  6789  6789 D UiObject: getText() = Recipient #
2018-09-17 14:51:06.772000	ALL	09-17 08:51:06.661  6789  6789 I QueryController: Matched selector: UiSelector[CLASS=android.widget.TextView, INSTANCE=2, COUNT=2] <<==>> [android.view.accessibility.AccessibilityNodeInfo@1305e; boundsInParent: Rect(0, 0 - 278, 57); boundsInScreen: Rect(36, 589 - 314, 646); packageName: io.appium.android.apis; className: android.widget.TextView; text: Recipient #; contentDescription: Recipient #; viewIdResName: null; checkable: false; checked: false; focusable: false; focused: false; selected: false; clickable: false; longClickable: false; enabled: true; password: false; scrollable: false; [ACTION_SELECT, ACTION_CLEAR_SELECTION, ACTION_ACCESSIBILITY_FOCUS, ACTION_NEXT_AT_MOVEMENT_GRANULARITY, ACTION_PREVIOUS_AT_MOVEMENT_GRANULARITY, ACTION_SET_SELECTION]]
2018-09-17 14:51:06.772000	ALL	09-17 08:51:06.661  6789  6789 D UiObject: getText() = Recipient #
2018-09-17 14:51:06.772000	ALL	09-17 08:51:06.673  6789  6789 I QueryController: Matched selector: UiSelector[CLASS=android.widget.TextView, INSTANCE=2, COUNT=2] <<==>> [android.view.accessibility.AccessibilityNodeInfo@1305e; boundsInParent: Rect(0, 0 - 278, 57); boundsInScreen: Rect(36, 589 - 314, 646); packageName: io.appium.android.apis; className: android.widget.TextView; text: Recipient #; contentDescription: Recipient #; viewIdResName: null; checkable: false; checked: false; focusable: false; focused: false; selected: false; clickable: false; longClickable: false; enabled: true; password: false; scrollable: false; [ACTION_SELECT, ACTION_CLEAR_SELECTION, ACTION_ACCESSIBILITY_FOCUS, ACTION_NEXT_AT_MOVEMENT_GRANULARITY, ACTION_PREVIOUS_AT_MOVEMENT_GRANULARITY, ACTION_SET_SELECTION]]
2018-09-17 14:51:06.772000	ALL	09-17 08:51:06.673  6789  6789 D InteractionController: clickAndSync(175, 617)
2018-09-17 14:51:06.779000	ALL	09-17 08:51:06.685  6789  6794 D dalvikvm: GC_CONCURRENT freed 404K, 87% free 1138K/8192K, paused 0ms+1ms, total 2ms
2018-09-17 14:51:06.858000	ALL	09-17 08:51:06.765  6789  6794 D dalvikvm: GC_CONCURRENT freed 396K, 86% free 1147K/8192K, paused 1ms+0ms, total 3ms
2018-09-17 14:51:06.955000	ALL	09-17 08:51:06.861  6789  6794 D dalvikvm: GC_CONCURRENT freed 405K, 86% free 1147K/8192K, paused 1ms+0ms, total 3ms
2018-09-17 14:51:06.964000	ALL	09-17 08:51:06.873  6816  6819 D dalvikvm: GC_CONCURRENT freed 1276K, 17% free 7324K/8760K, paused 2ms+4ms, total 11ms
2018-09-17 14:51:07.046000	ALL	09-17 08:51:06.953  6789  6794 D dalvikvm: GC_CONCURRENT freed 406K, 86% free 1147K/8192K, paused 0ms+1ms, total 3ms
2018-09-17 14:51:07.079000	ALL	09-17 08:51:06.985  6789  6794 D dalvikvm: GC_CONCURRENT freed 417K, 87% free 1134K/8192K, paused 0ms+0ms, total 2ms
2018-09-17 14:51:07.175000	ALL	09-17 08:51:07.081  6789  6794 D dalvikvm: GC_CONCURRENT freed 402K, 87% free 1139K/8192K, paused 0ms+0ms, total 2ms
2018-09-17 14:51:07.281000	ALL	09-17 08:51:07.189  6789  6794 D dalvikvm: GC_CONCURRENT freed 397K, 86% free 1147K/8192K, paused 0ms+0ms, total 3ms
2018-09-17 14:51:07.369000	ALL	09-17 08:51:07.277  6789  6794 D dalvikvm: GC_CONCURRENT freed 405K, 86% free 1147K/8192K, paused 0ms+0ms, total 2ms
2018-09-17 14:51:07.475000	ALL	09-17 08:51:07.381  6789  6794 D dalvikvm: GC_CONCURRENT freed 405K, 86% free 1147K/8192K, paused 0ms+0ms, total 2ms
2018-09-17 14:51:07.565000	ALL	09-17 08:51:07.473  6789  6794 D dalvikvm: GC_CONCURRENT freed 406K, 86% free 1147K/8192K, paused 0ms+0ms, total 2ms
2018-09-17 14:51:07.662000	ALL	09-17 08:51:07.569  6789  6794 D dalvikvm: GC_CONCURRENT freed 406K, 86% free 1147K/8192K, paused 1ms+0ms, total 3ms
2018-09-17 14:51:07.758000	ALL	09-17 08:51:07.665  6789  6794 D dalvikvm: GC_CONCURRENT freed 405K, 86% free 1147K/8192K, paused 1ms+0ms, total 2ms
2018-09-17 14:51:07.850000	ALL	09-17 08:51:07.757  6789  6794 D dalvikvm: GC_CONCURRENT freed 405K, 86% free 1147K/8192K, paused 1ms+0ms, total 2ms
2018-09-17 14:51:07.955000	ALL	09-17 08:51:07.865  6789  6794 D dalvikvm: GC_CONCURRENT freed 378K, 86% free 1156K/8192K, paused 2ms+5ms, total 12ms
2018-09-17 14:51:08.004000	ALL	09-17 08:51:07.913  6789  6794 D dalvikvm: GC_CONCURRENT freed 401K, 86% free 1154K/8192K, paused 1ms+3ms, total 7ms
2018-09-17 14:51:08.081000	ALL	09-17 08:51:07.989  6789  6794 D dalvikvm: GC_CONCURRENT freed 405K, 87% free 1135K/8192K, paused 1ms+0ms, total 3ms
2018-09-17 14:51:08.168000	ALL	09-17 08:51:08.077  6789  6794 D dalvikvm: GC_CONCURRENT freed 393K, 86% free 1147K/8192K, paused 0ms+0ms, total 3ms
2018-09-17 14:51:08.265000	ALL	09-17 08:51:08.173  6789  6794 D dalvikvm: GC_CONCURRENT freed 406K, 86% free 1147K/8192K, paused 1ms+0ms, total 3ms
2018-09-17 14:51:08.366000	ALL	09-17 08:51:08.273  6789  6794 D dalvikvm: GC_CONCURRENT freed 405K, 86% free 1147K/8192K, paused 0ms+0ms, total 0ms
2018-09-17 14:51:08.461000	ALL	09-17 08:51:08.369  6789  6794 D dalvikvm: GC_CONCURRENT freed 405K, 86% free 1147K/8192K, paused 1ms+0ms, total 3ms
2018-09-17 14:51:08.558000	ALL	09-17 08:51:08.465  6789  6794 D dalvikvm: GC_CONCURRENT freed 405K, 86% free 1147K/8192K, paused 0ms+0ms, total 4ms
2018-09-17 14:51:08.659000	ALL	09-17 08:51:08.565  6789  6794 D dalvikvm: GC_CONCURRENT freed 417K, 87% free 1135K/8192K, paused 0ms+0ms, total 11ms
2018-09-17 14:51:08.749000	ALL	09-17 08:51:08.657  6789  6794 D dalvikvm: GC_CONCURRENT freed 394K, 86% free 1147K/8192K, paused 2ms+1ms, total 6ms
2018-09-17 14:51:08.798000	ALL	09-17 08:51:08.701  6789  6794 D dalvikvm: GC_CONCURRENT freed 405K, 86% free 1147K/8192K, paused 0ms+0ms, total 3ms
2018-09-17 14:51:08.888000	ALL	09-17 08:51:08.793  6789  6794 D dalvikvm: GC_CONCURRENT freed 406K, 86% free 1147K/8192K, paused 0ms+0ms, total 3ms
2018-09-17 14:51:08.978000	ALL	09-17 08:51:08.881  6789  6794 D dalvikvm: GC_CONCURRENT freed 405K, 86% free 1147K/8192K, paused 0ms+0ms, total 2ms
2018-09-17 14:51:08.986000	ALL	09-17 08:51:08.893  6816  6819 D dalvikvm: GC_CONCURRENT freed 1280K, 17% free 7322K/8760K, paused 0ms+1ms, total 5ms
2018-09-17 14:51:09.076000	ALL	09-17 08:51:08.981  6789  6794 D dalvikvm: GC_CONCURRENT freed 405K, 86% free 1147K/8192K, paused 0ms+0ms, total 2ms
2018-09-17 14:51:09.165000	ALL	09-17 08:51:09.073  6789  6794 D dalvikvm: GC_CONCURRENT freed 406K, 86% free 1147K/8192K, paused 1ms+0ms, total 2ms
2018-09-17 14:51:09.269000	ALL	09-17 08:51:09.177  6789  6794 D dalvikvm: GC_CONCURRENT freed 418K, 87% free 1135K/8192K, paused 0ms+1ms, total 2ms
2018-09-17 14:51:09.360000	ALL	09-17 08:51:09.265  6789  6794 D dalvikvm: GC_CONCURRENT freed 405K, 87% free 1135K/8192K, paused 0ms+0ms, total 1ms
2018-09-17 14:51:09.454000	ALL	09-17 08:51:09.361  6789  6794 D dalvikvm: GC_CONCURRENT freed 405K, 87% free 1135K/8192K, paused 0ms+0ms, total 1ms
2018-09-17 14:51:09.552000	ALL	09-17 08:51:09.457  6789  6794 D dalvikvm: GC_CONCURRENT freed 405K, 87% free 1135K/8192K, paused 0ms+0ms, total 2ms
2018-09-17 14:51:09.645000	ALL	09-17 08:51:09.553  6789  6794 D dalvikvm: GC_CONCURRENT freed 366K, 86% free 1156K/8192K, paused 1ms+1ms, total 3ms
2018-09-17 14:51:09.688000	ALL	09-17 08:51:09.597  6789  6794 D dalvikvm: GC_CONCURRENT freed 401K, 86% free 1154K/8192K, paused 0ms+1ms, total 4ms
2018-09-17 14:51:09.772000	ALL	09-17 08:51:09.677  6789  6794 D dalvikvm: GC_CONCURRENT freed 406K, 87% free 1135K/8192K, paused 2ms+0ms, total 3ms
2018-09-17 14:51:09.870000	ALL	09-17 08:51:09.781  6789  6789 W InteractionController: runAndwaitForEvent timedout waiting for events
2018-09-17 14:51:09.875000	ALL	09-17 08:51:09.781  6789  6794 D dalvikvm: GC_CONCURRENT freed 394K, 86% free 1147K/8192K, paused 0ms+0ms, total 3ms
2018-09-17 14:51:09.884000	ALL	09-17 08:51:09.797  6789  6789 I QueryController: Matched selector: UiSelector[CLASS=android.widget.TextView, INSTANCE=2, COUNT=2] <<==>> [android.view.accessibility.AccessibilityNodeInfo@1305e; boundsInParent: Rect(0, 0 - 278, 57); boundsInScreen: Rect(36, 589 - 314, 646); packageName: io.appium.android.apis; className: android.widget.TextView; text: Recipient #; contentDescription: Recipient #; viewIdResName: null; checkable: false; checked: false; focusable: false; focused: false; selected: false; clickable: false; longClickable: false; enabled: true; password: false; scrollable: false; [ACTION_SELECT, ACTION_CLEAR_SELECTION, ACTION_ACCESSIBILITY_FOCUS, ACTION_NEXT_AT_MOVEMENT_GRANULARITY, ACTION_PREVIOUS_AT_MOVEMENT_GRANULARITY, ACTION_SET_SELECTION]]
2018-09-17 14:51:09.889000	ALL	09-17 08:51:09.797  6789  6789 D UiObject: getText() = Recipient #
2018-09-17 14:51:09.899000	ALL	09-17 08:51:09.813  6789  6789 I QueryController: Matched selector: UiSelector[CLASS=android.widget.TextView, INSTANCE=2, COUNT=2] <<==>> [android.view.accessibility.AccessibilityNodeInfo@1305e; boundsInParent: Rect(0, 0 - 278, 57); boundsInScreen: Rect(36, 589 - 314, 646); packageName: io.appium.android.apis; className: android.widget.TextView; text: Recipient #; contentDescription: Recipient #; viewIdResName: null; checkable: false; checked: false; focusable: false; focused: false; selected: false; clickable: false; longClickable: false; enabled: true; password: false; scrollable: false; [ACTION_SELECT, ACTION_CLEAR_SELECTION, ACTION_ACCESSIBILITY_FOCUS, ACTION_NEXT_AT_MOVEMENT_GRANULARITY, ACTION_PREVIOUS_AT_MOVEMENT_GRANULARITY, ACTION_SET_SELECTION]]
2018-09-17 14:51:09.904000	ALL	09-17 08:51:09.813  6789  6789 D UiObject: getText() = Recipient #
2018-09-17 14:51:09.908000	ALL	09-17 08:51:09.821  6789  6789 I QueryController: Matched selector: UiSelector[CLASS=android.widget.TextView, INSTANCE=2, COUNT=2] <<==>> [android.view.accessibility.AccessibilityNodeInfo@1305e; boundsInParent: Rect(0, 0 - 278, 57); boundsInScreen: Rect(36, 589 - 314, 646); packageName: io.appium.android.apis; className: android.widget.TextView; text: Recipient #; contentDescription: Recipient #; viewIdResName: null; checkable: false; checked: false; focusable: false; focused: false; selected: false; clickable: false; longClickable: false; enabled: true; password: false; scrollable: false; [ACTION_SELECT, ACTION_CLEAR_SELECTION, ACTION_ACCESSIBILITY_FOCUS, ACTION_NEXT_AT_MOVEMENT_GRANULARITY, ACTION_PREVIOUS_AT_MOVEMENT_GRANULARITY, ACTION_SET_SELECTION]]
2018-09-17 14:51:09.912000	ALL	09-17 08:51:09.821  6789  6789 D UiObject: getText() = Recipient #
2018-09-17 14:51:09.912000	ALL	09-17 08:51:09.825  6789  6789 I QueryController: Matched selector: UiSelector[CLASS=android.widget.TextView, INSTANCE=2, COUNT=2] <<==>> [android.view.accessibility.AccessibilityNodeInfo@1305e; boundsInParent: Rect(0, 0 - 278, 57); boundsInScreen: Rect(36, 589 - 314, 646); packageName: io.appium.android.apis; className: android.widget.TextView; text: Recipient #; contentDescription: Recipient #; viewIdResName: null; checkable: false; checked: false; focusable: false; focused: false; selected: false; clickable: false; longClickable: false; enabled: true; password: false; scrollable: false; [ACTION_SELECT, ACTION_CLEAR_SELECTION, ACTION_ACCESSIBILITY_FOCUS, ACTION_NEXT_AT_MOVEMENT_GRANULARITY, ACTION_PREVIOUS_AT_MOVEMENT_GRANULARITY, ACTION_SET_SELECTION]]
2018-09-17 14:51:09.916000	ALL	09-17 08:51:09.825  6789  6789 D UiObject: getText() = Recipient #
2018-09-17 14:51:09.916000	ALL	09-17 08:51:09.829  6789  6789 I QueryController: Matched selector: UiSelector[CLASS=android.widget.TextView, INSTANCE=2, COUNT=2] <<==>> [android.view.accessibility.AccessibilityNodeInfo@1305e; boundsInParent: Rect(0, 0 - 278, 57); boundsInScreen: Rect(36, 589 - 314, 646); packageName: io.appium.android.apis; className: android.widget.TextView; text: Recipient #; contentDescription: Recipient #; viewIdResName: null; checkable: false; checked: false; focusable: false; focused: false; selected: false; clickable: false; longClickable: false; enabled: true; password: false; scrollable: false; [ACTION_SELECT, ACTION_CLEAR_SELECTION, ACTION_ACCESSIBILITY_FOCUS, ACTION_NEXT_AT_MOVEMENT_GRANULARITY, ACTION_PREVIOUS_AT_MOVEMENT_GRANULARITY, ACTION_SET_SELECTION]]
2018-09-17 14:51:09.918000	ALL	09-17 08:51:09.829  6789  6789 D UiObject: getText() = Recipient #
2018-09-17 14:51:09.921000	ALL	09-17 08:51:09.829  6789  6794 D dalvikvm: GC_CONCURRENT freed 414K, 87% free 1136K/8192K, paused 0ms+0ms, total 2ms
2018-09-17 14:51:09.921000	ALL	09-17 08:51:09.833  6789  6789 I QueryController: Matched selector: UiSelector[CLASS=android.widget.TextView, INSTANCE=2, COUNT=2] <<==>> [android.view.accessibility.AccessibilityNodeInfo@1305e; boundsInParent: Rect(0, 0 - 278, 57); boundsInScreen: Rect(36, 589 - 314, 646); packageName: io.appium.android.apis; className: android.widget.TextView; text: Recipient #; contentDescription: Recipient #; viewIdResName: null; checkable: false; checked: false; focusable: false; focused: false; selected: false; clickable: false; longClickable: false; enabled: true; password: false; scrollable: false; [ACTION_SELECT, ACTION_CLEAR_SELECTION, ACTION_ACCESSIBILITY_FOCUS, ACTION_NEXT_AT_MOVEMENT_GRANULARITY, ACTION_PREVIOUS_AT_MOVEMENT_GRANULARITY, ACTION_SET_SELECTION]]
2018-09-17 14:51:09.926000	ALL	09-17 08:51:09.833  6789  6789 D UiObject: getText() = Recipient #
2018-09-17 14:51:09.926000	ALL	09-17 08:51:09.837  6789  6789 I QueryController: Matched selector: UiSelector[CLASS=android.widget.TextView, INSTANCE=2, COUNT=2] <<==>> [android.view.accessibility.AccessibilityNodeInfo@1305e; boundsInParent: Rect(0, 0 - 278, 57); boundsInScreen: Rect(36, 589 - 314, 646); packageName: io.appium.android.apis; className: android.widget.TextView; text: Recipient #; contentDescription: Recipient #; viewIdResName: null; checkable: false; checked: false; focusable: false; focused: false; selected: false; clickable: false; longClickable: false; enabled: true; password: false; scrollable: false; [ACTION_SELECT, ACTION_CLEAR_SELECTION, ACTION_ACCESSIBILITY_FOCUS, ACTION_NEXT_AT_MOVEMENT_GRANULARITY, ACTION_PREVIOUS_AT_MOVEMENT_GRANULARITY, ACTION_SET_SELECTION]]
2018-09-17 14:51:09.930000	ALL	09-17 08:51:09.837  6789  6789 D UiObject: getText() = Recipient #
2018-09-17 14:51:09.935000	ALL	09-17 08:51:09.845  6789  6789 I QueryController: Matched selector: UiSelector[CLASS=android.widget.TextView, INSTANCE=2, COUNT=2] <<==>> [android.view.accessibility.AccessibilityNodeInfo@1305e; boundsInParent: Rect(0, 0 - 278, 57); boundsInScreen: Rect(36, 589 - 314, 646); packageName: io.appium.android.apis; className: android.widget.TextView; text: Recipient #; contentDescription: Recipient #; viewIdResName: null; checkable: false; checked: false; focusable: false; focused: false; selected: false; clickable: false; longClickable: false; enabled: true; password: false; scrollable: false; [ACTION_SELECT, ACTION_CLEAR_SELECTION, ACTION_ACCESSIBILITY_FOCUS, ACTION_NEXT_AT_MOVEMENT_GRANULARITY, ACTION_PREVIOUS_AT_MOVEMENT_GRANULARITY, ACTION_SET_SELECTION]]
2018-09-17 14:51:09.935000	ALL	09-17 08:51:09.845  6789  6789 I QueryController: Matched selector: UiSelector[CLASS=android.widget.TextView, INSTANCE=2, COUNT=2] <<==>> [android.view.accessibility.AccessibilityNodeInfo@1305e; boundsInParent: Rect(0, 0 - 278, 57); boundsInScreen: Rect(36, 589 - 314, 646); packageName: io.appium.android.apis; className: android.widget.TextView; text: Recipient #; contentDescription: Recipient #; viewIdResName: null; checkable: false; checked: false; focusable: false; focused: false; selected: false; clickable: false; longClickable: false; enabled: true; password: false; scrollable: false; [ACTION_SELECT, ACTION_CLEAR_SELECTION, ACTION_ACCESSIBILITY_FOCUS, ACTION_NEXT_AT_MOVEMENT_GRANULARITY, ACTION_PREVIOUS_AT_MOVEMENT_GRANULARITY, ACTION_SET_SELECTION]]
2018-09-17 14:51:09.941000	ALL	09-17 08:51:09.845  6789  6789 D UiObject: getText() = Recipient #
2018-09-17 14:51:09.947000	ALL	09-17 08:51:09.857  6789  6789 I QueryController: Matched selector: UiSelector[CLASS=android.widget.TextView, INSTANCE=2, COUNT=2] <<==>> [android.view.accessibility.AccessibilityNodeInfo@1305e; boundsInParent: Rect(0, 0 - 278, 57); boundsInScreen: Rect(36, 589 - 314, 646); packageName: io.appium.android.apis; className: android.widget.TextView; text: Recipient #; contentDescription: Recipient #; viewIdResName: null; checkable: false; checked: false; focusable: false; focused: false; selected: false; clickable: false; longClickable: false; enabled: true; password: false; scrollable: false; [ACTION_SELECT, ACTION_CLEAR_SELECTION, ACTION_ACCESSIBILITY_FOCUS, ACTION_NEXT_AT_MOVEMENT_GRANULARITY, ACTION_PREVIOUS_AT_MOVEMENT_GRANULARITY, ACTION_SET_SELECTION]]
2018-09-17 14:51:09.948000	ALL	09-17 08:51:09.857  6789  6789 D UiObject: getText() = Recipient #
2018-09-17 14:51:09.952000	ALL	09-17 08:51:09.865  6789  6789 I QueryController: Matched selector: UiSelector[CLASS=android.widget.TextView, INSTANCE=2, COUNT=2] <<==>> [android.view.accessibility.AccessibilityNodeInfo@1305e; boundsInParent: Rect(0, 0 - 278, 57); boundsInScreen: Rect(36, 589 - 314, 646); packageName: io.appium.android.apis; className: android.widget.TextView; text: Recipient #; contentDescription: Recipient #; viewIdResName: null; checkable: false; checked: false; focusable: false; focused: false; selected: false; clickable: false; longClickable: false; enabled: true; password: false; scrollable: false; [ACTION_SELECT, ACTION_CLEAR_SELECTION, ACTION_ACCESSIBILITY_FOCUS, ACTION_NEXT_AT_MOVEMENT_GRANULARITY, ACTION_PREVIOUS_AT_MOVEMENT_GRANULARITY, ACTION_SET_SELECTION]]
2018-09-17 14:51:09.957000	ALL	09-17 08:51:09.865  6789  6789 D UiObject: getText() = Recipient #
2018-09-17 14:51:09.964000	ALL	09-17 08:51:09.877  6789  6794 D dalvikvm: GC_CONCURRENT freed 412K, 86% free 1154K/8192K, paused 0ms+0ms, total 4ms
2018-09-17 14:51:09.971000	ALL	09-17 08:51:09.877  6789  6789 I QueryController: Matched selector: UiSelector[CLASS=android.widget.TextView, INSTANCE=2, COUNT=2] <<==>> [android.view.accessibility.AccessibilityNodeInfo@1305e; boundsInParent: Rect(0, 0 - 278, 57); boundsInScreen: Rect(36, 589 - 314, 646); packageName: io.appium.android.apis; className: android.widget.TextView; text: Recipient #; contentDescription: Recipient #; viewIdResName: null; checkable: false; checked: false; focusable: false; focused: false; selected: false; clickable: false; longClickable: false; enabled: true; password: false; scrollable: false; [ACTION_SELECT, ACTION_CLEAR_SELECTION, ACTION_ACCESSIBILITY_FOCUS, ACTION_NEXT_AT_MOVEMENT_GRANULARITY, ACTION_PREVIOUS_AT_MOVEMENT_GRANULARITY, ACTION_SET_SELECTION]]
2018-09-17 14:51:10.003000	ALL	09-17 08:51:09.909  6789  6794 D dalvikvm: GC_CONCURRENT freed 406K, 86% free 1148K/8192K, paused 1ms+0ms, total 3ms
2018-09-17 14:51:10.087000	ALL	09-17 08:51:09.993  6789  6794 D dalvikvm: GC_CONCURRENT freed 377K, 86% free 1155K/8192K, paused 2ms+1ms, total 4ms
2018-09-17 14:51:10.174000	ALL	09-17 08:51:10.081  6789  6794 D dalvikvm: GC_CONCURRENT freed 402K, 87% free 1136K/8192K, paused 1ms+1ms, total 3ms
2018-09-17 14:51:10.275000	ALL	09-17 08:51:10.181  6789  6794 D dalvikvm: GC_CONCURRENT freed 394K, 86% free 1148K/8192K, paused 0ms+0ms, total 3ms
2018-09-17 14:51:10.370000	ALL	09-17 08:51:10.277  6789  6794 D dalvikvm: GC_CONCURRENT freed 377K, 86% free 1166K/8192K, paused 3ms+0ms, total 6ms
2018-09-17 14:51:10.457000	ALL	09-17 08:51:10.361  6789  6794 D dalvikvm: GC_CONCURRENT freed 416K, 86% free 1166K/8192K, paused 1ms+0ms, total 4ms
2018-09-17 14:51:10.491000	ALL	09-17 08:51:10.393  6789  6794 D dalvikvm: GC_CONCURRENT freed 424K, 86% free 1149K/8192K, paused 0ms+0ms, total 1ms
2018-09-17 14:51:10.569000	ALL	09-17 08:51:10.473  6789  6794 D dalvikvm: GC_CONCURRENT freed 406K, 86% free 1148K/8192K, paused 0ms+0ms, total 1ms
2018-09-17 14:51:10.672000	ALL	09-17 08:51:10.577  6789  6794 D dalvikvm: GC_CONCURRENT freed 406K, 86% free 1148K/8192K, paused 0ms+0ms, total 1ms
2018-09-17 14:51:10.772000	ALL	09-17 08:51:10.681  6789  6794 D dalvikvm: GC_CONCURRENT freed 405K, 86% free 1148K/8192K, paused 0ms+1ms, total 2ms
2018-09-17 14:51:10.864000	ALL	09-17 08:51:10.769  6789  6794 D dalvikvm: GC_CONCURRENT freed 405K, 86% free 1148K/8192K, paused 0ms+0ms, total 2ms
2018-09-17 14:51:10.894000	ALL	09-17 08:51:10.805  6816  6819 D dalvikvm: GC_CONCURRENT freed 1272K, 17% free 7323K/8760K, paused 3ms+1ms, total 8ms
2018-09-17 14:51:10.956000	ALL	09-17 08:51:10.865  6789  6794 D dalvikvm: GC_CONCURRENT freed 405K, 86% free 1148K/8192K, paused 0ms+0ms, total 2ms
2018-09-17 14:51:11.054000	ALL	09-17 08:51:10.961  6789  6794 D dalvikvm: GC_CONCURRENT freed 377K, 86% free 1159K/8192K, paused 2ms+0ms, total 6ms
2018-09-17 14:51:11.144000	ALL	09-17 08:51:11.053  6789  6794 D dalvikvm: GC_CONCURRENT freed 434K, 86% free 1147K/8192K, paused 1ms+1ms, total 7ms
2018-09-17 14:51:11.187000	ALL	09-17 08:51:11.093  6789  6794 D dalvikvm: GC_CONCURRENT freed 376K, 86% free 1155K/8192K, paused 2ms+0ms, total 3ms
2018-09-17 14:51:11.284000	ALL	09-17 08:51:11.185  6789  6794 D dalvikvm: GC_CONCURRENT freed 433K, 86% free 1149K/8192K, paused 0ms+0ms, total 2ms
2018-09-17 14:51:11.378000	ALL	09-17 08:51:11.285  6789  6794 D dalvikvm: GC_CONCURRENT freed 406K, 86% free 1148K/8192K, paused 0ms+0ms, total 2ms
2018-09-17 14:51:11.473000	ALL	09-17 08:51:11.381  6789  6794 D dalvikvm: GC_CONCURRENT freed 405K, 86% free 1148K/8192K, paused 0ms+0ms, total 2ms
2018-09-17 14:51:11.544000	ALL	09-17 08:51:11.449  6789  6794 D dalvikvm: GC_CONCURRENT freed 406K, 86% free 1148K/8192K, paused 0ms+0ms, total 3ms
2018-09-17 14:51:11.585000	ALL	09-17 08:51:11.493  6789  6794 D dalvikvm: GC_CONCURRENT freed 404K, 86% free 1148K/8192K, paused 0ms+0ms, total 2ms
2018-09-17 14:51:11.680000	ALL	09-17 08:51:11.589  6789  6794 D dalvikvm: GC_CONCURRENT freed 406K, 86% free 1148K/8192K, paused 0ms+0ms, total 3ms
2018-09-17 14:51:11.783000	ALL	09-17 08:51:11.689  6789  6794 D dalvikvm: GC_CONCURRENT freed 405K, 86% free 1148K/8192K, paused 0ms+0ms, total 1ms
2018-09-17 14:51:11.867000	ALL	09-17 08:51:11.773  6789  6794 D dalvikvm: GC_CONCURRENT freed 417K, 87% free 1136K/8192K, paused 0ms+0ms, total 2ms
2018-09-17 14:51:11.977000	ALL	09-17 08:51:11.881  6789  6794 D dalvikvm: GC_CONCURRENT freed 393K, 86% free 1148K/8192K, paused 0ms+0ms, total 3ms
2018-09-17 14:51:12.077000	ALL	09-17 08:51:11.981  6789  6794 D dalvikvm: GC_CONCURRENT freed 381K, 86% free 1167K/8192K, paused 3ms+2ms, total 7ms
2018-09-17 14:51:12.161000	ALL	09-17 08:51:12.069  6789  6794 D dalvikvm: GC_CONCURRENT freed 431K, 86% free 1148K/8192K, paused 1ms+1ms, total 4ms
2018-09-17 14:51:12.258000	ALL	09-17 08:51:12.165  6789  6794 D dalvikvm: GC_CONCURRENT freed 405K, 86% free 1148K/8192K, paused 1ms+0ms, total 4ms
2018-09-17 14:51:12.354000	ALL	09-17 08:51:12.265  6789  6794 D dalvikvm: GC_CONCURRENT freed 405K, 86% free 1148K/8192K, paused 1ms+0ms, total 5ms
2018-09-17 14:51:12.448000	ALL	09-17 08:51:12.353  6789  6794 D dalvikvm: GC_CONCURRENT freed 405K, 86% free 1148K/8192K, paused 0ms+1ms, total 3ms
2018-09-17 14:51:12.493000	ALL	09-17 08:51:12.397  6789  6794 D dalvikvm: GC_CONCURRENT freed 415K, 87% free 1137K/8192K, paused 2ms+0ms, total 5ms
2018-09-17 14:51:12.587000	ALL	09-17 08:51:12.493  6789  6794 D dalvikvm: GC_CONCURRENT freed 395K, 86% free 1149K/8192K, paused 0ms+1ms, total 2ms
2018-09-17 14:51:12.690000	ALL	09-17 08:51:12.597  6789  6794 D dalvikvm: GC_CONCURRENT freed 405K, 86% free 1149K/8192K, paused 0ms+0ms, total 2ms
2018-09-17 14:51:12.778000	ALL	09-17 08:51:12.685  6789  6794 D dalvikvm: GC_CONCURRENT freed 406K, 86% free 1150K/8192K, paused 1ms+0ms, total 4ms
2018-09-17 14:51:12.790000	ALL	09-17 08:51:12.697   753  2692 I LatinIME:LogUtils: Dictionary info: dictionary = contacts.en_US.dict ; version = ? ; date = ?
2018-09-17 14:51:12.934000	ALL	09-17 08:51:12.845  6789  6789 I AccessibilityNodeInfoDumper: Skipping invisible child: android.view.accessibility.AccessibilityNodeInfo@164ec; boundsInParent: Rect(0, 0 - 0, 144); boundsInScreen: Rect(1080, 75 - 1080, 219); packageName: io.appium.android.apis; className: android.widget.LinearLayout; text: null; contentDescription: null; viewIdResName: null; checkable: false; checked: false; focusable: false; focused: false; selected: false; clickable: false; longClickable: false; enabled: true; password: false; scrollable: false; [ACTION_SELECT, ACTION_CLEAR_SELECTION, ACTION_ACCESSIBILITY_FOCUS]
2018-09-17 14:51:12.937000	ALL	09-17 08:51:12.845  6789  6789 W AccessibilityNodeInfoDumper: Fetch time: 9ms
2018-09-17 14:51:12.943000	ALL	09-17 08:51:12.849  6789  6794 D dalvikvm: GC_CONCURRENT freed 313K, 85% free 1265K/8192K, paused 1ms+1ms, total 3ms
2018-09-17 14:51:12.970000	ALL	09-17 08:51:12.877  6789  6789 I AccessibilityNodeInfoDumper: Skipping invisible child: android.view.accessibility.AccessibilityNodeInfo@164ec; boundsInParent: Rect(0, 0 - 0, 144); boundsInScreen: Rect(1080, 75 - 1080, 219); packageName: io.appium.android.apis; className: android.widget.LinearLayout; text: null; contentDescription: null; viewIdResName: null; checkable: false; checked: false; focusable: false; focused: false; selected: false; clickable: false; longClickable: false; enabled: true; password: false; scrollable: false; [ACTION_SELECT, ACTION_CLEAR_SELECTION, ACTION_ACCESSIBILITY_FOCUS]
2018-09-17 14:51:12.974000	ALL	09-17 08:51:12.881  6789  6794 D dalvikvm: GC_CONCURRENT freed 469K, 86% free 1202K/8192K, paused 0ms+1ms, total 3ms
2018-09-17 14:51:12.979000	ALL	09-17 08:51:12.885  6789  6789 W AccessibilityNodeInfoDumper: Fetch time: 8ms
2018-09-17 14:51:13.439000	ALL	09-17 08:51:13.345  6789  6794 D dalvikvm: GC_CONCURRENT freed 456K, 86% free 1169K/8192K, paused 1ms+0ms, total 5ms
2018-09-17 14:51:13.453000	ALL	09-17 08:51:13.361  6816  6819 D dalvikvm: GC_CONCURRENT freed 1267K, 17% free 7332K/8760K, paused 2ms+1ms, total 7ms
2018-09-17 14:51:13.482000	ALL	09-17 08:51:13.389  6789  6794 D dalvikvm: GC_CONCURRENT freed 395K, 86% free 1157K/8192K, paused 1ms+1ms, total 3ms
2018-09-17 14:51:13.517000	ALL	09-17 08:51:13.425  6789  6789 I AccessibilityNodeInfoDumper: Skipping invisible child: android.view.accessibility.AccessibilityNodeInfo@164ec; boundsInParent: Rect(0, 0 - 0, 144); boundsInScreen: Rect(1080, 75 - 1080, 219); packageName: io.appium.android.apis; className: android.widget.LinearLayout; text: null; contentDescription: null; viewIdResName: null; checkable: false; checked: false; focusable: false; focused: false; selected: false; clickable: false; longClickable: false; enabled: true; password: false; scrollable: false; [ACTION_SELECT, ACTION_CLEAR_SELECTION, ACTION_ACCESSIBILITY_FOCUS]
2018-09-17 14:51:13.518000	ALL	09-17 08:51:13.429  6789  6789 W AccessibilityNodeInfoDumper: Fetch time: 8ms
2018-09-17 14:51:13.523000	ALL	09-17 08:51:13.429  6789  6794 D dalvikvm: GC_CONCURRENT freed 398K, 84% free 1352K/8192K, paused 2ms+1ms, total 8ms
2018-09-17 14:51:13.549000	ALL	09-17 08:51:13.457  6789  6794 D dalvikvm: GC_CONCURRENT freed 445K, 85% free 1308K/8192K, paused 1ms+1ms, total 5ms
2018-09-17 14:51:13.568000	ALL	09-17 08:51:13.473  6789  6789 I AccessibilityNodeInfoDumper: Skipping invisible child: android.view.accessibility.AccessibilityNodeInfo@164ec; boundsInParent: Rect(0, 0 - 0, 144); boundsInScreen: Rect(1080, 75 - 1080, 219); packageName: io.appium.android.apis; className: android.widget.LinearLayout; text: null; contentDescription: null; viewIdResName: null; checkable: false; checked: false; focusable: false; focused: false; selected: false; clickable: false; longClickable: false; enabled: true; password: false; scrollable: false; [ACTION_SELECT, ACTION_CLEAR_SELECTION, ACTION_ACCESSIBILITY_FOCUS]
2018-09-17 14:51:13.572000	ALL	09-17 08:51:13.481  6789  6789 W AccessibilityNodeInfoDumper: Fetch time: 8ms
2018-09-17 14:51:13.577000	ALL	09-17 08:51:13.485  6789  6794 D dalvikvm: GC_CONCURRENT freed 524K, 85% free 1246K/8192K, paused 1ms+2ms, total 5ms
2018-09-17 14:51:13.595000	ALL	09-17 08:51:13.501  6789  6794 D dalvikvm: GC_CONCURRENT freed 389K, 85% free 1304K/8192K, paused 1ms+2ms, total 4ms
2018-09-17 14:51:13.626000	ALL	09-17 08:51:13.533  6789  6794 D dalvikvm: GC_CONCURRENT freed 570K, 86% free 1152K/8192K, paused 0ms+0ms, total 2ms
2018-09-17 14:51:13.659000	ALL	09-17 08:51:13.565  6789  6794 D dalvikvm: GC_CONCURRENT freed 410K, 86% free 1150K/8192K, paused 0ms+1ms, total 2ms
2018-09-17 14:51:13.691000	ALL	09-17 08:51:13.597  6789  6794 D dalvikvm: GC_CONCURRENT freed 407K, 86% free 1150K/8192K, paused 0ms+1ms, total 2ms
2018-09-17 14:51:13.723000	ALL	09-17 08:51:13.629  6789  6794 D dalvikvm: GC_CONCURRENT freed 406K, 86% free 1151K/8192K, paused 0ms+1ms, total 2ms
2018-09-17 14:51:13.765000	ALL	09-17 08:51:13.669  6789  6794 D dalvikvm: GC_CONCURRENT freed 408K, 86% free 1150K/8192K, paused 0ms+0ms, total 3ms
2018-09-17 14:51:13.806000	ALL	09-17 08:51:13.713  6789  6794 D dalvikvm: GC_CONCURRENT freed 407K, 86% free 1150K/8192K, paused 0ms+0ms, total 2ms
2018-09-17 14:51:13.858000	ALL	09-17 08:51:13.765  6789  6794 D dalvikvm: GC_CONCURRENT freed 377K, 86% free 1173K/8192K, paused 1ms+0ms, total 5ms
2018-09-17 14:51:13.902000	ALL	09-17 08:51:13.809  6789  6794 D dalvikvm: GC_CONCURRENT freed 420K, 86% free 1169K/8192K, paused 0ms+2ms, total 5ms
2018-09-17 14:51:13.963000	ALL	09-17 08:51:13.869  6789  6794 D dalvikvm: GC_CONCURRENT freed 426K, 86% free 1150K/8192K, paused 1ms+0ms, total 4ms
2018-09-17 14:51:13.996000	ALL	09-17 08:51:13.905  6789  6794 D dalvikvm: GC_CONCURRENT freed 407K, 86% free 1150K/8192K, paused 0ms+1ms, total 2ms
2018-09-17 14:51:14.072000	ALL	09-17 08:51:13.977  6789  6794 D dalvikvm: GC_CONCURRENT freed 407K, 86% free 1150K/8192K, paused 1ms+0ms, total 3ms
2018-09-17 14:51:14.124000	ALL	09-17 08:51:14.029  6789  6789 I AccessibilityNodeInfoDumper: Skipping invisible child: android.view.accessibility.AccessibilityNodeInfo@164ec; boundsInParent: Rect(0, 0 - 0, 144); boundsInScreen: Rect(1080, 75 - 1080, 219); packageName: io.appium.android.apis; className: android.widget.LinearLayout; text: null; contentDescription: null; viewIdResName: null; checkable: false; checked: false; focusable: false; focused: false; selected: false; clickable: false; longClickable: false; enabled: true; password: false; scrollable: false; [ACTION_SELECT, ACTION_CLEAR_SELECTION, ACTION_ACCESSIBILITY_FOCUS]
2018-09-17 14:51:14.129000	ALL	09-17 08:51:14.037  6789  6789 W AccessibilityNodeInfoDumper: Fetch time: 11ms
2018-09-17 14:51:14.134000	ALL	09-17 08:51:14.041  6789  6794 D dalvikvm: GC_CONCURRENT freed 339K, 86% free 1203K/8192K, paused 1ms+1ms, total 5ms
2018-09-17 14:51:14.155000	ALL	09-17 08:51:14.065  6789  6794 D dalvikvm: GC_CONCURRENT freed 440K, 86% free 1175K/8192K, paused 0ms+2ms, total 4ms
2018-09-17 14:51:14.160000	ALL	09-17 08:51:14.069  6789  6789 I AccessibilityNodeInfoDumper: Skipping invisible child: android.view.accessibility.AccessibilityNodeInfo@164ec; boundsInParent: Rect(0, 0 - 0, 144); boundsInScreen: Rect(1080, 75 - 1080, 219); packageName: io.appium.android.apis; className: android.widget.LinearLayout; text: null; contentDescription: null; viewIdResName: null; checkable: false; checked: false; focusable: false; focused: false; selected: false; clickable: false; longClickable: false; enabled: true; password: false; scrollable: false; [ACTION_SELECT, ACTION_CLEAR_SELECTION, ACTION_ACCESSIBILITY_FOCUS]
2018-09-17 14:51:14.164000	ALL	09-17 08:51:14.073  6789  6789 W AccessibilityNodeInfoDumper: Fetch time: 6ms
2018-09-17 14:51:14.176000	ALL	09-17 08:51:14.085  6789  6794 D dalvikvm: GC_CONCURRENT freed 372K, 86% free 1224K/8192K, paused 1ms+2ms, total 5ms
2018-09-17 14:51:14.191000	ALL	09-17 08:51:14.097  6789  6794 D dalvikvm: GC_CONCURRENT freed 317K, 85% free 1299K/8192K, paused 2ms+0ms, total 4ms
2018-09-17 14:51:14.283000	ALL	09-17 08:51:14.185  6789  6794 D dalvikvm: GC_CONCURRENT freed 560K, 86% free 1150K/8192K, paused 1ms+0ms, total 3ms
2018-09-17 14:51:14.378000	ALL	09-17 08:51:14.285  6789  6794 D dalvikvm: GC_CONCURRENT freed 406K, 86% free 1151K/8192K, paused 0ms+0ms, total 2ms
2018-09-17 14:51:14.477000	ALL	09-17 08:51:14.385  6789  6794 D dalvikvm: GC_CONCURRENT freed 408K, 86% free 1150K/8192K, paused 0ms+0ms, total 3ms
2018-09-17 14:51:14.573000	ALL	09-17 08:51:14.481  6789  6794 D dalvikvm: GC_CONCURRENT freed 408K, 86% free 1150K/8192K, paused 2ms+0ms, total 3ms
2018-09-17 14:51:14.668000	ALL	09-17 08:51:14.573  6789  6794 D dalvikvm: GC_CONCURRENT freed 407K, 86% free 1150K/8192K, paused 0ms+0ms, total 2ms
2018-09-17 14:51:14.706000	ALL	09-17 08:51:14.613  6789  6789 I AccessibilityNodeInfoDumper: Skipping invisible child: android.view.accessibility.AccessibilityNodeInfo@164ec; boundsInParent: Rect(0, 0 - 0, 144); boundsInScreen: Rect(1080, 75 - 1080, 219); packageName: io.appium.android.apis; className: android.widget.LinearLayout; text: null; contentDescription: null; viewIdResName: null; checkable: false; checked: false; focusable: false; focused: false; selected: false; clickable: false; longClickable: false; enabled: true; password: false; scrollable: false; [ACTION_SELECT, ACTION_CLEAR_SELECTION, ACTION_ACCESSIBILITY_FOCUS]
2018-09-17 14:51:14.711000	ALL	09-17 08:51:14.617  6789  6789 W AccessibilityNodeInfoDumper: Fetch time: 9ms
2018-09-17 14:51:14.716000	ALL	09-17 08:51:14.625  6789  6794 D dalvikvm: GC_CONCURRENT freed 404K, 86% free 1221K/8192K, paused 2ms+1ms, total 7ms
2018-09-17 14:51:14.736000	ALL	09-17 08:51:14.645  6789  6789 I AccessibilityNodeInfoDumper: Skipping invisible child: android.view.accessibility.AccessibilityNodeInfo@164ec; boundsInParent: Rect(0, 0 - 0, 144); boundsInScreen: Rect(1080, 75 - 1080, 219); packageName: io.appium.android.apis; className: android.widget.LinearLayout; text: null; contentDescription: null; viewIdResName: null; checkable: false; checked: false; focusable: false; focused: false; selected: false; clickable: false; longClickable: false; enabled: true; password: false; scrollable: false; [ACTION_SELECT, ACTION_CLEAR_SELECTION, ACTION_ACCESSIBILITY_FOCUS]
2018-09-17 14:51:14.740000	ALL	09-17 08:51:14.649  6789  6794 D dalvikvm: GC_CONCURRENT freed 442K, 86% free 1201K/8192K, paused 0ms+2ms, total 3ms
2018-09-17 14:51:14.744000	ALL	09-17 08:51:14.653  6789  6789 W AccessibilityNodeInfoDumper: Fetch time: 10ms
2018-09-17 14:51:14.763000	ALL	09-17 08:51:14.669  6789  6794 D dalvikvm: GC_CONCURRENT freed 399K, 85% free 1309K/8192K, paused 1ms+1ms, total 5ms
2018-09-17 14:51:14.773000	ALL	09-17 08:51:14.681  6816  6819 D dalvikvm: GC_CONCURRENT freed 1281K, 17% free 7330K/8768K, paused 2ms+0ms, total 7ms
2018-09-17 14:51:14.853000	ALL	09-17 08:51:14.761  6789  6794 D dalvikvm: GC_CONCURRENT freed 557K, 86% free 1149K/8192K, paused 0ms+0ms, total 4ms
2018-09-17 14:51:14.945000	ALL	09-17 08:51:14.853  6789  6794 D dalvikvm: GC_CONCURRENT freed 406K, 86% free 1151K/8192K, paused 1ms+0ms, total 3ms
2018-09-17 14:51:14.984000	ALL	09-17 08:51:14.889  6789  6794 D dalvikvm: GC_CONCURRENT freed 407K, 86% free 1150K/8192K, paused 0ms+0ms, total 2ms
2018-09-17 14:51:15.093000	ALL	09-17 08:51:15.001  6789  6794 D dalvikvm: GC_CONCURRENT freed 421K, 87% free 1138K/8192K, paused 0ms+0ms, total 2ms
2018-09-17 14:51:15.191000	ALL	09-17 08:51:15.101  6789  6794 D dalvikvm: GC_CONCURRENT freed 364K, 86% free 1157K/8192K, paused 1ms+0ms, total 4ms
2018-09-17 14:51:15.271000	ALL	09-17 08:51:15.177  6789  6794 D dalvikvm: GC_CONCURRENT freed 402K, 87% free 1142K/8192K, paused 3ms+0ms, total 5ms
2018-09-17 14:51:15.284000	ALL	09-17 08:51:15.193  6789  6789 I AccessibilityNodeInfoDumper: Skipping invisible child: android.view.accessibility.AccessibilityNodeInfo@164ec; boundsInParent: Rect(0, 0 - 0, 144); boundsInScreen: Rect(1080, 75 - 1080, 219); packageName: io.appium.android.apis; className: android.widget.LinearLayout; text: null; contentDescription: null; viewIdResName: null; checkable: false; checked: false; focusable: false; focused: false; selected: false; clickable: false; longClickable: false; enabled: true; password: false; scrollable: false; [ACTION_SELECT, ACTION_CLEAR_SELECTION, ACTION_ACCESSIBILITY_FOCUS]
2018-09-17 14:51:15.289000	ALL	09-17 08:51:15.197  6789  6789 W AccessibilityNodeInfoDumper: Fetch time: 6ms
2018-09-17 14:51:15.297000	ALL	09-17 08:51:15.205  6789  6794 D dalvikvm: GC_CONCURRENT freed 331K, 85% free 1254K/8192K, paused 1ms+1ms, total 6ms
2018-09-17 14:51:15.314000	ALL	09-17 08:51:15.221  6789  6789 I AccessibilityNodeInfoDumper: Skipping invisible child: android.view.accessibility.AccessibilityNodeInfo@164ec; boundsInParent: Rect(0, 0 - 0, 144); boundsInScreen: Rect(1080, 75 - 1080, 219); packageName: io.appium.android.apis; className: android.widget.LinearLayout; text: null; contentDescription: null; viewIdResName: null; checkable: false; checked: false; focusable: false; focused: false; selected: false; clickable: false; longClickable: false; enabled: true; password: false; scrollable: false; [ACTION_SELECT, ACTION_CLEAR_SELECTION, ACTION_ACCESSIBILITY_FOCUS]
2018-09-17 14:51:15.316000	ALL	09-17 08:51:15.225  6789  6794 D dalvikvm: GC_CONCURRENT freed 447K, 86% free 1227K/8192K, paused 0ms+2ms, total 4ms
2018-09-17 14:51:15.322000	ALL	09-17 08:51:15.229  6789  6789 W AccessibilityNodeInfoDumper: Fetch time: 9ms
2018-09-17 14:51:15.341000	ALL	09-17 08:51:15.253  6789  6794 D dalvikvm: GC_CONCURRENT freed 464K, 86% free 1158K/8192K, paused 0ms+0ms, total 2ms
2018-09-17 14:51:15.378000	ALL	09-17 08:51:15.285  6789  6794 D dalvikvm: GC_CONCURRENT freed 413K, 86% free 1151K/8192K, paused 0ms+0ms, total 1ms
2018-09-17 14:51:15.481000	ALL	09-17 08:51:15.385  6789  6794 D dalvikvm: GC_CONCURRENT freed 409K, 86% free 1150K/8192K, paused 0ms+0ms, total 3ms
2018-09-17 14:51:15.582000	ALL	09-17 08:51:15.489  6789  6794 D dalvikvm: GC_CONCURRENT freed 418K, 87% free 1140K/8192K, paused 0ms+1ms, total 2ms
2018-09-17 14:51:15.611000	ALL	09-17 08:51:15.521   613   615 D dalvikvm: JIT code cache reset in 0 ms (522932 bytes 5/0)
2018-09-17 14:51:15.617000	ALL	09-17 08:51:15.521   613   615 D dalvikvm: GC_CONCURRENT freed 2372K, 24% free 13067K/17112K, paused 1ms+1ms, total 12ms
2018-09-17 14:51:15.668000	ALL	09-17 08:51:15.573  6789  6794 D dalvikvm: GC_CONCURRENT freed 365K, 86% free 1159K/8192K, paused 2ms+0ms, total 4ms
2018-09-17 14:51:15.769000	ALL	09-17 08:51:15.677  6789  6794 D dalvikvm: GC_CONCURRENT freed 401K, 87% free 1143K/8192K, paused 2ms+1ms, total 5ms
2018-09-17 14:51:15.853000	ALL	09-17 08:51:15.761  6789  6789 I AccessibilityNodeInfoDumper: Skipping invisible child: android.view.accessibility.AccessibilityNodeInfo@164ec; boundsInParent: Rect(0, 0 - 0, 144); boundsInScreen: Rect(1080, 75 - 1080, 219); packageName: io.appium.android.apis; className: android.widget.LinearLayout; text: null; contentDescription: null; viewIdResName: null; checkable: false; checked: false; focusable: false; focused: false; selected: false; clickable: false; longClickable: false; enabled: true; password: false; scrollable: false; [ACTION_SELECT, ACTION_CLEAR_SELECTION, ACTION_ACCESSIBILITY_FOCUS]
2018-09-17 14:51:15.857000	ALL	09-17 08:51:15.765  6789  6794 D dalvikvm: GC_CONCURRENT freed 385K, 86% free 1191K/8192K, paused 2ms+1ms, total 8ms
2018-09-17 14:51:15.862000	ALL	09-17 08:51:15.769  6789  6789 W AccessibilityNodeInfoDumper: Fetch time: 14ms
2018-09-17 14:51:15.876000	ALL	09-17 08:51:15.781  6789  6794 D dalvikvm: GC_CONCURRENT freed 360K, 86% free 1221K/8192K, paused 0ms+0ms, total 2ms
2018-09-17 14:51:15.887000	ALL	09-17 08:51:15.793  6789  6789 I AccessibilityNodeInfoDumper: Skipping invisible child: android.view.accessibility.AccessibilityNodeInfo@164ec; boundsInParent: Rect(0, 0 - 0, 144); boundsInScreen: Rect(1080, 75 - 1080, 219); packageName: io.appium.android.apis; className: android.widget.LinearLayout; text: null; contentDescription: null; viewIdResName: null; checkable: false; checked: false; focusable: false; focused: false; selected: false; clickable: false; longClickable: false; enabled: true; password: false; scrollable: false; [ACTION_SELECT, ACTION_CLEAR_SELECTION, ACTION_ACCESSIBILITY_FOCUS]
2018-09-17 14:51:15.891000	ALL	09-17 08:51:15.801  6789  6794 D dalvikvm: GC_CONCURRENT freed 440K, 86% free 1203K/8192K, paused 0ms+2ms, total 5ms
2018-09-17 14:51:15.896000	ALL	09-17 08:51:15.801  6789  6789 W AccessibilityNodeInfoDumper: Fetch time: 12ms
2018-09-17 14:51:15.910000	ALL	09-17 08:51:15.817  6789  6794 D dalvikvm: GC_CONCURRENT freed 361K, 85% free 1304K/8192K, paused 0ms+1ms, total 3ms
2018-09-17 14:51:15.977000	ALL	09-17 08:51:15.881  6789  6794 D dalvikvm: GC_CONCURRENT freed 565K, 86% free 1149K/8192K, paused 2ms+0ms, total 4ms
2018-09-17 14:51:16.078000	ALL	09-17 08:51:15.989  6789  6794 D dalvikvm: GC_CONCURRENT freed 407K, 86% free 1150K/8192K, paused 0ms+0ms, total 3ms
2018-09-17 14:51:16.182000	ALL	09-17 08:51:16.089  6789  6794 D dalvikvm: GC_CONCURRENT freed 407K, 86% free 1150K/8192K, paused 0ms+0ms, total 1ms
2018-09-17 14:51:16.272000	ALL	09-17 08:51:16.181  6789  6794 D dalvikvm: GC_CONCURRENT freed 408K, 86% free 1149K/8192K, paused 0ms+0ms, total 2ms
2018-09-17 14:51:16.366000	ALL	09-17 08:51:16.273  6789  6794 D dalvikvm: GC_CONCURRENT freed 407K, 86% free 1150K/8192K, paused 0ms+0ms, total 3ms
2018-09-17 14:51:16.439000	ALL	09-17 08:51:16.345  6789  6789 I AccessibilityNodeInfoDumper: Skipping invisible child: android.view.accessibility.AccessibilityNodeInfo@164ec; boundsInParent: Rect(0, 0 - 0, 144); boundsInScreen: Rect(1080, 75 - 1080, 219); packageName: io.appium.android.apis; className: android.widget.LinearLayout; text: null; contentDescription: null; viewIdResName: null; checkable: false; checked: false; focusable: false; focused: false; selected: false; clickable: false; longClickable: false; enabled: true; password: false; scrollable: false; [ACTION_SELECT, ACTION_CLEAR_SELECTION, ACTION_ACCESSIBILITY_FOCUS]
2018-09-17 14:51:16.445000	ALL	09-17 08:51:16.353  6789  6794 D dalvikvm: GC_CONCURRENT freed 367K, 86% free 1196K/8192K, paused 2ms+1ms, total 5ms
2018-09-17 14:51:16.454000	ALL	09-17 08:51:16.361  6789  6789 W AccessibilityNodeInfoDumper: Fetch time: 18ms
2018-09-17 14:51:16.477000	ALL	09-17 08:51:16.373  6789  6794 D dalvikvm: GC_CONCURRENT freed 390K, 86% free 1214K/8192K, paused 0ms+2ms, total 3ms
2018-09-17 14:51:16.488000	ALL	09-17 08:51:16.393  6789  6789 I AccessibilityNodeInfoDumper: Skipping invisible child: android.view.accessibility.AccessibilityNodeInfo@164ec; boundsInParent: Rect(0, 0 - 0, 144); boundsInScreen: Rect(1080, 75 - 1080, 219); packageName: io.appium.android.apis; className: android.widget.LinearLayout; text: null; contentDescription: null; viewIdResName: null; checkable: false; checked: false; focusable: false; focused: false; selected: false; clickable: false; longClickable: false; enabled: true; password: false; scrollable: false; [ACTION_SELECT, ACTION_CLEAR_SELECTION, ACTION_ACCESSIBILITY_FOCUS]
2018-09-17 14:51:16.489000	ALL	09-17 08:51:16.401  6789  6789 W AccessibilityNodeInfoDumper: Fetch time: 6ms
2018-09-17 14:51:16.494000	ALL	09-17 08:51:16.401  6789  6794 D dalvikvm: GC_CONCURRENT freed 455K, 85% free 1232K/8192K, paused 0ms+1ms, total 4ms
2018-09-17 14:51:16.505000	ALL	09-17 08:51:16.413  6789  6794 D dalvikvm: GC_CONCURRENT freed 346K, 85% free 1296K/8192K, paused 0ms+0ms, total 2ms
2018-09-17 14:51:16.578000	ALL	09-17 08:51:16.489  6789  6794 D dalvikvm: GC_CONCURRENT freed 534K, 86% free 1155K/8192K, paused 0ms+2ms, total 3ms
2018-09-17 14:51:16.665000	ALL	09-17 08:51:16.573  6789  6794 D dalvikvm: GC_CONCURRENT freed 434K, 86% free 1149K/8192K, paused 1ms+0ms, total 4ms
2018-09-17 14:51:16.770000	ALL	09-17 08:51:16.677  6816  6819 D dalvikvm: GC_CONCURRENT freed 1280K, 17% free 7331K/8768K, paused 5ms+1ms, total 14ms
2018-09-17 14:51:16.789000	ALL	09-17 08:51:16.697  6789  6794 D dalvikvm: GC_CONCURRENT freed 376K, 86% free 1170K/8192K, paused 2ms+0ms, total 4ms
2018-09-17 14:51:16.879000	ALL	09-17 08:51:16.785  6789  6794 D dalvikvm: GC_CONCURRENT freed 429K, 86% free 1159K/8192K, paused 1ms+1ms, total 4ms
2018-09-17 14:51:16.965000	ALL	09-17 08:51:16.873  6789  6794 D dalvikvm: GC_CONCURRENT freed 430K, 87% free 1137K/8192K, paused 0ms+0ms, total 2ms
2018-09-17 14:51:17.025000	ALL	09-17 08:51:16.933  6789  6789 I AccessibilityNodeInfoDumper: Skipping invisible child: android.view.accessibility.AccessibilityNodeInfo@164ec; boundsInParent: Rect(0, 0 - 0, 144); boundsInScreen: Rect(1080, 75 - 1080, 219); packageName: io.appium.android.apis; className: android.widget.LinearLayout; text: null; contentDescription: null; viewIdResName: null; checkable: false; checked: false; focusable: false; focused: false; selected: false; clickable: false; longClickable: false; enabled: true; password: false; scrollable: false; [ACTION_SELECT, ACTION_CLEAR_SELECTION, ACTION_ACCESSIBILITY_FOCUS]
2018-09-17 14:51:17.026000	ALL	09-17 08:51:16.937  6789  6789 W AccessibilityNodeInfoDumper: Fetch time: 10ms
2018-09-17 14:51:17.032000	ALL	09-17 08:51:16.937  6789  6794 D dalvikvm: GC_CONCURRENT freed 383K, 86% free 1228K/8192K, paused 0ms+2ms, total 3ms
2018-09-17 14:51:17.050000	ALL	09-17 08:51:16.957  6789  6794 D dalvikvm: GC_CONCURRENT freed 467K, 86% free 1176K/8192K, paused 0ms+0ms, total 2ms
2018-09-17 14:51:17.054000	ALL	09-17 08:51:16.961  6789  6789 I AccessibilityNodeInfoDumper: Skipping invisible child: android.view.accessibility.AccessibilityNodeInfo@164ec; boundsInParent: Rect(0, 0 - 0, 144); boundsInScreen: Rect(1080, 75 - 1080, 219); packageName: io.appium.android.apis; className: android.widget.LinearLayout; text: null; contentDescription: null; viewIdResName: null; checkable: false; checked: false; focusable: false; focused: false; selected: false; clickable: false; longClickable: false; enabled: true; password: false; scrollable: false; [ACTION_SELECT, ACTION_CLEAR_SELECTION, ACTION_ACCESSIBILITY_FOCUS]
2018-09-17 14:51:17.061000	ALL	09-17 08:51:16.969  6789  6789 W AccessibilityNodeInfoDumper: Fetch time: 8ms
2018-09-17 14:51:17.072000	ALL	09-17 08:51:16.977  6789  6794 D dalvikvm: GC_CONCURRENT freed 332K, 85% free 1305K/8192K, paused 0ms+2ms, total 5ms
2018-09-17 14:51:17.096000	ALL	09-17 08:51:17.005  6789  6794 D dalvikvm: GC_CONCURRENT freed 548K, 86% free 1148K/8192K, paused 1ms+0ms, total 3ms
2018-09-17 14:51:17.190000	ALL	09-17 08:51:17.097  6789  6794 D dalvikvm: GC_CONCURRENT freed 405K, 86% free 1151K/8192K, paused 1ms+0ms, total 4ms
2018-09-17 14:51:17.287000	ALL	09-17 08:51:17.193  6789  6794 D dalvikvm: GC_CONCURRENT freed 408K, 86% free 1150K/8192K, paused 0ms+0ms, total 3ms
2018-09-17 14:51:17.377000	ALL	09-17 08:51:17.285  6789  6794 D dalvikvm: GC_CONCURRENT freed 407K, 86% free 1150K/8192K, paused 0ms+0ms, total 2ms
2018-09-17 14:51:17.472000	ALL	09-17 08:51:17.377  6789  6794 D dalvikvm: GC_CONCURRENT freed 408K, 86% free 1149K/8192K, paused 0ms+1ms, total 4ms
2018-09-17 14:51:17.566000	ALL	09-17 08:51:17.473  6789  6794 D dalvikvm: GC_CONCURRENT freed 407K, 86% free 1150K/8192K, paused 0ms+0ms, total 3ms
2018-09-17 14:51:17.590000	ALL	09-17 08:51:17.497  6789  6789 I AccessibilityNodeInfoDumper: Skipping invisible child: android.view.accessibility.AccessibilityNodeInfo@164ec; boundsInParent: Rect(0, 0 - 0, 144); boundsInScreen: Rect(1080, 75 - 1080, 219); packageName: io.appium.android.apis; className: android.widget.LinearLayout; text: null; contentDescription: null; viewIdResName: null; checkable: false; checked: false; focusable: false; focused: false; selected: false; clickable: false; longClickable: false; enabled: true; password: false; scrollable: false; [ACTION_SELECT, ACTION_CLEAR_SELECTION, ACTION_ACCESSIBILITY_FOCUS]
2018-09-17 14:51:17.594000	ALL	09-17 08:51:17.501  6789  6789 W AccessibilityNodeInfoDumper: Fetch time: 8ms
2018-09-17 14:51:17.600000	ALL	09-17 08:51:17.505  6789  6794 D dalvikvm: GC_CONCURRENT freed 386K, 85% free 1241K/8192K, paused 1ms+1ms, total 4ms
2018-09-17 14:51:17.611000	ALL	09-17 08:51:17.521  6789  6789 I AccessibilityNodeInfoDumper: Skipping invisible child: android.view.accessibility.AccessibilityNodeInfo@164ec; boundsInParent: Rect(0, 0 - 0, 144); boundsInScreen: Rect(1080, 75 - 1080, 219); packageName: io.appium.android.apis; className: android.widget.LinearLayout; text: null; contentDescription: null; viewIdResName: null; checkable: false; checked: false; focusable: false; focused: false; selected: false; clickable: false; longClickable: false; enabled: true; password: false; scrollable: false; [ACTION_SELECT, ACTION_CLEAR_SELECTION, ACTION_ACCESSIBILITY_FOCUS]
2018-09-17 14:51:17.613000	ALL	09-17 08:51:17.521  6789  6794 D dalvikvm: GC_CONCURRENT freed 444K, 86% free 1225K/8192K, paused 0ms+1ms, total 2ms
2018-09-17 14:51:17.618000	ALL	09-17 08:51:17.525  6789  6789 W AccessibilityNodeInfoDumper: Fetch time: 7ms
2018-09-17 14:51:17.646000	ALL	09-17 08:51:17.549  6789  6794 D dalvikvm: GC_CONCURRENT freed 467K, 86% free 1155K/8192K, paused 3ms+1ms, total 5ms
2018-09-17 14:51:17.681000	ALL	09-17 08:51:17.589  6789  6794 D dalvikvm: GC_CONCURRENT freed 410K, 86% free 1151K/8192K, paused 0ms+0ms, total 2ms
2018-09-17 14:51:17.775000	ALL	09-17 08:51:17.681  6789  6794 D dalvikvm: GC_CONCURRENT freed 408K, 86% free 1150K/8192K, paused 0ms+0ms, total 2ms
2018-09-17 14:51:17.870000	ALL	09-17 08:51:17.781  6789  6794 D dalvikvm: GC_CONCURRENT freed 407K, 86% free 1150K/8192K, paused 0ms+0ms, total 3ms
2018-09-17 14:51:17.966000	ALL	09-17 08:51:17.877  6789  6794 D dalvikvm: GC_CONCURRENT freed 408K, 86% free 1149K/8192K, paused 2ms+0ms, total 4ms
2018-09-17 14:51:18.070000	ALL	09-17 08:51:17.977  6789  6794 D dalvikvm: GC_CONCURRENT freed 407K, 86% free 1151K/8192K, paused 0ms+0ms, total 2ms
2018-09-17 14:51:18.150000	ALL	09-17 08:51:18.061  6789  6789 I AccessibilityNodeInfoDumper: Skipping invisible child: android.view.accessibility.AccessibilityNodeInfo@164ec; boundsInParent: Rect(0, 0 - 0, 144); boundsInScreen: Rect(1080, 75 - 1080, 219); packageName: io.appium.android.apis; className: android.widget.LinearLayout; text: null; contentDescription: null; viewIdResName: null; checkable: false; checked: false; focusable: false; focused: false; selected: false; clickable: false; longClickable: false; enabled: true; password: false; scrollable: false; [ACTION_SELECT, ACTION_CLEAR_SELECTION, ACTION_ACCESSIBILITY_FOCUS]
2018-09-17 14:51:18.154000	ALL	09-17 08:51:18.061  6789  6794 D dalvikvm: GC_CONCURRENT freed 387K, 86% free 1182K/8192K, paused 0ms+1ms, total 3ms
2018-09-17 14:51:18.160000	ALL	09-17 08:51:18.065  6789  6789 W AccessibilityNodeInfoDumper: Fetch time: 11ms
2018-09-17 14:51:18.170000	ALL	09-17 08:51:18.077  6789  6794 D dalvikvm: GC_CONCURRENT freed 375K, 85% free 1241K/8192K, paused 1ms+2ms, total 4ms
2018-09-17 14:51:18.183000	ALL	09-17 08:51:18.089  6789  6789 I AccessibilityNodeInfoDumper: Skipping invisible child: android.view.accessibility.AccessibilityNodeInfo@164ec; boundsInParent: Rect(0, 0 - 0, 144); boundsInScreen: Rect(1080, 75 - 1080, 219); packageName: io.appium.android.apis; className: android.widget.LinearLayout; text: null; contentDescription: null; viewIdResName: null; checkable: false; checked: false; focusable: false; focused: false; selected: false; clickable: false; longClickable: false; enabled: true; password: false; scrollable: false; [ACTION_SELECT, ACTION_CLEAR_SELECTION, ACTION_ACCESSIBILITY_FOCUS]
2018-09-17 14:51:18.186000	ALL	09-17 08:51:18.097  6789  6789 W AccessibilityNodeInfoDumper: Fetch time: 7ms
2018-09-17 14:51:18.186000	ALL	09-17 08:51:18.097  6789  6794 D dalvikvm: GC_CONCURRENT freed 499K, 85% free 1254K/8192K, paused 0ms+1ms, total 3ms
2018-09-17 14:51:18.191000	ALL	09-17 08:51:18.097  6789  6789 D dalvikvm: WAIT_FOR_CONCURRENT_GC blocked 2ms
2018-09-17 14:51:18.241000	ALL	09-17 08:51:18.149  6789  6794 D dalvikvm: GC_CONCURRENT freed 502K, 86% free 1163K/8192K, paused 0ms+0ms, total 3ms
2018-09-17 14:51:18.250000	ALL	09-17 08:51:18.157  7023  7023 D         : HostConnection::get() New Host Connection established 0xb7a4aeb0, tid 7023
2018-09-17 14:51:18.250000	ALL	09-17 08:51:18.161  7023  7023 W         : Unrecognized GLES max version string in extensions:
2018-09-17 14:51:18.256000	ALL	09-17 08:51:18.161  7023  7023 W         : Process pipe failed
2018-09-17 14:51:18.307000	ALL	09-17 08:51:18.209  6789  6794 D dalvikvm: GC_CONCURRENT freed 432K, 87% free 1137K/8192K, paused 1ms+0ms, total 6ms
2018-09-17 14:51:18.307000	ALL	09-17 08:51:18.209   613   664 D MobileDataStateTracker: default: setPolicyDataEnable(enabled=true)
2018-09-17 14:51:18.363000	ALL	09-17 08:51:18.273   613   664 D MobileDataStateTracker: default: setPolicyDataEnable(enabled=true)
2018-09-17 14:51:18.390000	ALL	09-17 08:51:18.297  6789  6794 D dalvikvm: GC_CONCURRENT freed 395K, 86% free 1150K/8192K, paused 0ms+0ms, total 2ms
2018-09-17 14:51:18.423000	ALL	09-17 08:51:18.329   613   664 D MobileDataStateTracker: default: setPolicyDataEnable(enabled=true)
2018-09-17 14:51:18.473000	ALL	09-17 08:51:18.381   613   664 D MobileDataStateTracker: default: setPolicyDataEnable(enabled=true)
2018-09-17 14:51:18.485000	ALL	09-17 08:51:18.393  6789  6794 D dalvikvm: GC_CONCURRENT freed 408K, 86% free 1150K/8192K, paused 0ms+0ms, total 2ms
2018-09-17 14:51:18.523000	ALL	09-17 08:51:18.429   613   664 D MobileDataStateTracker: default: setPolicyDataEnable(enabled=true)
2018-09-17 14:51:18.554000	ALL	09-17 08:51:18.461   613   664 D MobileDataStateTracker: default: setPolicyDataEnable(enabled=true)
2018-09-17 14:51:18.567000	ALL	09-17 08:51:18.473  6789  6794 D dalvikvm: GC_CONCURRENT freed 407K, 86% free 1150K/8192K, paused 0ms+0ms, total 1ms
2018-09-17 14:51:18.581000	ALL	09-17 08:51:18.489   613   664 D MobileDataStateTracker: default: setPolicyDataEnable(enabled=true)
2018-09-17 14:51:18.635000	ALL	09-17 08:51:18.541   613   664 D MobileDataStateTracker: default: setPolicyDataEnable(enabled=true)
2018-09-17 14:51:18.694000	ALL	09-17 08:51:18.601  6789  6794 D dalvikvm: GC_CONCURRENT freed 403K, 86% free 1154K/8192K, paused 1ms+0ms, total 3ms
2018-09-17 14:51:18.694000	ALL	09-17 08:51:18.601   613   664 D MobileDataStateTracker: default: setPolicyDataEnable(enabled=true)
2018-09-17 14:51:18.708000	ALL	09-17 08:51:18.613  6816  6819 D dalvikvm: GC_CONCURRENT freed 1278K, 17% free 7330K/8768K, paused 2ms+0ms, total 7ms
2018-09-17 14:51:18.764000	ALL	09-17 08:51:18.673   613   664 D MobileDataStateTracker: default: setPolicyDataEnable(enabled=true)
2018-09-17 14:51:18.784000	ALL	09-17 08:51:18.693  6789  6794 D dalvikvm: GC_CONCURRENT freed 379K, 86% free 1158K/8192K, paused 5ms+0ms, total 7ms
2018-09-17 14:51:18.848000	ALL	09-17 08:51:18.757  6789  6794 D dalvikvm: GC_CONCURRENT freed 401K, 87% free 1141K/8192K, paused 4ms+0ms, total 6ms
2018-09-17 14:51:18.941000	ALL	09-17 08:51:18.849  6789  6794 D dalvikvm: GC_CONCURRENT freed 371K, 86% free 1168K/8192K, paused 0ms+0ms, total 1ms
2018-09-17 14:51:19.049000	ALL	09-17 08:51:18.953  6789  6794 D dalvikvm: GC_CONCURRENT freed 439K, 86% free 1149K/8192K, paused 4ms+0ms, total 5ms
2018-09-17 14:51:19.099000	ALL	09-17 08:51:18.993  6789  6794 D dalvikvm: GC_CONCURRENT freed 406K, 86% free 1149K/8192K, paused 1ms+0ms, total 2ms
2018-09-17 14:51:19.199000	ALL	09-17 08:51:19.097  6789  6794 D dalvikvm: GC_CONCURRENT freed 420K, 87% free 1138K/8192K, paused 0ms+0ms, total 2ms
2018-09-17 14:51:19.327000	ALL	09-17 08:51:19.165  6789  6794 D dalvikvm: GC_CONCURRENT freed 395K, 86% free 1150K/8192K, paused 0ms+0ms, total 2ms
2018-09-17 14:51:19.639000	ALL	09-17 08:51:19.313  6789  6794 D dalvikvm: GC_CONCURRENT freed 407K, 86% free 1150K/8192K, paused 0ms+0ms, total 2ms
2018-09-17 14:51:19.639000	ALL	09-17 08:51:19.365  6789  6794 D dalvikvm: GC_CONCURRENT freed 408K, 86% free 1149K/8192K, paused 0ms+0ms, total 2ms
2018-09-17 14:51:19.639000	ALL	09-17 08:51:19.461  6789  6794 D dalvikvm: GC_CONCURRENT freed 407K, 86% free 1150K/8192K, paused 0ms+0ms, total 2ms
2018-09-17 14:51:19.674000	ALL	09-17 08:51:19.581  6789  6794 D dalvikvm: GC_CONCURRENT freed 407K, 86% free 1196K/8192K, paused 2ms+1ms, total 8ms
2018-09-17 14:51:19.811000	ALL	09-17 08:51:19.677  6789  6794 D dalvikvm: GC_CONCURRENT freed 464K, 87% free 1138K/8192K, paused 1ms+0ms, total 3ms

2018-09-17 14:54:59.142481 'Run animation' test logs with driver = android

2018-09-17 14:54:32.501000	ALL	09-17 08:54:32.405  9313  9313 I AccessibilityNodeInfoDumper: Skipping invisible child: android.view.accessibility.AccessibilityNodeInfo@c388; boundsInParent: Rect(0, 0 - 0, 144); boundsInScreen: Rect(1080, 75 - 1080, 219); packageName: io.appium.android.apis; className: android.widget.LinearLayout; text: null; contentDescription: null; viewIdResName: null; checkable: false; checked: false; focusable: false; focused: false; selected: false; clickable: false; longClickable: false; enabled: true; password: false; scrollable: false; [ACTION_SELECT, ACTION_CLEAR_SELECTION, ACTION_ACCESSIBILITY_FOCUS]
2018-09-17 14:54:32.507000	ALL	09-17 08:54:32.413  9313  9313 W AccessibilityNodeInfoDumper: Fetch time: 20ms
2018-09-17 14:54:32.574000	ALL	09-17 08:54:32.477  9313  9313 I QueryController: Matched selector: UiSelector[CLASS=android.widget.TextView, INSTANCE=9, COUNT=9] <<==>> [android.view.accessibility.AccessibilityNodeInfo@a941; boundsInParent: Rect(0, 0 - 1080, 144); boundsInScreen: Rect(0, 1387 - 1080, 1531); packageName: io.appium.android.apis; className: android.widget.TextView; text: OS; contentDescription: OS; viewIdResName: android:id/text1; checkable: false; checked: false; focusable: false; focused: false; selected: false; clickable: true; longClickable: false; enabled: true; password: false; scrollable: false; [ACTION_SELECT, ACTION_CLEAR_SELECTION, ACTION_CLICK, ACTION_ACCESSIBILITY_FOCUS, ACTION_NEXT_AT_MOVEMENT_GRANULARITY, ACTION_PREVIOUS_AT_MOVEMENT_GRANULARITY, ACTION_SET_SELECTION]]
2018-09-17 14:54:32.594000	ALL	09-17 08:54:32.505  9313  9313 I QueryController: Matched selector: UiSelector[CLASS=android.widget.TextView, INSTANCE=9, COUNT=9] <<==>> [android.view.accessibility.AccessibilityNodeInfo@a941; boundsInParent: Rect(0, 0 - 1080, 144); boundsInScreen: Rect(0, 1387 - 1080, 1531); packageName: io.appium.android.apis; className: android.widget.TextView; text: OS; contentDescription: OS; viewIdResName: android:id/text1; checkable: false; checked: false; focusable: false; focused: false; selected: false; clickable: true; longClickable: false; enabled: true; password: false; scrollable: false; [ACTION_SELECT, ACTION_CLEAR_SELECTION, ACTION_CLICK, ACTION_ACCESSIBILITY_FOCUS, ACTION_NEXT_AT_MOVEMENT_GRANULARITY, ACTION_PREVIOUS_AT_MOVEMENT_GRANULARITY, ACTION_SET_SELECTION]]
2018-09-17 14:54:32.602000	ALL	09-17 08:54:32.505  9313  9313 D InteractionController: clickAndSync(540, 1459)
2018-09-17 14:54:32.771000	ALL	09-17 08:54:32.677   613   767 I ActivityManager: START u0 {cmp=io.appium.android.apis/.ApiDemos (has extras)} from pid 9346
2018-09-17 14:54:32.807000	ALL	09-17 08:54:32.717  9346  9349 D dalvikvm: GC_CONCURRENT freed 566K, 10% free 6601K/7320K, paused 0ms+0ms, total 4ms
2018-09-17 14:54:32.814000	ALL	09-17 08:54:32.717  9346  9346 D dalvikvm: WAIT_FOR_CONCURRENT_GC blocked 2ms
2018-09-17 14:54:32.873000	ALL	09-17 08:54:32.785  9346  9346 E EGL_emulation: tid 9346: eglSurfaceAttrib(1210): error 0x3009 (EGL_BAD_MATCH)
2018-09-17 14:54:32.880000	ALL	09-17 08:54:32.785  9346  9346 W HardwareRenderer: Backbuffer cannot be preserved
2018-09-17 14:54:32.919000	ALL	09-17 08:54:32.825   613   628 I ActivityManager: Displayed io.appium.android.apis/.ApiDemos: +136ms
2018-09-17 14:54:34.410000	ALL	09-17 08:54:34.321  9313  9332 D dalvikvm: GC_FOR_ALLOC freed 7069K, 87% free 1121K/8192K, paused 5ms, total 6ms
2018-09-17 14:54:34.443000	ALL	09-17 08:54:34.349  9313  9318 D dalvikvm: GC_CONCURRENT freed 444K, 87% free 1071K/8192K, paused 0ms+0ms, total 2ms
2018-09-17 14:54:34.485000	ALL	09-17 08:54:34.389  9313  9318 D dalvikvm: GC_CONCURRENT freed 400K, 87% free 1078K/8192K, paused 1ms+0ms, total 3ms
2018-09-17 14:54:34.525000	ALL	09-17 08:54:34.433  9313  9318 D dalvikvm: GC_CONCURRENT freed 393K, 87% free 1089K/8192K, paused 0ms+0ms, total 0ms
2018-09-17 14:54:34.563000	ALL	09-17 08:54:34.469  9313  9318 D dalvikvm: GC_CONCURRENT freed 419K, 87% free 1078K/8192K, paused 0ms+0ms, total 2ms
2018-09-17 14:54:34.603000	ALL	09-17 08:54:34.509  9313  9318 D dalvikvm: GC_CONCURRENT freed 388K, 87% free 1087K/8192K, paused 0ms+1ms, total 4ms
2018-09-17 14:54:34.654000	ALL	09-17 08:54:34.561  9313  9318 D dalvikvm: GC_CONCURRENT freed 403K, 87% free 1072K/8192K, paused 0ms+0ms, total 3ms
2018-09-17 14:54:34.675000	ALL	09-17 08:54:34.581  9346  9349 D dalvikvm: GC_CONCURRENT freed 1229K, 18% free 6409K/7792K, paused 0ms+0ms, total 4ms
2018-09-17 14:54:34.695000	ALL	09-17 08:54:34.601  9313  9318 D dalvikvm: GC_CONCURRENT freed 398K, 87% free 1079K/8192K, paused 1ms+1ms, total 3ms
2018-09-17 14:54:34.732000	ALL	09-17 08:54:34.637  9313  9318 D dalvikvm: GC_CONCURRENT freed 399K, 87% free 1085K/8192K, paused 0ms+0ms, total 2ms
2018-09-17 14:54:34.778000	ALL	09-17 08:54:34.685  9313  9318 D dalvikvm: GC_CONCURRENT freed 410K, 87% free 1082K/8192K, paused 0ms+1ms, total 2ms
2018-09-17 14:54:34.827000	ALL	09-17 08:54:34.729  9313  9318 D dalvikvm: GC_CONCURRENT freed 389K, 87% free 1083K/8192K, paused 0ms+1ms, total 4ms
2018-09-17 14:54:34.878000	ALL	09-17 08:54:34.781  9313  9318 D dalvikvm: GC_CONCURRENT freed 405K, 87% free 1071K/8192K, paused 0ms+0ms, total 3ms
2018-09-17 14:54:34.935000	ALL	09-17 08:54:34.841  9313  9318 D dalvikvm: GC_CONCURRENT freed 400K, 87% free 1078K/8192K, paused 0ms+1ms, total 2ms
2018-09-17 14:54:34.962000	ALL	09-17 08:54:34.869  9313  9313 I AccessibilityNodeInfoDumper: Skipping invisible child: android.view.accessibility.AccessibilityNodeInfo@1035a; boundsInParent: Rect(0, 0 - 0, 144); boundsInScreen: Rect(1080, 75 - 1080, 219); packageName: io.appium.android.apis; className: android.widget.LinearLayout; text: null; contentDescription: null; viewIdResName: null; checkable: false; checked: false; focusable: false; focused: false; selected: false; clickable: false; longClickable: false; enabled: true; password: false; scrollable: false; [ACTION_SELECT, ACTION_CLEAR_SELECTION, ACTION_ACCESSIBILITY_FOCUS]
2018-09-17 14:54:34.968000	ALL	09-17 08:54:34.873  9313  9313 W AccessibilityNodeInfoDumper: Fetch time: 6ms
2018-09-17 14:54:34.974000	ALL	09-17 08:54:34.881  9313  9318 D dalvikvm: GC_CONCURRENT freed 396K, 87% free 1138K/8192K, paused 1ms+2ms, total 6ms
2018-09-17 14:54:35.000000	ALL	09-17 08:54:34.905  9313  9318 D dalvikvm: GC_CONCURRENT freed 357K, 86% free 1211K/8192K, paused 1ms+1ms, total 4ms
2018-09-17 14:54:35.012000	ALL	09-17 08:54:34.913  9313  9313 I QueryController: Matched selector: UiSelector[CLASS=android.widget.TextView, INSTANCE=4, COUNT=4] <<==>> [android.view.accessibility.AccessibilityNodeInfo@f456; boundsInParent: Rect(0, 0 - 1080, 144); boundsInScreen: Rect(0, 657 - 1080, 801); packageName: io.appium.android.apis; className: android.widget.TextView; text: SMS Messaging; contentDescription: SMS Messaging; viewIdResName: android:id/text1; checkable: false; checked: false; focusable: false; focused: false; selected: false; clickable: true; longClickable: false; enabled: true; password: false; scrollable: false; [ACTION_SELECT, ACTION_CLEAR_SELECTION, ACTION_CLICK, ACTION_ACCESSIBILITY_FOCUS, ACTION_NEXT_AT_MOVEMENT_GRANULARITY, ACTION_PREVIOUS_AT_MOVEMENT_GRANULARITY, ACTION_SET_SELECTION]]
2018-09-17 14:54:35.052000	ALL	09-17 08:54:34.929  9313  9313 I QueryController: Matched selector: UiSelector[CLASS=android.widget.TextView, INSTANCE=4, COUNT=4] <<==>> [android.view.accessibility.AccessibilityNodeInfo@f456; boundsInParent: Rect(0, 0 - 1080, 144); boundsInScreen: Rect(0, 657 - 1080, 801); packageName: io.appium.android.apis; className: android.widget.TextView; text: SMS Messaging; contentDescription: SMS Messaging; viewIdResName: android:id/text1; checkable: false; checked: false; focusable: false; focused: false; selected: false; clickable: true; longClickable: false; enabled: true; password: false; scrollable: false; [ACTION_SELECT, ACTION_CLEAR_SELECTION, ACTION_CLICK, ACTION_ACCESSIBILITY_FOCUS, ACTION_NEXT_AT_MOVEMENT_GRANULARITY, ACTION_PREVIOUS_AT_MOVEMENT_GRANULARITY, ACTION_SET_SELECTION]]
2018-09-17 14:54:35.052000	ALL	09-17 08:54:34.929  9313  9313 D InteractionController: clickAndSync(540, 729)
2018-09-17 14:54:35.052000	ALL	09-17 08:54:34.945  9313  9318 D dalvikvm: GC_CONCURRENT freed 524K, 87% free 1075K/8192K, paused 1ms+0ms, total 2ms
2018-09-17 14:54:35.096000	ALL	09-17 08:54:34.985  9313  9318 D dalvikvm: GC_CONCURRENT freed 402K, 87% free 1079K/8192K, paused 1ms+1ms, total 3ms
2018-09-17 14:54:35.128000	ALL	09-17 08:54:35.033  9313  9318 D dalvikvm: GC_CONCURRENT freed 406K, 87% free 1079K/8192K, paused 0ms+0ms, total 1ms
2018-09-17 14:54:35.192000	ALL	09-17 08:54:35.097   613  4698 I ActivityManager: START u0 {cmp=io.appium.android.apis/.os.SmsMessagingDemo} from pid 9346
2018-09-17 14:54:35.209000	ALL	09-17 08:54:35.121  9346  9349 D dalvikvm: GC_CONCURRENT freed 617K, 13% free 6852K/7792K, paused 1ms+0ms, total 4ms
2018-09-17 14:54:35.213000	ALL	09-17 08:54:35.121  9346  9346 D dalvikvm: WAIT_FOR_CONCURRENT_GC blocked 2ms
2018-09-17 14:54:35.299000	ALL	09-17 08:54:35.209  9346  9346 E EGL_emulation: tid 9346: eglSurfaceAttrib(1210): error 0x3009 (EGL_BAD_MATCH)
2018-09-17 14:54:35.304000	ALL	09-17 08:54:35.209  9346  9346 W HardwareRenderer: Backbuffer cannot be preserved
2018-09-17 14:54:35.334000	ALL	09-17 08:54:35.237   613   664 D MobileDataStateTracker: default: setPolicyDataEnable(enabled=true)
2018-09-17 14:54:35.376000	ALL	09-17 08:54:35.277   613   628 I ActivityManager: Displayed io.appium.android.apis/.os.SmsMessagingDemo: +170ms
2018-09-17 14:54:35.381000	ALL	09-17 08:54:35.289  9313  9318 D dalvikvm: GC_CONCURRENT freed 397K, 87% free 1066K/8192K, paused 1ms+0ms, total 6ms
2018-09-17 14:54:35.599000	ALL	09-17 08:54:35.505   613   615 D dalvikvm: GC_CONCURRENT freed 1201K, 24% free 13051K/17112K, paused 1ms+2ms, total 19ms
2018-09-17 14:54:36.590000	ALL	09-17 08:54:36.497  9313  9318 D dalvikvm: GC_CONCURRENT freed 372K, 87% free 1078K/8192K, paused 1ms+0ms, total 3ms
2018-09-17 14:54:36.752000	ALL	09-17 08:54:36.657  9313  9318 D dalvikvm: GC_CONCURRENT freed 395K, 87% free 1090K/8192K, paused 2ms+0ms, total 4ms
2018-09-17 14:54:36.788000	ALL	09-17 08:54:36.693  9313  9318 D dalvikvm: GC_CONCURRENT freed 407K, 87% free 1090K/8192K, paused 0ms+0ms, total 2ms
2018-09-17 14:54:36.827000	ALL	09-17 08:54:36.733  9313  9318 D dalvikvm: GC_CONCURRENT freed 406K, 87% free 1090K/8192K, paused 0ms+1ms, total 2ms
2018-09-17 14:54:36.860000	ALL	09-17 08:54:36.769  9313  9318 D dalvikvm: GC_CONCURRENT freed 406K, 87% free 1090K/8192K, paused 0ms+1ms, total 6ms
2018-09-17 14:54:36.909000	ALL	09-17 08:54:36.813  9313  9318 D dalvikvm: GC_CONCURRENT freed 406K, 87% free 1090K/8192K, paused 0ms+0ms, total 1ms
2018-09-17 14:54:36.944000	ALL	09-17 08:54:36.849  9313  9318 D dalvikvm: GC_CONCURRENT freed 407K, 87% free 1090K/8192K, paused 0ms+0ms, total 2ms
2018-09-17 14:54:36.977000	ALL	09-17 08:54:36.881  9313  9318 D dalvikvm: GC_CONCURRENT freed 417K, 87% free 1079K/8192K, paused 0ms+0ms, total 2ms
2018-09-17 14:54:37.018000	ALL	09-17 08:54:36.925  9313  9318 D dalvikvm: GC_CONCURRENT freed 396K, 87% free 1090K/8192K, paused 0ms+0ms, total 3ms
2018-09-17 14:54:37.047000	ALL	09-17 08:54:36.949  9346  9349 D dalvikvm: GC_CONCURRENT freed 650K, 10% free 7321K/8128K, paused 1ms+0ms, total 5ms
2018-09-17 14:54:37.057000	ALL	09-17 08:54:36.965  9313  9318 D dalvikvm: GC_CONCURRENT freed 406K, 87% free 1090K/8192K, paused 2ms+0ms, total 4ms
2018-09-17 14:54:37.103000	ALL	09-17 08:54:37.013  9313  9318 D dalvikvm: GC_CONCURRENT freed 406K, 87% free 1090K/8192K, paused 1ms+0ms, total 4ms
2018-09-17 14:54:37.142000	ALL	09-17 08:54:37.049  9313  9318 D dalvikvm: GC_CONCURRENT freed 407K, 87% free 1090K/8192K, paused 1ms+0ms, total 3ms
2018-09-17 14:54:37.190000	ALL	09-17 08:54:37.097  9313  9318 D dalvikvm: GC_CONCURRENT freed 406K, 87% free 1090K/8192K, paused 1ms+0ms, total 3ms
2018-09-17 14:54:37.230000	ALL	09-17 08:54:37.137  9313  9318 D dalvikvm: GC_CONCURRENT freed 406K, 87% free 1090K/8192K, paused 0ms+1ms, total 2ms
2018-09-17 14:54:37.269000	ALL	09-17 08:54:37.177  9313  9318 D dalvikvm: GC_CONCURRENT freed 406K, 87% free 1090K/8192K, paused 1ms+0ms, total 3ms
2018-09-17 14:54:37.317000	ALL	09-17 08:54:37.225  9313  9318 D dalvikvm: GC_CONCURRENT freed 418K, 87% free 1078K/8192K, paused 0ms+1ms, total 2ms
2018-09-17 14:54:37.358000	ALL	09-17 08:54:37.265  9313  9318 D dalvikvm: GC_CONCURRENT freed 395K, 87% free 1090K/8192K, paused 1ms+0ms, total 3ms
2018-09-17 14:54:37.400000	ALL	09-17 08:54:37.305  9313  9313 I AccessibilityNodeInfoDumper: Skipping invisible child: android.view.accessibility.AccessibilityNodeInfo@14e6f; boundsInParent: Rect(0, 0 - 0, 144); boundsInScreen: Rect(1080, 75 - 1080, 219); packageName: io.appium.android.apis; className: android.widget.LinearLayout; text: null; contentDescription: null; viewIdResName: null; checkable: false; checked: false; focusable: false; focused: false; selected: false; clickable: false; longClickable: false; enabled: true; password: false; scrollable: false; [ACTION_SELECT, ACTION_CLEAR_SELECTION, ACTION_ACCESSIBILITY_FOCUS]
2018-09-17 14:54:37.408000	ALL	09-17 08:54:37.313  9313  9318 D dalvikvm: GC_CONCURRENT freed 402K, 87% free 1117K/8192K, paused 1ms+1ms, total 9ms
2018-09-17 14:54:37.416000	ALL	09-17 08:54:37.317  9313  9313 W AccessibilityNodeInfoDumper: Fetch time: 16ms
2018-09-17 14:54:37.431000	ALL	09-17 08:54:37.341  9313  9318 D dalvikvm: GC_CONCURRENT freed 303K, 85% free 1239K/8192K, paused 1ms+2ms, total 4ms
2018-09-17 14:54:37.465000	ALL	09-17 08:54:37.361  9313  9313 I QueryController: Matched selector: UiSelector[CLASS=android.widget.TextView, INSTANCE=2, COUNT=2] <<==>> [android.view.accessibility.AccessibilityNodeInfo@128e5; boundsInParent: Rect(0, 0 - 278, 57); boundsInScreen: Rect(36, 589 - 314, 646); packageName: io.appium.android.apis; className: android.widget.TextView; text: Recipient #; contentDescription: Recipient #; viewIdResName: null; checkable: false; checked: false; focusable: false; focused: false; selected: false; clickable: false; longClickable: false; enabled: true; password: false; scrollable: false; [ACTION_SELECT, ACTION_CLEAR_SELECTION, ACTION_ACCESSIBILITY_FOCUS, ACTION_NEXT_AT_MOVEMENT_GRANULARITY, ACTION_PREVIOUS_AT_MOVEMENT_GRANULARITY, ACTION_SET_SELECTION]]
2018-09-17 14:54:37.474000	ALL	09-17 08:54:37.365  9313  9318 D dalvikvm: GC_CONCURRENT freed 547K, 87% free 1095K/8192K, paused 0ms+0ms, total 4ms
2018-09-17 14:54:37.482000	ALL	09-17 08:54:37.397  9313  9313 I QueryController: Matched selector: UiSelector[CLASS=android.widget.TextView, INSTANCE=2, COUNT=2] <<==>> [android.view.accessibility.AccessibilityNodeInfo@128e5; boundsInParent: Rect(0, 0 - 278, 57); boundsInScreen: Rect(36, 589 - 314, 646); packageName: io.appium.android.apis; className: android.widget.TextView; text: Recipient #; contentDescription: Recipient #; viewIdResName: null; checkable: false; checked: false; focusable: false; focused: false; selected: false; clickable: false; longClickable: false; enabled: true; password: false; scrollable: false; [ACTION_SELECT, ACTION_CLEAR_SELECTION, ACTION_ACCESSIBILITY_FOCUS, ACTION_NEXT_AT_MOVEMENT_GRANULARITY, ACTION_PREVIOUS_AT_MOVEMENT_GRANULARITY, ACTION_SET_SELECTION]]
2018-09-17 14:54:37.487000	ALL	09-17 08:54:37.397  9313  9313 D UiObject: getText() = Recipient #
2018-09-17 14:54:37.496000	ALL	09-17 08:54:37.401  9313  9313 I QueryController: Matched selector: UiSelector[CLASS=android.widget.TextView, INSTANCE=2, COUNT=2] <<==>> [android.view.accessibility.AccessibilityNodeInfo@128e5; boundsInParent: Rect(0, 0 - 278, 57); boundsInScreen: Rect(36, 589 - 314, 646); packageName: io.appium.android.apis; className: android.widget.TextView; text: Recipient #; contentDescription: Recipient #; viewIdResName: null; checkable: false; checked: false; focusable: false; focused: false; selected: false; clickable: false; longClickable: false; enabled: true; password: false; scrollable: false; [ACTION_SELECT, ACTION_CLEAR_SELECTION, ACTION_ACCESSIBILITY_FOCUS, ACTION_NEXT_AT_MOVEMENT_GRANULARITY, ACTION_PREVIOUS_AT_MOVEMENT_GRANULARITY, ACTION_SET_SELECTION]]
2018-09-17 14:54:37.514000	ALL	09-17 08:54:37.421  9313  9318 D dalvikvm: GC_CONCURRENT freed 359K, 86% free 1168K/8192K, paused 2ms+0ms, total 8ms
2018-09-17 14:54:37.559000	ALL	09-17 08:54:37.465  9313  9318 D dalvikvm: GC_CONCURRENT freed 444K, 87% free 1145K/8192K, paused 0ms+1ms, total 2ms
2018-09-17 14:54:37.605000	ALL	09-17 08:54:37.509  9313  9318 D dalvikvm: GC_CONCURRENT freed 376K, 86% free 1158K/8192K, paused 1ms+1ms, total 5ms
2018-09-17 14:54:37.652000	ALL	09-17 08:54:37.557  9313  9318 D dalvikvm: GC_CONCURRENT freed 438K, 87% free 1145K/8192K, paused 0ms+1ms, total 6ms
2018-09-17 14:54:37.692000	ALL	09-17 08:54:37.597  9313  9318 D dalvikvm: GC_CONCURRENT freed 406K, 87% free 1146K/8192K, paused 0ms+0ms, total 2ms
2018-09-17 14:54:37.734000	ALL	09-17 08:54:37.641  9313  9318 D dalvikvm: GC_CONCURRENT freed 406K, 87% free 1146K/8192K, paused 1ms+0ms, total 3ms
2018-09-17 14:54:37.779000	ALL	09-17 08:54:37.685  9313  9318 D dalvikvm: GC_CONCURRENT freed 407K, 87% free 1145K/8192K, paused 0ms+0ms, total 2ms
2018-09-17 14:54:37.814000	ALL	09-17 08:54:37.721  9313  9318 D dalvikvm: GC_CONCURRENT freed 406K, 87% free 1146K/8192K, paused 0ms+0ms, total 2ms
2018-09-17 14:54:37.851000	ALL	09-17 08:54:37.757  9313  9318 D dalvikvm: GC_CONCURRENT freed 406K, 87% free 1146K/8192K, paused 0ms+0ms, total 2ms
2018-09-17 14:54:37.921000	ALL	09-17 08:54:37.829  9313  9318 D dalvikvm: GC_CONCURRENT freed 406K, 87% free 1146K/8192K, paused 0ms+0ms, total 3ms
2018-09-17 14:54:37.963000	ALL	09-17 08:54:37.869  9313  9318 D dalvikvm: GC_CONCURRENT freed 406K, 87% free 1146K/8192K, paused 1ms+1ms, total 3ms
2018-09-17 14:54:38.009000	ALL	09-17 08:54:37.913  9313  9318 D dalvikvm: GC_CONCURRENT freed 407K, 87% free 1145K/8192K, paused 0ms+0ms, total 3ms
2018-09-17 14:54:38.054000	ALL	09-17 08:54:37.961  9313  9318 D dalvikvm: GC_CONCURRENT freed 406K, 87% free 1146K/8192K, paused 0ms+1ms, total 2ms
2018-09-17 14:54:38.086000	ALL	09-17 08:54:37.997  9346  9349 D dalvikvm: GC_CONCURRENT freed 1283K, 17% free 7316K/8756K, paused 0ms+0ms, total 5ms
2018-09-17 14:54:38.091000	ALL	09-17 08:54:37.997  9313  9318 D dalvikvm: GC_CONCURRENT freed 419K, 87% free 1134K/8192K, paused 0ms+1ms, total 2ms
2018-09-17 14:54:38.137000	ALL	09-17 08:54:38.041  9313  9318 D dalvikvm: GC_CONCURRENT freed 394K, 87% free 1146K/8192K, paused 0ms+1ms, total 2ms
2018-09-17 14:54:38.182000	ALL	09-17 08:54:38.085  9313  9318 D dalvikvm: GC_CONCURRENT freed 415K, 87% free 1137K/8192K, paused 1ms+0ms, total 2ms
2018-09-17 14:54:38.229000	ALL	09-17 08:54:38.133  9313  9318 D dalvikvm: GC_CONCURRENT freed 398K, 87% free 1146K/8192K, paused 0ms+1ms, total 2ms
2018-09-17 14:54:38.272000	ALL	09-17 08:54:38.177  9313  9318 D dalvikvm: GC_CONCURRENT freed 406K, 87% free 1146K/8192K, paused 1ms+0ms, total 3ms
2018-09-17 14:54:38.318000	ALL	09-17 08:54:38.221  9313  9318 D dalvikvm: GC_CONCURRENT freed 406K, 87% free 1146K/8192K, paused 0ms+0ms, total 2ms
2018-09-17 14:54:38.368000	ALL	09-17 08:54:38.273  9313  9318 D dalvikvm: GC_CONCURRENT freed 406K, 87% free 1146K/8192K, paused 0ms+0ms, total 2ms
2018-09-17 14:54:38.447000	ALL	09-17 08:54:38.353  9313  9318 D dalvikvm: GC_CONCURRENT freed 407K, 87% free 1145K/8192K, paused 2ms+1ms, total 4ms
2018-09-17 14:54:38.489000	ALL	09-17 08:54:38.397  9313  9318 D dalvikvm: GC_CONCURRENT freed 406K, 87% free 1146K/8192K, paused 0ms+0ms, total 3ms
2018-09-17 14:54:38.530000	ALL	09-17 08:54:38.437  9313  9318 D dalvikvm: GC_CONCURRENT freed 377K, 86% free 1153K/8192K, paused 4ms+0ms, total 7ms
2018-09-17 14:54:38.571000	ALL	09-17 08:54:38.477  9313  9318 D dalvikvm: GC_CONCURRENT freed 403K, 87% free 1134K/8192K, paused 0ms+1ms, total 2ms
2018-09-17 14:54:38.619000	ALL	09-17 08:54:38.525  9313  9318 D dalvikvm: GC_CONCURRENT freed 406K, 87% free 1134K/8192K, paused 10ms+0ms, total 11ms
2018-09-17 14:54:38.671000	ALL	09-17 08:54:38.573  9313  9318 D dalvikvm: GC_CONCURRENT freed 395K, 87% free 1146K/8192K, paused 1ms+0ms, total 3ms
2018-09-17 14:54:38.717000	ALL	09-17 08:54:38.621  9313  9318 D dalvikvm: GC_CONCURRENT freed 406K, 87% free 1146K/8192K, paused 0ms+0ms, total 2ms
2018-09-17 14:54:38.768000	ALL	09-17 08:54:38.677  9313  9318 D dalvikvm: GC_CONCURRENT freed 377K, 86% free 1153K/8192K, paused 2ms+0ms, total 3ms
2018-09-17 14:54:38.813000	ALL	09-17 08:54:38.717  9313  9318 D dalvikvm: GC_CONCURRENT freed 402K, 87% free 1134K/8192K, paused 3ms+0ms, total 5ms
2018-09-17 14:54:38.862000	ALL	09-17 08:54:38.769  9313  9318 D dalvikvm: GC_CONCURRENT freed 396K, 87% free 1146K/8192K, paused 0ms+0ms, total 3ms
2018-09-17 14:54:38.932000	ALL	09-17 08:54:38.841  9313  9318 D dalvikvm: GC_CONCURRENT freed 377K, 86% free 1153K/8192K, paused 1ms+1ms, total 3ms
2018-09-17 14:54:38.976000	ALL	09-17 08:54:38.885  9313  9318 D dalvikvm: GC_CONCURRENT freed 402K, 87% free 1134K/8192K, paused 4ms+1ms, total 6ms
2018-09-17 14:54:39.022000	ALL	09-17 08:54:38.929  9313  9318 D dalvikvm: GC_CONCURRENT freed 364K, 86% free 1154K/8192K, paused 2ms+0ms, total 4ms
2018-09-17 14:54:39.062000	ALL	09-17 08:54:38.969  9313  9318 D dalvikvm: GC_CONCURRENT freed 405K, 87% free 1134K/8192K, paused 2ms+0ms, total 3ms
2018-09-17 14:54:39.100000	ALL	09-17 08:54:39.005  9313  9318 D dalvikvm: GC_CONCURRENT freed 394K, 87% free 1146K/8192K, paused 1ms+0ms, total 2ms
2018-09-17 14:54:39.136000	ALL	09-17 08:54:39.041  9313  9318 D dalvikvm: GC_CONCURRENT freed 407K, 87% free 1145K/8192K, paused 0ms+0ms, total 3ms
2018-09-17 14:54:39.168000	ALL	09-17 08:54:39.073  9313  9318 D dalvikvm: GC_CONCURRENT freed 406K, 87% free 1146K/8192K, paused 0ms+0ms, total 1ms
2018-09-17 14:54:39.186000	ALL	09-17 08:54:39.093  9346  9349 D dalvikvm: GC_CONCURRENT freed 1272K, 17% free 7318K/8756K, paused 4ms+1ms, total 9ms
2018-09-17 14:54:39.214000	ALL	09-17 08:54:39.117  9313  9318 D dalvikvm: GC_CONCURRENT freed 406K, 87% free 1146K/8192K, paused 0ms+0ms, total 1ms
2018-09-17 14:54:39.262000	ALL	09-17 08:54:39.165  9313  9318 D dalvikvm: GC_CONCURRENT freed 406K, 87% free 1146K/8192K, paused 0ms+0ms, total 1ms
2018-09-17 14:54:39.356000	ALL	09-17 08:54:39.261  9313  9318 D dalvikvm: GC_CONCURRENT freed 406K, 87% free 1146K/8192K, paused 0ms+0ms, total 2ms
2018-09-17 14:54:39.450000	ALL	09-17 08:54:39.357  9313  9318 D dalvikvm: GC_CONCURRENT freed 407K, 87% free 1145K/8192K, paused 0ms+0ms, total 2ms
2018-09-17 14:54:39.555000	ALL	09-17 08:54:39.461  9313  9318 D dalvikvm: GC_CONCURRENT freed 406K, 87% free 1146K/8192K, paused 0ms+0ms, total 3ms
2018-09-17 14:54:39.652000	ALL	09-17 08:54:39.557  9313  9318 D dalvikvm: GC_CONCURRENT freed 406K, 87% free 1146K/8192K, paused 0ms+1ms, total 4ms
2018-09-17 14:54:39.826000	ALL	09-17 08:54:39.725  9313  9318 D dalvikvm: GC_CONCURRENT freed 377K, 86% free 1160K/8192K, paused 5ms+0ms, total 9ms
2018-09-17 14:54:39.883000	ALL	09-17 08:54:39.789  9313  9318 D dalvikvm: GC_CONCURRENT freed 418K, 86% free 1164K/8192K, paused 4ms+0ms, total 8ms
2018-09-17 14:54:39.940000	ALL	09-17 08:54:39.845  9313  9318 D dalvikvm: GC_CONCURRENT freed 425K, 87% free 1145K/8192K, paused 0ms+1ms, total 2ms
2018-09-17 14:54:39.977000	ALL	09-17 08:54:39.881  9313  9318 D dalvikvm: GC_CONCURRENT freed 405K, 87% free 1145K/8192K, paused 0ms+0ms, total 2ms
2018-09-17 14:54:40.067000	ALL	09-17 08:54:39.977  9313  9318 D dalvikvm: GC_CONCURRENT freed 408K, 87% free 1145K/8192K, paused 2ms+0ms, total 5ms
2018-09-17 14:54:40.172000	ALL	09-17 08:54:40.077  9313  9318 D dalvikvm: GC_CONCURRENT freed 376K, 86% free 1153K/8192K, paused 1ms+0ms, total 3ms
2018-09-17 14:54:40.256000	ALL	09-17 08:54:40.161  9313  9318 D dalvikvm: GC_CONCURRENT freed 402K, 87% free 1134K/8192K, paused 3ms+0ms, total 4ms
2018-09-17 14:54:40.316000	ALL	09-17 08:54:40.225  9313  9313 I QueryController: Matched selector: UiSelector[CLASS=android.widget.TextView, INSTANCE=2, COUNT=2] <<==>> [android.view.accessibility.AccessibilityNodeInfo@128e5; boundsInParent: Rect(0, 0 - 278, 57); boundsInScreen: Rect(36, 589 - 314, 646); packageName: io.appium.android.apis; className: android.widget.TextView; text: Recipient #; contentDescription: Recipient #; viewIdResName: null; checkable: false; checked: false; focusable: false; focused: false; selected: false; clickable: false; longClickable: false; enabled: true; password: false; scrollable: false; [ACTION_SELECT, ACTION_CLEAR_SELECTION, ACTION_ACCESSIBILITY_FOCUS, ACTION_NEXT_AT_MOVEMENT_GRANULARITY, ACTION_PREVIOUS_AT_MOVEMENT_GRANULARITY, ACTION_SET_SELECTION]]
2018-09-17 14:54:40.321000	ALL	09-17 08:54:40.225  9313  9313 D UiObject: getText() = Recipient #
2018-09-17 14:54:40.321000	ALL	09-17 08:54:40.233  9313  9313 I QueryController: Matched selector: UiSelector[CLASS=android.widget.TextView, INSTANCE=2, COUNT=2] <<==>> [android.view.accessibility.AccessibilityNodeInfo@128e5; boundsInParent: Rect(0, 0 - 278, 57); boundsInScreen: Rect(36, 589 - 314, 646); packageName: io.appium.android.apis; className: android.widget.TextView; text: Recipient #; contentDescription: Recipient #; viewIdResName: null; checkable: false; checked: false; focusable: false; focused: false; selected: false; clickable: false; longClickable: false; enabled: true; password: false; scrollable: false; [ACTION_SELECT, ACTION_CLEAR_SELECTION, ACTION_ACCESSIBILITY_FOCUS, ACTION_NEXT_AT_MOVEMENT_GRANULARITY, ACTION_PREVIOUS_AT_MOVEMENT_GRANULARITY, ACTION_SET_SELECTION]]
2018-09-17 14:54:40.327000	ALL	09-17 08:54:40.233  9313  9313 D UiObject: getText() = Recipient #
2018-09-17 14:54:40.333000	ALL	09-17 08:54:40.237  9313  9313 I QueryController: Matched selector: UiSelector[CLASS=android.widget.TextView, INSTANCE=2, COUNT=2] <<==>> [android.view.accessibility.AccessibilityNodeInfo@128e5; boundsInParent: Rect(0, 0 - 278, 57); boundsInScreen: Rect(36, 589 - 314, 646); packageName: io.appium.android.apis; className: android.widget.TextView; text: Recipient #; contentDescription: Recipient #; viewIdResName: null; checkable: false; checked: false; focusable: false; focused: false; selected: false; clickable: false; longClickable: false; enabled: true; password: false; scrollable: false; [ACTION_SELECT, ACTION_CLEAR_SELECTION, ACTION_ACCESSIBILITY_FOCUS, ACTION_NEXT_AT_MOVEMENT_GRANULARITY, ACTION_PREVIOUS_AT_MOVEMENT_GRANULARITY, ACTION_SET_SELECTION]]
2018-09-17 14:54:40.347000	ALL	09-17 08:54:40.257  9313  9318 D dalvikvm: GC_CONCURRENT freed 388K, 87% free 1133K/8192K, paused 1ms+0ms, total 7ms
2018-09-17 14:54:40.352000	ALL	09-17 08:54:40.261  9313  9313 I QueryController: Matched selector: UiSelector[CLASS=android.widget.TextView, INSTANCE=2, COUNT=2] <<==>> [android.view.accessibility.AccessibilityNodeInfo@128e5; boundsInParent: Rect(0, 0 - 278, 57); boundsInScreen: Rect(36, 589 - 314, 646); packageName: io.appium.android.apis; className: android.widget.TextView; text: Recipient #; contentDescription: Recipient #; viewIdResName: null; checkable: false; checked: false; focusable: false; focused: false; selected: false; clickable: false; longClickable: false; enabled: true; password: false; scrollable: false; [ACTION_SELECT, ACTION_CLEAR_SELECTION, ACTION_ACCESSIBILITY_FOCUS, ACTION_NEXT_AT_MOVEMENT_GRANULARITY, ACTION_PREVIOUS_AT_MOVEMENT_GRANULARITY, ACTION_SET_SELECTION]]
2018-09-17 14:54:40.421000	ALL	09-17 08:54:40.329  9313  9318 D dalvikvm: GC_CONCURRENT freed 426K, 86% free 1171K/8192K, paused 1ms+0ms, total 13ms
2018-09-17 14:54:40.468000	ALL	09-17 08:54:40.373  9313  9318 D dalvikvm: GC_CONCURRENT freed 432K, 87% free 1145K/8192K, paused 0ms+0ms, total 3ms
2018-09-17 14:54:40.556000	ALL	09-17 08:54:40.461  9313  9318 D dalvikvm: GC_CONCURRENT freed 406K, 87% free 1145K/8192K, paused 0ms+0ms, total 2ms
2018-09-17 14:54:40.667000	ALL	09-17 08:54:40.577  9313  9318 D dalvikvm: GC_CONCURRENT freed 406K, 87% free 1145K/8192K, paused 0ms+0ms, total 7ms
2018-09-17 14:54:40.758000	ALL	09-17 08:54:40.661  9313  9318 D dalvikvm: GC_CONCURRENT freed 407K, 87% free 1145K/8192K, paused 0ms+0ms, total 3ms
2018-09-17 14:54:40.860000	ALL	09-17 08:54:40.765  9313  9318 D dalvikvm: GC_CONCURRENT freed 407K, 87% free 1145K/8192K, paused 0ms+3ms, total 7ms
2018-09-17 14:54:40.944000	ALL	09-17 08:54:40.849  9313  9318 D dalvikvm: GC_CONCURRENT freed 406K, 87% free 1145K/8192K, paused 0ms+0ms, total 1ms
2018-09-17 14:54:41.042000	ALL	09-17 08:54:40.949  9313  9318 D dalvikvm: GC_CONCURRENT freed 407K, 87% free 1145K/8192K, paused 1ms+0ms, total 3ms
2018-09-17 14:54:41.135000	ALL	09-17 08:54:41.041  9313  9318 D dalvikvm: GC_CONCURRENT freed 405K, 87% free 1145K/8192K, paused 0ms+0ms, total 3ms
2018-09-17 14:54:41.154000	ALL	09-17 08:54:41.057  9346  9349 D dalvikvm: GC_CONCURRENT freed 1273K, 17% free 7322K/8756K, paused 4ms+1ms, total 9ms
2018-09-17 14:54:41.226000	ALL	09-17 08:54:41.133  9313  9318 D dalvikvm: GC_CONCURRENT freed 407K, 87% free 1145K/8192K, paused 0ms+0ms, total 2ms
2018-09-17 14:54:41.270000	ALL	09-17 08:54:41.177  9313  9318 D dalvikvm: GC_CONCURRENT freed 405K, 87% free 1146K/8192K, paused 0ms+0ms, total 2ms
2018-09-17 14:54:41.368000	ALL	09-17 08:54:41.273  9313  9318 D dalvikvm: GC_CONCURRENT freed 408K, 87% free 1145K/8192K, paused 1ms+0ms, total 3ms
2018-09-17 14:54:41.505000	ALL	09-17 08:54:41.409  9313  9318 D dalvikvm: GC_CONCURRENT freed 406K, 87% free 1145K/8192K, paused 0ms+0ms, total 2ms
2018-09-17 14:54:41.598000	ALL	09-17 08:54:41.501  9313  9318 D dalvikvm: GC_CONCURRENT freed 406K, 87% free 1145K/8192K, paused 1ms+0ms, total 6ms
2018-09-17 14:54:41.668000	ALL	09-17 08:54:41.577  9313  9318 D dalvikvm: GC_CONCURRENT freed 388K, 86% free 1163K/8192K, paused 1ms+0ms, total 5ms
2018-09-17 14:54:41.774000	ALL	09-17 08:54:41.681  9313  9318 D dalvikvm: GC_CONCURRENT freed 425K, 87% free 1145K/8192K, paused 0ms+0ms, total 3ms
2018-09-17 14:54:41.847000	ALL	09-17 08:54:41.753  9313  9318 D dalvikvm: GC_CONCURRENT freed 377K, 86% free 1155K/8192K, paused 1ms+0ms, total 4ms
2018-09-17 14:54:41.943000	ALL	09-17 08:54:41.845  9313  9318 D dalvikvm: GC_CONCURRENT freed 418K, 86% free 1164K/8192K, paused 1ms+1ms, total 5ms
2018-09-17 14:54:42.036000	ALL	09-17 08:54:41.941  9313  9318 D dalvikvm: GC_CONCURRENT freed 425K, 87% free 1145K/8192K, paused 1ms+0ms, total 5ms
2018-09-17 14:54:42.131000	ALL	09-17 08:54:42.037  9313  9318 D dalvikvm: GC_CONCURRENT freed 418K, 87% free 1133K/8192K, paused 0ms+0ms, total 3ms
2018-09-17 14:54:42.172000	ALL	09-17 08:54:42.077  9313  9318 D dalvikvm: GC_CONCURRENT freed 394K, 87% free 1145K/8192K, paused 0ms+1ms, total 2ms
2018-09-17 14:54:42.272000	ALL	09-17 08:54:42.177  9313  9318 D dalvikvm: GC_CONCURRENT freed 407K, 87% free 1145K/8192K, paused 1ms+0ms, total 3ms
2018-09-17 14:54:42.358000	ALL	09-17 08:54:42.261  9313  9318 D dalvikvm: GC_CONCURRENT freed 406K, 87% free 1146K/8192K, paused 0ms+0ms, total 2ms
2018-09-17 14:54:42.469000	ALL	09-17 08:54:42.377  9313  9318 D dalvikvm: GC_CONCURRENT freed 376K, 86% free 1154K/8192K, paused 2ms+0ms, total 4ms
2018-09-17 14:54:42.556000	ALL	09-17 08:54:42.461  9313  9318 D dalvikvm: GC_CONCURRENT freed 405K, 87% free 1134K/8192K, paused 4ms+0ms, total 7ms
2018-09-17 14:54:42.642000	ALL	09-17 08:54:42.549  9313  9318 D dalvikvm: GC_CONCURRENT freed 395K, 87% free 1146K/8192K, paused 0ms+0ms, total 2ms
2018-09-17 14:54:42.736000	ALL	09-17 08:54:42.641  9313  9318 D dalvikvm: GC_CONCURRENT freed 406K, 87% free 1146K/8192K, paused 0ms+1ms, total 3ms
2018-09-17 14:54:42.836000	ALL	09-17 08:54:42.733  9313  9318 D dalvikvm: GC_CONCURRENT freed 407K, 87% free 1145K/8192K, paused 0ms+0ms, total 3ms
2018-09-17 14:54:42.880000	ALL	09-17 08:54:42.785  9313  9318 D dalvikvm: GC_CONCURRENT freed 405K, 87% free 1145K/8192K, paused 0ms+0ms, total 2ms
2018-09-17 14:54:42.971000	ALL	09-17 08:54:42.877  9313  9318 D dalvikvm: GC_CONCURRENT freed 407K, 87% free 1146K/8192K, paused 0ms+0ms, total 2ms
2018-09-17 14:54:43.065000	ALL	09-17 08:54:42.973  9313  9318 D dalvikvm: GC_CONCURRENT freed 406K, 87% free 1146K/8192K, paused 0ms+0ms, total 2ms
2018-09-17 14:54:43.163000	ALL	09-17 08:54:43.069  9313  9318 D dalvikvm: GC_CONCURRENT freed 406K, 87% free 1146K/8192K, paused 0ms+0ms, total 2ms
2018-09-17 14:54:43.231000	ALL	09-17 08:54:43.137  9346  9349 D dalvikvm: GC_CONCURRENT freed 1278K, 17% free 7322K/8756K, paused 2ms+1ms, total 9ms
2018-09-17 14:54:43.255000	ALL	09-17 08:54:43.161  9313  9318 D dalvikvm: GC_CONCURRENT freed 406K, 87% free 1145K/8192K, paused 0ms+0ms, total 3ms
2018-09-17 14:54:43.358000	ALL	09-17 08:54:43.265  9313  9318 D dalvikvm: GC_CONCURRENT freed 406K, 87% free 1146K/8192K, paused 1ms+1ms, total 3ms
2018-09-17 14:54:43.444000	ALL	09-17 08:54:43.349  9313  9318 D dalvikvm: GC_CONCURRENT freed 406K, 87% free 1146K/8192K, paused 0ms+0ms, total 2ms
2018-09-17 14:54:43.538000	ALL	09-17 08:54:43.445  9313  9318 D dalvikvm: GC_CONCURRENT freed 405K, 86% free 1146K/8192K, paused 0ms+1ms, total 2ms
2018-09-17 14:54:43.633000	ALL	09-17 08:54:43.537  9313  9318 D dalvikvm: GC_CONCURRENT freed 407K, 87% free 1145K/8192K, paused 0ms+0ms, total 3ms
2018-09-17 14:54:43.673000	ALL	09-17 08:54:43.581  9313  9318 D dalvikvm: GC_CONCURRENT freed 406K, 87% free 1145K/8192K, paused 1ms+0ms, total 3ms
2018-09-17 14:54:43.778000	ALL	09-17 08:54:43.681  9313  9318 D dalvikvm: GC_CONCURRENT freed 407K, 87% free 1146K/8192K, paused 0ms+0ms, total 2ms
2018-09-17 14:54:43.876000	ALL	09-17 08:54:43.777  9313  9318 D dalvikvm: GC_CONCURRENT freed 406K, 87% free 1146K/8192K, paused 1ms+0ms, total 2ms
2018-09-17 14:54:43.956000	ALL	09-17 08:54:43.861  9313  9318 D dalvikvm: GC_CONCURRENT freed 405K, 86% free 1146K/8192K, paused 0ms+0ms, total 1ms
2018-09-17 14:54:44.056000	ALL	09-17 08:54:43.965  9313  9318 D dalvikvm: GC_CONCURRENT freed 377K, 86% free 1153K/8192K, paused 2ms+0ms, total 3ms
2018-09-17 14:54:44.144000	ALL	09-17 08:54:44.049  9313  9318 D dalvikvm: GC_CONCURRENT freed 404K, 87% free 1134K/8192K, paused 2ms+0ms, total 4ms
2018-09-17 14:54:44.242000	ALL	09-17 08:54:44.149  9313  9318 D dalvikvm: GC_CONCURRENT freed 394K, 87% free 1146K/8192K, paused 1ms+0ms, total 3ms
2018-09-17 14:54:44.337000	ALL	09-17 08:54:44.245  9313  9318 D dalvikvm: GC_CONCURRENT freed 405K, 86% free 1146K/8192K, paused 0ms+0ms, total 2ms
2018-09-17 14:54:44.377000	ALL	09-17 08:54:44.281  9313  9318 D dalvikvm: GC_CONCURRENT freed 419K, 87% free 1133K/8192K, paused 0ms+0ms, total 2ms
2018-09-17 14:54:44.451000	ALL	09-17 08:54:44.357  9313  9318 D dalvikvm: GC_CONCURRENT freed 394K, 87% free 1146K/8192K, paused 0ms+0ms, total 2ms
2018-09-17 14:54:44.552000	ALL	09-17 08:54:44.457  9313  9318 D dalvikvm: GC_CONCURRENT freed 406K, 87% free 1146K/8192K, paused 0ms+0ms, total 2ms
2018-09-17 14:54:44.643000	ALL	09-17 08:54:44.545  9313  9318 D dalvikvm: GC_CONCURRENT freed 406K, 87% free 1146K/8192K, paused 0ms+0ms, total 2ms
2018-09-17 14:54:44.737000	ALL	09-17 08:54:44.641  9313  9318 D dalvikvm: GC_CONCURRENT freed 406K, 87% free 1146K/8192K, paused 1ms+0ms, total 4ms
2018-09-17 14:54:44.830000	ALL	09-17 08:54:44.737  9313  9318 D dalvikvm: GC_CONCURRENT freed 407K, 87% free 1145K/8192K, paused 1ms+0ms, total 3ms
2018-09-17 14:54:44.868000	ALL	09-17 08:54:44.773  9313  9318 D dalvikvm: GC_CONCURRENT freed 405K, 87% free 1145K/8192K, paused 0ms+0ms, total 3ms
2018-09-17 14:54:44.968000	ALL	09-17 08:54:44.873  9313  9318 D dalvikvm: GC_CONCURRENT freed 407K, 87% free 1146K/8192K, paused 0ms+0ms, total 2ms
2018-09-17 14:54:45.049000	ALL	09-17 08:54:44.953  9313  9318 D dalvikvm: GC_CONCURRENT freed 406K, 87% free 1146K/8192K, paused 1ms+0ms, total 2ms
2018-09-17 14:54:45.154000	ALL	09-17 08:54:45.061  9313  9318 D dalvikvm: GC_CONCURRENT freed 406K, 87% free 1146K/8192K, paused 0ms+1ms, total 2ms
2018-09-17 14:54:45.237000	ALL	09-17 08:54:45.145  9346  9349 D dalvikvm: GC_CONCURRENT freed 1274K, 17% free 7321K/8756K, paused 3ms+1ms, total 6ms
2018-09-17 14:54:45.263000	ALL	09-17 08:54:45.169  9313  9318 D dalvikvm: GC_CONCURRENT freed 407K, 87% free 1145K/8192K, paused 1ms+0ms, total 3ms
2018-09-17 14:54:45.346000	ALL	09-17 08:54:45.253  9313  9318 D dalvikvm: GC_CONCURRENT freed 406K, 87% free 1146K/8192K, paused 0ms+0ms, total 2ms
2018-09-17 14:54:45.448000	ALL	09-17 08:54:45.357  9313  9318 D dalvikvm: GC_CONCURRENT freed 406K, 87% free 1146K/8192K, paused 4ms+0ms, total 6ms
2018-09-17 14:54:45.543000	ALL	09-17 08:54:45.453  9313  9318 D dalvikvm: GC_CONCURRENT freed 406K, 87% free 1146K/8192K, paused 0ms+1ms, total 3ms
2018-09-17 14:54:45.640000	ALL	09-17 08:54:45.545  9313  9318 D dalvikvm: GC_CONCURRENT freed 406K, 87% free 1146K/8192K, paused 1ms+0ms, total 4ms
2018-09-17 14:54:45.728000	ALL	09-17 08:54:45.633  9313  9318 D dalvikvm: GC_CONCURRENT freed 407K, 87% free 1145K/8192K, paused 0ms+0ms, total 2ms
2018-09-17 14:54:45.768000	ALL	09-17 08:54:45.673  9313  9318 D dalvikvm: GC_CONCURRENT freed 406K, 87% free 1145K/8192K, paused 1ms+0ms, total 3ms
2018-09-17 14:54:45.869000	ALL	09-17 08:54:45.773  9313  9318 D dalvikvm: GC_CONCURRENT freed 407K, 87% free 1146K/8192K, paused 0ms+0ms, total 3ms
2018-09-17 14:54:45.936000	ALL	09-17 08:54:45.845  9313  9313 I QueryController: Matched selector: UiSelector[CLASS=android.widget.TextView, INSTANCE=2, COUNT=2] <<==>> [android.view.accessibility.AccessibilityNodeInfo@128e5; boundsInParent: Rect(0, 0 - 278, 57); boundsInScreen: Rect(36, 589 - 314, 646); packageName: io.appium.android.apis; className: android.widget.TextView; text: Recipient #; contentDescription: Recipient #; viewIdResName: null; checkable: false; checked: false; focusable: false; focused: false; selected: false; clickable: false; longClickable: false; enabled: true; password: false; scrollable: false; [ACTION_SELECT, ACTION_CLEAR_SELECTION, ACTION_ACCESSIBILITY_FOCUS, ACTION_NEXT_AT_MOVEMENT_GRANULARITY, ACTION_PREVIOUS_AT_MOVEMENT_GRANULARITY, ACTION_SET_SELECTION]]
2018-09-17 14:54:45.941000	ALL	09-17 08:54:45.845  9313  9313 D UiObject: getText() = Recipient #
2018-09-17 14:54:45.944000	ALL	09-17 08:54:45.857  9313  9313 I QueryController: Matched selector: UiSelector[CLASS=android.widget.TextView, INSTANCE=2, COUNT=2] <<==>> [android.view.accessibility.AccessibilityNodeInfo@128e5; boundsInParent: Rect(0, 0 - 278, 57); boundsInScreen: Rect(36, 589 - 314, 646); packageName: io.appium.android.apis; className: android.widget.TextView; text: Recipient #; contentDescription: Recipient #; viewIdResName: null; checkable: false; checked: false; focusable: false; focused: false; selected: false; clickable: false; longClickable: false; enabled: true; password: false; scrollable: false; [ACTION_SELECT, ACTION_CLEAR_SELECTION, ACTION_ACCESSIBILITY_FOCUS, ACTION_NEXT_AT_MOVEMENT_GRANULARITY, ACTION_PREVIOUS_AT_MOVEMENT_GRANULARITY, ACTION_SET_SELECTION]]
2018-09-17 14:54:45.949000	ALL	09-17 08:54:45.857  9313  9313 D UiObject: getText() = Recipient #
2018-09-17 14:54:45.961000	ALL	09-17 08:54:45.869  9313  9318 D dalvikvm: GC_CONCURRENT freed 423K, 87% free 1145K/8192K, paused 1ms+0ms, total 6ms
2018-09-17 14:54:45.974000	ALL	09-17 08:54:45.881  9313  9313 I QueryController: Matched selector: UiSelector[CLASS=android.widget.TextView, INSTANCE=2, COUNT=2] <<==>> [android.view.accessibility.AccessibilityNodeInfo@128e5; boundsInParent: Rect(0, 0 - 278, 57); boundsInScreen: Rect(36, 589 - 314, 646); packageName: io.appium.android.apis; className: android.widget.TextView; text: Recipient #; contentDescription: Recipient #; viewIdResName: null; checkable: false; checked: false; focusable: false; focused: false; selected: false; clickable: false; longClickable: false; enabled: true; password: false; scrollable: false; [ACTION_SELECT, ACTION_CLEAR_SELECTION, ACTION_ACCESSIBILITY_FOCUS, ACTION_NEXT_AT_MOVEMENT_GRANULARITY, ACTION_PREVIOUS_AT_MOVEMENT_GRANULARITY, ACTION_SET_SELECTION]]
2018-09-17 14:54:45.974000	ALL	09-17 08:54:45.885  9313  9313 I QueryController: Matched selector: UiSelector[CLASS=android.widget.TextView, INSTANCE=2, COUNT=2] <<==>> [android.view.accessibility.AccessibilityNodeInfo@128e5; boundsInParent: Rect(0, 0 - 278, 57); boundsInScreen: Rect(36, 589 - 314, 646); packageName: io.appium.android.apis; className: android.widget.TextView; text: Recipient #; contentDescription: Recipient #; viewIdResName: null; checkable: false; checked: false; focusable: false; focused: false; selected: false; clickable: false; longClickable: false; enabled: true; password: false; scrollable: false; [ACTION_SELECT, ACTION_CLEAR_SELECTION, ACTION_ACCESSIBILITY_FOCUS, ACTION_NEXT_AT_MOVEMENT_GRANULARITY, ACTION_PREVIOUS_AT_MOVEMENT_GRANULARITY, ACTION_SET_SELECTION]]
2018-09-17 14:54:46.016000	ALL	09-17 08:54:45.885  9313  9313 D UiObject: getText() = Recipient #
2018-09-17 14:54:46.016000	ALL	09-17 08:54:45.901  9313  9313 I QueryController: Matched selector: UiSelector[CLASS=android.widget.TextView, INSTANCE=2, COUNT=2] <<==>> [android.view.accessibility.AccessibilityNodeInfo@128e5; boundsInParent: Rect(0, 0 - 278, 57); boundsInScreen: Rect(36, 589 - 314, 646); packageName: io.appium.android.apis; className: android.widget.TextView; text: Recipient #; contentDescription: Recipient #; viewIdResName: null; checkable: false; checked: false; focusable: false; focused: false; selected: false; clickable: false; longClickable: false; enabled: true; password: false; scrollable: false; [ACTION_SELECT, ACTION_CLEAR_SELECTION, ACTION_ACCESSIBILITY_FOCUS, ACTION_NEXT_AT_MOVEMENT_GRANULARITY, ACTION_PREVIOUS_AT_MOVEMENT_GRANULARITY, ACTION_SET_SELECTION]]
2018-09-17 14:54:46.016000	ALL	09-17 08:54:45.901  9313  9313 D UiObject: getText() = Recipient #
2018-09-17 14:54:46.016000	ALL	09-17 08:54:45.905  9313  9313 I QueryController: Matched selector: UiSelector[CLASS=android.widget.TextView, INSTANCE=2, COUNT=2] <<==>> [android.view.accessibility.AccessibilityNodeInfo@128e5; boundsInParent: Rect(0, 0 - 278, 57); boundsInScreen: Rect(36, 589 - 314, 646); packageName: io.appium.android.apis; className: android.widget.TextView; text: Recipient #; contentDescription: Recipient #; viewIdResName: null; checkable: false; checked: false; focusable: false; focused: false; selected: false; clickable: false; longClickable: false; enabled: true; password: false; scrollable: false; [ACTION_SELECT, ACTION_CLEAR_SELECTION, ACTION_ACCESSIBILITY_FOCUS, ACTION_NEXT_AT_MOVEMENT_GRANULARITY, ACTION_PREVIOUS_AT_MOVEMENT_GRANULARITY, ACTION_SET_SELECTION]]
2018-09-17 14:54:46.016000	ALL	09-17 08:54:45.909  9313  9318 D dalvikvm: GC_CONCURRENT freed 398K, 87% free 1141K/8192K, paused 0ms+1ms, total 4ms
2018-09-17 14:54:46.016000	ALL	09-17 08:54:45.909  9313  9313 D InteractionController: clickAndSync(175, 617)
2018-09-17 14:54:46.063000	ALL	09-17 08:54:45.969  9313  9318 D dalvikvm: GC_CONCURRENT freed 403K, 86% free 1147K/8192K, paused 1ms+0ms, total 2ms
2018-09-17 14:54:46.162000	ALL	09-17 08:54:46.069  9313  9318 D dalvikvm: GC_CONCURRENT freed 407K, 86% free 1147K/8192K, paused 0ms+0ms, total 2ms
2018-09-17 14:54:46.261000	ALL	09-17 08:54:46.169  9313  9318 D dalvikvm: GC_CONCURRENT freed 406K, 86% free 1147K/8192K, paused 1ms+0ms, total 3ms
2018-09-17 14:54:46.360000	ALL	09-17 08:54:46.265  9313  9318 D dalvikvm: GC_CONCURRENT freed 407K, 87% free 1146K/8192K, paused 0ms+0ms, total 2ms
2018-09-17 14:54:46.450000	ALL	09-17 08:54:46.357  9313  9318 D dalvikvm: GC_CONCURRENT freed 406K, 86% free 1146K/8192K, paused 1ms+0ms, total 2ms
2018-09-17 14:54:46.546000	ALL	09-17 08:54:46.453  9313  9318 D dalvikvm: GC_CONCURRENT freed 406K, 86% free 1146K/8192K, paused 0ms+0ms, total 3ms
2018-09-17 14:54:46.647000	ALL	09-17 08:54:46.553  9313  9318 D dalvikvm: GC_CONCURRENT freed 406K, 86% free 1147K/8192K, paused 0ms+1ms, total 2ms
2018-09-17 14:54:46.735000	ALL	09-17 08:54:46.641  9313  9318 D dalvikvm: GC_CONCURRENT freed 406K, 86% free 1146K/8192K, paused 0ms+1ms, total 2ms
2018-09-17 14:54:46.835000	ALL	09-17 08:54:46.741  9313  9318 D dalvikvm: GC_CONCURRENT freed 407K, 87% free 1146K/8192K, paused 2ms+0ms, total 4ms
2018-09-17 14:54:46.880000	ALL	09-17 08:54:46.785  9313  9318 D dalvikvm: GC_CONCURRENT freed 418K, 87% free 1134K/8192K, paused 0ms+0ms, total 2ms
2018-09-17 14:54:46.964000	ALL	09-17 08:54:46.869  9313  9318 D dalvikvm: GC_CONCURRENT freed 394K, 86% free 1147K/8192K, paused 2ms+1ms, total 4ms
2018-09-17 14:54:47.068000	ALL	09-17 08:54:46.973  9313  9318 D dalvikvm: GC_CONCURRENT freed 407K, 86% free 1147K/8192K, paused 0ms+0ms, total 2ms
2018-09-17 14:54:47.166000	ALL	09-17 08:54:47.073  9313  9318 D dalvikvm: GC_CONCURRENT freed 406K, 86% free 1146K/8192K, paused 0ms+0ms, total 2ms
2018-09-17 14:54:47.240000	ALL	09-17 08:54:47.145  9346  9349 D dalvikvm: GC_CONCURRENT freed 1275K, 17% free 7323K/8756K, paused 1ms+1ms, total 6ms
2018-09-17 14:54:47.261000	ALL	09-17 08:54:47.165  9313  9318 D dalvikvm: GC_CONCURRENT freed 407K, 87% free 1146K/8192K, paused 0ms+0ms, total 2ms
2018-09-17 14:54:47.356000	ALL	09-17 08:54:47.261  9313  9318 D dalvikvm: GC_CONCURRENT freed 406K, 86% free 1147K/8192K, paused 0ms+1ms, total 2ms
2018-09-17 14:54:47.442000	ALL	09-17 08:54:47.349  9313  9318 D dalvikvm: GC_CONCURRENT freed 406K, 86% free 1147K/8192K, paused 0ms+0ms, total 2ms
2018-09-17 14:54:47.564000	ALL	09-17 08:54:47.469  9313  9318 D dalvikvm: GC_CONCURRENT freed 417K, 87% free 1136K/8192K, paused 1ms+0ms, total 2ms
2018-09-17 14:54:47.636000	ALL	09-17 08:54:47.541  9313  9318 D dalvikvm: GC_CONCURRENT freed 396K, 86% free 1149K/8192K, paused 1ms+0ms, total 8ms
2018-09-17 14:54:47.737000	ALL	09-17 08:54:47.633  9313  9318 D dalvikvm: GC_CONCURRENT freed 406K, 86% free 1146K/8192K, paused 2ms+0ms, total 4ms
2018-09-17 14:54:47.868000	ALL	09-17 08:54:47.765  9313  9318 D dalvikvm: GC_CONCURRENT freed 407K, 86% free 1147K/8192K, paused 35ms+0ms, total 39ms
2018-09-17 14:54:48.004000	ALL	09-17 08:54:47.909  9313  9318 D dalvikvm: GC_CONCURRENT freed 377K, 86% free 1153K/8192K, paused 4ms+0ms, total 5ms
2018-09-17 14:54:48.044000	ALL	09-17 08:54:47.949  9313  9318 D dalvikvm: GC_CONCURRENT freed 402K, 87% free 1135K/8192K, paused 2ms+0ms, total 4ms
2018-09-17 14:54:48.084000	ALL	09-17 08:54:47.989  9313  9318 D dalvikvm: GC_CONCURRENT freed 396K, 87% free 1146K/8192K, paused 0ms+0ms, total 2ms
2018-09-17 14:54:48.147000	ALL	09-17 08:54:48.049  9313  9318 D dalvikvm: GC_CONCURRENT freed 406K, 86% free 1146K/8192K, paused 0ms+0ms, total 2ms
2018-09-17 14:54:48.246000	ALL	09-17 08:54:48.149  9313  9318 D dalvikvm: GC_CONCURRENT freed 406K, 86% free 1147K/8192K, paused 0ms+0ms, total 2ms
2018-09-17 14:54:48.345000	ALL	09-17 08:54:48.249  9313  9318 D dalvikvm: GC_CONCURRENT freed 406K, 86% free 1146K/8192K, paused 0ms+0ms, total 3ms
2018-09-17 14:54:48.435000	ALL	09-17 08:54:48.337  9313  9318 D dalvikvm: GC_CONCURRENT freed 406K, 86% free 1147K/8192K, paused 1ms+0ms, total 3ms
2018-09-17 14:54:48.536000	ALL	09-17 08:54:48.441  9313  9318 D dalvikvm: GC_CONCURRENT freed 377K, 86% free 1153K/8192K, paused 4ms+0ms, total 6ms
2018-09-17 14:54:48.589000	ALL	09-17 08:54:48.493  9313  9318 D dalvikvm: GC_CONCURRENT freed 403K, 87% free 1135K/8192K, paused 4ms+0ms, total 7ms
2018-09-17 14:54:48.670000	ALL	09-17 08:54:48.577  9313  9318 D dalvikvm: GC_CONCURRENT freed 395K, 86% free 1146K/8192K, paused 0ms+0ms, total 2ms
2018-09-17 14:54:48.766000	ALL	09-17 08:54:48.669  9313  9318 D dalvikvm: GC_CONCURRENT freed 406K, 86% free 1146K/8192K, paused 0ms+1ms, total 2ms
2018-09-17 14:54:48.863000	ALL	09-17 08:54:48.769  9313  9318 D dalvikvm: GC_CONCURRENT freed 407K, 87% free 1146K/8192K, paused 1ms+0ms, total 2ms
2018-09-17 14:54:48.960000	ALL	09-17 08:54:48.865  9313  9318 D dalvikvm: GC_CONCURRENT freed 406K, 86% free 1146K/8192K, paused 0ms+1ms, total 3ms
2018-09-17 14:54:49.051000	ALL	09-17 08:54:48.957  9313  9318 D dalvikvm: GC_CONCURRENT freed 406K, 86% free 1146K/8192K, paused 0ms+0ms, total 2ms
2018-09-17 14:54:49.110000	ALL	09-17 08:54:49.017  9313  9313 W InteractionController: runAndwaitForEvent timedout waiting for events
2018-09-17 14:54:49.113000	ALL	09-17 08:54:49.021  9313  9313 I QueryController: Matched selector: UiSelector[CLASS=android.widget.TextView, INSTANCE=2, COUNT=2] <<==>> [android.view.accessibility.AccessibilityNodeInfo@128e5; boundsInParent: Rect(0, 0 - 278, 57); boundsInScreen: Rect(36, 589 - 314, 646); packageName: io.appium.android.apis; className: android.widget.TextView; text: Recipient #; contentDescription: Recipient #; viewIdResName: null; checkable: false; checked: false; focusable: false; focused: false; selected: false; clickable: false; longClickable: false; enabled: true; password: false; scrollable: false; [ACTION_SELECT, ACTION_CLEAR_SELECTION, ACTION_ACCESSIBILITY_FOCUS, ACTION_NEXT_AT_MOVEMENT_GRANULARITY, ACTION_PREVIOUS_AT_MOVEMENT_GRANULARITY, ACTION_SET_SELECTION]]
2018-09-17 14:54:49.119000	ALL	09-17 08:54:49.025  9313  9313 D UiObject: getText() = Recipient #
2018-09-17 14:54:49.126000	ALL	09-17 08:54:49.037  9313  9313 I QueryController: Matched selector: UiSelector[CLASS=android.widget.TextView, INSTANCE=2, COUNT=2] <<==>> [android.view.accessibility.AccessibilityNodeInfo@128e5; boundsInParent: Rect(0, 0 - 278, 57); boundsInScreen: Rect(36, 589 - 314, 646); packageName: io.appium.android.apis; className: android.widget.TextView; text: Recipient #; contentDescription: Recipient #; viewIdResName: null; checkable: false; checked: false; focusable: false; focused: false; selected: false; clickable: false; longClickable: false; enabled: true; password: false; scrollable: false; [ACTION_SELECT, ACTION_CLEAR_SELECTION, ACTION_ACCESSIBILITY_FOCUS, ACTION_NEXT_AT_MOVEMENT_GRANULARITY, ACTION_PREVIOUS_AT_MOVEMENT_GRANULARITY, ACTION_SET_SELECTION]]
2018-09-17 14:54:49.126000	ALL	09-17 08:54:49.037  9313  9313 D UiObject: getText() = Recipient #
2018-09-17 14:54:49.134000	ALL	09-17 08:54:49.037  9313  9318 D dalvikvm: GC_CONCURRENT freed 420K, 86% free 1152K/8192K, paused 0ms+0ms, total 2ms
2018-09-17 14:54:49.155000	ALL	09-17 08:54:49.069  9313  9313 I QueryController: Matched selector: UiSelector[CLASS=android.widget.TextView, INSTANCE=2, COUNT=2] <<==>> [android.view.accessibility.AccessibilityNodeInfo@128e5; boundsInParent: Rect(0, 0 - 278, 57); boundsInScreen: Rect(36, 589 - 314, 646); packageName: io.appium.android.apis; className: android.widget.TextView; text: Recipient #; contentDescription: Recipient #; viewIdResName: null; checkable: false; checked: false; focusable: false; focused: false; selected: false; clickable: false; longClickable: false; enabled: true; password: false; scrollable: false; [ACTION_SELECT, ACTION_CLEAR_SELECTION, ACTION_ACCESSIBILITY_FOCUS, ACTION_NEXT_AT_MOVEMENT_GRANULARITY, ACTION_PREVIOUS_AT_MOVEMENT_GRANULARITY, ACTION_SET_SELECTION]]
2018-09-17 14:54:49.160000	ALL	09-17 08:54:49.069  9313  9313 D UiObject: getText() = Recipient #
2018-09-17 14:54:49.166000	ALL	09-17 08:54:49.073  9313  9313 I QueryController: Matched selector: UiSelector[CLASS=android.widget.TextView, INSTANCE=2, COUNT=2] <<==>> [android.view.accessibility.AccessibilityNodeInfo@128e5; boundsInParent: Rect(0, 0 - 278, 57); boundsInScreen: Rect(36, 589 - 314, 646); packageName: io.appium.android.apis; className: android.widget.TextView; text: Recipient #; contentDescription: Recipient #; viewIdResName: null; checkable: false; checked: false; focusable: false; focused: false; selected: false; clickable: false; longClickable: false; enabled: true; password: false; scrollable: false; [ACTION_SELECT, ACTION_CLEAR_SELECTION, ACTION_ACCESSIBILITY_FOCUS, ACTION_NEXT_AT_MOVEMENT_GRANULARITY, ACTION_PREVIOUS_AT_MOVEMENT_GRANULARITY, ACTION_SET_SELECTION]]
2018-09-17 14:54:49.168000	ALL	09-17 08:54:49.073  9313  9313 D UiObject: getText() = Recipient #
2018-09-17 14:54:49.171000	ALL	09-17 08:54:49.081  9313  9313 I QueryController: Matched selector: UiSelector[CLASS=android.widget.TextView, INSTANCE=2, COUNT=2] <<==>> [android.view.accessibility.AccessibilityNodeInfo@128e5; boundsInParent: Rect(0, 0 - 278, 57); boundsInScreen: Rect(36, 589 - 314, 646); packageName: io.appium.android.apis; className: android.widget.TextView; text: Recipient #; contentDescription: Recipient #; viewIdResName: null; checkable: false; checked: false; focusable: false; focused: false; selected: false; clickable: false; longClickable: false; enabled: true; password: false; scrollable: false; [ACTION_SELECT, ACTION_CLEAR_SELECTION, ACTION_ACCESSIBILITY_FOCUS, ACTION_NEXT_AT_MOVEMENT_GRANULARITY, ACTION_PREVIOUS_AT_MOVEMENT_GRANULARITY, ACTION_SET_SELECTION]]
2018-09-17 14:54:49.172000	ALL	09-17 08:54:49.081  9313  9313 D UiObject: getText() = Recipient #
2018-09-17 14:54:49.177000	ALL	09-17 08:54:49.085  9313  9318 D dalvikvm: GC_CONCURRENT freed 402K, 87% free 1137K/8192K, paused 0ms+0ms, total 2ms
2018-09-17 14:54:49.179000	ALL	09-17 08:54:49.089  9313  9313 I QueryController: Matched selector: UiSelector[CLASS=android.widget.TextView, INSTANCE=2, COUNT=2] <<==>> [android.view.accessibility.AccessibilityNodeInfo@128e5; boundsInParent: Rect(0, 0 - 278, 57); boundsInScreen: Rect(36, 589 - 314, 646); packageName: io.appium.android.apis; className: android.widget.TextView; text: Recipient #; contentDescription: Recipient #; viewIdResName: null; checkable: false; checked: false; focusable: false; focused: false; selected: false; clickable: false; longClickable: false; enabled: true; password: false; scrollable: false; [ACTION_SELECT, ACTION_CLEAR_SELECTION, ACTION_ACCESSIBILITY_FOCUS, ACTION_NEXT_AT_MOVEMENT_GRANULARITY, ACTION_PREVIOUS_AT_MOVEMENT_GRANULARITY, ACTION_SET_SELECTION]]
2018-09-17 14:54:49.183000	ALL	09-17 08:54:49.089  9313  9313 D UiObject: getText() = Recipient #
2018-09-17 14:54:49.187000	ALL	09-17 08:54:49.097  9313  9313 I QueryController: Matched selector: UiSelector[CLASS=android.widget.TextView, INSTANCE=2, COUNT=2] <<==>> [android.view.accessibility.AccessibilityNodeInfo@128e5; boundsInParent: Rect(0, 0 - 278, 57); boundsInScreen: Rect(36, 589 - 314, 646); packageName: io.appium.android.apis; className: android.widget.TextView; text: Recipient #; contentDescription: Recipient #; viewIdResName: null; checkable: false; checked: false; focusable: false; focused: false; selected: false; clickable: false; longClickable: false; enabled: true; password: false; scrollable: false; [ACTION_SELECT, ACTION_CLEAR_SELECTION, ACTION_ACCESSIBILITY_FOCUS, ACTION_NEXT_AT_MOVEMENT_GRANULARITY, ACTION_PREVIOUS_AT_MOVEMENT_GRANULARITY, ACTION_SET_SELECTION]]
2018-09-17 14:54:49.190000	ALL	09-17 08:54:49.097  9313  9313 D UiObject: getText() = Recipient #
2018-09-17 14:54:49.201000	ALL	09-17 08:54:49.109  9313  9313 I QueryController: Matched selector: UiSelector[CLASS=android.widget.TextView, INSTANCE=2, COUNT=2] <<==>> [android.view.accessibility.AccessibilityNodeInfo@128e5; boundsInParent: Rect(0, 0 - 278, 57); boundsInScreen: Rect(36, 589 - 314, 646); packageName: io.appium.android.apis; className: android.widget.TextView; text: Recipient #; contentDescription: Recipient #; viewIdResName: null; checkable: false; checked: false; focusable: false; focused: false; selected: false; clickable: false; longClickable: false; enabled: true; password: false; scrollable: false; [ACTION_SELECT, ACTION_CLEAR_SELECTION, ACTION_ACCESSIBILITY_FOCUS, ACTION_NEXT_AT_MOVEMENT_GRANULARITY, ACTION_PREVIOUS_AT_MOVEMENT_GRANULARITY, ACTION_SET_SELECTION]]
2018-09-17 14:54:49.209000	ALL	09-17 08:54:49.117  9346  9349 D dalvikvm: GC_CONCURRENT freed 1280K, 17% free 7324K/8760K, paused 1ms+2ms, total 8ms
2018-09-17 14:54:49.212000	ALL	09-17 08:54:49.121  9313  9318 D dalvikvm: GC_CONCURRENT freed 384K, 87% free 1136K/8192K, paused 2ms+0ms, total 4ms
2018-09-17 14:54:49.212000	ALL	09-17 08:54:49.121  9313  9313 I QueryController: Matched selector: UiSelector[CLASS=android.widget.TextView, INSTANCE=2, COUNT=2] <<==>> [android.view.accessibility.AccessibilityNodeInfo@128e5; boundsInParent: Rect(0, 0 - 278, 57); boundsInScreen: Rect(36, 589 - 314, 646); packageName: io.appium.android.apis; className: android.widget.TextView; text: Recipient #; contentDescription: Recipient #; viewIdResName: null; checkable: false; checked: false; focusable: false; focused: false; selected: false; clickable: false; longClickable: false; enabled: true; password: false; scrollable: false; [ACTION_SELECT, ACTION_CLEAR_SELECTION, ACTION_ACCESSIBILITY_FOCUS, ACTION_NEXT_AT_MOVEMENT_GRANULARITY, ACTION_PREVIOUS_AT_MOVEMENT_GRANULARITY, ACTION_SET_SELECTION]]
2018-09-17 14:54:49.215000	ALL	09-17 08:54:49.121  9313  9313 D UiObject: getText() = Recipient #
2018-09-17 14:54:49.216000	ALL	09-17 08:54:49.125  9313  9313 I QueryController: Matched selector: UiSelector[CLASS=android.widget.TextView, INSTANCE=2, COUNT=2] <<==>> [android.view.accessibility.AccessibilityNodeInfo@128e5; boundsInParent: Rect(0, 0 - 278, 57); boundsInScreen: Rect(36, 589 - 314, 646); packageName: io.appium.android.apis; className: android.widget.TextView; text: Recipient #; contentDescription: Recipient #; viewIdResName: null; checkable: false; checked: false; focusable: false; focused: false; selected: false; clickable: false; longClickable: false; enabled: true; password: false; scrollable: false; [ACTION_SELECT, ACTION_CLEAR_SELECTION, ACTION_ACCESSIBILITY_FOCUS, ACTION_NEXT_AT_MOVEMENT_GRANULARITY, ACTION_PREVIOUS_AT_MOVEMENT_GRANULARITY, ACTION_SET_SELECTION]]
2018-09-17 14:54:49.223000	ALL	09-17 08:54:49.125  9313  9313 D UiObject: getText() = Recipient #
2018-09-17 14:54:49.232000	ALL	09-17 08:54:49.133  9313  9313 I QueryController: Matched selector: UiSelector[CLASS=android.widget.TextView, INSTANCE=2, COUNT=2] <<==>> [android.view.accessibility.AccessibilityNodeInfo@128e5; boundsInParent: Rect(0, 0 - 278, 57); boundsInScreen: Rect(36, 589 - 314, 646); packageName: io.appium.android.apis; className: android.widget.TextView; text: Recipient #; contentDescription: Recipient #; viewIdResName: null; checkable: false; checked: false; focusable: false; focused: false; selected: false; clickable: false; longClickable: false; enabled: true; password: false; scrollable: false; [ACTION_SELECT, ACTION_CLEAR_SELECTION, ACTION_ACCESSIBILITY_FOCUS, ACTION_NEXT_AT_MOVEMENT_GRANULARITY, ACTION_PREVIOUS_AT_MOVEMENT_GRANULARITY, ACTION_SET_SELECTION]]
2018-09-17 14:54:49.233000	ALL	09-17 08:54:49.133  9313  9313 D UiObject: getText() = Recipient #
2018-09-17 14:54:49.238000	ALL	09-17 08:54:49.145  9313  9313 I QueryController: Matched selector: UiSelector[CLASS=android.widget.TextView, INSTANCE=2, COUNT=2] <<==>> [android.view.accessibility.AccessibilityNodeInfo@128e5; boundsInParent: Rect(0, 0 - 278, 57); boundsInScreen: Rect(36, 589 - 314, 646); packageName: io.appium.android.apis; className: android.widget.TextView; text: Recipient #; contentDescription: Recipient #; viewIdResName: null; checkable: false; checked: false; focusable: false; focused: false; selected: false; clickable: false; longClickable: false; enabled: true; password: false; scrollable: false; [ACTION_SELECT, ACTION_CLEAR_SELECTION, ACTION_ACCESSIBILITY_FOCUS, ACTION_NEXT_AT_MOVEMENT_GRANULARITY, ACTION_PREVIOUS_AT_MOVEMENT_GRANULARITY, ACTION_SET_SELECTION]]
2018-09-17 14:54:49.254000	ALL	09-17 08:54:49.161  9313  9318 D dalvikvm: GC_CONCURRENT freed 392K, 86% free 1148K/8192K, paused 0ms+1ms, total 2ms
2018-09-17 14:54:49.357000	ALL	09-17 08:54:49.265  9313  9318 D dalvikvm: GC_CONCURRENT freed 419K, 87% free 1136K/8192K, paused 2ms+0ms, total 6ms
2018-09-17 14:54:49.465000	ALL	09-17 08:54:49.369  9313  9318 D dalvikvm: GC_CONCURRENT freed 364K, 86% free 1155K/8192K, paused 2ms+0ms, total 4ms
2018-09-17 14:54:49.532000	ALL	09-17 08:54:49.441  9313  9318 D dalvikvm: GC_CONCURRENT freed 403K, 87% free 1136K/8192K, paused 4ms+0ms, total 5ms
2018-09-17 14:54:49.581000	ALL	09-17 08:54:49.485  9313  9318 D dalvikvm: GC_CONCURRENT freed 394K, 86% free 1148K/8192K, paused 1ms+1ms, total 4ms
2018-09-17 14:54:49.683000	ALL	09-17 08:54:49.593  9313  9318 D dalvikvm: GC_CONCURRENT freed 376K, 86% free 1156K/8192K, paused 1ms+0ms, total 3ms
2018-09-17 14:54:49.800000	ALL	09-17 08:54:49.677  9313  9318 D dalvikvm: GC_CONCURRENT freed 401K, 87% free 1139K/8192K, paused 2ms+0ms, total 4ms
2018-09-17 14:54:49.847000	ALL	09-17 08:54:49.753  9313  9318 D dalvikvm: GC_CONCURRENT freed 380K, 86% free 1168K/8192K, paused 1ms+0ms, total 3ms
2018-09-17 14:54:49.968000	ALL	09-17 08:54:49.873  9313  9318 D dalvikvm: GC_CONCURRENT freed 426K, 86% free 1148K/8192K, paused 0ms+1ms, total 3ms
2018-09-17 14:54:50.041000	ALL	09-17 08:54:49.945  9313  9318 D dalvikvm: GC_CONCURRENT freed 407K, 86% free 1148K/8192K, paused 0ms+0ms, total 3ms
2018-09-17 14:54:50.131000	ALL	09-17 08:54:50.037  9313  9318 D dalvikvm: GC_CONCURRENT freed 406K, 86% free 1148K/8192K, paused 0ms+0ms, total 2ms
2018-09-17 14:54:50.238000	ALL	09-17 08:54:50.133  9313  9318 D dalvikvm: GC_CONCURRENT freed 418K, 87% free 1136K/8192K, paused 1ms+0ms, total 2ms
2018-09-17 14:54:50.289000	ALL	09-17 08:54:50.193  9313  9318 D dalvikvm: GC_CONCURRENT freed 394K, 86% free 1147K/8192K, paused 1ms+0ms, total 2ms
2018-09-17 14:54:50.366000	ALL	09-17 08:54:50.273  9313  9318 D dalvikvm: GC_CONCURRENT freed 407K, 86% free 1148K/8192K, paused 1ms+1ms, total 3ms
2018-09-17 14:54:50.569000	ALL	09-17 08:54:50.461  9313  9318 D dalvikvm: GC_CONCURRENT freed 406K, 86% free 1148K/8192K, paused 0ms+1ms, total 2ms
2018-09-17 14:54:50.650000	ALL	09-17 08:54:50.541  9313  9318 D dalvikvm: GC_CONCURRENT freed 377K, 86% free 1162K/8192K, paused 3ms+0ms, total 5ms
2018-09-17 14:54:50.715000	ALL	09-17 08:54:50.621  9313  9318 D dalvikvm: GC_CONCURRENT freed 437K, 86% free 1147K/8192K, paused 1ms+0ms, total 4ms
2018-09-17 14:54:50.757000	ALL	09-17 08:54:50.661  9313  9318 D dalvikvm: GC_CONCURRENT freed 418K, 87% free 1135K/8192K, paused 1ms+0ms, total 3ms
2018-09-17 14:54:50.838000	ALL	09-17 08:54:50.749  9313  9318 D dalvikvm: GC_CONCURRENT freed 404K, 87% free 1137K/8192K, paused 1ms+0ms, total 5ms
2018-09-17 14:54:50.951000	ALL	09-17 08:54:50.849  9313  9318 D dalvikvm: GC_CONCURRENT freed 366K, 86% free 1154K/8192K, paused 1ms+0ms, total 3ms
2018-09-17 14:54:51.032000	ALL	09-17 08:54:50.941  9313  9318 D dalvikvm: GC_CONCURRENT freed 399K, 87% free 1139K/8192K, paused 2ms+0ms, total 3ms
2018-09-17 14:54:51.095000	ALL	09-17 08:54:50.993  9313  9318 D dalvikvm: GC_CONCURRENT freed 367K, 86% free 1157K/8192K, paused 4ms+0ms, total 7ms
2018-09-17 14:54:51.148000	ALL	09-17 08:54:51.053  9313  9318 D dalvikvm: GC_CONCURRENT freed 406K, 87% free 1136K/8192K, paused 1ms+0ms, total 2ms
2018-09-17 14:54:51.244000	ALL	09-17 08:54:51.149  9346  9349 D dalvikvm: GC_CONCURRENT freed 1281K, 17% free 7322K/8760K, paused 1ms+1ms, total 10ms
2018-09-17 14:54:51.259000	ALL	09-17 08:54:51.165  9313  9318 D dalvikvm: GC_CONCURRENT freed 395K, 86% free 1147K/8192K, paused 0ms+0ms, total 2ms
2018-09-17 14:54:51.345000	ALL	09-17 08:54:51.249  9313  9318 D dalvikvm: GC_CONCURRENT freed 376K, 86% free 1155K/8192K, paused 1ms+0ms, total 2ms
2018-09-17 14:54:51.467000	ALL	09-17 08:54:51.369  9313  9318 D dalvikvm: GC_CONCURRENT freed 403K, 87% free 1135K/8192K, paused 2ms+0ms, total 3ms
2018-09-17 14:54:51.543000	ALL	09-17 08:54:51.449  9313  9318 D dalvikvm: GC_CONCURRENT freed 363K, 86% free 1156K/8192K, paused 3ms+0ms, total 6ms
2018-09-17 14:54:51.583000	ALL	09-17 08:54:51.489  9313  9318 D dalvikvm: GC_CONCURRENT freed 400K, 87% free 1141K/8192K, paused 1ms+1ms, total 4ms
2018-09-17 14:54:51.669000	ALL	09-17 08:54:51.573  9313  9318 D dalvikvm: GC_CONCURRENT freed 400K, 86% free 1148K/8192K, paused 0ms+0ms, total 2ms
2018-09-17 14:54:51.765000	ALL	09-17 08:54:51.669  9313  9318 D dalvikvm: GC_CONCURRENT freed 418K, 87% free 1136K/8192K, paused 1ms+0ms, total 3ms
2018-09-17 14:54:51.864000	ALL	09-17 08:54:51.769  9313  9318 D dalvikvm: GC_CONCURRENT freed 364K, 86% free 1155K/8192K, paused 2ms+1ms, total 4ms
2018-09-17 14:54:51.966000	ALL	09-17 08:54:51.869  9313  9318 D dalvikvm: GC_CONCURRENT freed 401K, 87% free 1140K/8192K, paused 1ms+0ms, total 5ms
2018-09-17 14:54:52.032000	ALL	09-17 08:54:51.937   753  2692 I LatinIME:LogUtils: Dictionary info: dictionary = contacts.en_US.dict ; version = ? ; date = ?
2018-09-17 14:54:52.093000	ALL	09-17 08:54:51.997   613   664 D MobileDataStateTracker: default: setPolicyDataEnable(enabled=true)
2018-09-17 14:54:52.157000	ALL	09-17 08:54:52.061  9313  9318 D dalvikvm: GC_CONCURRENT freed 387K, 87% free 1139K/8192K, paused 0ms+0ms, total 3ms
2018-09-17 14:54:52.186000	ALL	09-17 08:54:52.093  9313  9313 I AccessibilityNodeInfoDumper: Skipping invisible child: android.view.accessibility.AccessibilityNodeInfo@14e6f; boundsInParent: Rect(0, 0 - 0, 144); boundsInScreen: Rect(1080, 75 - 1080, 219); packageName: io.appium.android.apis; className: android.widget.LinearLayout; text: null; contentDescription: null; viewIdResName: null; checkable: false; checked: false; focusable: false; focused: false; selected: false; clickable: false; longClickable: false; enabled: true; password: false; scrollable: false; [ACTION_SELECT, ACTION_CLEAR_SELECTION, ACTION_ACCESSIBILITY_FOCUS]
2018-09-17 14:54:52.192000	ALL	09-17 08:54:52.097  9313  9313 W AccessibilityNodeInfoDumper: Fetch time: 6ms
2018-09-17 14:54:52.207000	ALL	09-17 08:54:52.117  9313  9318 D dalvikvm: GC_CONCURRENT freed 258K, 85% free 1302K/8192K, paused 1ms+4ms, total 7ms
2018-09-17 14:54:52.227000	ALL	09-17 08:54:52.133  9313  9313 I AccessibilityNodeInfoDumper: Skipping invisible child: android.view.accessibility.AccessibilityNodeInfo@14e6f; boundsInParent: Rect(0, 0 - 0, 144); boundsInScreen: Rect(1080, 75 - 1080, 219); packageName: io.appium.android.apis; className: android.widget.LinearLayout; text: null; contentDescription: null; viewIdResName: null; checkable: false; checked: false; focusable: false; focused: false; selected: false; clickable: false; longClickable: false; enabled: true; password: false; scrollable: false; [ACTION_SELECT, ACTION_CLEAR_SELECTION, ACTION_ACCESSIBILITY_FOCUS]
2018-09-17 14:54:52.231000	ALL	09-17 08:54:52.133  9313  9313 W AccessibilityNodeInfoDumper: Fetch time: 6ms
2018-09-17 14:54:52.240000	ALL	09-17 08:54:52.145  9313  9318 D dalvikvm: GC_CONCURRENT freed 454K, 85% free 1238K/8192K, paused 1ms+1ms, total 4ms
2018-09-17 14:54:52.709000	ALL	09-17 08:54:52.613  9313  9318 D dalvikvm: GC_CONCURRENT freed 467K, 86% free 1173K/8192K, paused 0ms+3ms, total 7ms
2018-09-17 14:54:52.754000	ALL	09-17 08:54:52.661  9313  9318 D dalvikvm: GC_CONCURRENT freed 432K, 87% free 1141K/8192K, paused 2ms+0ms, total 5ms
2018-09-17 14:54:52.766000	ALL	09-17 08:54:52.673  9313  9313 I AccessibilityNodeInfoDumper: Skipping invisible child: android.view.accessibility.AccessibilityNodeInfo@14e6f; boundsInParent: Rect(0, 0 - 0, 144); boundsInScreen: Rect(1080, 75 - 1080, 219); packageName: io.appium.android.apis; className: android.widget.LinearLayout; text: null; contentDescription: null; viewIdResName: null; checkable: false; checked: false; focusable: false; focused: false; selected: false; clickable: false; longClickable: false; enabled: true; password: false; scrollable: false; [ACTION_SELECT, ACTION_CLEAR_SELECTION, ACTION_ACCESSIBILITY_FOCUS]
2018-09-17 14:54:52.772000	ALL	09-17 08:54:52.677  9313  9313 W AccessibilityNodeInfoDumper: Fetch time: 9ms
2018-09-17 14:54:52.787000	ALL	09-17 08:54:52.693  9313  9318 D dalvikvm: GC_CONCURRENT freed 305K, 85% free 1240K/8192K, paused 6ms+2ms, total 10ms
2018-09-17 14:54:52.810000	ALL	09-17 08:54:52.721  9313  9318 D dalvikvm: GC_CONCURRENT freed 469K, 86% free 1194K/8192K, paused 0ms+2ms, total 4ms
2018-09-17 14:54:52.815000	ALL	09-17 08:54:52.725  9313  9313 I AccessibilityNodeInfoDumper: Skipping invisible child: android.view.accessibility.AccessibilityNodeInfo@14e6f; boundsInParent: Rect(0, 0 - 0, 144); boundsInScreen: Rect(1080, 75 - 1080, 219); packageName: io.appium.android.apis; className: android.widget.LinearLayout; text: null; contentDescription: null; viewIdResName: null; checkable: false; checked: false; focusable: false; focused: false; selected: false; clickable: false; longClickable: false; enabled: true; password: false; scrollable: false; [ACTION_SELECT, ACTION_CLEAR_SELECTION, ACTION_ACCESSIBILITY_FOCUS]
2018-09-17 14:54:52.821000	ALL	09-17 08:54:52.725  9313  9313 W AccessibilityNodeInfoDumper: Fetch time: 13ms
2018-09-17 14:54:52.826000	ALL	09-17 08:54:52.737  9313  9318 D dalvikvm: GC_CONCURRENT freed 374K, 84% free 1332K/8192K, paused 1ms+0ms, total 4ms
2018-09-17 14:54:52.826000	ALL	09-17 08:54:52.737  9313  9332 D dalvikvm: WAIT_FOR_CONCURRENT_GC blocked 2ms
2018-09-17 14:54:52.831000	ALL	09-17 08:54:52.737  9313  9313 D dalvikvm: WAIT_FOR_CONCURRENT_GC blocked 2ms
2018-09-17 14:54:52.861000	ALL	09-17 08:54:52.765  9313  9318 D dalvikvm: GC_CONCURRENT freed 579K, 86% free 1160K/8192K, paused 1ms+1ms, total 3ms
2018-09-17 14:54:52.910000	ALL	09-17 08:54:52.813  9313  9318 D dalvikvm: GC_CONCURRENT freed 418K, 86% free 1150K/8192K, paused 0ms+0ms, total 2ms
2018-09-17 14:54:52.954000	ALL	09-17 08:54:52.861  9313  9318 D dalvikvm: GC_CONCURRENT freed 408K, 86% free 1151K/8192K, paused 0ms+0ms, total 3ms
2018-09-17 14:54:52.990000	ALL	09-17 08:54:52.897  9313  9318 D dalvikvm: GC_CONCURRENT freed 409K, 86% free 1150K/8192K, paused 0ms+0ms, total 2ms
2018-09-17 14:54:53.030000	ALL	09-17 08:54:52.937  9313  9318 D dalvikvm: GC_CONCURRENT freed 408K, 86% free 1150K/8192K, paused 0ms+0ms, total 2ms
2018-09-17 14:54:53.068000	ALL	09-17 08:54:52.973  9313  9318 D dalvikvm: GC_CONCURRENT freed 409K, 86% free 1151K/8192K, paused 0ms+0ms, total 2ms
2018-09-17 14:54:53.108000	ALL	09-17 08:54:53.013  9313  9318 D dalvikvm: GC_CONCURRENT freed 408K, 86% free 1151K/8192K, paused 0ms+0ms, total 3ms
2018-09-17 14:54:53.148000	ALL	09-17 08:54:53.057  9313  9318 D dalvikvm: GC_CONCURRENT freed 409K, 86% free 1150K/8192K, paused 1ms+0ms, total 4ms
2018-09-17 14:54:53.228000	ALL	09-17 08:54:53.133  9313  9318 D dalvikvm: GC_CONCURRENT freed 408K, 86% free 1150K/8192K, paused 0ms+1ms, total 2ms
2018-09-17 14:54:53.263000	ALL	09-17 08:54:53.169  9313  9318 D dalvikvm: GC_CONCURRENT freed 408K, 86% free 1150K/8192K, paused 0ms+1ms, total 2ms
2018-09-17 14:54:53.291000	ALL	09-17 08:54:53.197  9346  9349 D dalvikvm: GC_CONCURRENT freed 1266K, 17% free 7330K/8760K, paused 2ms+0ms, total 7ms
2018-09-17 14:54:53.311000	ALL	09-17 08:54:53.217  9313  9318 D dalvikvm: GC_CONCURRENT freed 408K, 86% free 1151K/8192K, paused 1ms+0ms, total 2ms
2018-09-17 14:54:53.351000	ALL	09-17 08:54:53.257  9313  9318 D dalvikvm: GC_CONCURRENT freed 413K, 86% free 1164K/8192K, paused 0ms+2ms, total 5ms
2018-09-17 14:54:53.354000	ALL	09-17 08:54:53.261  9313  9313 I AccessibilityNodeInfoDumper: Skipping invisible child: android.view.accessibility.AccessibilityNodeInfo@14e6f; boundsInParent: Rect(0, 0 - 0, 144); boundsInScreen: Rect(1080, 75 - 1080, 219); packageName: io.appium.android.apis; className: android.widget.LinearLayout; text: null; contentDescription: null; viewIdResName: null; checkable: false; checked: false; focusable: false; focused: false; selected: false; clickable: false; longClickable: false; enabled: true; password: false; scrollable: false; [ACTION_SELECT, ACTION_CLEAR_SELECTION, ACTION_ACCESSIBILITY_FOCUS]
2018-09-17 14:54:53.359000	ALL	09-17 08:54:53.265  9313  9313 W AccessibilityNodeInfoDumper: Fetch time: 11ms
2018-09-17 14:54:53.369000	ALL	09-17 08:54:53.281  9313  9318 D dalvikvm: GC_CONCURRENT freed 432K, 85% free 1243K/8192K, paused 0ms+0ms, total 5ms
2018-09-17 14:54:53.369000	ALL	09-17 08:54:53.281  9313  9313 D dalvikvm: WAIT_FOR_CONCURRENT_GC blocked 3ms
2018-09-17 14:54:53.375000	ALL	09-17 08:54:53.281  9313  9332 D dalvikvm: WAIT_FOR_CONCURRENT_GC blocked 2ms
2018-09-17 14:54:53.393000	ALL	09-17 08:54:53.301  9313  9313 I AccessibilityNodeInfoDumper: Skipping invisible child: android.view.accessibility.AccessibilityNodeInfo@14e6f; boundsInParent: Rect(0, 0 - 0, 144); boundsInScreen: Rect(1080, 75 - 1080, 219); packageName: io.appium.android.apis; className: android.widget.LinearLayout; text: null; contentDescription: null; viewIdResName: null; checkable: false; checked: false; focusable: false; focused: false; selected: false; clickable: false; longClickable: false; enabled: true; password: false; scrollable: false; [ACTION_SELECT, ACTION_CLEAR_SELECTION, ACTION_ACCESSIBILITY_FOCUS]
2018-09-17 14:54:53.399000	ALL	09-17 08:54:53.305  9313  9318 D dalvikvm: GC_CONCURRENT freed 460K, 86% free 1210K/8192K, paused 0ms+1ms, total 4ms
2018-09-17 14:54:53.403000	ALL	09-17 08:54:53.309  9313  9313 W AccessibilityNodeInfoDumper: Fetch time: 10ms
2018-09-17 14:54:53.416000	ALL	09-17 08:54:53.321  9313  9318 D dalvikvm: GC_CONCURRENT freed 333K, 84% free 1318K/8192K, paused 0ms+1ms, total 3ms
2018-09-17 14:54:53.446000	ALL	09-17 08:54:53.353  9313  9318 D dalvikvm: GC_CONCURRENT freed 561K, 86% free 1163K/8192K, paused 0ms+0ms, total 3ms
2018-09-17 14:54:53.558000	ALL	09-17 08:54:53.465  9313  9318 D dalvikvm: GC_CONCURRENT freed 421K, 86% free 1151K/8192K, paused 2ms+1ms, total 4ms
2018-09-17 14:54:53.649000	ALL	09-17 08:54:53.557  9313  9318 D dalvikvm: GC_CONCURRENT freed 409K, 86% free 1150K/8192K, paused 0ms+0ms, total 4ms
2018-09-17 14:54:53.742000	ALL	09-17 08:54:53.649  9313  9318 D dalvikvm: GC_CONCURRENT freed 409K, 86% free 1150K/8192K, paused 0ms+0ms, total 3ms
2018-09-17 14:54:53.843000	ALL	09-17 08:54:53.749  9313  9318 D dalvikvm: GC_CONCURRENT freed 407K, 86% free 1150K/8192K, paused 0ms+1ms, total 4ms
2018-09-17 14:54:53.940000	ALL	09-17 08:54:53.849  9313  9318 D dalvikvm: GC_CONCURRENT freed 423K, 86% free 1195K/8192K, paused 1ms+1ms, total 11ms
2018-09-17 14:54:53.944000	ALL	09-17 08:54:53.849  9313  9313 I AccessibilityNodeInfoDumper: Skipping invisible child: android.view.accessibility.AccessibilityNodeInfo@14e6f; boundsInParent: Rect(0, 0 - 0, 144); boundsInScreen: Rect(1080, 75 - 1080, 219); packageName: io.appium.android.apis; className: android.widget.LinearLayout; text: null; contentDescription: null; viewIdResName: null; checkable: false; checked: false; focusable: false; focused: false; selected: false; clickable: false; longClickable: false; enabled: true; password: false; scrollable: false; [ACTION_SELECT, ACTION_CLEAR_SELECTION, ACTION_ACCESSIBILITY_FOCUS]
2018-09-17 14:54:53.948000	ALL	09-17 08:54:53.853  9313  9313 W AccessibilityNodeInfoDumper: Fetch time: 12ms
2018-09-17 14:54:53.962000	ALL	09-17 08:54:53.869  9313  9318 D dalvikvm: GC_CONCURRENT freed 360K, 85% free 1241K/8192K, paused 1ms+1ms, total 5ms
2018-09-17 14:54:53.976000	ALL	09-17 08:54:53.885  9313  9318 D dalvikvm: GC_CONCURRENT freed 467K, 86% free 1198K/8192K, paused 1ms+0ms, total 3ms
2018-09-17 14:54:53.980000	ALL	09-17 08:54:53.885  9313  9313 I AccessibilityNodeInfoDumper: Skipping invisible child: android.view.accessibility.AccessibilityNodeInfo@14e6f; boundsInParent: Rect(0, 0 - 0, 144); boundsInScreen: Rect(1080, 75 - 1080, 219); packageName: io.appium.android.apis; className: android.widget.LinearLayout; text: null; contentDescription: null; viewIdResName: null; checkable: false; checked: false; focusable: false; focused: false; selected: false; clickable: false; longClickable: false; enabled: true; password: false; scrollable: false; [ACTION_SELECT, ACTION_CLEAR_SELECTION, ACTION_ACCESSIBILITY_FOCUS]
2018-09-17 14:54:53.986000	ALL	09-17 08:54:53.897  9313  9313 W AccessibilityNodeInfoDumper: Fetch time: 11ms
2018-09-17 14:54:53.995000	ALL	09-17 08:54:53.901  9313  9318 D dalvikvm: GC_CONCURRENT freed 409K, 86% free 1223K/8192K, paused 1ms+0ms, total 3ms
2018-09-17 14:54:54.053000	ALL	09-17 08:54:53.957  9313  9318 D dalvikvm: GC_CONCURRENT freed 465K, 86% free 1148K/8192K, paused 1ms+0ms, total 4ms
2018-09-17 14:54:54.152000	ALL	09-17 08:54:54.061  9313  9318 D dalvikvm: GC_CONCURRENT freed 406K, 86% free 1151K/8192K, paused 0ms+0ms, total 4ms
2018-09-17 14:54:54.247000	ALL	09-17 08:54:54.153  9313  9318 D dalvikvm: GC_CONCURRENT freed 409K, 86% free 1150K/8192K, paused 0ms+0ms, total 3ms
2018-09-17 14:54:54.334000	ALL	09-17 08:54:54.241  9313  9318 D dalvikvm: GC_CONCURRENT freed 408K, 86% free 1151K/8192K, paused 1ms+0ms, total 2ms
2018-09-17 14:54:54.436000	ALL	09-17 08:54:54.341  9313  9318 D dalvikvm: GC_CONCURRENT freed 408K, 86% free 1150K/8192K, paused 1ms+1ms, total 3ms
2018-09-17 14:54:54.518000	ALL	09-17 08:54:54.425  9313  9318 D dalvikvm: GC_CONCURRENT freed 394K, 86% free 1182K/8192K, paused 0ms+1ms, total 5ms
2018-09-17 14:54:54.522000	ALL	09-17 08:54:54.433  9313  9313 I AccessibilityNodeInfoDumper: Skipping invisible child: android.view.accessibility.AccessibilityNodeInfo@14e6f; boundsInParent: Rect(0, 0 - 0, 144); boundsInScreen: Rect(1080, 75 - 1080, 219); packageName: io.appium.android.apis; className: android.widget.LinearLayout; text: null; contentDescription: null; viewIdResName: null; checkable: false; checked: false; focusable: false; focused: false; selected: false; clickable: false; longClickable: false; enabled: true; password: false; scrollable: false; [ACTION_SELECT, ACTION_CLEAR_SELECTION, ACTION_ACCESSIBILITY_FOCUS]
2018-09-17 14:54:54.527000	ALL	09-17 08:54:54.433  9313  9313 W AccessibilityNodeInfoDumper: Fetch time: 10ms
2018-09-17 14:54:54.543000	ALL	09-17 08:54:54.449  9313  9318 D dalvikvm: GC_CONCURRENT freed 355K, 85% free 1297K/8192K, paused 1ms+1ms, total 5ms
2018-09-17 14:54:54.556000	ALL	09-17 08:54:54.465  9313  9313 I AccessibilityNodeInfoDumper: Skipping invisible child: android.view.accessibility.AccessibilityNodeInfo@14e6f; boundsInParent: Rect(0, 0 - 0, 144); boundsInScreen: Rect(1080, 75 - 1080, 219); packageName: io.appium.android.apis; className: android.widget.LinearLayout; text: null; contentDescription: null; viewIdResName: null; checkable: false; checked: false; focusable: false; focused: false; selected: false; clickable: false; longClickable: false; enabled: true; password: false; scrollable: false; [ACTION_SELECT, ACTION_CLEAR_SELECTION, ACTION_ACCESSIBILITY_FOCUS]
2018-09-17 14:54:54.560000	ALL	09-17 08:54:54.469  9313  9318 D dalvikvm: GC_CONCURRENT freed 522K, 86% free 1209K/8192K, paused 0ms+2ms, total 4ms
2018-09-17 14:54:54.568000	ALL	09-17 08:54:54.469  9313  9313 W AccessibilityNodeInfoDumper: Fetch time: 11ms
2018-09-17 14:54:54.580000	ALL	09-17 08:54:54.485  9313  9318 D dalvikvm: GC_CONCURRENT freed 398K, 86% free 1213K/8192K, paused 0ms+0ms, total 3ms
2018-09-17 14:54:54.668000	ALL	09-17 08:54:54.569  9313  9318 D dalvikvm: GC_CONCURRENT freed 474K, 86% free 1167K/8192K, paused 1ms+0ms, total 5ms
2018-09-17 14:54:54.764000	ALL	09-17 08:54:54.669  9313  9318 D dalvikvm: GC_CONCURRENT freed 434K, 86% free 1149K/8192K, paused 2ms+0ms, total 6ms
2018-09-17 14:54:54.855000	ALL	09-17 08:54:54.761  9313  9318 D dalvikvm: GC_CONCURRENT freed 408K, 86% free 1151K/8192K, paused 0ms+0ms, total 3ms
2018-09-17 14:54:54.953000	ALL	09-17 08:54:54.857  9313  9318 D dalvikvm: GC_CONCURRENT freed 408K, 86% free 1150K/8192K, paused 0ms+0ms, total 2ms
2018-09-17 14:54:55.049000	ALL	09-17 08:54:54.953  9313  9318 D dalvikvm: GC_CONCURRENT freed 408K, 86% free 1151K/8192K, paused 0ms+0ms, total 3ms
2018-09-17 14:54:55.094000	ALL	09-17 08:54:55.005  9346  9349 D dalvikvm: GC_CONCURRENT freed 1280K, 17% free 7330K/8764K, paused 2ms+1ms, total 8ms
2018-09-17 14:54:55.099000	ALL	09-17 08:54:55.005  9313  9313 I AccessibilityNodeInfoDumper: Skipping invisible child: android.view.accessibility.AccessibilityNodeInfo@14e6f; boundsInParent: Rect(0, 0 - 0, 144); boundsInScreen: Rect(1080, 75 - 1080, 219); packageName: io.appium.android.apis; className: android.widget.LinearLayout; text: null; contentDescription: null; viewIdResName: null; checkable: false; checked: false; focusable: false; focused: false; selected: false; clickable: false; longClickable: false; enabled: true; password: false; scrollable: false; [ACTION_SELECT, ACTION_CLEAR_SELECTION, ACTION_ACCESSIBILITY_FOCUS]
2018-09-17 14:54:55.100000	ALL	09-17 08:54:55.009  9313  9318 D dalvikvm: GC_CONCURRENT freed 395K, 86% free 1175K/8192K, paused 0ms+0ms, total 3ms
2018-09-17 14:54:55.104000	ALL	09-17 08:54:55.009  9313  9313 W AccessibilityNodeInfoDumper: Fetch time: 8ms
2018-09-17 14:54:55.120000	ALL	09-17 08:54:55.025  9313  9318 D dalvikvm: GC_CONCURRENT freed 279K, 84% free 1317K/8192K, paused 0ms+1ms, total 2ms
2018-09-17 14:54:55.130000	ALL	09-17 08:54:55.037  9313  9313 I AccessibilityNodeInfoDumper: Skipping invisible child: android.view.accessibility.AccessibilityNodeInfo@14e6f; boundsInParent: Rect(0, 0 - 0, 144); boundsInScreen: Rect(1080, 75 - 1080, 219); packageName: io.appium.android.apis; className: android.widget.LinearLayout; text: null; contentDescription: null; viewIdResName: null; checkable: false; checked: false; focusable: false; focused: false; selected: false; clickable: false; longClickable: false; enabled: true; password: false; scrollable: false; [ACTION_SELECT, ACTION_CLEAR_SELECTION, ACTION_ACCESSIBILITY_FOCUS]
2018-09-17 14:54:55.135000	ALL	09-17 08:54:55.041  9313  9313 W AccessibilityNodeInfoDumper: Fetch time: 8ms
2018-09-17 14:54:55.144000	ALL	09-17 08:54:55.049  9313  9318 D dalvikvm: GC_CONCURRENT freed 506K, 85% free 1242K/8192K, paused 2ms+1ms, total 5ms
2018-09-17 14:54:55.162000	ALL	09-17 08:54:55.069  9313  9318 D dalvikvm: GC_CONCURRENT freed 473K, 86% free 1166K/8192K, paused 1ms+0ms, total 3ms
2018-09-17 14:54:55.259000	ALL	09-17 08:54:55.161  9313  9318 D dalvikvm: GC_CONCURRENT freed 423K, 86% free 1150K/8192K, paused 1ms+0ms, total 4ms
2018-09-17 14:54:55.357000	ALL	09-17 08:54:55.261  9313  9318 D dalvikvm: GC_CONCURRENT freed 383K, 86% free 1176K/8192K, paused 1ms+1ms, total 4ms
2018-09-17 14:54:55.452000	ALL	09-17 08:54:55.357  9313  9318 D dalvikvm: GC_CONCURRENT freed 434K, 86% free 1150K/8192K, paused 1ms+0ms, total 3ms
2018-09-17 14:54:55.543000	ALL	09-17 08:54:55.449  9313  9318 D dalvikvm: GC_CONCURRENT freed 408K, 86% free 1151K/8192K, paused 0ms+0ms, total 1ms
2018-09-17 14:54:55.639000	ALL	09-17 08:54:55.541  9313  9318 D dalvikvm: GC_CONCURRENT freed 408K, 86% free 1151K/8192K, paused 0ms+0ms, total 1ms
2018-09-17 14:54:55.668000	ALL	09-17 08:54:55.573  9313  9313 I AccessibilityNodeInfoDumper: Skipping invisible child: android.view.accessibility.AccessibilityNodeInfo@14e6f; boundsInParent: Rect(0, 0 - 0, 144); boundsInScreen: Rect(1080, 75 - 1080, 219); packageName: io.appium.android.apis; className: android.widget.LinearLayout; text: null; contentDescription: null; viewIdResName: null; checkable: false; checked: false; focusable: false; focused: false; selected: false; clickable: false; longClickable: false; enabled: true; password: false; scrollable: false; [ACTION_SELECT, ACTION_CLEAR_SELECTION, ACTION_ACCESSIBILITY_FOCUS]
2018-09-17 14:54:55.673000	ALL	09-17 08:54:55.581  9313  9318 D dalvikvm: GC_CONCURRENT freed 378K, 86% free 1191K/8192K, paused 1ms+1ms, total 6ms
2018-09-17 14:54:55.678000	ALL	09-17 08:54:55.585  9313  9313 W AccessibilityNodeInfoDumper: Fetch time: 12ms
2018-09-17 14:54:55.691000	ALL	09-17 08:54:55.597  9313  9318 D dalvikvm: GC_CONCURRENT freed 352K, 85% free 1302K/8192K, paused 1ms+0ms, total 2ms
2018-09-17 14:54:55.699000	ALL	09-17 08:54:55.605  9313  9313 I AccessibilityNodeInfoDumper: Skipping invisible child: android.view.accessibility.AccessibilityNodeInfo@14e6f; boundsInParent: Rect(0, 0 - 0, 144); boundsInScreen: Rect(1080, 75 - 1080, 219); packageName: io.appium.android.apis; className: android.widget.LinearLayout; text: null; contentDescription: null; viewIdResName: null; checkable: false; checked: false; focusable: false; focused: false; selected: false; clickable: false; longClickable: false; enabled: true; password: false; scrollable: false; [ACTION_SELECT, ACTION_CLEAR_SELECTION, ACTION_ACCESSIBILITY_FOCUS]
2018-09-17 14:54:55.703000	ALL	09-17 08:54:55.609  9313  9313 W AccessibilityNodeInfoDumper: Fetch time: 4ms
2018-09-17 14:54:55.715000	ALL	09-17 08:54:55.621  9313  9318 D dalvikvm: GC_CONCURRENT freed 475K, 86% free 1223K/8192K, paused 0ms+1ms, total 4ms
2018-09-17 14:54:55.748000	ALL	09-17 08:54:55.653  9313  9318 D dalvikvm: GC_CONCURRENT freed 466K, 86% free 1148K/8192K, paused 0ms+0ms, total 2ms
2018-09-17 14:54:55.858000	ALL	09-17 08:54:55.761  9313  9318 D dalvikvm: GC_CONCURRENT freed 406K, 86% free 1151K/8192K, paused 1ms+1ms, total 4ms
2018-09-17 14:54:55.955000	ALL	09-17 08:54:55.857  9313  9318 D dalvikvm: GC_CONCURRENT freed 409K, 86% free 1150K/8192K, paused 2ms+0ms, total 4ms
2018-09-17 14:54:56.036000	ALL	09-17 08:54:55.941  9313  9318 D dalvikvm: GC_CONCURRENT freed 408K, 86% free 1150K/8192K, paused 0ms+0ms, total 2ms
2018-09-17 14:54:56.217000	ALL	09-17 08:54:56.113  9313  9318 D dalvikvm: GC_CONCURRENT freed 408K, 86% free 1150K/8192K, paused 11ms+1ms, total 15ms
2018-09-17 14:54:56.267000	ALL	09-17 08:54:56.173  9313  9313 I AccessibilityNodeInfoDumper: Skipping invisible child: android.view.accessibility.AccessibilityNodeInfo@14e6f; boundsInParent: Rect(0, 0 - 0, 144); boundsInScreen: Rect(1080, 75 - 1080, 219); packageName: io.appium.android.apis; className: android.widget.LinearLayout; text: null; contentDescription: null; viewIdResName: null; checkable: false; checked: false; focusable: false; focused: false; selected: false; clickable: false; longClickable: false; enabled: true; password: false; scrollable: false; [ACTION_SELECT, ACTION_CLEAR_SELECTION, ACTION_ACCESSIBILITY_FOCUS]
2018-09-17 14:54:56.274000	ALL	09-17 08:54:56.177  9313  9313 W AccessibilityNodeInfoDumper: Fetch time: 13ms
2018-09-17 14:54:56.290000	ALL	09-17 08:54:56.189  9313  9318 D dalvikvm: GC_CONCURRENT freed 341K, 86% free 1199K/8192K, paused 7ms+0ms, total 9ms
2018-09-17 14:54:56.337000	ALL	09-17 08:54:56.237  9313  9318 D dalvikvm: GC_CONCURRENT freed 455K, 86% free 1195K/8192K, paused 1ms+0ms, total 24ms
2018-09-17 14:54:56.348000	ALL	09-17 08:54:56.253  9313  9313 I AccessibilityNodeInfoDumper: Skipping invisible child: android.view.accessibility.AccessibilityNodeInfo@14e6f; boundsInParent: Rect(0, 0 - 0, 144); boundsInScreen: Rect(1080, 75 - 1080, 219); packageName: io.appium.android.apis; className: android.widget.LinearLayout; text: null; contentDescription: null; viewIdResName: null; checkable: false; checked: false; focusable: false; focused: false; selected: false; clickable: false; longClickable: false; enabled: true; password: false; scrollable: false; [ACTION_SELECT, ACTION_CLEAR_SELECTION, ACTION_ACCESSIBILITY_FOCUS]
2018-09-17 14:54:56.368000	ALL	09-17 08:54:56.261  9313  9313 W AccessibilityNodeInfoDumper: Fetch time: 36ms
2018-09-17 14:54:56.386000	ALL	09-17 08:54:56.293  9313  9318 D dalvikvm: GC_CONCURRENT freed 460K, 85% free 1247K/8192K, paused 0ms+0ms, total 7ms
2018-09-17 14:54:56.386000	ALL	09-17 08:54:56.293  9313  9332 D dalvikvm: WAIT_FOR_CONCURRENT_GC blocked 3ms
2018-09-17 14:54:56.394000	ALL	09-17 08:54:56.293  9313  9313 D dalvikvm: WAIT_FOR_CONCURRENT_GC blocked 4ms
2018-09-17 14:54:56.436000	ALL	09-17 08:54:56.333  9313  9318 D dalvikvm: GC_CONCURRENT freed 504K, 86% free 1150K/8192K, paused 1ms+0ms, total 2ms
2018-09-17 14:54:56.484000	ALL	09-17 08:54:56.385  9313  9318 D dalvikvm: GC_CONCURRENT freed 409K, 86% free 1150K/8192K, paused 1ms+0ms, total 2ms
2018-09-17 14:54:56.521000	ALL	09-17 08:54:56.425  9313  9318 D dalvikvm: GC_CONCURRENT freed 408K, 86% free 1150K/8192K, paused 0ms+0ms, total 2ms
2018-09-17 14:54:56.555000	ALL	09-17 08:54:56.461  9313  9318 D dalvikvm: GC_CONCURRENT freed 408K, 86% free 1151K/8192K, paused 0ms+0ms, total 2ms
2018-09-17 14:54:56.648000	ALL	09-17 08:54:56.553  9313  9318 D dalvikvm: GC_CONCURRENT freed 409K, 86% free 1150K/8192K, paused 0ms+0ms, total 4ms
2018-09-17 14:54:56.740000	ALL	09-17 08:54:56.645  9313  9318 D dalvikvm: GC_CONCURRENT freed 408K, 86% free 1150K/8192K, paused 0ms+1ms, total 2ms
2018-09-17 14:54:56.838000	ALL	09-17 08:54:56.745  9313  9318 D dalvikvm: GC_CONCURRENT freed 408K, 86% free 1150K/8192K, paused 0ms+0ms, total 2ms
2018-09-17 14:54:56.903000	ALL	09-17 08:54:56.817  9313  9318 D dalvikvm: GC_CONCURRENT freed 406K, 86% free 1166K/8192K, paused 0ms+1ms, total 4ms
2018-09-17 14:54:56.906000	ALL	09-17 08:54:56.817  9313  9313 I AccessibilityNodeInfoDumper: Skipping invisible child: android.view.accessibility.AccessibilityNodeInfo@14e6f; boundsInParent: Rect(0, 0 - 0, 144); boundsInScreen: Rect(1080, 75 - 1080, 219); packageName: io.appium.android.apis; className: android.widget.LinearLayout; text: null; contentDescription: null; viewIdResName: null; checkable: false; checked: false; focusable: false; focused: false; selected: false; clickable: false; longClickable: false; enabled: true; password: false; scrollable: false; [ACTION_SELECT, ACTION_CLEAR_SELECTION, ACTION_ACCESSIBILITY_FOCUS]
2018-09-17 14:54:56.911000	ALL	09-17 08:54:56.817  9313  9313 W AccessibilityNodeInfoDumper: Fetch time: 8ms
2018-09-17 14:54:56.925000	ALL	09-17 08:54:56.829  9313  9318 D dalvikvm: GC_CONCURRENT freed 308K, 84% free 1352K/8192K, paused 0ms+2ms, total 5ms
2018-09-17 14:54:56.936000	ALL	09-17 08:54:56.841  9313  9313 I AccessibilityNodeInfoDumper: Skipping invisible child: android.view.accessibility.AccessibilityNodeInfo@14e6f; boundsInParent: Rect(0, 0 - 0, 144); boundsInScreen: Rect(1080, 75 - 1080, 219); packageName: io.appium.android.apis; className: android.widget.LinearLayout; text: null; contentDescription: null; viewIdResName: null; checkable: false; checked: false; focusable: false; focused: false; selected: false; clickable: false; longClickable: false; enabled: true; password: false; scrollable: false; [ACTION_SELECT, ACTION_CLEAR_SELECTION, ACTION_ACCESSIBILITY_FOCUS]
2018-09-17 14:54:56.939000	ALL	09-17 08:54:56.845  9313  9313 W AccessibilityNodeInfoDumper: Fetch time: 7ms
2018-09-17 14:54:56.945000	ALL	09-17 08:54:56.849  9313  9318 D dalvikvm: GC_CONCURRENT freed 542K, 86% free 1218K/8192K, paused 0ms+1ms, total 4ms
2018-09-17 14:54:56.962000	ALL	09-17 08:54:56.869  9313  9318 D dalvikvm: GC_CONCURRENT freed 305K, 84% free 1323K/8192K, paused 3ms+0ms, total 7ms
2018-09-17 14:54:57.103000	ALL	09-17 08:54:57.001  9346  9349 D dalvikvm: GC_CONCURRENT freed 1280K, 17% free 7330K/8768K, paused 1ms+0ms, total 11ms
2018-09-17 14:54:57.120000	ALL	09-17 08:54:57.029  9313  9318 D dalvikvm: GC_CONCURRENT freed 572K, 87% free 1138K/8192K, paused 6ms+0ms, total 8ms
2018-09-17 14:54:57.228000	ALL	09-17 08:54:57.133  9313  9318 D dalvikvm: GC_CONCURRENT freed 371K, 86% free 1175K/8192K, paused 1ms+0ms, total 3ms
2018-09-17 14:54:57.272000	ALL	09-17 08:54:57.177  9313  9318 D dalvikvm: GC_CONCURRENT freed 402K, 86% free 1157K/8192K, paused 1ms+0ms, total 4ms
2018-09-17 14:54:57.339000	ALL	09-17 08:54:57.245  9313  9318 D dalvikvm: GC_CONCURRENT freed 404K, 87% free 1142K/8192K, paused 0ms+0ms, total 2ms
2018-09-17 14:54:57.428000	ALL	09-17 08:54:57.333  9313  9318 D dalvikvm: GC_CONCURRENT freed 400K, 86% free 1150K/8192K, paused 1ms+1ms, total 3ms
2018-09-17 14:54:57.466000	ALL	09-17 08:54:57.373  9313  9318 D dalvikvm: GC_CONCURRENT freed 421K, 86% free 1151K/8192K, paused 1ms+0ms, total 5ms
2018-09-17 14:54:57.470000	ALL	09-17 08:54:57.377  9313  9313 I AccessibilityNodeInfoDumper: Skipping invisible child: android.view.accessibility.AccessibilityNodeInfo@14e6f; boundsInParent: Rect(0, 0 - 0, 144); boundsInScreen: Rect(1080, 75 - 1080, 219); packageName: io.appium.android.apis; className: android.widget.LinearLayout; text: null; contentDescription: null; viewIdResName: null; checkable: false; checked: false; focusable: false; focused: false; selected: false; clickable: false; longClickable: false; enabled: true; password: false; scrollable: false; [ACTION_SELECT, ACTION_CLEAR_SELECTION, ACTION_ACCESSIBILITY_FOCUS]
2018-09-17 14:54:57.475000	ALL	09-17 08:54:57.381  9313  9313 W AccessibilityNodeInfoDumper: Fetch time: 7ms
2018-09-17 14:54:57.488000	ALL	09-17 08:54:57.389  9313  9318 D dalvikvm: GC_CONCURRENT freed 322K, 86% free 1226K/8192K, paused 2ms+1ms, total 4ms
2018-09-17 14:54:57.498000	ALL	09-17 08:54:57.405  9313  9313 I AccessibilityNodeInfoDumper: Skipping invisible child: android.view.accessibility.AccessibilityNodeInfo@14e6f; boundsInParent: Rect(0, 0 - 0, 144); boundsInScreen: Rect(1080, 75 - 1080, 219); packageName: io.appium.android.apis; className: android.widget.LinearLayout; text: null; contentDescription: null; viewIdResName: null; checkable: false; checked: false; focusable: false; focused: false; selected: false; clickable: false; longClickable: false; enabled: true; password: false; scrollable: false; [ACTION_SELECT, ACTION_CLEAR_SELECTION, ACTION_ACCESSIBILITY_FOCUS]
2018-09-17 14:54:57.503000	ALL	09-17 08:54:57.405  9313  9313 W AccessibilityNodeInfoDumper: Fetch time: 6ms
2018-09-17 14:54:57.512000	ALL	09-17 08:54:57.417  9313  9318 D dalvikvm: GC_CONCURRENT freed 482K, 85% free 1243K/8192K, paused 1ms+2ms, total 6ms
2018-09-17 14:54:57.560000	ALL	09-17 08:54:57.469  9313  9318 D dalvikvm: GC_CONCURRENT freed 489K, 86% free 1149K/8192K, paused 10ms+1ms, total 12ms
2018-09-17 14:54:57.565000	ALL	09-17 08:54:57.473  9551  9551 D         : HostConnection::get() New Host Connection established 0xb8d19eb0, tid 9551
2018-09-17 14:54:57.566000	ALL	09-17 08:54:57.477  9551  9551 W         : Unrecognized GLES max version string in extensions:
2018-09-17 14:54:57.572000	ALL	09-17 08:54:57.477  9551  9551 W         : Process pipe failed
2018-09-17 14:54:57.631000	ALL	09-17 08:54:57.537   613   664 D MobileDataStateTracker: default: setPolicyDataEnable(enabled=true)
2018-09-17 14:54:57.694000	ALL	09-17 08:54:57.597   613   664 D MobileDataStateTracker: default: setPolicyDataEnable(enabled=true)
2018-09-17 14:54:57.728000	ALL	09-17 08:54:57.637  9313  9318 D dalvikvm: GC_CONCURRENT freed 408K, 86% free 1150K/8192K, paused 0ms+0ms, total 4ms
2018-09-17 14:54:57.747000	ALL	09-17 08:54:57.653   613   664 D MobileDataStateTracker: default: setPolicyDataEnable(enabled=true)
2018-09-17 14:54:57.790000	ALL	09-17 08:54:57.697   613   664 D MobileDataStateTracker: default: setPolicyDataEnable(enabled=true)
2018-09-17 14:54:57.800000	ALL	09-17 08:54:57.705  9313  9318 D dalvikvm: GC_CONCURRENT freed 420K, 87% free 1138K/8192K, paused 0ms+0ms, total 1ms
2018-09-17 14:54:57.809000	ALL	09-17 08:54:57.713   613   664 D MobileDataStateTracker: default: setPolicyDataEnable(enabled=true)
2018-09-17 14:54:57.823000	ALL	09-17 08:54:57.729   613   664 D MobileDataStateTracker: default: setPolicyDataEnable(enabled=true)
2018-09-17 14:54:57.853000	ALL	09-17 08:54:57.757  9313  9318 D dalvikvm: GC_CONCURRENT freed 377K, 86% free 1170K/8192K, paused 1ms+0ms, total 4ms
2018-09-17 14:54:57.871000	ALL	09-17 08:54:57.773   613   664 D MobileDataStateTracker: default: setPolicyDataEnable(enabled=true)
2018-09-17 14:54:57.922000	ALL	09-17 08:54:57.825   613   664 D MobileDataStateTracker: default: setPolicyDataEnable(enabled=true)
2018-09-17 14:54:57.935000	ALL	09-17 08:54:57.845  9313  9318 D dalvikvm: GC_CONCURRENT freed 427K, 86% free 1151K/8192K, paused 0ms+0ms, total 5ms
2018-09-17 14:54:57.965000	ALL	09-17 08:54:57.869   613   664 D MobileDataStateTracker: default: setPolicyDataEnable(enabled=true)
2018-09-17 14:54:58.007000	ALL	09-17 08:54:57.913   613   664 D MobileDataStateTracker: default: setPolicyDataEnable(enabled=true)
2018-09-17 14:54:58.028000	ALL	09-17 08:54:57.933  9313  9318 D dalvikvm: GC_CONCURRENT freed 410K, 86% free 1154K/8192K, paused 1ms+0ms, total 3ms
2018-09-17 14:54:58.058000	ALL	09-17 08:54:57.961  9313  9318 D dalvikvm: GC_CONCURRENT freed 407K, 86% free 1149K/8192K, paused 0ms+0ms, total 1ms
2018-09-17 14:54:58.159000	ALL	09-17 08:54:58.065  9313  9318 D dalvikvm: GC_CONCURRENT freed 409K, 86% free 1150K/8192K, paused 1ms+0ms, total 2ms
2018-09-17 14:54:58.255000	ALL	09-17 08:54:58.161  9313  9318 D dalvikvm: GC_CONCURRENT freed 408K, 86% free 1150K/8192K, paused 0ms+0ms, total 2ms
2018-09-17 14:54:58.394000	ALL	09-17 08:54:58.297  9313  9318 D dalvikvm: GC_CONCURRENT freed 421K, 87% free 1138K/8192K, paused 0ms+1ms, total 10ms
2018-09-17 14:54:58.574000	ALL	09-17 08:54:58.389  9313  9318 D dalvikvm: GC_CONCURRENT freed 396K, 86% free 1150K/8192K, paused 1ms+0ms, total 3ms
2018-09-17 14:54:58.574000	ALL	09-17 08:54:58.445  9313  9318 D dalvikvm: GC_CONCURRENT freed 408K, 86% free 1151K/8192K, paused 1ms+0ms, total 2ms
2018-09-17 14:54:58.896000	ALL	09-17 08:54:58.557  9313  9318 D dalvikvm: GC_CONCURRENT freed 421K, 87% free 1142K/8192K, paused 0ms+0ms, total 4ms
2018-09-17 14:54:58.896000	ALL	09-17 08:54:58.649  9313  9318 D dalvikvm: GC_CONCURRENT freed 397K, 86% free 1150K/8192K, paused 0ms+0ms, total 2ms
2018-09-17 14:54:58.896000	ALL	09-17 08:54:58.737  9313  9318 D dalvikvm: GC_CONCURRENT freed 408K, 86% free 1150K/8192K, paused 0ms+0ms, total 2ms
2018-09-17 14:54:58.934000	ALL	09-17 08:54:58.837  9313  9318 D dalvikvm: GC_CONCURRENT freed 408K, 86% free 1150K/8192K, paused 0ms+0ms, total 2ms
2018-09-17 14:54:58.967000	ALL	09-17 08:54:58.873  9313  9318 D dalvikvm: GC_CONCURRENT freed 407K, 86% free 1150K/8192K, paused 0ms+0ms, total 1ms
2018-09-17 14:54:59.074000	ALL	09-17 08:54:58.953  9346  9349 D dalvikvm: GC_CONCURRENT freed 1276K, 17% free 7332K/8768K, paused 2ms+0ms, total 8ms

2018-09-17 15:01:14.744925 'Run animation' test logs with driver = android

2018-09-17 15:00:48.104000	ALL	09-17 09:00:48.009 13036 13036 I AccessibilityNodeInfoDumper: Skipping invisible child: android.view.accessibility.AccessibilityNodeInfo@c390; boundsInParent: Rect(0, 0 - 0, 144); boundsInScreen: Rect(1080, 75 - 1080, 219); packageName: io.appium.android.apis; className: android.widget.LinearLayout; text: null; contentDescription: null; viewIdResName: null; checkable: false; checked: false; focusable: false; focused: false; selected: false; clickable: false; longClickable: false; enabled: true; password: false; scrollable: false; [ACTION_SELECT, ACTION_CLEAR_SELECTION, ACTION_ACCESSIBILITY_FOCUS]
2018-09-17 15:00:48.111000	ALL	09-17 09:00:48.013 13036 13036 W AccessibilityNodeInfoDumper: Fetch time: 19ms
2018-09-17 15:00:48.184000	ALL	09-17 09:00:48.085 13036 13036 I QueryController: Matched selector: UiSelector[CLASS=android.widget.TextView, INSTANCE=9, COUNT=9] <<==>> [android.view.accessibility.AccessibilityNodeInfo@a949; boundsInParent: Rect(0, 0 - 1080, 144); boundsInScreen: Rect(0, 1387 - 1080, 1531); packageName: io.appium.android.apis; className: android.widget.TextView; text: OS; contentDescription: OS; viewIdResName: android:id/text1; checkable: false; checked: false; focusable: false; focused: false; selected: false; clickable: true; longClickable: false; enabled: true; password: false; scrollable: false; [ACTION_SELECT, ACTION_CLEAR_SELECTION, ACTION_CLICK, ACTION_ACCESSIBILITY_FOCUS, ACTION_NEXT_AT_MOVEMENT_GRANULARITY, ACTION_PREVIOUS_AT_MOVEMENT_GRANULARITY, ACTION_SET_SELECTION]]
2018-09-17 15:00:48.206000	ALL	09-17 09:00:48.113 13036 13036 I QueryController: Matched selector: UiSelector[CLASS=android.widget.TextView, INSTANCE=9, COUNT=9] <<==>> [android.view.accessibility.AccessibilityNodeInfo@a949; boundsInParent: Rect(0, 0 - 1080, 144); boundsInScreen: Rect(0, 1387 - 1080, 1531); packageName: io.appium.android.apis; className: android.widget.TextView; text: OS; contentDescription: OS; viewIdResName: android:id/text1; checkable: false; checked: false; focusable: false; focused: false; selected: false; clickable: true; longClickable: false; enabled: true; password: false; scrollable: false; [ACTION_SELECT, ACTION_CLEAR_SELECTION, ACTION_CLICK, ACTION_ACCESSIBILITY_FOCUS, ACTION_NEXT_AT_MOVEMENT_GRANULARITY, ACTION_PREVIOUS_AT_MOVEMENT_GRANULARITY, ACTION_SET_SELECTION]]
2018-09-17 15:00:48.211000	ALL	09-17 09:00:48.113 13036 13036 D InteractionController: clickAndSync(540, 1459)
2018-09-17 15:00:48.386000	ALL	09-17 09:00:48.285   613   625 I ActivityManager: START u0 {cmp=io.appium.android.apis/.ApiDemos (has extras)} from pid 13068
2018-09-17 15:00:48.421000	ALL	09-17 09:00:48.329 13068 13071 D dalvikvm: GC_CONCURRENT freed 610K, 11% free 6560K/7324K, paused 1ms+1ms, total 5ms
2018-09-17 15:00:48.429000	ALL	09-17 09:00:48.329 13068 13068 D dalvikvm: WAIT_FOR_CONCURRENT_GC blocked 2ms
2018-09-17 15:00:48.481000	ALL	09-17 09:00:48.385   613   620 E dalvikvm: JIT code cache full
2018-09-17 15:00:48.490000	ALL	09-17 09:00:48.401 13068 13068 E EGL_emulation: tid 13068: eglSurfaceAttrib(1210): error 0x3009 (EGL_BAD_MATCH)
2018-09-17 15:00:48.496000	ALL	09-17 09:00:48.401 13068 13068 W HardwareRenderer: Backbuffer cannot be preserved
2018-09-17 15:00:48.543000	ALL	09-17 09:00:48.445   613   628 I ActivityManager: Displayed io.appium.android.apis/.ApiDemos: +141ms
2018-09-17 15:00:50.012000	ALL	09-17 09:00:49.917 13036 13046 D dalvikvm: GC_FOR_ALLOC freed 7075K, 87% free 1115K/8192K, paused 7ms, total 7ms
2018-09-17 15:00:50.054000	ALL	09-17 09:00:49.957 13036 13041 D dalvikvm: GC_CONCURRENT freed 445K, 87% free 1070K/8192K, paused 0ms+1ms, total 2ms
2018-09-17 15:00:50.099000	ALL	09-17 09:00:50.001 13036 13041 D dalvikvm: GC_CONCURRENT freed 387K, 87% free 1089K/8192K, paused 0ms+0ms, total 3ms
2018-09-17 15:00:50.147000	ALL	09-17 09:00:50.049 13036 13041 D dalvikvm: GC_CONCURRENT freed 418K, 87% free 1078K/8192K, paused 0ms+0ms, total 2ms
2018-09-17 15:00:50.197000	ALL	09-17 09:00:50.101 13036 13041 D dalvikvm: GC_CONCURRENT freed 400K, 87% free 1084K/8192K, paused 1ms+0ms, total 3ms
2018-09-17 15:00:50.255000	ALL	09-17 09:00:50.157 13036 13041 D dalvikvm: GC_CONCURRENT freed 407K, 87% free 1086K/8192K, paused 1ms+2ms, total 5ms
2018-09-17 15:00:50.303000	ALL	09-17 09:00:50.205 13036 13041 D dalvikvm: GC_CONCURRENT freed 412K, 87% free 1078K/8192K, paused 1ms+1ms, total 3ms
2018-09-17 15:00:50.315000	ALL	09-17 09:00:50.221 13068 13071 D dalvikvm: GC_CONCURRENT freed 1173K, 18% free 6408K/7736K, paused 1ms+1ms, total 6ms
2018-09-17 15:00:50.353000	ALL	09-17 09:00:50.257 13036 13041 D dalvikvm: GC_CONCURRENT freed 394K, 87% free 1089K/8192K, paused 0ms+0ms, total 3ms
2018-09-17 15:00:50.392000	ALL	09-17 09:00:50.297 13036 13041 D dalvikvm: GC_CONCURRENT freed 414K, 87% free 1081K/8192K, paused 0ms+1ms, total 2ms
2018-09-17 15:00:50.436000	ALL	09-17 09:00:50.337 13036 13041 D dalvikvm: GC_CONCURRENT freed 407K, 87% free 1081K/8192K, paused 0ms+0ms, total 2ms
2018-09-17 15:00:50.485000	ALL	09-17 09:00:50.389 13036 13041 D dalvikvm: GC_CONCURRENT freed 406K, 87% free 1083K/8192K, paused 0ms+2ms, total 3ms
2018-09-17 15:00:50.526000	ALL	09-17 09:00:50.429 13036 13041 D dalvikvm: GC_CONCURRENT freed 409K, 87% free 1078K/8192K, paused 0ms+0ms, total 3ms
2018-09-17 15:00:50.570000	ALL	09-17 09:00:50.473 13036 13041 D dalvikvm: GC_CONCURRENT freed 404K, 87% free 1079K/8192K, paused 0ms+0ms, total 3ms
2018-09-17 15:00:50.581000	ALL	09-17 09:00:50.485 13036 13036 I AccessibilityNodeInfoDumper: Skipping invisible child: android.view.accessibility.AccessibilityNodeInfo@10362; boundsInParent: Rect(0, 0 - 0, 144); boundsInScreen: Rect(1080, 75 - 1080, 219); packageName: io.appium.android.apis; className: android.widget.LinearLayout; text: null; contentDescription: null; viewIdResName: null; checkable: false; checked: false; focusable: false; focused: false; selected: false; clickable: false; longClickable: false; enabled: true; password: false; scrollable: false; [ACTION_SELECT, ACTION_CLEAR_SELECTION, ACTION_ACCESSIBILITY_FOCUS]
2018-09-17 15:00:50.586000	ALL	09-17 09:00:50.485 13036 13036 W AccessibilityNodeInfoDumper: Fetch time: 0ms
2018-09-17 15:00:50.597000	ALL	09-17 09:00:50.501 13036 13041 D dalvikvm: GC_CONCURRENT freed 354K, 85% free 1230K/8192K, paused 1ms+0ms, total 5ms
2018-09-17 15:00:50.616000	ALL	09-17 09:00:50.517 13036 13036 I QueryController: Matched selector: UiSelector[CLASS=android.widget.TextView, INSTANCE=4, COUNT=4] <<==>> [android.view.accessibility.AccessibilityNodeInfo@e91b; boundsInParent: Rect(0, 0 - 1080, 144); boundsInScreen: Rect(0, 657 - 1080, 801); packageName: io.appium.android.apis; className: android.widget.TextView; text: SMS Messaging; contentDescription: SMS Messaging; viewIdResName: android:id/text1; checkable: false; checked: false; focusable: false; focused: false; selected: false; clickable: true; longClickable: false; enabled: true; password: false; scrollable: false; [ACTION_SELECT, ACTION_CLEAR_SELECTION, ACTION_CLICK, ACTION_ACCESSIBILITY_FOCUS, ACTION_NEXT_AT_MOVEMENT_GRANULARITY, ACTION_PREVIOUS_AT_MOVEMENT_GRANULARITY, ACTION_SET_SELECTION]]
2018-09-17 15:00:50.656000	ALL	09-17 09:00:50.533 13036 13036 I QueryController: Matched selector: UiSelector[CLASS=android.widget.TextView, INSTANCE=4, COUNT=4] <<==>> [android.view.accessibility.AccessibilityNodeInfo@e91b; boundsInParent: Rect(0, 0 - 1080, 144); boundsInScreen: Rect(0, 657 - 1080, 801); packageName: io.appium.android.apis; className: android.widget.TextView; text: SMS Messaging; contentDescription: SMS Messaging; viewIdResName: android:id/text1; checkable: false; checked: false; focusable: false; focused: false; selected: false; clickable: true; longClickable: false; enabled: true; password: false; scrollable: false; [ACTION_SELECT, ACTION_CLEAR_SELECTION, ACTION_CLICK, ACTION_ACCESSIBILITY_FOCUS, ACTION_NEXT_AT_MOVEMENT_GRANULARITY, ACTION_PREVIOUS_AT_MOVEMENT_GRANULARITY, ACTION_SET_SELECTION]]
2018-09-17 15:00:50.656000	ALL	09-17 09:00:50.533 13036 13036 D InteractionController: clickAndSync(540, 729)
2018-09-17 15:00:50.656000	ALL	09-17 09:00:50.537 13036 13041 D dalvikvm: GC_CONCURRENT freed 542K, 87% free 1083K/8192K, paused 0ms+0ms, total 2ms
2018-09-17 15:00:50.700000	ALL	09-17 09:00:50.573 13036 13041 D dalvikvm: GC_CONCURRENT freed 400K, 87% free 1085K/8192K, paused 0ms+2ms, total 4ms
2018-09-17 15:00:50.714000	ALL	09-17 09:00:50.617 13036 13041 D dalvikvm: GC_CONCURRENT freed 415K, 87% free 1080K/8192K, paused 0ms+0ms, total 3ms
2018-09-17 15:00:50.781000	ALL	09-17 09:00:50.685 13036 13041 D dalvikvm: GC_CONCURRENT freed 407K, 87% free 1079K/8192K, paused 0ms+0ms, total 2ms
2018-09-17 15:00:50.797000	ALL	09-17 09:00:50.701   613   625 I ActivityManager: START u0 {cmp=io.appium.android.apis/.os.SmsMessagingDemo} from pid 13068
2018-09-17 15:00:50.831000	ALL	09-17 09:00:50.733 13068 13071 D dalvikvm: GC_CONCURRENT freed 605K, 11% free 6892K/7736K, paused 1ms+2ms, total 6ms
2018-09-17 15:00:50.888000	ALL	09-17 09:00:50.793   613   615 D dalvikvm: JIT code cache reset in 0 ms (523044 bytes 6/0)
2018-09-17 15:00:50.891000	ALL	09-17 09:00:50.793   613   615 D dalvikvm: GC_CONCURRENT freed 1274K, 24% free 13063K/17112K, paused 0ms+2ms, total 22ms
2018-09-17 15:00:50.903000	ALL	09-17 09:00:50.813 13068 13068 E EGL_emulation: tid 13068: eglSurfaceAttrib(1210): error 0x3009 (EGL_BAD_MATCH)
2018-09-17 15:00:50.909000	ALL	09-17 09:00:50.813 13068 13068 W HardwareRenderer: Backbuffer cannot be preserved
2018-09-17 15:00:50.996000	ALL	09-17 09:00:50.897   613   628 I ActivityManager: Displayed io.appium.android.apis/.os.SmsMessagingDemo: +177ms
2018-09-17 15:00:52.123000	ALL	09-17 09:00:52.025 13036 13041 D dalvikvm: GC_CONCURRENT freed 391K, 87% free 1081K/8192K, paused 0ms+0ms, total 2ms
2018-09-17 15:00:52.222000	ALL	09-17 09:00:52.125   613   664 D MobileDataStateTracker: default: setPolicyDataEnable(enabled=true)
2018-09-17 15:00:52.308000	ALL	09-17 09:00:52.213 13036 13041 D dalvikvm: GC_CONCURRENT freed 398K, 87% free 1090K/8192K, paused 0ms+0ms, total 2ms
2018-09-17 15:00:52.421000	ALL	09-17 09:00:52.325 13036 13041 D dalvikvm: GC_CONCURRENT freed 389K, 87% free 1108K/8192K, paused 3ms+0ms, total 4ms
2018-09-17 15:00:52.457000	ALL	09-17 09:00:52.361 13036 13041 D dalvikvm: GC_CONCURRENT freed 424K, 87% free 1090K/8192K, paused 0ms+0ms, total 2ms
2018-09-17 15:00:52.527000	ALL	09-17 09:00:52.429 13036 13041 D dalvikvm: GC_CONCURRENT freed 406K, 87% free 1090K/8192K, paused 1ms+0ms, total 3ms
2018-09-17 15:00:52.564000	ALL	09-17 09:00:52.469 13036 13041 D dalvikvm: GC_CONCURRENT freed 407K, 87% free 1090K/8192K, paused 0ms+0ms, total 2ms
2018-09-17 15:00:52.607000	ALL	09-17 09:00:52.509 13036 13041 D dalvikvm: GC_CONCURRENT freed 407K, 87% free 1090K/8192K, paused 0ms+0ms, total 2ms
2018-09-17 15:00:52.653000	ALL	09-17 09:00:52.557 13036 13041 D dalvikvm: GC_CONCURRENT freed 414K, 87% free 1082K/8192K, paused 1ms+0ms, total 3ms
2018-09-17 15:00:52.690000	ALL	09-17 09:00:52.593 13036 13041 D dalvikvm: GC_CONCURRENT freed 399K, 87% free 1090K/8192K, paused 0ms+0ms, total 2ms
2018-09-17 15:00:52.728000	ALL	09-17 09:00:52.633 13036 13041 D dalvikvm: GC_CONCURRENT freed 406K, 87% free 1090K/8192K, paused 0ms+0ms, total 3ms
2018-09-17 15:00:52.770000	ALL	09-17 09:00:52.673 13036 13041 D dalvikvm: GC_CONCURRENT freed 407K, 87% free 1090K/8192K, paused 1ms+0ms, total 3ms
2018-09-17 15:00:52.776000	ALL	09-17 09:00:52.677 13068 13071 D dalvikvm: GC_CONCURRENT freed 705K, 11% free 7321K/8180K, paused 2ms+0ms, total 5ms
2018-09-17 15:00:52.808000	ALL	09-17 09:00:52.713 13036 13041 D dalvikvm: GC_CONCURRENT freed 407K, 87% free 1090K/8192K, paused 1ms+0ms, total 2ms
2018-09-17 15:00:52.847000	ALL	09-17 09:00:52.749 13036 13041 D dalvikvm: GC_CONCURRENT freed 406K, 87% free 1090K/8192K, paused 0ms+0ms, total 2ms
2018-09-17 15:00:52.886000	ALL	09-17 09:00:52.789 13036 13041 D dalvikvm: GC_CONCURRENT freed 406K, 87% free 1090K/8192K, paused 1ms+0ms, total 3ms
2018-09-17 15:00:52.926000	ALL	09-17 09:00:52.829 13036 13041 D dalvikvm: GC_CONCURRENT freed 407K, 87% free 1089K/8192K, paused 3ms+0ms, total 5ms
2018-09-17 15:00:52.972000	ALL	09-17 09:00:52.877 13036 13041 D dalvikvm: GC_CONCURRENT freed 406K, 87% free 1090K/8192K, paused 0ms+0ms, total 2ms
2018-09-17 15:00:53.045000	ALL	09-17 09:00:52.949 13036 13041 D dalvikvm: GC_CONCURRENT freed 406K, 87% free 1091K/8192K, paused 1ms+0ms, total 2ms
2018-09-17 15:00:53.073000	ALL	09-17 09:00:52.977 13036 13036 I AccessibilityNodeInfoDumper: Skipping invisible child: android.view.accessibility.AccessibilityNodeInfo@168be; boundsInParent: Rect(0, 0 - 0, 144); boundsInScreen: Rect(1080, 75 - 1080, 219); packageName: io.appium.android.apis; className: android.widget.LinearLayout; text: null; contentDescription: null; viewIdResName: null; checkable: false; checked: false; focusable: false; focused: false; selected: false; clickable: false; longClickable: false; enabled: true; password: false; scrollable: false; [ACTION_SELECT, ACTION_CLEAR_SELECTION, ACTION_ACCESSIBILITY_FOCUS]
2018-09-17 15:00:53.081000	ALL	09-17 09:00:52.985 13036 13041 D dalvikvm: GC_CONCURRENT freed 368K, 86% free 1182K/8192K, paused 2ms+2ms, total 8ms
2018-09-17 15:00:53.087000	ALL	09-17 09:00:52.989 13036 13036 W AccessibilityNodeInfoDumper: Fetch time: 19ms
2018-09-17 15:00:53.101000	ALL	09-17 09:00:53.005 13036 13041 D dalvikvm: GC_CONCURRENT freed 351K, 85% free 1249K/8192K, paused 0ms+2ms, total 4ms
2018-09-17 15:00:53.125000	ALL	09-17 09:00:53.029 13036 13041 D dalvikvm: GC_CONCURRENT freed 558K, 87% free 1108K/8192K, paused 0ms+1ms, total 2ms
2018-09-17 15:00:53.156000	ALL	09-17 09:00:53.057 13036 13036 I QueryController: Matched selector: UiSelector[CLASS=android.widget.TextView, INSTANCE=2, COUNT=2] <<==>> [android.view.accessibility.AccessibilityNodeInfo@12cae; boundsInParent: Rect(0, 0 - 278, 57); boundsInScreen: Rect(36, 589 - 314, 646); packageName: io.appium.android.apis; className: android.widget.TextView; text: Recipient #; contentDescription: Recipient #; viewIdResName: null; checkable: false; checked: false; focusable: false; focused: false; selected: false; clickable: false; longClickable: false; enabled: true; password: false; scrollable: false; [ACTION_SELECT, ACTION_CLEAR_SELECTION, ACTION_ACCESSIBILITY_FOCUS, ACTION_NEXT_AT_MOVEMENT_GRANULARITY, ACTION_PREVIOUS_AT_MOVEMENT_GRANULARITY, ACTION_SET_SELECTION]]
2018-09-17 15:00:53.163000	ALL	09-17 09:00:53.069 13036 13041 D dalvikvm: GC_CONCURRENT freed 433K, 87% free 1091K/8192K, paused 0ms+0ms, total 4ms
2018-09-17 15:00:53.164000	ALL	09-17 09:00:53.073 13036 13036 I QueryController: Matched selector: UiSelector[CLASS=android.widget.TextView, INSTANCE=2, COUNT=2] <<==>> [android.view.accessibility.AccessibilityNodeInfo@12cae; boundsInParent: Rect(0, 0 - 278, 57); boundsInScreen: Rect(36, 589 - 314, 646); packageName: io.appium.android.apis; className: android.widget.TextView; text: Recipient #; contentDescription: Recipient #; viewIdResName: null; checkable: false; checked: false; focusable: false; focused: false; selected: false; clickable: false; longClickable: false; enabled: true; password: false; scrollable: false; [ACTION_SELECT, ACTION_CLEAR_SELECTION, ACTION_ACCESSIBILITY_FOCUS, ACTION_NEXT_AT_MOVEMENT_GRANULARITY, ACTION_PREVIOUS_AT_MOVEMENT_GRANULARITY, ACTION_SET_SELECTION]]
2018-09-17 15:00:53.168000	ALL	09-17 09:00:53.073 13036 13036 D UiObject: getText() = Recipient #
2018-09-17 15:00:53.175000	ALL	09-17 09:00:53.077 13036 13036 I QueryController: Matched selector: UiSelector[CLASS=android.widget.TextView, INSTANCE=2, COUNT=2] <<==>> [android.view.accessibility.AccessibilityNodeInfo@12cae; boundsInParent: Rect(0, 0 - 278, 57); boundsInScreen: Rect(36, 589 - 314, 646); packageName: io.appium.android.apis; className: android.widget.TextView; text: Recipient #; contentDescription: Recipient #; viewIdResName: null; checkable: false; checked: false; focusable: false; focused: false; selected: false; clickable: false; longClickable: false; enabled: true; password: false; scrollable: false; [ACTION_SELECT, ACTION_CLEAR_SELECTION, ACTION_ACCESSIBILITY_FOCUS, ACTION_NEXT_AT_MOVEMENT_GRANULARITY, ACTION_PREVIOUS_AT_MOVEMENT_GRANULARITY, ACTION_SET_SELECTION]]
2018-09-17 15:00:53.190000	ALL	09-17 09:00:53.093 13036 13041 D dalvikvm: GC_CONCURRENT freed 355K, 87% free 1138K/8192K, paused 0ms+0ms, total 3ms
2018-09-17 15:00:53.220000	ALL	09-17 09:00:53.125 13036 13041 D dalvikvm: GC_CONCURRENT freed 397K, 86% free 1147K/8192K, paused 0ms+0ms, total 3ms
2018-09-17 15:00:53.255000	ALL	09-17 09:00:53.161 13036 13041 D dalvikvm: GC_CONCURRENT freed 406K, 87% free 1146K/8192K, paused 0ms+0ms, total 2ms
2018-09-17 15:00:53.292000	ALL	09-17 09:00:53.197 13036 13041 D dalvikvm: GC_CONCURRENT freed 407K, 87% free 1146K/8192K, paused 0ms+1ms, total 3ms
2018-09-17 15:00:53.339000	ALL	09-17 09:00:53.241 13036 13041 D dalvikvm: GC_CONCURRENT freed 407K, 87% free 1145K/8192K, paused 1ms+0ms, total 3ms
2018-09-17 15:00:53.384000	ALL	09-17 09:00:53.289 13036 13041 D dalvikvm: GC_CONCURRENT freed 406K, 87% free 1146K/8192K, paused 1ms+1ms, total 4ms
2018-09-17 15:00:53.429000	ALL	09-17 09:00:53.333 13036 13041 D dalvikvm: GC_CONCURRENT freed 406K, 87% free 1146K/8192K, paused 0ms+0ms, total 2ms
2018-09-17 15:00:53.475000	ALL	09-17 09:00:53.377 13036 13041 D dalvikvm: GC_CONCURRENT freed 406K, 87% free 1146K/8192K, paused 2ms+0ms, total 3ms
2018-09-17 15:00:53.544000	ALL	09-17 09:00:53.449 13036 13041 D dalvikvm: GC_CONCURRENT freed 399K, 86% free 1153K/8192K, paused 0ms+2ms, total 4ms
2018-09-17 15:00:53.585000	ALL	09-17 09:00:53.489 13036 13041 D dalvikvm: GC_CONCURRENT freed 414K, 87% free 1145K/8192K, paused 0ms+0ms, total 2ms
2018-09-17 15:00:53.629000	ALL	09-17 09:00:53.533 13036 13041 D dalvikvm: GC_CONCURRENT freed 406K, 86% free 1146K/8192K, paused 0ms+0ms, total 3ms
2018-09-17 15:00:53.667000	ALL	09-17 09:00:53.569 13036 13041 D dalvikvm: GC_CONCURRENT freed 407K, 87% free 1146K/8192K, paused 0ms+1ms, total 2ms
2018-09-17 15:00:53.712000	ALL	09-17 09:00:53.613 13036 13041 D dalvikvm: GC_CONCURRENT freed 406K, 87% free 1146K/8192K, paused 0ms+0ms, total 2ms
2018-09-17 15:00:53.748000	ALL	09-17 09:00:53.653 13036 13041 D dalvikvm: GC_CONCURRENT freed 407K, 87% free 1146K/8192K, paused 1ms+0ms, total 3ms
2018-09-17 15:00:53.768000	ALL	09-17 09:00:53.673 13068 13071 D dalvikvm: GC_CONCURRENT freed 1283K, 17% free 7317K/8756K, paused 2ms+1ms, total 8ms
2018-09-17 15:00:53.797000	ALL	09-17 09:00:53.701 13036 13041 D dalvikvm: GC_CONCURRENT freed 407K, 87% free 1146K/8192K, paused 0ms+1ms, total 2ms
2018-09-17 15:00:53.840000	ALL	09-17 09:00:53.745 13036 13041 D dalvikvm: GC_CONCURRENT freed 406K, 87% free 1146K/8192K, paused 0ms+1ms, total 2ms
2018-09-17 15:00:53.882000	ALL	09-17 09:00:53.785 13036 13041 D dalvikvm: GC_CONCURRENT freed 406K, 87% free 1146K/8192K, paused 1ms+0ms, total 2ms
2018-09-17 15:00:53.924000	ALL	09-17 09:00:53.825 13036 13041 D dalvikvm: GC_CONCURRENT freed 405K, 86% free 1146K/8192K, paused 1ms+0ms, total 2ms
2018-09-17 15:00:53.972000	ALL	09-17 09:00:53.873 13036 13041 D dalvikvm: GC_CONCURRENT freed 407K, 87% free 1146K/8192K, paused 0ms+1ms, total 3ms
2018-09-17 15:00:54.038000	ALL	09-17 09:00:53.941 13036 13041 D dalvikvm: GC_CONCURRENT freed 406K, 87% free 1146K/8192K, paused 1ms+0ms, total 3ms
2018-09-17 15:00:54.079000	ALL	09-17 09:00:53.981 13036 13041 D dalvikvm: GC_CONCURRENT freed 406K, 87% free 1146K/8192K, paused 0ms+0ms, total 3ms
2018-09-17 15:00:54.117000	ALL	09-17 09:00:54.021 13036 13041 D dalvikvm: GC_CONCURRENT freed 406K, 86% free 1147K/8192K, paused 0ms+0ms, total 3ms
2018-09-17 15:00:54.158000	ALL	09-17 09:00:54.061 13036 13041 D dalvikvm: GC_CONCURRENT freed 407K, 87% free 1146K/8192K, paused 0ms+0ms, total 2ms
2018-09-17 15:00:54.205000	ALL	09-17 09:00:54.109 13036 13041 D dalvikvm: GC_CONCURRENT freed 407K, 87% free 1145K/8192K, paused 2ms+0ms, total 5ms
2018-09-17 15:00:54.255000	ALL	09-17 09:00:54.157 13036 13041 D dalvikvm: GC_CONCURRENT freed 375K, 86% free 1153K/8192K, paused 4ms+0ms, total 6ms
2018-09-17 15:00:54.294000	ALL	09-17 09:00:54.197 13036 13041 D dalvikvm: GC_CONCURRENT freed 404K, 87% free 1134K/8192K, paused 0ms+0ms, total 2ms
2018-09-17 15:00:54.334000	ALL	09-17 09:00:54.237 13036 13041 D dalvikvm: GC_CONCURRENT freed 394K, 87% free 1146K/8192K, paused 0ms+0ms, total 1ms
2018-09-17 15:00:54.366000	ALL	09-17 09:00:54.269 13036 13041 D dalvikvm: GC_CONCURRENT freed 407K, 87% free 1146K/8192K, paused 0ms+1ms, total 2ms
2018-09-17 15:00:54.401000	ALL	09-17 09:00:54.305 13036 13041 D dalvikvm: GC_CONCURRENT freed 406K, 87% free 1146K/8192K, paused 0ms+0ms, total 2ms
2018-09-17 15:00:54.442000	ALL	09-17 09:00:54.341 13036 13041 D dalvikvm: GC_CONCURRENT freed 405K, 86% free 1146K/8192K, paused 0ms+0ms, total 3ms
2018-09-17 15:00:54.488000	ALL	09-17 09:00:54.389 13036 13041 D dalvikvm: GC_CONCURRENT freed 407K, 87% free 1146K/8192K, paused 0ms+0ms, total 3ms
2018-09-17 15:00:54.553000	ALL	09-17 09:00:54.457 13036 13041 D dalvikvm: GC_CONCURRENT freed 405K, 86% free 1146K/8192K, paused 0ms+0ms, total 2ms
2018-09-17 15:00:54.593000	ALL	09-17 09:00:54.497 13036 13041 D dalvikvm: GC_CONCURRENT freed 407K, 87% free 1146K/8192K, paused 2ms+0ms, total 5ms
2018-09-17 15:00:54.635000	ALL	09-17 09:00:54.537 13036 13041 D dalvikvm: GC_CONCURRENT freed 406K, 87% free 1146K/8192K, paused 1ms+0ms, total 3ms
2018-09-17 15:00:54.666000	ALL	09-17 09:00:54.569 13036 13041 D dalvikvm: GC_CONCURRENT freed 406K, 87% free 1146K/8192K, paused 1ms+0ms, total 2ms
2018-09-17 15:00:54.700000	ALL	09-17 09:00:54.605 13036 13041 D dalvikvm: GC_CONCURRENT freed 406K, 87% free 1146K/8192K, paused 0ms+0ms, total 2ms
2018-09-17 15:00:54.744000	ALL	09-17 09:00:54.649 13036 13041 D dalvikvm: GC_CONCURRENT freed 406K, 87% free 1146K/8192K, paused 0ms+1ms, total 2ms
2018-09-17 15:00:54.760000	ALL	09-17 09:00:54.665 13068 13071 D dalvikvm: GC_CONCURRENT freed 1270K, 17% free 7317K/8756K, paused 3ms+0ms, total 7ms
2018-09-17 15:00:54.828000	ALL	09-17 09:00:54.729 13036 13041 D dalvikvm: GC_CONCURRENT freed 406K, 87% free 1146K/8192K, paused 0ms+0ms, total 3ms
2018-09-17 15:00:54.916000	ALL	09-17 09:00:54.821 13036 13041 D dalvikvm: GC_CONCURRENT freed 406K, 87% free 1146K/8192K, paused 0ms+1ms, total 2ms
2018-09-17 15:00:55.018000	ALL	09-17 09:00:54.921 13036 13041 D dalvikvm: GC_CONCURRENT freed 405K, 86% free 1147K/8192K, paused 1ms+0ms, total 4ms
2018-09-17 15:00:55.105000	ALL	09-17 09:00:55.009 13036 13041 D dalvikvm: GC_CONCURRENT freed 407K, 87% free 1146K/8192K, paused 1ms+0ms, total 3ms
2018-09-17 15:00:55.154000	ALL	09-17 09:00:55.057 13036 13041 D dalvikvm: GC_CONCURRENT freed 405K, 87% free 1146K/8192K, paused 0ms+0ms, total 3ms
2018-09-17 15:00:55.245000	ALL	09-17 09:00:55.149 13036 13041 D dalvikvm: GC_CONCURRENT freed 407K, 87% free 1146K/8192K, paused 0ms+0ms, total 3ms
2018-09-17 15:00:55.343000	ALL	09-17 09:00:55.245 13036 13041 D dalvikvm: GC_CONCURRENT freed 406K, 87% free 1146K/8192K, paused 1ms+1ms, total 3ms
2018-09-17 15:00:55.444000	ALL	09-17 09:00:55.345 13036 13041 D dalvikvm: GC_CONCURRENT freed 406K, 87% free 1146K/8192K, paused 1ms+0ms, total 3ms
2018-09-17 15:00:55.538000	ALL	09-17 09:00:55.441 13036 13041 D dalvikvm: GC_CONCURRENT freed 407K, 87% free 1146K/8192K, paused 0ms+1ms, total 2ms
2018-09-17 15:00:55.628000	ALL	09-17 09:00:55.529 13036 13041 D dalvikvm: GC_CONCURRENT freed 406K, 87% free 1146K/8192K, paused 0ms+0ms, total 2ms
2018-09-17 15:00:55.731000	ALL	09-17 09:00:55.633 13036 13041 D dalvikvm: GC_CONCURRENT freed 406K, 87% free 1146K/8192K, paused 0ms+1ms, total 3ms
2018-09-17 15:00:55.818000	ALL	09-17 09:00:55.717 13036 13041 D dalvikvm: GC_CONCURRENT freed 407K, 87% free 1146K/8192K, paused 0ms+1ms, total 4ms
2018-09-17 15:00:55.915000	ALL	09-17 09:00:55.821 13036 13041 D dalvikvm: GC_CONCURRENT freed 405K, 86% free 1147K/8192K, paused 1ms+0ms, total 4ms
2018-09-17 15:00:56.009000	ALL	09-17 09:00:55.913 13036 13041 D dalvikvm: GC_CONCURRENT freed 417K, 87% free 1136K/8192K, paused 0ms+0ms, total 3ms
2018-09-17 15:00:56.017000	ALL	09-17 09:00:55.925 13036 13036 I QueryController: Matched selector: UiSelector[CLASS=android.widget.TextView, INSTANCE=2, COUNT=2] <<==>> [android.view.accessibility.AccessibilityNodeInfo@12cae; boundsInParent: Rect(0, 0 - 278, 57); boundsInScreen: Rect(36, 589 - 314, 646); packageName: io.appium.android.apis; className: android.widget.TextView; text: Recipient #; contentDescription: Recipient #; viewIdResName: null; checkable: false; checked: false; focusable: false; focused: false; selected: false; clickable: false; longClickable: false; enabled: true; password: false; scrollable: false; [ACTION_SELECT, ACTION_CLEAR_SELECTION, ACTION_ACCESSIBILITY_FOCUS, ACTION_NEXT_AT_MOVEMENT_GRANULARITY, ACTION_PREVIOUS_AT_MOVEMENT_GRANULARITY, ACTION_SET_SELECTION]]
2018-09-17 15:00:56.022000	ALL	09-17 09:00:55.925 13036 13036 D UiObject: getText() = Recipient #
2018-09-17 15:00:56.026000	ALL	09-17 09:00:55.933 13036 13036 I QueryController: Matched selector: UiSelector[CLASS=android.widget.TextView, INSTANCE=2, COUNT=2] <<==>> [android.view.accessibility.AccessibilityNodeInfo@12cae; boundsInParent: Rect(0, 0 - 278, 57); boundsInScreen: Rect(36, 589 - 314, 646); packageName: io.appium.android.apis; className: android.widget.TextView; text: Recipient #; contentDescription: Recipient #; viewIdResName: null; checkable: false; checked: false; focusable: false; focused: false; selected: false; clickable: false; longClickable: false; enabled: true; password: false; scrollable: false; [ACTION_SELECT, ACTION_CLEAR_SELECTION, ACTION_ACCESSIBILITY_FOCUS, ACTION_NEXT_AT_MOVEMENT_GRANULARITY, ACTION_PREVIOUS_AT_MOVEMENT_GRANULARITY, ACTION_SET_SELECTION]]
2018-09-17 15:00:56.030000	ALL	09-17 09:00:55.933 13036 13036 D UiObject: getText() = Recipient #
2018-09-17 15:00:56.035000	ALL	09-17 09:00:55.937 13036 13036 I QueryController: Matched selector: UiSelector[CLASS=android.widget.TextView, INSTANCE=2, COUNT=2] <<==>> [android.view.accessibility.AccessibilityNodeInfo@12cae; boundsInParent: Rect(0, 0 - 278, 57); boundsInScreen: Rect(36, 589 - 314, 646); packageName: io.appium.android.apis; className: android.widget.TextView; text: Recipient #; contentDescription: Recipient #; viewIdResName: null; checkable: false; checked: false; focusable: false; focused: false; selected: false; clickable: false; longClickable: false; enabled: true; password: false; scrollable: false; [ACTION_SELECT, ACTION_CLEAR_SELECTION, ACTION_ACCESSIBILITY_FOCUS, ACTION_NEXT_AT_MOVEMENT_GRANULARITY, ACTION_PREVIOUS_AT_MOVEMENT_GRANULARITY, ACTION_SET_SELECTION]]
2018-09-17 15:00:56.044000	ALL	09-17 09:00:55.945 13036 13036 I QueryController: Matched selector: UiSelector[CLASS=android.widget.TextView, INSTANCE=2, COUNT=2] <<==>> [android.view.accessibility.AccessibilityNodeInfo@12cae; boundsInParent: Rect(0, 0 - 278, 57); boundsInScreen: Rect(36, 589 - 314, 646); packageName: io.appium.android.apis; className: android.widget.TextView; text: Recipient #; contentDescription: Recipient #; viewIdResName: null; checkable: false; checked: false; focusable: false; focused: false; selected: false; clickable: false; longClickable: false; enabled: true; password: false; scrollable: false; [ACTION_SELECT, ACTION_CLEAR_SELECTION, ACTION_ACCESSIBILITY_FOCUS, ACTION_NEXT_AT_MOVEMENT_GRANULARITY, ACTION_PREVIOUS_AT_MOVEMENT_GRANULARITY, ACTION_SET_SELECTION]]
2018-09-17 15:00:56.084000	ALL	09-17 09:00:55.957 13036 13041 D dalvikvm: GC_CONCURRENT freed 397K, 87% free 1137K/8192K, paused 0ms+0ms, total 2ms
2018-09-17 15:00:56.113000	ALL	09-17 09:00:56.017 13036 13041 D dalvikvm: GC_CONCURRENT freed 397K, 86% free 1146K/8192K, paused 0ms+0ms, total 2ms
2018-09-17 15:00:56.217000	ALL	09-17 09:00:56.121 13036 13041 D dalvikvm: GC_CONCURRENT freed 407K, 87% free 1146K/8192K, paused 0ms+0ms, total 3ms
2018-09-17 15:00:56.311000	ALL	09-17 09:00:56.213 13036 13041 D dalvikvm: GC_CONCURRENT freed 406K, 87% free 1146K/8192K, paused 0ms+0ms, total 2ms
2018-09-17 15:00:56.405000	ALL	09-17 09:00:56.309 13036 13041 D dalvikvm: GC_CONCURRENT freed 407K, 87% free 1145K/8192K, paused 1ms+0ms, total 4ms
2018-09-17 15:00:56.453000	ALL	09-17 09:00:56.357 13036 13041 D dalvikvm: GC_CONCURRENT freed 405K, 87% free 1146K/8192K, paused 0ms+0ms, total 3ms
2018-09-17 15:00:56.556000	ALL	09-17 09:00:56.457 13036 13041 D dalvikvm: GC_CONCURRENT freed 408K, 87% free 1146K/8192K, paused 1ms+0ms, total 2ms
2018-09-17 15:00:56.641000	ALL	09-17 09:00:56.545 13036 13041 D dalvikvm: GC_CONCURRENT freed 406K, 87% free 1146K/8192K, paused 0ms+0ms, total 2ms
2018-09-17 15:00:56.728000	ALL	09-17 09:00:56.633 13036 13041 D dalvikvm: GC_CONCURRENT freed 406K, 87% free 1146K/8192K, paused 1ms+0ms, total 2ms
2018-09-17 15:00:56.741000	ALL	09-17 09:00:56.645 13068 13071 D dalvikvm: GC_CONCURRENT freed 1269K, 17% free 7323K/8756K, paused 2ms+0ms, total 8ms
2018-09-17 15:00:56.823000	ALL	09-17 09:00:56.725 13036 13041 D dalvikvm: GC_CONCURRENT freed 407K, 87% free 1145K/8192K, paused 0ms+1ms, total 2ms
2018-09-17 15:00:56.927000	ALL	09-17 09:00:56.829 13036 13041 D dalvikvm: GC_CONCURRENT freed 406K, 87% free 1146K/8192K, paused 0ms+0ms, total 2ms
2018-09-17 15:00:57.022000	ALL	09-17 09:00:56.925 13036 13041 D dalvikvm: GC_CONCURRENT freed 406K, 87% free 1146K/8192K, paused 0ms+0ms, total 1ms
2018-09-17 15:00:57.116000	ALL	09-17 09:00:57.021 13036 13041 D dalvikvm: GC_CONCURRENT freed 406K, 87% free 1146K/8192K, paused 0ms+0ms, total 3ms
2018-09-17 15:00:57.214000	ALL	09-17 09:00:57.117 13036 13041 D dalvikvm: GC_CONCURRENT freed 406K, 87% free 1146K/8192K, paused 1ms+0ms, total 3ms
2018-09-17 15:00:57.306000	ALL	09-17 09:00:57.209 13036 13041 D dalvikvm: GC_CONCURRENT freed 406K, 87% free 1146K/8192K, paused 0ms+0ms, total 3ms
2018-09-17 15:00:57.340000	ALL	09-17 09:00:57.241 13036 13041 D dalvikvm: GC_CONCURRENT freed 406K, 87% free 1145K/8192K, paused 1ms+0ms, total 3ms
2018-09-17 15:00:57.441000	ALL	09-17 09:00:57.345 13036 13041 D dalvikvm: GC_CONCURRENT freed 407K, 87% free 1146K/8192K, paused 0ms+1ms, total 2ms
2018-09-17 15:00:57.543000	ALL	09-17 09:00:57.445 13036 13041 D dalvikvm: GC_CONCURRENT freed 406K, 87% free 1146K/8192K, paused 0ms+1ms, total 2ms
2018-09-17 15:00:57.634000	ALL	09-17 09:00:57.541 13036 13041 D dalvikvm: GC_CONCURRENT freed 406K, 87% free 1146K/8192K, paused 0ms+1ms, total 3ms
2018-09-17 15:00:57.733000	ALL	09-17 09:00:57.637 13036 13041 D dalvikvm: GC_CONCURRENT freed 407K, 87% free 1145K/8192K, paused 1ms+0ms, total 3ms
2018-09-17 15:00:57.822000	ALL	09-17 09:00:57.729 13036 13041 D dalvikvm: GC_CONCURRENT freed 406K, 87% free 1146K/8192K, paused 0ms+0ms, total 5ms
2018-09-17 15:00:57.921000	ALL	09-17 09:00:57.825 13036 13041 D dalvikvm: GC_CONCURRENT freed 406K, 87% free 1146K/8192K, paused 0ms+0ms, total 2ms
2018-09-17 15:00:58.029000	ALL	09-17 09:00:57.933 13036 13041 D dalvikvm: GC_CONCURRENT freed 406K, 87% free 1146K/8192K, paused 2ms+0ms, total 3ms
2018-09-17 15:00:58.065000	ALL	09-17 09:00:57.969 13036 13041 D dalvikvm: GC_CONCURRENT freed 407K, 87% free 1146K/8192K, paused 2ms+1ms, total 3ms
2018-09-17 15:00:58.122000	ALL	09-17 09:00:58.025 13036 13041 D dalvikvm: GC_CONCURRENT freed 407K, 87% free 1145K/8192K, paused 0ms+0ms, total 2ms
2018-09-17 15:00:58.226000	ALL	09-17 09:00:58.129 13036 13041 D dalvikvm: GC_CONCURRENT freed 406K, 87% free 1146K/8192K, paused 1ms+1ms, total 3ms
2018-09-17 15:00:58.323000	ALL	09-17 09:00:58.225 13036 13041 D dalvikvm: GC_CONCURRENT freed 405K, 86% free 1147K/8192K, paused 0ms+0ms, total 1ms
2018-09-17 15:00:58.421000	ALL	09-17 09:00:58.325 13036 13041 D dalvikvm: GC_CONCURRENT freed 407K, 87% free 1146K/8192K, paused 1ms+1ms, total 2ms
2018-09-17 15:00:58.521000	ALL	09-17 09:00:58.425 13036 13041 D dalvikvm: GC_CONCURRENT freed 418K, 87% free 1134K/8192K, paused 1ms+0ms, total 3ms
2018-09-17 15:00:58.608000	ALL	09-17 09:00:58.513 13036 13041 D dalvikvm: GC_CONCURRENT freed 395K, 87% free 1145K/8192K, paused 0ms+1ms, total 4ms
2018-09-17 15:00:58.655000	ALL	09-17 09:00:58.557 13036 13041 D dalvikvm: GC_CONCURRENT freed 405K, 87% free 1145K/8192K, paused 1ms+0ms, total 3ms
2018-09-17 15:00:58.750000	ALL	09-17 09:00:58.657 13036 13041 D dalvikvm: GC_CONCURRENT freed 375K, 86% free 1154K/8192K, paused 4ms+0ms, total 6ms
2018-09-17 15:00:58.813000	ALL	09-17 09:00:58.717 13068 13071 D dalvikvm: GC_CONCURRENT freed 1279K, 17% free 7323K/8756K, paused 3ms+4ms, total 17ms
2018-09-17 15:00:58.844000	ALL	09-17 09:00:58.749 13036 13041 D dalvikvm: GC_CONCURRENT freed 405K, 87% free 1134K/8192K, paused 0ms+0ms, total 2ms
2018-09-17 15:00:58.933000	ALL	09-17 09:00:58.841 13036 13041 D dalvikvm: GC_CONCURRENT freed 365K, 86% free 1166K/8192K, paused 3ms+0ms, total 6ms
2018-09-17 15:00:59.033000	ALL	09-17 09:00:58.941 13036 13041 D dalvikvm: GC_CONCURRENT freed 405K, 86% free 1167K/8192K, paused 2ms+4ms, total 9ms
2018-09-17 15:00:59.095000	ALL	09-17 09:00:58.997 13036 13041 D dalvikvm: GC_CONCURRENT freed 439K, 87% free 1145K/8192K, paused 1ms+0ms, total 3ms
2018-09-17 15:00:59.131000	ALL	09-17 09:00:59.033 13036 13041 D dalvikvm: GC_CONCURRENT freed 404K, 87% free 1146K/8192K, paused 0ms+1ms, total 3ms
2018-09-17 15:00:59.244000	ALL	09-17 09:00:59.145 13036 13041 D dalvikvm: GC_CONCURRENT freed 406K, 87% free 1146K/8192K, paused 0ms+0ms, total 2ms
2018-09-17 15:00:59.330000	ALL	09-17 09:00:59.233 13036 13041 D dalvikvm: GC_CONCURRENT freed 407K, 87% free 1145K/8192K, paused 0ms+1ms, total 2ms
2018-09-17 15:00:59.421000	ALL	09-17 09:00:59.325 13036 13041 D dalvikvm: GC_CONCURRENT freed 405K, 86% free 1147K/8192K, paused 0ms+0ms, total 3ms
2018-09-17 15:00:59.535000	ALL	09-17 09:00:59.437 13036 13041 D dalvikvm: GC_CONCURRENT freed 407K, 87% free 1146K/8192K, paused 0ms+1ms, total 2ms
2018-09-17 15:00:59.614000	ALL	09-17 09:00:59.517 13036 13041 D dalvikvm: GC_CONCURRENT freed 406K, 87% free 1146K/8192K, paused 1ms+0ms, total 3ms
2018-09-17 15:00:59.710000	ALL	09-17 09:00:59.613 13036 13041 D dalvikvm: GC_CONCURRENT freed 406K, 87% free 1146K/8192K, paused 1ms+0ms, total 3ms
2018-09-17 15:00:59.805000	ALL	09-17 09:00:59.709 13036 13041 D dalvikvm: GC_CONCURRENT freed 418K, 87% free 1134K/8192K, paused 0ms+0ms, total 3ms
2018-09-17 15:00:59.845000	ALL	09-17 09:00:59.749 13036 13041 D dalvikvm: GC_CONCURRENT freed 394K, 87% free 1146K/8192K, paused 0ms+0ms, total 2ms
2018-09-17 15:00:59.934000	ALL	09-17 09:00:59.837 13036 13041 D dalvikvm: GC_CONCURRENT freed 407K, 87% free 1146K/8192K, paused 0ms+0ms, total 2ms
2018-09-17 15:01:00.049000	ALL	09-17 09:00:59.953 13036 13041 D dalvikvm: GC_CONCURRENT freed 406K, 87% free 1146K/8192K, paused 3ms+0ms, total 6ms
2018-09-17 15:01:00.127000	ALL	09-17 09:01:00.029 13036 13041 D dalvikvm: GC_CONCURRENT freed 406K, 87% free 1145K/8192K, paused 1ms+1ms, total 2ms
2018-09-17 15:01:00.234000	ALL	09-17 09:01:00.141 13036 13041 D dalvikvm: GC_CONCURRENT freed 406K, 87% free 1146K/8192K, paused 3ms+1ms, total 5ms
2018-09-17 15:01:00.326000	ALL	09-17 09:01:00.233 13036 13041 D dalvikvm: GC_CONCURRENT freed 418K, 87% free 1134K/8192K, paused 8ms+0ms, total 9ms
2018-09-17 15:01:00.420000	ALL	09-17 09:01:00.325 13036 13041 D dalvikvm: GC_CONCURRENT freed 394K, 87% free 1146K/8192K, paused 0ms+0ms, total 4ms
2018-09-17 15:01:00.512000	ALL	09-17 09:01:00.417 13036 13041 D dalvikvm: GC_CONCURRENT freed 406K, 87% free 1146K/8192K, paused 0ms+0ms, total 1ms
2018-09-17 15:01:00.606000	ALL	09-17 09:01:00.509 13036 13041 D dalvikvm: GC_CONCURRENT freed 406K, 87% free 1146K/8192K, paused 0ms+0ms, total 4ms
2018-09-17 15:01:00.649000	ALL	09-17 09:01:00.553 13036 13041 D dalvikvm: GC_CONCURRENT freed 406K, 87% free 1145K/8192K, paused 1ms+0ms, total 4ms
2018-09-17 15:01:00.739000	ALL	09-17 09:01:00.641 13036 13041 D dalvikvm: GC_CONCURRENT freed 406K, 87% free 1146K/8192K, paused 0ms+1ms, total 3ms
2018-09-17 15:01:00.811000	ALL	09-17 09:01:00.713 13068 13071 D dalvikvm: GC_CONCURRENT freed 1278K, 17% free 7322K/8756K, paused 2ms+1ms, total 8ms
2018-09-17 15:01:00.842000	ALL	09-17 09:01:00.745 13036 13041 D dalvikvm: GC_CONCURRENT freed 406K, 86% free 1147K/8192K, paused 1ms+0ms, total 3ms
2018-09-17 15:01:00.961000	ALL	09-17 09:01:00.865 13036 13041 D dalvikvm: GC_CONCURRENT freed 407K, 86% free 1171K/8192K, paused 5ms+0ms, total 11ms
2018-09-17 15:01:01.039000	ALL	09-17 09:01:00.941 13036 13041 D dalvikvm: GC_CONCURRENT freed 418K, 86% free 1153K/8192K, paused 0ms+2ms, total 3ms
2018-09-17 15:01:01.127000	ALL	09-17 09:01:01.029 13036 13041 D dalvikvm: GC_CONCURRENT freed 407K, 87% free 1133K/8192K, paused 1ms+1ms, total 5ms
2018-09-17 15:01:01.225000	ALL	09-17 09:01:01.129 13036 13041 D dalvikvm: GC_CONCURRENT freed 364K, 86% free 1157K/8192K, paused 2ms+0ms, total 5ms
2018-09-17 15:01:01.320000	ALL	09-17 09:01:01.221 13036 13041 D dalvikvm: GC_CONCURRENT freed 436K, 87% free 1145K/8192K, paused 0ms+0ms, total 5ms
2018-09-17 15:01:01.412000	ALL	09-17 09:01:01.313 13036 13041 D dalvikvm: GC_CONCURRENT freed 405K, 87% free 1146K/8192K, paused 0ms+0ms, total 2ms
2018-09-17 15:01:01.518000	ALL	09-17 09:01:01.421 13036 13041 D dalvikvm: GC_CONCURRENT freed 407K, 87% free 1145K/8192K, paused 1ms+0ms, total 4ms
2018-09-17 15:01:01.561000	ALL	09-17 09:01:01.461 13036 13041 D dalvikvm: GC_CONCURRENT freed 376K, 86% free 1153K/8192K, paused 1ms+0ms, total 3ms
2018-09-17 15:01:01.642000	ALL	09-17 09:01:01.549 13036 13041 D dalvikvm: GC_CONCURRENT freed 399K, 87% free 1138K/8192K, paused 2ms+1ms, total 5ms
2018-09-17 15:01:01.642000	ALL	09-17 09:01:01.549 13036 13036 I QueryController: Matched selector: UiSelector[CLASS=android.widget.TextView, INSTANCE=2, COUNT=2] <<==>> [android.view.accessibility.AccessibilityNodeInfo@12cae; boundsInParent: Rect(0, 0 - 278, 57); boundsInScreen: Rect(36, 589 - 314, 646); packageName: io.appium.android.apis; className: android.widget.TextView; text: Recipient #; contentDescription: Recipient #; viewIdResName: null; checkable: false; checked: false; focusable: false; focused: false; selected: false; clickable: false; longClickable: false; enabled: true; password: false; scrollable: false; [ACTION_SELECT, ACTION_CLEAR_SELECTION, ACTION_ACCESSIBILITY_FOCUS, ACTION_NEXT_AT_MOVEMENT_GRANULARITY, ACTION_PREVIOUS_AT_MOVEMENT_GRANULARITY, ACTION_SET_SELECTION]]
2018-09-17 15:01:01.684000	ALL	09-17 09:01:01.549 13036 13036 D UiObject: getText() = Recipient #
2018-09-17 15:01:01.684000	ALL	09-17 09:01:01.557 13036 13036 I QueryController: Matched selector: UiSelector[CLASS=android.widget.TextView, INSTANCE=2, COUNT=2] <<==>> [android.view.accessibility.AccessibilityNodeInfo@12cae; boundsInParent: Rect(0, 0 - 278, 57); boundsInScreen: Rect(36, 589 - 314, 646); packageName: io.appium.android.apis; className: android.widget.TextView; text: Recipient #; contentDescription: Recipient #; viewIdResName: null; checkable: false; checked: false; focusable: false; focused: false; selected: false; clickable: false; longClickable: false; enabled: true; password: false; scrollable: false; [ACTION_SELECT, ACTION_CLEAR_SELECTION, ACTION_ACCESSIBILITY_FOCUS, ACTION_NEXT_AT_MOVEMENT_GRANULARITY, ACTION_PREVIOUS_AT_MOVEMENT_GRANULARITY, ACTION_SET_SELECTION]]
2018-09-17 15:01:01.684000	ALL	09-17 09:01:01.557 13036 13036 D UiObject: getText() = Recipient #
2018-09-17 15:01:01.684000	ALL	09-17 09:01:01.565 13036 13036 I QueryController: Matched selector: UiSelector[CLASS=android.widget.TextView, INSTANCE=2, COUNT=2] <<==>> [android.view.accessibility.AccessibilityNodeInfo@12cae; boundsInParent: Rect(0, 0 - 278, 57); boundsInScreen: Rect(36, 589 - 314, 646); packageName: io.appium.android.apis; className: android.widget.TextView; text: Recipient #; contentDescription: Recipient #; viewIdResName: null; checkable: false; checked: false; focusable: false; focused: false; selected: false; clickable: false; longClickable: false; enabled: true; password: false; scrollable: false; [ACTION_SELECT, ACTION_CLEAR_SELECTION, ACTION_ACCESSIBILITY_FOCUS, ACTION_NEXT_AT_MOVEMENT_GRANULARITY, ACTION_PREVIOUS_AT_MOVEMENT_GRANULARITY, ACTION_SET_SELECTION]]
2018-09-17 15:01:01.684000	ALL	09-17 09:01:01.573 13036 13036 I QueryController: Matched selector: UiSelector[CLASS=android.widget.TextView, INSTANCE=2, COUNT=2] <<==>> [android.view.accessibility.AccessibilityNodeInfo@12cae; boundsInParent: Rect(0, 0 - 278, 57); boundsInScreen: Rect(36, 589 - 314, 646); packageName: io.appium.android.apis; className: android.widget.TextView; text: Recipient #; contentDescription: Recipient #; viewIdResName: null; checkable: false; checked: false; focusable: false; focused: false; selected: false; clickable: false; longClickable: false; enabled: true; password: false; scrollable: false; [ACTION_SELECT, ACTION_CLEAR_SELECTION, ACTION_ACCESSIBILITY_FOCUS, ACTION_NEXT_AT_MOVEMENT_GRANULARITY, ACTION_PREVIOUS_AT_MOVEMENT_GRANULARITY, ACTION_SET_SELECTION]]
2018-09-17 15:01:01.684000	ALL	09-17 09:01:01.573 13036 13036 D UiObject: getText() = Recipient #
2018-09-17 15:01:01.684000	ALL	09-17 09:01:01.585 13036 13036 I QueryController: Matched selector: UiSelector[CLASS=android.widget.TextView, INSTANCE=2, COUNT=2] <<==>> [android.view.accessibility.AccessibilityNodeInfo@12cae; boundsInParent: Rect(0, 0 - 278, 57); boundsInScreen: Rect(36, 589 - 314, 646); packageName: io.appium.android.apis; className: android.widget.TextView; text: Recipient #; contentDescription: Recipient #; viewIdResName: null; checkable: false; checked: false; focusable: false; focused: false; selected: false; clickable: false; longClickable: false; enabled: true; password: false; scrollable: false; [ACTION_SELECT, ACTION_CLEAR_SELECTION, ACTION_ACCESSIBILITY_FOCUS, ACTION_NEXT_AT_MOVEMENT_GRANULARITY, ACTION_PREVIOUS_AT_MOVEMENT_GRANULARITY, ACTION_SET_SELECTION]]
2018-09-17 15:01:01.684000	ALL	09-17 09:01:01.585 13036 13036 D UiObject: getText() = Recipient #
2018-09-17 15:01:01.728000	ALL	09-17 09:01:01.593 13036 13041 D dalvikvm: GC_CONCURRENT freed 373K, 86% free 1149K/8192K, paused 1ms+1ms, total 3ms
2018-09-17 15:01:01.728000	ALL	09-17 09:01:01.593 13036 13036 I QueryController: Matched selector: UiSelector[CLASS=android.widget.TextView, INSTANCE=2, COUNT=2] <<==>> [android.view.accessibility.AccessibilityNodeInfo@12cae; boundsInParent: Rect(0, 0 - 278, 57); boundsInScreen: Rect(36, 589 - 314, 646); packageName: io.appium.android.apis; className: android.widget.TextView; text: Recipient #; contentDescription: Recipient #; viewIdResName: null; checkable: false; checked: false; focusable: false; focused: false; selected: false; clickable: false; longClickable: false; enabled: true; password: false; scrollable: false; [ACTION_SELECT, ACTION_CLEAR_SELECTION, ACTION_ACCESSIBILITY_FOCUS, ACTION_NEXT_AT_MOVEMENT_GRANULARITY, ACTION_PREVIOUS_AT_MOVEMENT_GRANULARITY, ACTION_SET_SELECTION]]
2018-09-17 15:01:01.728000	ALL	09-17 09:01:01.597 13036 13036 D InteractionController: clickAndSync(175, 617)
2018-09-17 15:01:01.729000	ALL	09-17 09:01:01.633 13036 13041 D dalvikvm: GC_CONCURRENT freed 402K, 87% free 1138K/8192K, paused 0ms+0ms, total 3ms
2018-09-17 15:01:01.832000	ALL	09-17 09:01:01.733 13036 13041 D dalvikvm: GC_CONCURRENT freed 397K, 86% free 1147K/8192K, paused 0ms+0ms, total 2ms
2018-09-17 15:01:01.933000	ALL	09-17 09:01:01.833 13036 13041 D dalvikvm: GC_CONCURRENT freed 407K, 87% free 1146K/8192K, paused 1ms+0ms, total 2ms
2018-09-17 15:01:02.045000	ALL	09-17 09:01:01.949 13036 13041 D dalvikvm: GC_CONCURRENT freed 406K, 86% free 1147K/8192K, paused 0ms+0ms, total 2ms
2018-09-17 15:01:02.123000	ALL	09-17 09:01:02.025 13036 13041 D dalvikvm: GC_CONCURRENT freed 406K, 86% free 1147K/8192K, paused 1ms+1ms, total 4ms
2018-09-17 15:01:02.220000	ALL	09-17 09:01:02.125 13036 13041 D dalvikvm: GC_CONCURRENT freed 406K, 86% free 1147K/8192K, paused 1ms+0ms, total 3ms
2018-09-17 15:01:02.310000	ALL	09-17 09:01:02.213 13036 13041 D dalvikvm: GC_CONCURRENT freed 406K, 86% free 1147K/8192K, paused 1ms+0ms, total 3ms
2018-09-17 15:01:02.405000	ALL	09-17 09:01:02.309 13036 13041 D dalvikvm: GC_CONCURRENT freed 408K, 87% free 1146K/8192K, paused 1ms+0ms, total 5ms
2018-09-17 15:01:02.452000	ALL	09-17 09:01:02.357 13036 13041 D dalvikvm: GC_CONCURRENT freed 405K, 87% free 1146K/8192K, paused 1ms+0ms, total 4ms
2018-09-17 15:01:02.574000	ALL	09-17 09:01:02.477 13036 13041 D dalvikvm: GC_CONCURRENT freed 407K, 87% free 1146K/8192K, paused 1ms+0ms, total 3ms
2018-09-17 15:01:02.644000	ALL	09-17 09:01:02.549 13036 13041 D dalvikvm: GC_CONCURRENT freed 405K, 86% free 1147K/8192K, paused 0ms+0ms, total 2ms
2018-09-17 15:01:02.733000	ALL	09-17 09:01:02.637 13036 13041 D dalvikvm: GC_CONCURRENT freed 406K, 86% free 1147K/8192K, paused 0ms+0ms, total 2ms
2018-09-17 15:01:02.817000	ALL	09-17 09:01:02.721 13068 13071 D dalvikvm: GC_CONCURRENT freed 1278K, 17% free 7322K/8756K, paused 0ms+1ms, total 7ms
2018-09-17 15:01:02.832000	ALL	09-17 09:01:02.733 13036 13041 D dalvikvm: GC_CONCURRENT freed 407K, 87% free 1146K/8192K, paused 0ms+0ms, total 2ms
2018-09-17 15:01:02.930000	ALL	09-17 09:01:02.833 13036 13041 D dalvikvm: GC_CONCURRENT freed 406K, 86% free 1147K/8192K, paused 1ms+0ms, total 3ms
2018-09-17 15:01:03.041000	ALL	09-17 09:01:02.941 13036 13041 D dalvikvm: GC_CONCURRENT freed 406K, 86% free 1147K/8192K, paused 1ms+0ms, total 4ms
2018-09-17 15:01:03.118000	ALL	09-17 09:01:03.021 13036 13041 D dalvikvm: GC_CONCURRENT freed 406K, 86% free 1148K/8192K, paused 0ms+0ms, total 2ms
2018-09-17 15:01:03.210000	ALL	09-17 09:01:03.113 13036 13041 D dalvikvm: GC_CONCURRENT freed 407K, 86% free 1147K/8192K, paused 0ms+0ms, total 2ms
2018-09-17 15:01:03.310000	ALL	09-17 09:01:03.213 13036 13041 D dalvikvm: GC_CONCURRENT freed 407K, 87% free 1146K/8192K, paused 4ms+0ms, total 6ms
2018-09-17 15:01:03.357000	ALL	09-17 09:01:03.261 13036 13041 D dalvikvm: GC_CONCURRENT freed 405K, 87% free 1146K/8192K, paused 0ms+0ms, total 3ms
2018-09-17 15:01:03.453000	ALL	09-17 09:01:03.357 13036 13041 D dalvikvm: GC_CONCURRENT freed 407K, 86% free 1147K/8192K, paused 0ms+0ms, total 2ms
2018-09-17 15:01:03.564000	ALL	09-17 09:01:03.469 13036 13041 D dalvikvm: GC_CONCURRENT freed 406K, 86% free 1147K/8192K, paused 0ms+0ms, total 2ms
2018-09-17 15:01:03.633000	ALL	09-17 09:01:03.537 13036 13041 D dalvikvm: GC_CONCURRENT freed 406K, 86% free 1147K/8192K, paused 1ms+0ms, total 3ms
2018-09-17 15:01:03.729000	ALL	09-17 09:01:03.633 13036 13041 D dalvikvm: GC_CONCURRENT freed 407K, 87% free 1146K/8192K, paused 2ms+1ms, total 4ms
2018-09-17 15:01:03.825000	ALL	09-17 09:01:03.729 13036 13041 D dalvikvm: GC_CONCURRENT freed 406K, 86% free 1147K/8192K, paused 0ms+0ms, total 2ms
2018-09-17 15:01:03.926000	ALL	09-17 09:01:03.829 13036 13041 D dalvikvm: GC_CONCURRENT freed 406K, 86% free 1147K/8192K, paused 1ms+0ms, total 3ms
2018-09-17 15:01:04.039000	ALL	09-17 09:01:03.941 13036 13041 D dalvikvm: GC_CONCURRENT freed 417K, 87% free 1136K/8192K, paused 1ms+1ms, total 3ms
2018-09-17 15:01:04.113000	ALL	09-17 09:01:04.017 13036 13041 D dalvikvm: GC_CONCURRENT freed 395K, 86% free 1147K/8192K, paused 0ms+0ms, total 3ms
2018-09-17 15:01:04.205000	ALL	09-17 09:01:04.113 13036 13041 D dalvikvm: GC_CONCURRENT freed 407K, 87% free 1146K/8192K, paused 0ms+0ms, total 5ms
2018-09-17 15:01:04.244000	ALL	09-17 09:01:04.145 13036 13041 D dalvikvm: GC_CONCURRENT freed 405K, 87% free 1146K/8192K, paused 1ms+0ms, total 3ms
2018-09-17 15:01:04.347000	ALL	09-17 09:01:04.249 13036 13041 D dalvikvm: GC_CONCURRENT freed 407K, 86% free 1147K/8192K, paused 0ms+0ms, total 2ms
2018-09-17 15:01:04.442000	ALL	09-17 09:01:04.345 13036 13041 D dalvikvm: GC_CONCURRENT freed 406K, 86% free 1147K/8192K, paused 1ms+0ms, total 3ms
2018-09-17 15:01:04.552000	ALL	09-17 09:01:04.457 13036 13041 D dalvikvm: GC_CONCURRENT freed 406K, 86% free 1147K/8192K, paused 0ms+0ms, total 2ms
2018-09-17 15:01:04.626000	ALL	09-17 09:01:04.529 13036 13041 D dalvikvm: GC_CONCURRENT freed 407K, 87% free 1146K/8192K, paused 1ms+0ms, total 3ms
2018-09-17 15:01:04.725000	ALL	09-17 09:01:04.629 13036 13041 D dalvikvm: GC_CONCURRENT freed 406K, 86% free 1148K/8192K, paused 0ms+1ms, total 3ms
2018-09-17 15:01:04.805000	ALL	09-17 09:01:04.705 13036 13036 W InteractionController: runAndwaitForEvent timedout waiting for events
2018-09-17 15:01:04.820000	ALL	09-17 09:01:04.725 13036 13041 D dalvikvm: GC_CONCURRENT freed 408K, 86% free 1147K/8192K, paused 1ms+0ms, total 3ms
2018-09-17 15:01:04.820000	ALL	09-17 09:01:04.729 13036 13036 I QueryController: Matched selector: UiSelector[CLASS=android.widget.TextView, INSTANCE=2, COUNT=2] <<==>> [android.view.accessibility.AccessibilityNodeInfo@12cae; boundsInParent: Rect(0, 0 - 278, 57); boundsInScreen: Rect(36, 589 - 314, 646); packageName: io.appium.android.apis; className: android.widget.TextView; text: Recipient #; contentDescription: Recipient #; viewIdResName: null; checkable: false; checked: false; focusable: false; focused: false; selected: false; clickable: false; longClickable: false; enabled: true; password: false; scrollable: false; [ACTION_SELECT, ACTION_CLEAR_SELECTION, ACTION_ACCESSIBILITY_FOCUS, ACTION_NEXT_AT_MOVEMENT_GRANULARITY, ACTION_PREVIOUS_AT_MOVEMENT_GRANULARITY, ACTION_SET_SELECTION]]
2018-09-17 15:01:04.825000	ALL	09-17 09:01:04.729 13036 13036 D UiObject: getText() = Recipient #
2018-09-17 15:01:04.833000	ALL	09-17 09:01:04.741 13036 13036 I QueryController: Matched selector: UiSelector[CLASS=android.widget.TextView, INSTANCE=2, COUNT=2] <<==>> [android.view.accessibility.AccessibilityNodeInfo@12cae; boundsInParent: Rect(0, 0 - 278, 57); boundsInScreen: Rect(36, 589 - 314, 646); packageName: io.appium.android.apis; className: android.widget.TextView; text: Recipient #; contentDescription: Recipient #; viewIdResName: null; checkable: false; checked: false; focusable: false; focused: false; selected: false; clickable: false; longClickable: false; enabled: true; password: false; scrollable: false; [ACTION_SELECT, ACTION_CLEAR_SELECTION, ACTION_ACCESSIBILITY_FOCUS, ACTION_NEXT_AT_MOVEMENT_GRANULARITY, ACTION_PREVIOUS_AT_MOVEMENT_GRANULARITY, ACTION_SET_SELECTION]]
2018-09-17 15:01:04.838000	ALL	09-17 09:01:04.741 13036 13036 D UiObject: getText() = Recipient #
2018-09-17 15:01:04.842000	ALL	09-17 09:01:04.753 13036 13036 I QueryController: Matched selector: UiSelector[CLASS=android.widget.TextView, INSTANCE=2, COUNT=2] <<==>> [android.view.accessibility.AccessibilityNodeInfo@12cae; boundsInParent: Rect(0, 0 - 278, 57); boundsInScreen: Rect(36, 589 - 314, 646); packageName: io.appium.android.apis; className: android.widget.TextView; text: Recipient #; contentDescription: Recipient #; viewIdResName: null; checkable: false; checked: false; focusable: false; focused: false; selected: false; clickable: false; longClickable: false; enabled: true; password: false; scrollable: false; [ACTION_SELECT, ACTION_CLEAR_SELECTION, ACTION_ACCESSIBILITY_FOCUS, ACTION_NEXT_AT_MOVEMENT_GRANULARITY, ACTION_PREVIOUS_AT_MOVEMENT_GRANULARITY, ACTION_SET_SELECTION]]
2018-09-17 15:01:04.848000	ALL	09-17 09:01:04.753 13036 13036 D UiObject: getText() = Recipient #
2018-09-17 15:01:04.852000	ALL	09-17 09:01:04.757 13068 13071 D dalvikvm: GC_CONCURRENT freed 1279K, 17% free 7323K/8756K, paused 1ms+0ms, total 6ms
2018-09-17 15:01:04.852000	ALL	09-17 09:01:04.761 13036 13036 I QueryController: Matched selector: UiSelector[CLASS=android.widget.TextView, INSTANCE=2, COUNT=2] <<==>> [android.view.accessibility.AccessibilityNodeInfo@12cae; boundsInParent: Rect(0, 0 - 278, 57); boundsInScreen: Rect(36, 589 - 314, 646); packageName: io.appium.android.apis; className: android.widget.TextView; text: Recipient #; contentDescription: Recipient #; viewIdResName: null; checkable: false; checked: false; focusable: false; focused: false; selected: false; clickable: false; longClickable: false; enabled: true; password: false; scrollable: false; [ACTION_SELECT, ACTION_CLEAR_SELECTION, ACTION_ACCESSIBILITY_FOCUS, ACTION_NEXT_AT_MOVEMENT_GRANULARITY, ACTION_PREVIOUS_AT_MOVEMENT_GRANULARITY, ACTION_SET_SELECTION]]
2018-09-17 15:01:04.858000	ALL	09-17 09:01:04.761 13036 13036 D UiObject: getText() = Recipient #
2018-09-17 15:01:04.861000	ALL	09-17 09:01:04.765 13036 13041 D dalvikvm: GC_CONCURRENT freed 409K, 87% free 1136K/8192K, paused 0ms+0ms, total 2ms
2018-09-17 15:01:04.862000	ALL	09-17 09:01:04.769 13036 13036 I QueryController: Matched selector: UiSelector[CLASS=android.widget.TextView, INSTANCE=2, COUNT=2] <<==>> [android.view.accessibility.AccessibilityNodeInfo@12cae; boundsInParent: Rect(0, 0 - 278, 57); boundsInScreen: Rect(36, 589 - 314, 646); packageName: io.appium.android.apis; className: android.widget.TextView; text: Recipient #; contentDescription: Recipient #; viewIdResName: null; checkable: false; checked: false; focusable: false; focused: false; selected: false; clickable: false; longClickable: false; enabled: true; password: false; scrollable: false; [ACTION_SELECT, ACTION_CLEAR_SELECTION, ACTION_ACCESSIBILITY_FOCUS, ACTION_NEXT_AT_MOVEMENT_GRANULARITY, ACTION_PREVIOUS_AT_MOVEMENT_GRANULARITY, ACTION_SET_SELECTION]]
2018-09-17 15:01:04.868000	ALL	09-17 09:01:04.769 13036 13036 D UiObject: getText() = Recipient #
2018-09-17 15:01:04.869000	ALL	09-17 09:01:04.777 13036 13036 I QueryController: Matched selector: UiSelector[CLASS=android.widget.TextView, INSTANCE=2, COUNT=2] <<==>> [android.view.accessibility.AccessibilityNodeInfo@12cae; boundsInParent: Rect(0, 0 - 278, 57); boundsInScreen: Rect(36, 589 - 314, 646); packageName: io.appium.android.apis; className: android.widget.TextView; text: Recipient #; contentDescription: Recipient #; viewIdResName: null; checkable: false; checked: false; focusable: false; focused: false; selected: false; clickable: false; longClickable: false; enabled: true; password: false; scrollable: false; [ACTION_SELECT, ACTION_CLEAR_SELECTION, ACTION_ACCESSIBILITY_FOCUS, ACTION_NEXT_AT_MOVEMENT_GRANULARITY, ACTION_PREVIOUS_AT_MOVEMENT_GRANULARITY, ACTION_SET_SELECTION]]
2018-09-17 15:01:04.875000	ALL	09-17 09:01:04.777 13036 13036 D UiObject: getText() = Recipient #
2018-09-17 15:01:04.877000	ALL	09-17 09:01:04.785 13036 13036 I QueryController: Matched selector: UiSelector[CLASS=android.widget.TextView, INSTANCE=2, COUNT=2] <<==>> [android.view.accessibility.AccessibilityNodeInfo@12cae; boundsInParent: Rect(0, 0 - 278, 57); boundsInScreen: Rect(36, 589 - 314, 646); packageName: io.appium.android.apis; className: android.widget.TextView; text: Recipient #; contentDescription: Recipient #; viewIdResName: null; checkable: false; checked: false; focusable: false; focused: false; selected: false; clickable: false; longClickable: false; enabled: true; password: false; scrollable: false; [ACTION_SELECT, ACTION_CLEAR_SELECTION, ACTION_ACCESSIBILITY_FOCUS, ACTION_NEXT_AT_MOVEMENT_GRANULARITY, ACTION_PREVIOUS_AT_MOVEMENT_GRANULARITY, ACTION_SET_SELECTION]]
2018-09-17 15:01:04.882000	ALL	09-17 09:01:04.785 13036 13036 D UiObject: getText() = Recipient #
2018-09-17 15:01:04.886000	ALL	09-17 09:01:04.789 13036 13036 I QueryController: Matched selector: UiSelector[CLASS=android.widget.TextView, INSTANCE=2, COUNT=2] <<==>> [android.view.accessibility.AccessibilityNodeInfo@12cae; boundsInParent: Rect(0, 0 - 278, 57); boundsInScreen: Rect(36, 589 - 314, 646); packageName: io.appium.android.apis; className: android.widget.TextView; text: Recipient #; contentDescription: Recipient #; viewIdResName: null; checkable: false; checked: false; focusable: false; focused: false; selected: false; clickable: false; longClickable: false; enabled: true; password: false; scrollable: false; [ACTION_SELECT, ACTION_CLEAR_SELECTION, ACTION_ACCESSIBILITY_FOCUS, ACTION_NEXT_AT_MOVEMENT_GRANULARITY, ACTION_PREVIOUS_AT_MOVEMENT_GRANULARITY, ACTION_SET_SELECTION]]
2018-09-17 15:01:04.887000	ALL	09-17 09:01:04.793 13036 13036 I QueryController: Matched selector: UiSelector[CLASS=android.widget.TextView, INSTANCE=2, COUNT=2] <<==>> [android.view.accessibility.AccessibilityNodeInfo@12cae; boundsInParent: Rect(0, 0 - 278, 57); boundsInScreen: Rect(36, 589 - 314, 646); packageName: io.appium.android.apis; className: android.widget.TextView; text: Recipient #; contentDescription: Recipient #; viewIdResName: null; checkable: false; checked: false; focusable: false; focused: false; selected: false; clickable: false; longClickable: false; enabled: true; password: false; scrollable: false; [ACTION_SELECT, ACTION_CLEAR_SELECTION, ACTION_ACCESSIBILITY_FOCUS, ACTION_NEXT_AT_MOVEMENT_GRANULARITY, ACTION_PREVIOUS_AT_MOVEMENT_GRANULARITY, ACTION_SET_SELECTION]]
2018-09-17 15:01:04.928000	ALL	09-17 09:01:04.793 13036 13036 D UiObject: getText() = Recipient #
2018-09-17 15:01:04.928000	ALL	09-17 09:01:04.801 13036 13036 I QueryController: Matched selector: UiSelector[CLASS=android.widget.TextView, INSTANCE=2, COUNT=2] <<==>> [android.view.accessibility.AccessibilityNodeInfo@12cae; boundsInParent: Rect(0, 0 - 278, 57); boundsInScreen: Rect(36, 589 - 314, 646); packageName: io.appium.android.apis; className: android.widget.TextView; text: Recipient #; contentDescription: Recipient #; viewIdResName: null; checkable: false; checked: false; focusable: false; focused: false; selected: false; clickable: false; longClickable: false; enabled: true; password: false; scrollable: false; [ACTION_SELECT, ACTION_CLEAR_SELECTION, ACTION_ACCESSIBILITY_FOCUS, ACTION_NEXT_AT_MOVEMENT_GRANULARITY, ACTION_PREVIOUS_AT_MOVEMENT_GRANULARITY, ACTION_SET_SELECTION]]
2018-09-17 15:01:04.928000	ALL	09-17 09:01:04.801 13036 13036 D UiObject: getText() = Recipient #
2018-09-17 15:01:04.928000	ALL	09-17 09:01:04.801 13036 13041 D dalvikvm: GC_CONCURRENT freed 399K, 87% free 1146K/8192K, paused 1ms+0ms, total 4ms
2018-09-17 15:01:04.928000	ALL	09-17 09:01:04.809 13036 13036 I QueryController: Matched selector: UiSelector[CLASS=android.widget.TextView, INSTANCE=2, COUNT=2] <<==>> [android.view.accessibility.AccessibilityNodeInfo@12cae; boundsInParent: Rect(0, 0 - 278, 57); boundsInScreen: Rect(36, 589 - 314, 646); packageName: io.appium.android.apis; className: android.widget.TextView; text: Recipient #; contentDescription: Recipient #; viewIdResName: null; checkable: false; checked: false; focusable: false; focused: false; selected: false; clickable: false; longClickable: false; enabled: true; password: false; scrollable: false; [ACTION_SELECT, ACTION_CLEAR_SELECTION, ACTION_ACCESSIBILITY_FOCUS, ACTION_NEXT_AT_MOVEMENT_GRANULARITY, ACTION_PREVIOUS_AT_MOVEMENT_GRANULARITY, ACTION_SET_SELECTION]]
2018-09-17 15:01:04.928000	ALL	09-17 09:01:04.809 13036 13036 D UiObject: getText() = Recipient #
2018-09-17 15:01:04.928000	ALL	09-17 09:01:04.817 13036 13036 I QueryController: Matched selector: UiSelector[CLASS=android.widget.TextView, INSTANCE=2, COUNT=2] <<==>> [android.view.accessibility.AccessibilityNodeInfo@12cae; boundsInParent: Rect(0, 0 - 278, 57); boundsInScreen: Rect(36, 589 - 314, 646); packageName: io.appium.android.apis; className: android.widget.TextView; text: Recipient #; contentDescription: Recipient #; viewIdResName: null; checkable: false; checked: false; focusable: false; focused: false; selected: false; clickable: false; longClickable: false; enabled: true; password: false; scrollable: false; [ACTION_SELECT, ACTION_CLEAR_SELECTION, ACTION_ACCESSIBILITY_FOCUS, ACTION_NEXT_AT_MOVEMENT_GRANULARITY, ACTION_PREVIOUS_AT_MOVEMENT_GRANULARITY, ACTION_SET_SELECTION]]
2018-09-17 15:01:04.972000	ALL	09-17 09:01:04.841 13036 13041 D dalvikvm: GC_CONCURRENT freed 395K, 87% free 1137K/8192K, paused 0ms+0ms, total 1ms
2018-09-17 15:01:05.046000	ALL	09-17 09:01:04.949 13036 13041 D dalvikvm: GC_CONCURRENT freed 395K, 86% free 1148K/8192K, paused 0ms+0ms, total 3ms
2018-09-17 15:01:05.119000	ALL	09-17 09:01:05.021 13036 13041 D dalvikvm: GC_CONCURRENT freed 377K, 86% free 1155K/8192K, paused 2ms+0ms, total 5ms
2018-09-17 15:01:05.216000	ALL	09-17 09:01:05.121 13036 13041 D dalvikvm: GC_CONCURRENT freed 402K, 87% free 1136K/8192K, paused 4ms+1ms, total 6ms
2018-09-17 15:01:05.308000	ALL	09-17 09:01:05.209 13036 13041 D dalvikvm: GC_CONCURRENT freed 395K, 86% free 1147K/8192K, paused 1ms+1ms, total 5ms
2018-09-17 15:01:05.351000	ALL	09-17 09:01:05.257 13036 13041 D dalvikvm: GC_CONCURRENT freed 376K, 86% free 1155K/8192K, paused 3ms+0ms, total 6ms
2018-09-17 15:01:05.448000	ALL	09-17 09:01:05.353 13036 13041 D dalvikvm: GC_CONCURRENT freed 402K, 87% free 1136K/8192K, paused 1ms+0ms, total 4ms
2018-09-17 15:01:05.539000	ALL	09-17 09:01:05.441 13036 13041 D dalvikvm: GC_CONCURRENT freed 395K, 86% free 1148K/8192K, paused 1ms+0ms, total 3ms
2018-09-17 15:01:05.632000	ALL	09-17 09:01:05.541 13036 13041 D dalvikvm: GC_CONCURRENT freed 407K, 86% free 1148K/8192K, paused 1ms+0ms, total 3ms
2018-09-17 15:01:05.727000	ALL	09-17 09:01:05.629 13036 13041 D dalvikvm: GC_CONCURRENT freed 406K, 86% free 1148K/8192K, paused 0ms+1ms, total 2ms
2018-09-17 15:01:05.822000	ALL	09-17 09:01:05.725 13036 13041 D dalvikvm: GC_CONCURRENT freed 407K, 86% free 1148K/8192K, paused 0ms+1ms, total 3ms
2018-09-17 15:01:05.907000	ALL	09-17 09:01:05.809 13036 13041 D dalvikvm: GC_CONCURRENT freed 406K, 86% free 1148K/8192K, paused 0ms+0ms, total 3ms
2018-09-17 15:01:06.007000	ALL	09-17 09:01:05.909 13036 13041 D dalvikvm: GC_CONCURRENT freed 392K, 86% free 1162K/8192K, paused 2ms+1ms, total 5ms
2018-09-17 15:01:06.058000	ALL	09-17 09:01:05.961 13036 13041 D dalvikvm: GC_CONCURRENT freed 433K, 87% free 1135K/8192K, paused 0ms+0ms, total 2ms
2018-09-17 15:01:06.133000	ALL	09-17 09:01:06.033 13036 13041 D dalvikvm: GC_CONCURRENT freed 394K, 86% free 1148K/8192K, paused 0ms+0ms, total 1ms
2018-09-17 15:01:06.250000	ALL	09-17 09:01:06.153 13036 13041 D dalvikvm: GC_CONCURRENT freed 406K, 86% free 1148K/8192K, paused 1ms+1ms, total 4ms
2018-09-17 15:01:06.343000	ALL	09-17 09:01:06.245 13036 13041 D dalvikvm: GC_CONCURRENT freed 406K, 86% free 1148K/8192K, paused 0ms+0ms, total 2ms
2018-09-17 15:01:06.436000	ALL	09-17 09:01:06.337 13036 13041 D dalvikvm: GC_CONCURRENT freed 407K, 86% free 1148K/8192K, paused 0ms+1ms, total 3ms
2018-09-17 15:01:06.551000	ALL	09-17 09:01:06.453 13036 13041 D dalvikvm: GC_CONCURRENT freed 406K, 86% free 1148K/8192K, paused 1ms+0ms, total 4ms
2018-09-17 15:01:06.609000	ALL	09-17 09:01:06.513 13036 13041 D dalvikvm: GC_CONCURRENT freed 406K, 86% free 1148K/8192K, paused 0ms+0ms, total 2ms
2018-09-17 15:01:06.716000	ALL	09-17 09:01:06.621 13036 13041 D dalvikvm: GC_CONCURRENT freed 406K, 86% free 1148K/8192K, paused 1ms+1ms, total 3ms
2018-09-17 15:01:06.807000	ALL	09-17 09:01:06.709 13036 13041 D dalvikvm: GC_CONCURRENT freed 407K, 86% free 1148K/8192K, paused 1ms+0ms, total 5ms
2018-09-17 15:01:06.822000	ALL	09-17 09:01:06.725 13068 13071 D dalvikvm: GC_CONCURRENT freed 1279K, 17% free 7322K/8756K, paused 1ms+4ms, total 10ms
2018-09-17 15:01:06.854000	ALL	09-17 09:01:06.757 13036 13041 D dalvikvm: GC_CONCURRENT freed 405K, 86% free 1148K/8192K, paused 1ms+0ms, total 3ms
2018-09-17 15:01:06.949000	ALL	09-17 09:01:06.853 13036 13041 D dalvikvm: GC_CONCURRENT freed 407K, 86% free 1148K/8192K, paused 0ms+0ms, total 3ms
2018-09-17 15:01:07.079000	ALL	09-17 09:01:06.985 13036 13041 D dalvikvm: GC_CONCURRENT freed 418K, 87% free 1136K/8192K, paused 0ms+0ms, total 3ms
2018-09-17 15:01:07.133000	ALL	09-17 09:01:07.037 13036 13041 D dalvikvm: GC_CONCURRENT freed 393K, 86% free 1149K/8192K, paused 2ms+0ms, total 4ms
2018-09-17 15:01:07.231000	ALL	09-17 09:01:07.137 13036 13041 D dalvikvm: GC_CONCURRENT freed 408K, 86% free 1148K/8192K, paused 0ms+0ms, total 2ms
2018-09-17 15:01:07.328000	ALL	09-17 09:01:07.233 13036 13041 D dalvikvm: GC_CONCURRENT freed 406K, 86% free 1148K/8192K, paused 1ms+0ms, total 2ms
2018-09-17 15:01:07.424000	ALL	09-17 09:01:07.329 13036 13041 D dalvikvm: GC_CONCURRENT freed 406K, 86% free 1148K/8192K, paused 0ms+0ms, total 2ms
2018-09-17 15:01:07.523000	ALL	09-17 09:01:07.425 13036 13041 D dalvikvm: GC_CONCURRENT freed 377K, 86% free 1155K/8192K, paused 3ms+1ms, total 6ms
2018-09-17 15:01:07.604000	ALL	09-17 09:01:07.505 13036 13041 D dalvikvm: GC_CONCURRENT freed 403K, 87% free 1136K/8192K, paused 1ms+0ms, total 3ms
2018-09-17 15:01:07.654000	ALL	09-17 09:01:07.557 13036 13041 D dalvikvm: GC_CONCURRENT freed 393K, 86% free 1148K/8192K, paused 0ms+0ms, total 3ms
2018-09-17 15:01:07.723000	ALL	09-17 09:01:07.625   753  2692 I LatinIME:LogUtils: Dictionary info: dictionary = contacts.en_US.dict ; version = ? ; date = ?
2018-09-17 15:01:07.871000	ALL	09-17 09:01:07.773 13036 13036 I AccessibilityNodeInfoDumper: Skipping invisible child: android.view.accessibility.AccessibilityNodeInfo@168be; boundsInParent: Rect(0, 0 - 0, 144); boundsInScreen: Rect(1080, 75 - 1080, 219); packageName: io.appium.android.apis; className: android.widget.LinearLayout; text: null; contentDescription: null; viewIdResName: null; checkable: false; checked: false; focusable: false; focused: false; selected: false; clickable: false; longClickable: false; enabled: true; password: false; scrollable: false; [ACTION_SELECT, ACTION_CLEAR_SELECTION, ACTION_ACCESSIBILITY_FOCUS]
2018-09-17 15:01:07.877000	ALL	09-17 09:01:07.781 13036 13041 D dalvikvm: GC_CONCURRENT freed 369K, 86% free 1194K/8192K, paused 2ms+0ms, total 7ms
2018-09-17 15:01:07.881000	ALL	09-17 09:01:07.785 13036 13036 W AccessibilityNodeInfoDumper: Fetch time: 14ms
2018-09-17 15:01:07.902000	ALL	09-17 09:01:07.805 13036 13041 D dalvikvm: GC_CONCURRENT freed 432K, 86% free 1156K/8192K, paused 6ms+1ms, total 8ms
2018-09-17 15:01:07.908000	ALL	09-17 09:01:07.813 13036 13036 I AccessibilityNodeInfoDumper: Skipping invisible child: android.view.accessibility.AccessibilityNodeInfo@168be; boundsInParent: Rect(0, 0 - 0, 144); boundsInScreen: Rect(1080, 75 - 1080, 219); packageName: io.appium.android.apis; className: android.widget.LinearLayout; text: null; contentDescription: null; viewIdResName: null; checkable: false; checked: false; focusable: false; focused: false; selected: false; clickable: false; longClickable: false; enabled: true; password: false; scrollable: false; [ACTION_SELECT, ACTION_CLEAR_SELECTION, ACTION_ACCESSIBILITY_FOCUS]
2018-09-17 15:01:07.913000	ALL	09-17 09:01:07.817 13036 13036 W AccessibilityNodeInfoDumper: Fetch time: 7ms
2018-09-17 15:01:07.928000	ALL	09-17 09:01:07.833 13036 13041 D dalvikvm: GC_CONCURRENT freed 324K, 84% free 1319K/8192K, paused 4ms+3ms, total 9ms
2018-09-17 15:01:08.397000	ALL	09-17 09:01:08.301 13036 13041 D dalvikvm: GC_CONCURRENT freed 585K, 86% free 1150K/8192K, paused 0ms+0ms, total 4ms
2018-09-17 15:01:08.440000	ALL	09-17 09:01:08.345 13036 13041 D dalvikvm: GC_CONCURRENT freed 408K, 86% free 1164K/8192K, paused 1ms+2ms, total 5ms
2018-09-17 15:01:08.448000	ALL	09-17 09:01:08.353 13036 13036 I AccessibilityNodeInfoDumper: Skipping invisible child: android.view.accessibility.AccessibilityNodeInfo@168be; boundsInParent: Rect(0, 0 - 0, 144); boundsInScreen: Rect(1080, 75 - 1080, 219); packageName: io.appium.android.apis; className: android.widget.LinearLayout; text: null; contentDescription: null; viewIdResName: null; checkable: false; checked: false; focusable: false; focused: false; selected: false; clickable: false; longClickable: false; enabled: true; password: false; scrollable: false; [ACTION_SELECT, ACTION_CLEAR_SELECTION, ACTION_ACCESSIBILITY_FOCUS]
2018-09-17 15:01:08.453000	ALL	09-17 09:01:08.357 13036 13036 W AccessibilityNodeInfoDumper: Fetch time: 9ms
2018-09-17 15:01:08.461000	ALL	09-17 09:01:08.365 13036 13041 D dalvikvm: GC_CONCURRENT freed 366K, 85% free 1231K/8192K, paused 1ms+1ms, total 5ms
2018-09-17 15:01:08.480000	ALL	09-17 09:01:08.385 13036 13041 D dalvikvm: GC_CONCURRENT freed 316K, 85% free 1310K/8192K, paused 1ms+2ms, total 5ms
2018-09-17 15:01:08.495000	ALL	09-17 09:01:08.397 13036 13036 I AccessibilityNodeInfoDumper: Skipping invisible child: android.view.accessibility.AccessibilityNodeInfo@168be; boundsInParent: Rect(0, 0 - 0, 144); boundsInScreen: Rect(1080, 75 - 1080, 219); packageName: io.appium.android.apis; className: android.widget.LinearLayout; text: null; contentDescription: null; viewIdResName: null; checkable: false; checked: false; focusable: false; focused: false; selected: false; clickable: false; longClickable: false; enabled: true; password: false; scrollable: false; [ACTION_SELECT, ACTION_CLEAR_SELECTION, ACTION_ACCESSIBILITY_FOCUS]
2018-09-17 15:01:08.499000	ALL	09-17 09:01:08.405 13036 13036 W AccessibilityNodeInfoDumper: Fetch time: 8ms
2018-09-17 15:01:08.506000	ALL	09-17 09:01:08.409 13036 13041 D dalvikvm: GC_CONCURRENT freed 484K, 85% free 1229K/8192K, paused 2ms+2ms, total 5ms
2018-09-17 15:01:08.525000	ALL	09-17 09:01:08.429 13036 13041 D dalvikvm: GC_CONCURRENT freed 336K, 84% free 1314K/8192K, paused 1ms+1ms, total 5ms
2018-09-17 15:01:08.562000	ALL	09-17 09:01:08.465 13036 13041 D dalvikvm: GC_CONCURRENT freed 574K, 86% free 1151K/8192K, paused 0ms+0ms, total 3ms
2018-09-17 15:01:08.599000	ALL	09-17 09:01:08.501 13036 13041 D dalvikvm: GC_CONCURRENT freed 409K, 86% free 1150K/8192K, paused 0ms+0ms, total 2ms
2018-09-17 15:01:08.642000	ALL	09-17 09:01:08.545 13036 13041 D dalvikvm: GC_CONCURRENT freed 408K, 86% free 1151K/8192K, paused 0ms+1ms, total 2ms
2018-09-17 15:01:08.686000	ALL	09-17 09:01:08.589 13036 13041 D dalvikvm: GC_CONCURRENT freed 408K, 86% free 1151K/8192K, paused 0ms+1ms, total 2ms
2018-09-17 15:01:08.727000	ALL	09-17 09:01:08.629 13036 13041 D dalvikvm: GC_CONCURRENT freed 409K, 86% free 1150K/8192K, paused 1ms+0ms, total 2ms
2018-09-17 15:01:08.765000	ALL	09-17 09:01:08.669 13036 13041 D dalvikvm: GC_CONCURRENT freed 409K, 86% free 1151K/8192K, paused 1ms+0ms, total 3ms
2018-09-17 15:01:08.810000	ALL	09-17 09:01:08.713 13036 13041 D dalvikvm: GC_CONCURRENT freed 408K, 86% free 1151K/8192K, paused 0ms+0ms, total 2ms
2018-09-17 15:01:08.872000	ALL	09-17 09:01:08.777 13068 13071 D dalvikvm: GC_CONCURRENT freed 1269K, 17% free 7332K/8756K, paused 2ms+1ms, total 11ms
2018-09-17 15:01:08.881000	ALL	09-17 09:01:08.785 13036 13041 D dalvikvm: GC_CONCURRENT freed 408K, 86% free 1151K/8192K, paused 2ms+0ms, total 4ms
2018-09-17 15:01:08.919000	ALL	09-17 09:01:08.821 13036 13041 D dalvikvm: GC_CONCURRENT freed 408K, 86% free 1151K/8192K, paused 1ms+1ms, total 3ms
2018-09-17 15:01:08.957000	ALL	09-17 09:01:08.861 13036 13041 D dalvikvm: GC_CONCURRENT freed 409K, 86% free 1150K/8192K, paused 0ms+0ms, total 2ms
2018-09-17 15:01:09.021000	ALL	09-17 09:01:08.925 13036 13041 D dalvikvm: GC_CONCURRENT freed 409K, 86% free 1151K/8192K, paused 1ms+0ms, total 2ms
2018-09-17 15:01:09.043000	ALL	09-17 09:01:08.945 13036 13036 I AccessibilityNodeInfoDumper: Skipping invisible child: android.view.accessibility.AccessibilityNodeInfo@168be; boundsInParent: Rect(0, 0 - 0, 144); boundsInScreen: Rect(1080, 75 - 1080, 219); packageName: io.appium.android.apis; className: android.widget.LinearLayout; text: null; contentDescription: null; viewIdResName: null; checkable: false; checked: false; focusable: false; focused: false; selected: false; clickable: false; longClickable: false; enabled: true; password: false; scrollable: false; [ACTION_SELECT, ACTION_CLEAR_SELECTION, ACTION_ACCESSIBILITY_FOCUS]
2018-09-17 15:01:09.043000	ALL	09-17 09:01:08.953 13036 13036 W AccessibilityNodeInfoDumper: Fetch time: 8ms
2018-09-17 15:01:09.047000	ALL	09-17 09:01:08.953 13036 13041 D dalvikvm: GC_CONCURRENT freed 392K, 86% free 1198K/8192K, paused 0ms+0ms, total 2ms
2018-09-17 15:01:09.070000	ALL	09-17 09:01:08.977 13036 13036 I AccessibilityNodeInfoDumper: Skipping invisible child: android.view.accessibility.AccessibilityNodeInfo@168be; boundsInParent: Rect(0, 0 - 0, 144); boundsInScreen: Rect(1080, 75 - 1080, 219); packageName: io.appium.android.apis; className: android.widget.LinearLayout; text: null; contentDescription: null; viewIdResName: null; checkable: false; checked: false; focusable: false; focused: false; selected: false; clickable: false; longClickable: false; enabled: true; password: false; scrollable: false; [ACTION_SELECT, ACTION_CLEAR_SELECTION, ACTION_ACCESSIBILITY_FOCUS]
2018-09-17 15:01:09.074000	ALL	09-17 09:01:08.977 13036 13041 D dalvikvm: GC_CONCURRENT freed 421K, 86% free 1189K/8192K, paused 1ms+1ms, total 5ms
2018-09-17 15:01:09.080000	ALL	09-17 09:01:08.981 13036 13036 W AccessibilityNodeInfoDumper: Fetch time: 11ms
2018-09-17 15:01:09.095000	ALL	09-17 09:01:08.997 13036 13041 D dalvikvm: GC_CONCURRENT freed 280K, 84% free 1312K/8192K, paused 1ms+2ms, total 5ms
2018-09-17 15:01:09.143000	ALL	09-17 09:01:09.045 13036 13041 D dalvikvm: GC_CONCURRENT freed 584K, 87% free 1139K/8192K, paused 1ms+0ms, total 3ms
2018-09-17 15:01:09.230000	ALL	09-17 09:01:09.133 13036 13041 D dalvikvm: GC_CONCURRENT freed 396K, 86% free 1151K/8192K, paused 2ms+0ms, total 4ms
2018-09-17 15:01:09.371000	ALL	09-17 09:01:09.273 13036 13041 D dalvikvm: GC_CONCURRENT freed 409K, 86% free 1150K/8192K, paused 1ms+0ms, total 4ms
2018-09-17 15:01:09.428000	ALL	09-17 09:01:09.333 13036 13041 D dalvikvm: GC_CONCURRENT freed 408K, 86% free 1150K/8192K, paused 0ms+0ms, total 2ms
2018-09-17 15:01:09.526000	ALL	09-17 09:01:09.429 13036 13041 D dalvikvm: GC_CONCURRENT freed 408K, 86% free 1151K/8192K, paused 1ms+0ms, total 3ms
2018-09-17 15:01:09.613000	ALL	09-17 09:01:09.521 13036 13041 D dalvikvm: GC_CONCURRENT freed 391K, 86% free 1196K/8192K, paused 2ms+1ms, total 5ms
2018-09-17 15:01:09.617000	ALL	09-17 09:01:09.521 13036 13036 I AccessibilityNodeInfoDumper: Skipping invisible child: android.view.accessibility.AccessibilityNodeInfo@168be; boundsInParent: Rect(0, 0 - 0, 144); boundsInScreen: Rect(1080, 75 - 1080, 219); packageName: io.appium.android.apis; className: android.widget.LinearLayout; text: null; contentDescription: null; viewIdResName: null; checkable: false; checked: false; focusable: false; focused: false; selected: false; clickable: false; longClickable: false; enabled: true; password: false; scrollable: false; [ACTION_SELECT, ACTION_CLEAR_SELECTION, ACTION_ACCESSIBILITY_FOCUS]
2018-09-17 15:01:09.621000	ALL	09-17 09:01:09.525 13036 13036 W AccessibilityNodeInfoDumper: Fetch time: 10ms
2018-09-17 15:01:09.633000	ALL	09-17 09:01:09.537 13036 13041 D dalvikvm: GC_CONCURRENT freed 370K, 84% free 1329K/8192K, paused 1ms+1ms, total 4ms
2018-09-17 15:01:09.652000	ALL	09-17 09:01:09.557 13036 13036 I AccessibilityNodeInfoDumper: Skipping invisible child: android.view.accessibility.AccessibilityNodeInfo@168be; boundsInParent: Rect(0, 0 - 0, 144); boundsInScreen: Rect(1080, 75 - 1080, 219); packageName: io.appium.android.apis; className: android.widget.LinearLayout; text: null; contentDescription: null; viewIdResName: null; checkable: false; checked: false; focusable: false; focused: false; selected: false; clickable: false; longClickable: false; enabled: true; password: false; scrollable: false; [ACTION_SELECT, ACTION_CLEAR_SELECTION, ACTION_ACCESSIBILITY_FOCUS]
2018-09-17 15:01:09.657000	ALL	09-17 09:01:09.561 13036 13036 W AccessibilityNodeInfoDumper: Fetch time: 8ms
2018-09-17 15:01:09.665000	ALL	09-17 09:01:09.565 13036 13041 D dalvikvm: GC_CONCURRENT freed 563K, 86% free 1218K/8192K, paused 1ms+2ms, total 5ms
2018-09-17 15:01:09.712000	ALL	09-17 09:01:09.613 13036 13041 D dalvikvm: GC_CONCURRENT freed 464K, 86% free 1165K/8192K, paused 0ms+0ms, total 3ms
2018-09-17 15:01:09.808000	ALL	09-17 09:01:09.713 13036 13041 D dalvikvm: GC_CONCURRENT freed 422K, 86% free 1150K/8192K, paused 3ms+1ms, total 6ms
2018-09-17 15:01:09.880000	ALL	09-17 09:01:09.781 13036 13041 D dalvikvm: GC_CONCURRENT freed 407K, 86% free 1150K/8192K, paused 0ms+0ms, total 2ms
2018-09-17 15:01:09.945000	ALL	09-17 09:01:09.845 13036 13041 D dalvikvm: GC_CONCURRENT freed 421K, 87% free 1138K/8192K, paused 1ms+1ms, total 4ms
2018-09-17 15:01:10.051000	ALL	09-17 09:01:09.953 13036 13041 D dalvikvm: GC_CONCURRENT freed 396K, 86% free 1151K/8192K, paused 1ms+0ms, total 3ms
2018-09-17 15:01:10.133000	ALL	09-17 09:01:10.037 13036 13041 D dalvikvm: GC_CONCURRENT freed 408K, 86% free 1150K/8192K, paused 0ms+1ms, total 2ms
2018-09-17 15:01:10.194000	ALL	09-17 09:01:10.101 13036 13036 I AccessibilityNodeInfoDumper: Skipping invisible child: android.view.accessibility.AccessibilityNodeInfo@168be; boundsInParent: Rect(0, 0 - 0, 144); boundsInScreen: Rect(1080, 75 - 1080, 219); packageName: io.appium.android.apis; className: android.widget.LinearLayout; text: null; contentDescription: null; viewIdResName: null; checkable: false; checked: false; focusable: false; focused: false; selected: false; clickable: false; longClickable: false; enabled: true; password: false; scrollable: false; [ACTION_SELECT, ACTION_CLEAR_SELECTION, ACTION_ACCESSIBILITY_FOCUS]
2018-09-17 15:01:10.198000	ALL	09-17 09:01:10.101 13036 13036 W AccessibilityNodeInfoDumper: Fetch time: 9ms
2018-09-17 15:01:10.206000	ALL	09-17 09:01:10.109 13036 13041 D dalvikvm: GC_CONCURRENT freed 353K, 86% free 1214K/8192K, paused 1ms+3ms, total 6ms
2018-09-17 15:01:10.225000	ALL	09-17 09:01:10.129 13036 13041 D dalvikvm: GC_CONCURRENT freed 309K, 84% free 1329K/8192K, paused 1ms+2ms, total 4ms
2018-09-17 15:01:10.235000	ALL	09-17 09:01:10.137 13036 13036 I AccessibilityNodeInfoDumper: Skipping invisible child: android.view.accessibility.AccessibilityNodeInfo@168be; boundsInParent: Rect(0, 0 - 0, 144); boundsInScreen: Rect(1080, 75 - 1080, 219); packageName: io.appium.android.apis; className: android.widget.LinearLayout; text: null; contentDescription: null; viewIdResName: null; checkable: false; checked: false; focusable: false; focused: false; selected: false; clickable: false; longClickable: false; enabled: true; password: false; scrollable: false; [ACTION_SELECT, ACTION_CLEAR_SELECTION, ACTION_ACCESSIBILITY_FOCUS]
2018-09-17 15:01:10.239000	ALL	09-17 09:01:10.141 13036 13036 W AccessibilityNodeInfoDumper: Fetch time: 8ms
2018-09-17 15:01:10.251000	ALL	09-17 09:01:10.153 13036 13041 D dalvikvm: GC_CONCURRENT freed 518K, 85% free 1255K/8192K, paused 1ms+2ms, total 7ms
2018-09-17 15:01:10.307000	ALL	09-17 09:01:10.209 13036 13041 D dalvikvm: GC_CONCURRENT freed 487K, 86% free 1152K/8192K, paused 1ms+1ms, total 5ms
2018-09-17 15:01:10.369000	ALL	09-17 09:01:10.273 13036 13041 D dalvikvm: GC_CONCURRENT freed 409K, 86% free 1150K/8192K, paused 1ms+0ms, total 4ms
2018-09-17 15:01:10.445000	ALL	09-17 09:01:10.345 13036 13041 D dalvikvm: GC_CONCURRENT freed 386K, 86% free 1173K/8192K, paused 2ms+0ms, total 6ms
2018-09-17 15:01:10.544000	ALL	09-17 09:01:10.449 13036 13041 D dalvikvm: GC_CONCURRENT freed 399K, 86% free 1159K/8192K, paused 1ms+0ms, total 4ms
2018-09-17 15:01:10.630000	ALL	09-17 09:01:10.533 13036 13041 D dalvikvm: GC_CONCURRENT freed 408K, 87% free 1138K/8192K, paused 0ms+0ms, total 2ms
2018-09-17 15:01:10.720000	ALL	09-17 09:01:10.625 13068 13071 D dalvikvm: GC_CONCURRENT freed 1282K, 17% free 7331K/8768K, paused 1ms+4ms, total 10ms
2018-09-17 15:01:10.734000	ALL	09-17 09:01:10.637 13036 13041 D dalvikvm: GC_CONCURRENT freed 397K, 86% free 1150K/8192K, paused 1ms+1ms, total 3ms
2018-09-17 15:01:10.776000	ALL	09-17 09:01:10.681 13036 13036 I AccessibilityNodeInfoDumper: Skipping invisible child: android.view.accessibility.AccessibilityNodeInfo@168be; boundsInParent: Rect(0, 0 - 0, 144); boundsInScreen: Rect(1080, 75 - 1080, 219); packageName: io.appium.android.apis; className: android.widget.LinearLayout; text: null; contentDescription: null; viewIdResName: null; checkable: false; checked: false; focusable: false; focused: false; selected: false; clickable: false; longClickable: false; enabled: true; password: false; scrollable: false; [ACTION_SELECT, ACTION_CLEAR_SELECTION, ACTION_ACCESSIBILITY_FOCUS]
2018-09-17 15:01:10.778000	ALL	09-17 09:01:10.685 13036 13036 W AccessibilityNodeInfoDumper: Fetch time: 7ms
2018-09-17 15:01:10.784000	ALL	09-17 09:01:10.685 13036 13041 D dalvikvm: GC_CONCURRENT freed 376K, 85% free 1244K/8192K, paused 0ms+0ms, total 4ms
2018-09-17 15:01:10.808000	ALL	09-17 09:01:10.713 13036 13041 D dalvikvm: GC_CONCURRENT freed 460K, 86% free 1173K/8192K, paused 0ms+0ms, total 1ms
2018-09-17 15:01:10.811000	ALL	09-17 09:01:10.717 13036 13036 I AccessibilityNodeInfoDumper: Skipping invisible child: android.view.accessibility.AccessibilityNodeInfo@168be; boundsInParent: Rect(0, 0 - 0, 144); boundsInScreen: Rect(1080, 75 - 1080, 219); packageName: io.appium.android.apis; className: android.widget.LinearLayout; text: null; contentDescription: null; viewIdResName: null; checkable: false; checked: false; focusable: false; focused: false; selected: false; clickable: false; longClickable: false; enabled: true; password: false; scrollable: false; [ACTION_SELECT, ACTION_CLEAR_SELECTION, ACTION_ACCESSIBILITY_FOCUS]
2018-09-17 15:01:10.817000	ALL	09-17 09:01:10.721 13036 13036 W AccessibilityNodeInfoDumper: Fetch time: 7ms
2018-09-17 15:01:10.834000	ALL	09-17 09:01:10.737 13036 13041 D dalvikvm: GC_CONCURRENT freed 344K, 85% free 1258K/8192K, paused 3ms+1ms, total 7ms
2018-09-17 15:01:10.866000	ALL	09-17 09:01:10.769 13036 13041 D dalvikvm: GC_CONCURRENT freed 520K, 86% free 1163K/8192K, paused 0ms+0ms, total 3ms
2018-09-17 15:01:10.946000	ALL	09-17 09:01:10.849 13036 13041 D dalvikvm: GC_CONCURRENT freed 423K, 86% free 1149K/8192K, paused 1ms+0ms, total 5ms
2018-09-17 15:01:11.051000	ALL	09-17 09:01:10.957 13036 13041 D dalvikvm: GC_CONCURRENT freed 375K, 86% free 1158K/8192K, paused 4ms+1ms, total 6ms
2018-09-17 15:01:11.139000	ALL	09-17 09:01:11.041 13036 13041 D dalvikvm: GC_CONCURRENT freed 400K, 87% free 1141K/8192K, paused 2ms+0ms, total 5ms
2018-09-17 15:01:11.226000	ALL	09-17 09:01:11.129 13036 13041 D dalvikvm: GC_CONCURRENT freed 386K, 86% free 1168K/8192K, paused 0ms+1ms, total 2ms
2018-09-17 15:01:11.319000	ALL	09-17 09:01:11.221 13036 13041 D dalvikvm: GC_CONCURRENT freed 426K, 86% free 1150K/8192K, paused 0ms+0ms, total 2ms
2018-09-17 15:01:11.353000	ALL	09-17 09:01:11.257   613   664 D MobileDataStateTracker: default: setPolicyDataEnable(enabled=true)
2018-09-17 15:01:11.359000	ALL	09-17 09:01:11.261 13036 13036 I AccessibilityNodeInfoDumper: Skipping invisible child: android.view.accessibility.AccessibilityNodeInfo@168be; boundsInParent: Rect(0, 0 - 0, 144); boundsInScreen: Rect(1080, 75 - 1080, 219); packageName: io.appium.android.apis; className: android.widget.LinearLayout; text: null; contentDescription: null; viewIdResName: null; checkable: false; checked: false; focusable: false; focused: false; selected: false; clickable: false; longClickable: false; enabled: true; password: false; scrollable: false; [ACTION_SELECT, ACTION_CLEAR_SELECTION, ACTION_ACCESSIBILITY_FOCUS]
2018-09-17 15:01:11.360000	ALL	09-17 09:01:11.269 13036 13041 D dalvikvm: GC_CONCURRENT freed 362K, 86% free 1198K/8192K, paused 2ms+0ms, total 5ms
2018-09-17 15:01:11.365000	ALL	09-17 09:01:11.269 13036 13036 W AccessibilityNodeInfoDumper: Fetch time: 9ms
2018-09-17 15:01:11.382000	ALL	09-17 09:01:11.285 13036 13041 D dalvikvm: GC_CONCURRENT freed 280K, 84% free 1315K/8192K, paused 2ms+2ms, total 6ms
2018-09-17 15:01:11.388000	ALL	09-17 09:01:11.293 13036 13036 I AccessibilityNodeInfoDumper: Skipping invisible child: android.view.accessibility.AccessibilityNodeInfo@168be; boundsInParent: Rect(0, 0 - 0, 144); boundsInScreen: Rect(1080, 75 - 1080, 219); packageName: io.appium.android.apis; className: android.widget.LinearLayout; text: null; contentDescription: null; viewIdResName: null; checkable: false; checked: false; focusable: false; focused: false; selected: false; clickable: false; longClickable: false; enabled: true; password: false; scrollable: false; [ACTION_SELECT, ACTION_CLEAR_SELECTION, ACTION_ACCESSIBILITY_FOCUS]
2018-09-17 15:01:11.392000	ALL	09-17 09:01:11.297 13036 13036 W AccessibilityNodeInfoDumper: Fetch time: 5ms
2018-09-17 15:01:11.406000	ALL	09-17 09:01:11.309 13036 13041 D dalvikvm: GC_CONCURRENT freed 436K, 84% free 1330K/8192K, paused 1ms+1ms, total 4ms
2018-09-17 15:01:11.431000	ALL	09-17 09:01:11.333 13036 13041 D dalvikvm: GC_CONCURRENT freed 589K, 86% free 1151K/8192K, paused 0ms+1ms, total 3ms
2018-09-17 15:01:11.540000	ALL	09-17 09:01:11.441 13036 13041 D dalvikvm: GC_CONCURRENT freed 409K, 86% free 1151K/8192K, paused 1ms+0ms, total 4ms
2018-09-17 15:01:11.636000	ALL	09-17 09:01:11.537 13036 13041 D dalvikvm: GC_CONCURRENT freed 410K, 86% free 1149K/8192K, paused 0ms+0ms, total 3ms
2018-09-17 15:01:11.733000	ALL	09-17 09:01:11.641 13036 13041 D dalvikvm: GC_CONCURRENT freed 408K, 86% free 1151K/8192K, paused 0ms+0ms, total 4ms
2018-09-17 15:01:11.826000	ALL	09-17 09:01:11.729 13036 13041 D dalvikvm: GC_CONCURRENT freed 408K, 86% free 1150K/8192K, paused 2ms+0ms, total 4ms
2018-09-17 15:01:11.912000	ALL	09-17 09:01:11.817 13036 13041 D dalvikvm: GC_CONCURRENT freed 408K, 86% free 1150K/8192K, paused 0ms+0ms, total 3ms
2018-09-17 15:01:11.923000	ALL	09-17 09:01:11.829 13036 13036 I AccessibilityNodeInfoDumper: Skipping invisible child: android.view.accessibility.AccessibilityNodeInfo@168be; boundsInParent: Rect(0, 0 - 0, 144); boundsInScreen: Rect(1080, 75 - 1080, 219); packageName: io.appium.android.apis; className: android.widget.LinearLayout; text: null; contentDescription: null; viewIdResName: null; checkable: false; checked: false; focusable: false; focused: false; selected: false; clickable: false; longClickable: false; enabled: true; password: false; scrollable: false; [ACTION_SELECT, ACTION_CLEAR_SELECTION, ACTION_ACCESSIBILITY_FOCUS]
2018-09-17 15:01:11.930000	ALL	09-17 09:01:11.833 13036 13036 W AccessibilityNodeInfoDumper: Fetch time: 7ms
2018-09-17 15:01:11.936000	ALL	09-17 09:01:11.841 13036 13041 D dalvikvm: GC_CONCURRENT freed 374K, 86% free 1198K/8192K, paused 1ms+6ms, total 8ms
2018-09-17 15:01:11.954000	ALL	09-17 09:01:11.857 13036 13041 D dalvikvm: GC_CONCURRENT freed 450K, 86% free 1166K/8192K, paused 2ms+0ms, total 4ms
2018-09-17 15:01:11.958000	ALL	09-17 09:01:11.865 13036 13036 I AccessibilityNodeInfoDumper: Skipping invisible child: android.view.accessibility.AccessibilityNodeInfo@168be; boundsInParent: Rect(0, 0 - 0, 144); boundsInScreen: Rect(1080, 75 - 1080, 219); packageName: io.appium.android.apis; className: android.widget.LinearLayout; text: null; contentDescription: null; viewIdResName: null; checkable: false; checked: false; focusable: false; focused: false; selected: false; clickable: false; longClickable: false; enabled: true; password: false; scrollable: false; [ACTION_SELECT, ACTION_CLEAR_SELECTION, ACTION_ACCESSIBILITY_FOCUS]
2018-09-17 15:01:11.963000	ALL	09-17 09:01:11.869 13036 13036 W AccessibilityNodeInfoDumper: Fetch time: 6ms
2018-09-17 15:01:11.977000	ALL	09-17 09:01:11.881 13036 13041 D dalvikvm: GC_CONCURRENT freed 335K, 86% free 1223K/8192K, paused 1ms+3ms, total 7ms
2018-09-17 15:01:12.029000	ALL	09-17 09:01:11.933 13036 13041 D dalvikvm: GC_CONCURRENT freed 465K, 86% free 1149K/8192K, paused 0ms+1ms, total 2ms
2018-09-17 15:01:12.123000	ALL	09-17 09:01:12.025 13036 13041 D dalvikvm: GC_CONCURRENT freed 406K, 86% free 1151K/8192K, paused 1ms+0ms, total 3ms
2018-09-17 15:01:12.219000	ALL	09-17 09:01:12.121 13036 13041 D dalvikvm: GC_CONCURRENT freed 408K, 86% free 1151K/8192K, paused 0ms+0ms, total 2ms
2018-09-17 15:01:12.309000	ALL	09-17 09:01:12.213 13036 13041 D dalvikvm: GC_CONCURRENT freed 408K, 86% free 1151K/8192K, paused 0ms+0ms, total 2ms
2018-09-17 15:01:12.410000	ALL	09-17 09:01:12.313 13036 13041 D dalvikvm: GC_CONCURRENT freed 409K, 86% free 1150K/8192K, paused 0ms+1ms, total 3ms
2018-09-17 15:01:12.495000	ALL	09-17 09:01:12.397 13036 13041 D dalvikvm: GC_CONCURRENT freed 393K, 86% free 1179K/8192K, paused 1ms+0ms, total 2ms
2018-09-17 15:01:12.500000	ALL	09-17 09:01:12.405 13036 13036 I AccessibilityNodeInfoDumper: Skipping invisible child: android.view.accessibility.AccessibilityNodeInfo@168be; boundsInParent: Rect(0, 0 - 0, 144); boundsInScreen: Rect(1080, 75 - 1080, 219); packageName: io.appium.android.apis; className: android.widget.LinearLayout; text: null; contentDescription: null; viewIdResName: null; checkable: false; checked: false; focusable: false; focused: false; selected: false; clickable: false; longClickable: false; enabled: true; password: false; scrollable: false; [ACTION_SELECT, ACTION_CLEAR_SELECTION, ACTION_ACCESSIBILITY_FOCUS]
2018-09-17 15:01:12.506000	ALL	09-17 09:01:12.409 13036 13036 W AccessibilityNodeInfoDumper: Fetch time: 12ms
2018-09-17 15:01:12.522000	ALL	09-17 09:01:12.425 13036 13041 D dalvikvm: GC_CONCURRENT freed 313K, 84% free 1341K/8192K, paused 3ms+2ms, total 8ms
2018-09-17 15:01:12.534000	ALL	09-17 09:01:12.437 13036 13036 I AccessibilityNodeInfoDumper: Skipping invisible child: android.view.accessibility.AccessibilityNodeInfo@168be; boundsInParent: Rect(0, 0 - 0, 144); boundsInScreen: Rect(1080, 75 - 1080, 219); packageName: io.appium.android.apis; className: android.widget.LinearLayout; text: null; contentDescription: null; viewIdResName: null; checkable: false; checked: false; focusable: false; focused: false; selected: false; clickable: false; longClickable: false; enabled: true; password: false; scrollable: false; [ACTION_SELECT, ACTION_CLEAR_SELECTION, ACTION_ACCESSIBILITY_FOCUS]
2018-09-17 15:01:12.538000	ALL	09-17 09:01:12.445 13036 13041 D dalvikvm: GC_CONCURRENT freed 550K, 86% free 1220K/8192K, paused 1ms+2ms, total 4ms
2018-09-17 15:01:12.545000	ALL	09-17 09:01:12.449 13036 13036 W AccessibilityNodeInfoDumper: Fetch time: 12ms
2018-09-17 15:01:12.558000	ALL	09-17 09:01:12.461 13036 13041 D dalvikvm: GC_CONCURRENT freed 414K, 86% free 1212K/8192K, paused 0ms+1ms, total 3ms
2018-09-17 15:01:12.630000	ALL	09-17 09:01:12.533 13036 13041 D dalvikvm: GC_CONCURRENT freed 457K, 87% free 1146K/8192K, paused 1ms+0ms, total 3ms
2018-09-17 15:01:12.639000	ALL	09-17 09:01:12.541 13068 13071 D dalvikvm: GC_CONCURRENT freed 1281K, 17% free 7333K/8768K, paused 2ms+0ms, total 10ms
2018-09-17 15:01:12.730000	ALL	09-17 09:01:12.633 13036 13041 D dalvikvm: GC_CONCURRENT freed 404K, 86% free 1150K/8192K, paused 1ms+0ms, total 2ms
2018-09-17 15:01:12.820000	ALL	09-17 09:01:12.725 13036 13041 D dalvikvm: GC_CONCURRENT freed 408K, 86% free 1151K/8192K, paused 1ms+0ms, total 4ms
2018-09-17 15:01:12.917000	ALL	09-17 09:01:12.817 13036 13041 D dalvikvm: GC_CONCURRENT freed 421K, 87% free 1138K/8192K, paused 1ms+1ms, total 3ms
2018-09-17 15:01:13.015000	ALL	09-17 09:01:12.917 13036 13041 D dalvikvm: GC_CONCURRENT freed 396K, 86% free 1150K/8192K, paused 0ms+0ms, total 2ms
2018-09-17 15:01:13.077000	ALL	09-17 09:01:12.981 13036 13041 D dalvikvm: GC_CONCURRENT freed 393K, 86% free 1182K/8192K, paused 0ms+0ms, total 6ms
2018-09-17 15:01:13.082000	ALL	09-17 09:01:12.985 13036 13036 I AccessibilityNodeInfoDumper: Skipping invisible child: android.view.accessibility.AccessibilityNodeInfo@168be; boundsInParent: Rect(0, 0 - 0, 144); boundsInScreen: Rect(1080, 75 - 1080, 219); packageName: io.appium.android.apis; className: android.widget.LinearLayout; text: null; contentDescription: null; viewIdResName: null; checkable: false; checked: false; focusable: false; focused: false; selected: false; clickable: false; longClickable: false; enabled: true; password: false; scrollable: false; [ACTION_SELECT, ACTION_CLEAR_SELECTION, ACTION_ACCESSIBILITY_FOCUS]
2018-09-17 15:01:13.083000	ALL	09-17 09:01:12.985 13036 13036 W AccessibilityNodeInfoDumper: Fetch time: 9ms
2018-09-17 15:01:13.094000	ALL	09-17 09:01:12.997 13036 13041 D dalvikvm: GC_CONCURRENT freed 322K, 84% free 1322K/8192K, paused 0ms+2ms, total 4ms
2018-09-17 15:01:13.105000	ALL	09-17 09:01:13.013 13036 13036 I AccessibilityNodeInfoDumper: Skipping invisible child: android.view.accessibility.AccessibilityNodeInfo@168be; boundsInParent: Rect(0, 0 - 0, 144); boundsInScreen: Rect(1080, 75 - 1080, 219); packageName: io.appium.android.apis; className: android.widget.LinearLayout; text: null; contentDescription: null; viewIdResName: null; checkable: false; checked: false; focusable: false; focused: false; selected: false; clickable: false; longClickable: false; enabled: true; password: false; scrollable: false; [ACTION_SELECT, ACTION_CLEAR_SELECTION, ACTION_ACCESSIBILITY_FOCUS]
2018-09-17 15:01:13.110000	ALL	09-17 09:01:13.013 13036 13036 W AccessibilityNodeInfoDumper: Fetch time: 5ms
2018-09-17 15:01:13.119000	ALL	09-17 09:01:13.021 13036 13041 D dalvikvm: GC_CONCURRENT freed 511K, 85% free 1261K/8192K, paused 1ms+1ms, total 6ms
2018-09-17 15:01:13.140000	ALL	09-17 09:01:13.045 13036 13041 D dalvikvm: GC_CONCURRENT freed 520K, 86% free 1163K/8192K, paused 0ms+0ms, total 5ms
2018-09-17 15:01:13.180000	ALL	09-17 09:01:13.081 13270 13270 D         : HostConnection::get() New Host Connection established 0xb8cc6eb8, tid 13270
2018-09-17 15:01:13.182000	ALL	09-17 09:01:13.089 13270 13270 W         : Unrecognized GLES max version string in extensions:
2018-09-17 15:01:13.188000	ALL	09-17 09:01:13.089 13270 13270 W         : Process pipe failed
2018-09-17 15:01:13.267000	ALL	09-17 09:01:13.169   613   664 D MobileDataStateTracker: default: setPolicyDataEnable(enabled=true)
2018-09-17 15:01:13.282000	ALL	09-17 09:01:13.185 13036 13041 D dalvikvm: GC_CONCURRENT freed 430K, 87% free 1141K/8192K, paused 1ms+0ms, total 2ms
2018-09-17 15:01:13.340000	ALL	09-17 09:01:13.245   613   664 D MobileDataStateTracker: default: setPolicyDataEnable(enabled=true)
2018-09-17 15:01:13.386000	ALL	09-17 09:01:13.289   613   664 D MobileDataStateTracker: default: setPolicyDataEnable(enabled=true)
2018-09-17 15:01:13.404000	ALL	09-17 09:01:13.305 13036 13041 D dalvikvm: GC_CONCURRENT freed 399K, 86% free 1150K/8192K, paused 0ms+0ms, total 2ms
2018-09-17 15:01:13.404000	ALL	09-17 09:01:13.309   613   664 D MobileDataStateTracker: default: setPolicyDataEnable(enabled=true)
2018-09-17 15:01:13.417000	ALL	09-17 09:01:13.325   613   664 D MobileDataStateTracker: default: setPolicyDataEnable(enabled=true)
2018-09-17 15:01:13.464000	ALL	09-17 09:01:13.365 13036 13041 D dalvikvm: GC_CONCURRENT freed 421K, 87% free 1137K/8192K, paused 0ms+1ms, total 2ms
2018-09-17 15:01:13.498000	ALL	09-17 09:01:13.401   613   664 D MobileDataStateTracker: default: setPolicyDataEnable(enabled=true)
2018-09-17 15:01:13.531000	ALL	09-17 09:01:13.433 13036 13041 D dalvikvm: GC_CONCURRENT freed 408K, 87% free 1138K/8192K, paused 1ms+0ms, total 3ms
2018-09-17 15:01:13.558000	ALL	09-17 09:01:13.465   613   664 D MobileDataStateTracker: default: setPolicyDataEnable(enabled=true)
2018-09-17 15:01:13.606000	ALL	09-17 09:01:13.509   613   664 D MobileDataStateTracker: default: setPolicyDataEnable(enabled=true)
2018-09-17 15:01:13.613000	ALL	09-17 09:01:13.517 13036 13041 D dalvikvm: GC_CONCURRENT freed 396K, 86% free 1150K/8192K, paused 1ms+0ms, total 2ms
2018-09-17 15:01:13.705000	ALL	09-17 09:01:13.605 13036 13041 D dalvikvm: GC_CONCURRENT freed 407K, 86% free 1150K/8192K, paused 0ms+0ms, total 2ms
2018-09-17 15:01:13.798000	ALL	09-17 09:01:13.701 13036 13041 D dalvikvm: GC_CONCURRENT freed 408K, 86% free 1150K/8192K, paused 0ms+0ms, total 2ms
2018-09-17 15:01:13.825000	ALL	09-17 09:01:13.729 13036 13041 D dalvikvm: GC_CONCURRENT freed 407K, 86% free 1150K/8192K, paused 1ms+0ms, total 2ms
2018-09-17 15:01:13.963000	ALL	09-17 09:01:13.865 13036 13041 D dalvikvm: GC_CONCURRENT freed 421K, 87% free 1138K/8192K, paused 1ms+0ms, total 3ms
2018-09-17 15:01:14.184000	ALL	09-17 09:01:13.941 13036 13041 D dalvikvm: GC_CONCURRENT freed 364K, 86% free 1159K/8192K, paused 2ms+0ms, total 3ms
2018-09-17 15:01:14.184000	ALL	09-17 09:01:14.021 13036 13041 D dalvikvm: GC_CONCURRENT freed 401K, 87% free 1141K/8192K, paused 3ms+0ms, total 4ms
2018-09-17 15:01:14.516000	ALL	09-17 09:01:14.173 13036 13041 D dalvikvm: GC_CONCURRENT freed 404K, 86% free 1149K/8192K, paused 0ms+0ms, total 2ms
2018-09-17 15:01:14.516000	ALL	09-17 09:01:14.209 13036 13041 D dalvikvm: GC_CONCURRENT freed 407K, 86% free 1151K/8192K, paused 0ms+0ms, total 2ms
2018-09-17 15:01:14.516000	ALL	09-17 09:01:14.329 13036 13041 D dalvikvm: GC_CONCURRENT freed 376K, 86% free 1160K/8192K, paused 2ms+1ms, total 3ms
2018-09-17 15:01:14.516000	ALL	09-17 09:01:14.401 13036 13041 D dalvikvm: GC_CONCURRENT freed 408K, 87% free 1138K/8192K, paused 0ms+0ms, total 2ms
2018-09-17 15:01:14.534000	ALL	09-17 09:01:14.437 13036 13041 D dalvikvm: GC_CONCURRENT freed 395K, 86% free 1150K/8192K, paused 2ms+0ms, total 4ms
2018-09-17 15:01:14.681000	ALL	09-17 09:01:14.533 13068 13071 D dalvikvm: GC_CONCURRENT freed 1282K, 17% free 7330K/8768K, paused 2ms+3ms, total 10ms
2018-09-17 15:01:14.681000	ALL	09-17 09:01:14.581 13036 13041 D dalvikvm: GC_CONCURRENT freed 410K, 86% free 1149K/8192K, paused 14ms+0ms, total 19ms
